 ConEmu

 Timestamp is 52f2afd5 (Thu Feb 06 01:40:37 2014)

 Preferred load address is 10000000

 Start         Length     Name                   Class
 0001:00000000 0002d216H .text                   CODE
 0002:00000000 0000035cH .idata$5                DATA
 0002:00000360 00003a58H .rdata                  DATA
 0002:00003db8 0000006fH .rdata$debug            DATA
 0002:00003e30 0000000cH .rdata$sxdata           DATA
 0002:00003e40 0000003cH .xdata$x                DATA
 0002:00003e7c 00000078H .idata$2                DATA
 0002:00003ef4 00000014H .idata$3                DATA
 0002:00003f08 0000035cH .idata$4                DATA
 0002:00004264 00000f3eH .idata$6                DATA
 0002:000051b0 00000337H .edata                  DATA
 0003:00000000 00000198H .data                   DATA
 0003:00000198 000023f0H .bss                    DATA
 0004:00000000 00000004H .CRT$XIC                DATA
 0005:00000000 00000058H .rsrc$01                DATA
 0005:00000060 00000290H .rsrc$02                DATA

  Address         Publics by Value              Rva+Base       Lib:Object

 0000:00000000       __except_list              00000000     <absolute>
 0000:00000003       ___safe_se_handler_count   00000003     <absolute>
 0000:00000000       ___ImageBase               10000000     <linker-defined>
 0001:00000000       ?StartupHooks@@YIHPAUHINSTANCE__@@@Z 10001000 f   ConEmuInjects.obj
 0001:00000350       ?ShutdownHooks@@YIXXZ      10001350 f   ConEmuInjects.obj
 0001:000004e0       ??$wcscpy_c@$0EA@@@YIHAAY0EA@_WPB_W@Z 100014e0 f i ConEmuInjects.obj
 0001:00000510       ?StringCchCopyW@@YGJPA_WIPB_W@Z 10001510 f i ConEmuInjects.obj
 0001:00000640       ?pcc_Selected@@YI_NW4PluginMenuCommands@@@Z 10001640 f   ConEmuPlugin.obj
 0001:000006b0       ?pcc_Disabled@@YI_NW4PluginMenuCommands@@@Z 100016b0 f   ConEmuPlugin.obj
 0001:00000760       ?GetPluginInfoWcmn@@YGXPAX@Z 10001760 f   ConEmuPlugin.obj
 0001:000007a0       ?CheckConEmuDetached@@YIXXZ 100017a0 f   ConEmuPlugin.obj
 0001:00000840       ??BHWND2@@QBEKXZ           10001840 f i ConEmuPlugin.obj
 0001:00000850       ?OpenPluginWcmn@@YIPAXHH_N@Z 10001850 f   ConEmuPlugin.obj
 0001:00000ae0       _OpenPluginW@8             10001ae0 f   ConEmuPlugin.obj
 0001:00000b20       ?TouchReadPeekConsoleInputs@@YIXH@Z 10001b20 f   ConEmuPlugin.obj
 0001:00000b60       ?OnMainThreadActivated@@YIXXZ 10001b60 f   ConEmuPlugin.obj
 0001:00000de0       ?IsFarLua@FarVersion@@QBE_NXZ 10001de0 f i ConEmuPlugin.obj
 0001:00000e30       ?OnConsolePeekReadInput@@YIXH@Z 10001e30 f   ConEmuPlugin.obj
 0001:00001020       ?ActiveServerPID@CESERVER_CONSOLE_MAPPING_HDR@@QBEKXZ 10002020 f i ConEmuPlugin.obj
 0001:00001060       ?OnPanelViewCallbacks@@YIHPAUHookCallbackArg@@P6GHPAXPAU_INPUT_RECORD@@KPAKPAH@Z5@Z 10002060 f   ConEmuPlugin.obj
 0001:00001140       ?OnShellExecuteExW_Except@@YGXPAUHookCallbackArg@@@Z 10002140 f   ConEmuPlugin.obj
 0001:00001180       ?OnGetNumberOfConsoleInputEventsPost@@YGXPAUHookCallbackArg@@@Z 10002180 f   ConEmuPlugin.obj
 0001:000011c0       ?UngetDummyMouseEvent@@YIHHPAUHookCallbackArg@@@Z 100021c0 f   ConEmuPlugin.obj
 0001:000013f0       ??4HANDLE2@@QAEAAU0@PAX@Z  100023f0 f i ConEmuPlugin.obj
 0001:00001410       ?OnConsolePeekInput@@YGHPAUHookCallbackArg@@@Z 10002410 f   ConEmuPlugin.obj
 0001:00001490       ?OnConsolePeekInputPost@@YGXPAUHookCallbackArg@@@Z 10002490 f   ConEmuPlugin.obj
 0001:000014d0       ?OnConsoleReadInputWork@@YIHPAUHookCallbackArg@@@Z 100024d0 f   ConEmuPlugin.obj
 0001:00001560       ?OnConsoleReadInput@@YGHPAUHookCallbackArg@@@Z 10002560 f   ConEmuPlugin.obj
 0001:00001570       ?OnConsoleReadInputPost@@YGXPAUHookCallbackArg@@@Z 10002570 f   ConEmuPlugin.obj
 0001:000017b0       ?OnWriteConsoleOutput@@YGHPAUHookCallbackArg@@@Z 100027b0 f   ConEmuPlugin.obj
 0001:00001890       _ProcessSynchroEventW@8    10002890 f   ConEmuPlugin.obj
 0001:00001940       ?ShutdownPluginStep@@YIXPB_WHHHH@Z 10002940 f   ConEmuPlugin.obj
 0001:00001960       _DllMain@12                10002960 f   ConEmuPlugin.obj
 0001:00001bd0       ??_GMSection@@QAEPAXI@Z    10002bd0 f i ConEmuPlugin.obj
 0001:00001c00       ??_GCPluginBackground@@QAEPAXI@Z 10002c00 f i ConEmuPlugin.obj
 0001:00001c30       __DllMainCRTStartup@12     10002c30 f   ConEmuPlugin.obj
 0001:00001c50       ?IsConsoleActive@@YGHXZ    10002c50 f   ConEmuPlugin.obj
 0001:00001cb0       ?GetFarHWND2@@YGPAUHWND__@@H@Z 10002cb0 f   ConEmuPlugin.obj
 0001:00001d20       ?GetFarHWND@@YGPAUHWND__@@XZ 10002d20 f   ConEmuPlugin.obj
 0001:00001d30       ?IsTerminalMode@@YGHXZ     10002d30 f   ConEmuPlugin.obj
 0001:00001d40       ?GetFarVersion@@YGXPAUFarVersion@@@Z 10002d40 f   ConEmuPlugin.obj
 0001:00001d70       ?LoadFarVersion@@YIHXZ     10002d70 f   ConEmuPlugin.obj
 0001:00002110       ?RegisterPanelView@@YGHPAUPanelViewInit@@@Z 10003110 f   ConEmuPlugin.obj
 0001:00002300       ?RegisterBackground@@YGHPAURegisterBackgroundArg@@@Z 10003300 f   ConEmuPlugin.obj
 0001:00002390       ?SyncExecute@@YGHPAUHINSTANCE__@@P6GXJ@ZJ@Z 10003390 f   ConEmuPlugin.obj
 0001:000023e0       ?ActivateConsole@@YGHXZ    100033e0 f   ConEmuPlugin.obj
 0001:00002470       ??BHWND2@@QBEPAUHWND__@@XZ 10003470 f i ConEmuPlugin.obj
 0001:00002480       ??4HWND2@@QAEAAU0@PAUHWND__@@@Z 10003480 f i ConEmuPlugin.obj
 0001:000024a0       ?ExecuteSynchro@@YIXXZ     100034a0 f   ConEmuPlugin.obj
 0001:00002560       ?ProcessCommand@@YIHKHPAXPAPAUCESERVER_REQ@@@Z 10003560 f   ConEmuPlugin.obj
 0001:000032f0       ?StringCchCatW@@YGJPA_WIPB_W@Z 100042f0 f i ConEmuPlugin.obj
 0001:000038c0       ?FarSetConsoleSize@@YIHFF@Z 100048c0 f   ConEmuPlugin.obj
 0001:000039d0       ?OnConsoleDetaching@@YGHPAUHookCallbackArg@@@Z 100049d0 f   ConEmuPlugin.obj
 0001:00003af0       ?OnConsoleWasAttached@@YGXPAUHookCallbackArg@@@Z 10004af0 f   ConEmuPlugin.obj
 0001:00003b50       ?MonitorThreadProcW@@YGKPAX@Z 10004b50 f   ConEmuPlugin.obj
 0001:00003ef0       ?CommonPluginStartup@@YIXXZ 10004ef0 f   ConEmuPlugin.obj
 0001:00004000       _SetStartupInfoW@4         10005000 f   ConEmuPlugin.obj
 0001:00004060       ?CloseMapHeader@@YIXXZ     10005060 f   ConEmuPlugin.obj
 0001:00004090       ?OpenMapHeader@@YIHXZ      10005090 f   ConEmuPlugin.obj
 0001:00004150       ?InitRootKey@@YIXXZ        10005150 f   ConEmuPlugin.obj
 0001:00004210       ?InitHWND@@YIXXZ           10005210 f   ConEmuPlugin.obj
 0001:00004720       ?ReloadFarInfo@@YIHH@Z     10005720 f   ConEmuPlugin.obj
 0001:00004b80       ?UpdateConEmuTabsW@@YI_NH_N0PAX@Z 10005b80 f   ConEmuPlugin.obj
 0001:00004c70       ?UpdateConEmuTabs@@YI_NH_N0PAX@Z 10005c70 f   ConEmuPlugin.obj
 0001:00004e90       ?CreateTabs@@YIHH@Z        10005e90 f   ConEmuPlugin.obj
 0001:00004f70       ?AddTab@@YIHAAH_N1HPB_W2HHHH@Z 10005f70 f   ConEmuPlugin.obj
 0001:000053b0       _wmemcmp                   100063b0 f i ConEmuPlugin.obj
 0001:00005410       ?SendTabs@@YIXHH@Z         10006410 f   ConEmuPlugin.obj
 0001:000055e0       _ProcessEditorInputW@4     100065e0 f   ConEmuPlugin.obj
 0001:00005620       _ProcessEditorEventW@8     10006620 f   ConEmuPlugin.obj
 0001:000056b0       _ProcessViewerEventW@8     100066b0 f   ConEmuPlugin.obj
 0001:00005730       ?FillLoadedParm@@YIXPAUConEmuLoadedArg@@PAUHINSTANCE__@@H@Z 10006730 f   ConEmuPlugin.obj
 0001:00005810       ?NotifyConEmuUnloaded@@YIXXZ 10006810 f   ConEmuPlugin.obj
 0001:00005950       ?StopThread@@YIXXZ         10006950 f   ConEmuPlugin.obj
 0001:00005cb0       ??_G?$MFileMapping@UCESERVER_CONSOLE_MAPPING_HDR@@@@QAEPAXI@Z 10006cb0 f i ConEmuPlugin.obj
 0001:00005ce0       _ProcessDialogEventW@8     10006ce0 f   ConEmuPlugin.obj
 0001:00005cf0       ?OpenW@@YGPAXPBX@Z         10006cf0 f   ConEmuPlugin.obj
 0001:00005d40       ?ProcessConsoleInputW@@YGHPAX@Z 10006d40 f   ConEmuPlugin.obj
 0001:00005d70       ?ProcessEditorEventW3@@YGHPAX@Z 10006d70 f   ConEmuPlugin.obj
 0001:00005da0       ?ProcessViewerEventW3@@YGHPAX@Z 10006da0 f   ConEmuPlugin.obj
 0001:00005dd0       ?ProcessDialogEventW3@@YGHPAX@Z 10006dd0 f   ConEmuPlugin.obj
 0001:00005e00       ?ProcessSynchroEventW3@@YGHPAX@Z 10006e00 f   ConEmuPlugin.obj
 0001:00005e30       ?ExitFarCmn@@YIXXZ         10006e30 f   ConEmuPlugin.obj
 0001:00005e70       _ExitFARW@0                10006e70 f   ConEmuPlugin.obj
 0001:00005ee0       ?ExitFARW3@@YGXPAX@Z       10006ee0 f   ConEmuPlugin.obj
 0001:00005f30       ?CheckResources@@YIXH@Z    10006f30 f   ConEmuPlugin.obj
 0001:00006090       ?InitResources@@YIXXZ      10007090 f   ConEmuPlugin.obj
 0001:00006360       ?StringCchCopyNW@@YGJPA_WIPB_WI@Z 10007360 f i ConEmuPlugin.obj
 0001:000063c0       ?CloseTabs@@YIXXZ          100073c0 f   ConEmuPlugin.obj
 0001:00006440       ?OutDataAlloc@@YIHK@Z      10007440 f   ConEmuPlugin.obj
 0001:000064b0       ?OutDataRealloc@@YIHK@Z    100074b0 f   ConEmuPlugin.obj
 0001:00006590       ?OutDataWrite@@YIHPAXK@Z   10007590 f   ConEmuPlugin.obj
 0001:00006660       ?ShowMessage@@YIHHH@Z      10007660 f   ConEmuPlugin.obj
 0001:000066d0       ?ShowMessage@@YIHPB_WH_N@Z 100076d0 f   ConEmuPlugin.obj
 0001:000067c0       ?ShowMessageGui@@YIHHH@Z   100077c0 f   ConEmuPlugin.obj
 0001:000068a0       ?GetMsgW@@YIPB_WH@Z        100078a0 f   ConEmuPlugin.obj
 0001:00006900       ?PostMacro@@YIXPB_WPAU_INPUT_RECORD@@@Z 10007900 f   ConEmuPlugin.obj
 0001:00006a60       ?ShowPluginMenu@@YIXW4PluginCallCommands@@@Z 10007a60 f   ConEmuPlugin.obj
 0001:00007490       ?FindServerCmd@@YIHKAAK_N@Z 10008490 f   ConEmuPlugin.obj
 0001:00007590       ?Attach2Gui@@YIHXZ         10008590 f   ConEmuPlugin.obj
 0001:00007a30       ?StartDebugger@@YIHXZ      10008a30 f   ConEmuPlugin.obj
 0001:00007d50       ?wcsrchr@@YAPA_WPA_W_W@Z   10008d50 f i ConEmuPlugin.obj
 0001:00007d70       ?IsMacroActive@@YIHXZ      10008d70 f   ConEmuPlugin.obj
 0001:00007de0       ?GetMacroArea@@YIHXZ       10008de0 f   ConEmuPlugin.obj
 0001:00007e40       ?RedrawAll@@YIXXZ          10008e40 f   ConEmuPlugin.obj
 0001:00007ea0       ?GetEditorModifiedState@@YIKXZ 10008ea0 f   ConEmuPlugin.obj
 0001:00007ef0       ?GetActiveWindowType@@YIHXZ 10008ef0 f   ConEmuPlugin.obj
 0001:00007f40       ?RunExternalProgramW@@YI_NPA_W0_N@Z 10008f40 f   ConEmuPlugin.obj
 0001:00008170       ?Disable@MWow64Disable@@QAEXXZ 10009170 f i ConEmuPlugin.obj
 0001:000081a0       ?Restore@MWow64Disable@@QAEXXZ 100091a0 f i ConEmuPlugin.obj
 0001:000081e0       ??0MWow64Disable@@QAE@XZ   100091e0 f i ConEmuPlugin.obj
 0001:00008260       ??1MWow64Disable@@QAE@XZ   10009260 f i ConEmuPlugin.obj
 0001:00008280       ?ShowConsoleInfo@@YIXXZ    10009280 f   ConEmuPlugin.obj
 0001:000083f0       ?GetMainThreadId@@YIKXZ    100093f0 f   ConEmuPlugin.obj
 0001:00008490       ?OnLibraryLoaded@@YGXPAUHINSTANCE__@@@Z 10009490 f   ConEmuPlugin.obj
 0001:00008510       ?_calloc@@YIPAXII@Z        10009510 f   ConEmuPlugin.obj
 0001:00008530       ?_malloc@@YIPAXI@Z         10009530 f   ConEmuPlugin.obj
 0001:00008550       ?_free@@YIXPAX@Z           10009550 f   ConEmuPlugin.obj
 0001:00008570       ?Ptr@?$MFileMapping@UCESERVER_CONSOLE_MAPPING_HDR@@@@QAEPAUCESERVER_CONSOLE_MAPPING_HDR@@XZ 10009570 f i ConEmuPlugin.obj
 0001:00008590       ?InitName@?$MFileMapping@UCESERVER_CONSOLE_MAPPING_HDR@@@@QAEPB_WPB_WKK@Z 10009590 f i ConEmuPlugin.obj
 0001:000085e0       ?CloseMap@?$MFileMapping@UCESERVER_CONSOLE_MAPPING_HDR@@@@QAEXXZ 100095e0 f i ConEmuPlugin.obj
 0001:00008650       ?Open@?$MFileMapping@UCESERVER_CONSOLE_MAPPING_HDR@@@@QAEPAUCESERVER_CONSOLE_MAPPING_HDR@@HH@Z 10009650 f i ConEmuPlugin.obj
 0001:00008670       ??0?$MFileMapping@UCESERVER_CONSOLE_MAPPING_HDR@@@@QAE@XZ 10009670 f i ConEmuPlugin.obj
 0001:000086d0       ??1?$MFileMapping@UCESERVER_CONSOLE_MAPPING_HDR@@@@QAE@XZ 100096d0 f i ConEmuPlugin.obj
 0001:000086f0       ?ClosePtr@?$MFileMapping@UCESERVER_CONSOLE_MAPPING_HDR@@@@QAEXXZ 100096f0 f i ConEmuPlugin.obj
 0001:00008720       ?InternalOpenCreate@?$MFileMapping@UCESERVER_CONSOLE_MAPPING_HDR@@@@IAEPAUCESERVER_CONSOLE_MAPPING_HDR@@HHH@Z 10009720 f i ConEmuPlugin.obj
 0001:00008910       ??$wcscpy_c@$0BBE@@@YIHAAY0BBE@_WPB_W@Z 10009910 f i ConEmuPlugin.obj
 0001:00008940       ??$wcscat_c@$0BBE@@@YIHAAY0BBE@_WPB_W@Z 10009940 f i ConEmuPlugin.obj
 0001:00008970       ??$wcscat_c@$0CAE@@@YIHAAY0CAE@_WPB_W@Z 10009970 f i ConEmuPlugin.obj
 0001:000089a0       ??$wcscpy_c@$0CAI@@@YIHAAY0CAI@_WPB_W@Z 100099a0 f i ConEmuPlugin.obj
 0001:000089d0       _GetMinFarVersionW@0       100099d0 f   ConEmuPlugin995.obj
 0001:000089e0       ?GetPluginInfoW995@@YIXPAX@Z 100099e0 f   ConEmuPlugin995.obj
 0001:00008a70       ?ProcessDragFromW995@@YIXXZ 10009a70 f   ConEmuPlugin995.obj
 0001:00009270       ?ProcessDragToW995@@YIXXZ  1000a270 f   ConEmuPlugin995.obj
 0001:00009730       ?SetStartupInfoW995@@YIXPAX@Z 1000a730 f   ConEmuPlugin995.obj
 0001:00009930       ?GetEditorModifiedStateW995@@YIKXZ 1000a930 f   ConEmuPlugin995.obj
 0001:00009970       ?ProcessEditorInputW995@@YIHPBX@Z 1000a970 f   ConEmuPlugin995.obj
 0001:000099e0       ?UpdateConEmuTabsW995@@YI_NH_N0PAX@Z 1000a9e0 f   ConEmuPlugin995.obj
 0001:00009e20       ?ExitFARW995@@YIXXZ        1000ae20 f   ConEmuPlugin995.obj
 0001:00009ea0       ?ShowMessageW995@@YIHPB_WH_N@Z 1000aea0 f   ConEmuPlugin995.obj
 0001:00009f20       ?ShowMessageW995@@YIHHH@Z  1000af20 f   ConEmuPlugin995.obj
 0001:00009f80       ?GetMsgW995@@YIPB_WH@Z     1000af80 f   ConEmuPlugin995.obj
 0001:00009fc0       ?SetWindowW995@@YIXH@Z     1000afc0 f   ConEmuPlugin995.obj
 0001:0000a020       ?PostMacroW995@@YIXPB_WPAU_INPUT_RECORD@@@Z 1000b020 f   ConEmuPlugin995.obj
 0001:0000a0c0       ?ShowPluginMenuW995@@YIHPAUConEmuPluginMenuItem@@H@Z 1000b0c0 f   ConEmuPlugin995.obj
 0001:0000a250       ?EditOutputW995@@YIHPB_WH@Z 1000b250 f   ConEmuPlugin995.obj
 0001:0000a310       ?ExecuteSynchroW995@@YIHXZ 1000b310 f   ConEmuPlugin995.obj
 0001:0000a3a0       ?WaitEndSynchroW995@@YIXXZ 1000b3a0 f   ConEmuPlugin995.obj
 0001:0000a530       ?StopWaitEndSynchroW995@@YIXXZ 1000b530 f   ConEmuPlugin995.obj
 0001:0000a560       ?IsMacroActiveW995@@YIHXZ  1000b560 f   ConEmuPlugin995.obj
 0001:0000a5c0       ?GetMacroAreaW995@@YIHXZ   1000b5c0 f   ConEmuPlugin995.obj
 0001:0000a600       ?RedrawAllW995@@YIXXZ      1000b600 f   ConEmuPlugin995.obj
 0001:0000a630       ?LoadPluginW995@@YI_NPA_W@Z 1000b630 f   ConEmuPlugin995.obj
 0001:0000a660       ?RunExternalProgramW995@@YI_NPA_W@Z 1000b660 f   ConEmuPlugin995.obj
 0001:0000a950       ?wcschr@@YAPA_WPA_W_W@Z    1000b950 f i ConEmuPlugin995.obj
 0001:0000a970       ?wcsstr@@YAPA_WPA_WPB_W@Z  1000b970 f i ConEmuPlugin995.obj
 0001:0000a990       ?ProcessCommandLineW995@@YI_NPA_W@Z 1000b990 f   ConEmuPlugin995.obj
 0001:0000a9e0       ?LoadFarColorsW995@@YIXAAY0BAA@E@Z 1000b9e0 f   ConEmuPlugin995.obj
 0001:0000aad0       ?ReloadFarInfoW995@@YIHXZ  1000bad0 f   ConEmuPlugin995.obj
 0001:0000ad00       ?ExecuteQuitFar995@@YIXXZ  1000bd00 f   ConEmuPlugin995.obj
 0001:0000ad50       ?CheckBufferEnabledW995@@YIHXZ 1000bd50 f   ConEmuPlugin995.obj
 0001:0000adf0       ?FillUpdateBackgroundW995@@YIXPAUPaintBackgroundArg@@@Z 1000bdf0 f   ConEmuPlugin995.obj
 0001:0000b1c0       ?GetActiveWindowTypeW995@@YIHXZ 1000c1c0 f   ConEmuPlugin995.obj
 0001:0000b290       ?GuiMacroDlgW995@@YIXXZ    1000c290 f   ConEmuPlugin995.obj
 0001:0000b7a0       ?GetPluginInfoW1900@@YIXPAX@Z 1000c7a0 f   ConEmuPlugin1900.obj
 0001:0000b810       ?ProcessDragFromW1900@@YIXXZ 1000c810 f   ConEmuPlugin1900.obj
 0001:0000c140       ?ProcessDragToW1900@@YIXXZ 1000d140 f   ConEmuPlugin1900.obj
 0001:0000c6d0       ?SetStartupInfoW1900@@YIXPAX@Z 1000d6d0 f   ConEmuPlugin1900.obj
 0001:0000c840       ?GetEditorModifiedStateW1900@@YIKXZ 1000d840 f   ConEmuPlugin1900.obj
 0001:0000c880       ?ProcessEditorEventW1900@@YGHPAX@Z 1000d880 f   ConEmuPlugin1900.obj
 0001:0000c8b0       ?ProcessViewerEventW1900@@YGHPAX@Z 1000d8b0 f   ConEmuPlugin1900.obj
 0001:0000c8e0       ?ProcessDialogEventW1900@@YGHPAX@Z 1000d8e0 f   ConEmuPlugin1900.obj
 0001:0000c910       ?ProcessSynchroEventW1900@@YGHPAX@Z 1000d910 f   ConEmuPlugin1900.obj
 0001:0000c940       ?ProcessEditorInputW1900@@YIHPBX@Z 1000d940 f   ConEmuPlugin1900.obj
 0001:0000c9c0       ?UpdateConEmuTabsW1900@@YI_NH_N0PAX@Z 1000d9c0 f   ConEmuPlugin1900.obj
 0001:0000d130       ?ExitFARW1900@@YIXXZ       1000e130 f   ConEmuPlugin1900.obj
 0001:0000d1b0       ?ShowMessageW1900@@YIHPB_WH_N@Z 1000e1b0 f   ConEmuPlugin1900.obj
 0001:0000d2a0       ?ShowMessageW1900@@YIHHH@Z 1000e2a0 f   ConEmuPlugin1900.obj
 0001:0000d300       ?GetMsgW1900@@YIPB_WH@Z    1000e300 f   ConEmuPlugin1900.obj
 0001:0000d340       ?SetWindowW1900@@YIXH@Z    1000e340 f   ConEmuPlugin1900.obj
 0001:0000d3a0       ?PostMacroW1900@@YIXPB_WPAU_INPUT_RECORD@@@Z 1000e3a0 f   ConEmuPlugin1900.obj
 0001:0000daa0       ?ShowPluginMenuW1900@@YIHPAUConEmuPluginMenuItem@@H@Z 1000eaa0 f   ConEmuPlugin1900.obj
 0001:0000dcc0       ?EditOutputW1900@@YIHPB_WH@Z 1000ecc0 f   ConEmuPlugin1900.obj
 0001:0000dd80       ?ExecuteSynchroW1900@@YIHXZ 1000ed80 f   ConEmuPlugin1900.obj
 0001:0000de10       ?WaitEndSynchroW1900@@YIXXZ 1000ee10 f   ConEmuPlugin1900.obj
 0001:0000de20       ?StopWaitEndSynchroW1900@@YIXXZ 1000ee20 f   ConEmuPlugin1900.obj
 0001:0000de50       ?IsMacroActiveW1900@@YIHXZ 1000ee50 f   ConEmuPlugin1900.obj
 0001:0000de90       ?GetMacroAreaW1900@@YIHXZ  1000ee90 f   ConEmuPlugin1900.obj
 0001:0000dec0       ?RedrawAllW1900@@YIXXZ     1000eec0 f   ConEmuPlugin1900.obj
 0001:0000def0       ?LoadPluginW1900@@YI_NPA_W@Z 1000eef0 f   ConEmuPlugin1900.obj
 0001:0000df20       ?RunExternalProgramW1900@@YI_NPA_W@Z 1000ef20 f   ConEmuPlugin1900.obj
 0001:0000e200       ?ProcessCommandLineW1900@@YI_NPA_W@Z 1000f200 f   ConEmuPlugin1900.obj
 0001:0000e250       ?LoadFarColorsW1900@@YIXAAY0BAA@E@Z 1000f250 f   ConEmuPlugin1900.obj
 0001:0000e3e0       ?FarColor_3_2@@YIEABUFarColor@@@Z 1000f3e0 f i ConEmuPlugin1900.obj
 0001:0000e4e0       ?Color2FgIndex@Far3Color@@SIXKAAG@Z 1000f4e0 f i ConEmuPlugin1900.obj
 0001:0000e620       ?Max@Far3Color@@SIHHH@Z    1000f620 f i ConEmuPlugin1900.obj
 0001:0000e650       ?GetStdIndex@Far3Color@@SIHK@Z 1000f650 f i ConEmuPlugin1900.obj
 0001:0000e700       ?Color2BgIndex@Far3Color@@SIXKHAAG@Z 1000f700 f i ConEmuPlugin1900.obj
 0001:0000e870       ?ReloadFarInfoW1900@@YIHXZ 1000f870 f   ConEmuPlugin1900.obj
 0001:0000ec30       ?ExecuteQuitFarW1900@@YIXXZ 1000fc30 f   ConEmuPlugin1900.obj
 0001:0000ec80       ?CheckBufferEnabledW1900@@YIHXZ 1000fc80 f   ConEmuPlugin1900.obj
 0001:0000ed20       ?FillUpdateBackgroundW1900@@YIXPAUPaintBackgroundArg@@@Z 1000fd20 f   ConEmuPlugin1900.obj
 0001:0000f240       ?GetActiveWindowTypeW1900@@YIHXZ 10010240 f   ConEmuPlugin1900.obj
 0001:0000f300       ?GuiMacroDlgW1900@@YIXXZ   10010300 f   ConEmuPlugin1900.obj
 0001:0000f8c0       ?OpenW1900@@YGPAXPBX@Z     100108c0 f   ConEmuPlugin1900.obj
 0001:0000f9e0       ?ProcessConsoleInputW1900@@YGHPAX@Z 100109e0 f   ConEmuPlugin1900.obj
 0001:0000fa00       ?GetPluginInfoW2800@@YIXPAX@Z 10010a00 f   ConEmuPlugin2800.obj
 0001:0000fa70       ?ProcessDragFromW2800@@YIXXZ 10010a70 f   ConEmuPlugin2800.obj
 0001:000103a0       ?ProcessDragToW2800@@YIXXZ 100113a0 f   ConEmuPlugin2800.obj
 0001:00010930       ?SetStartupInfoW2800@@YIXPAX@Z 10011930 f   ConEmuPlugin2800.obj
 0001:00010aa0       ?GetEditorModifiedStateW2800@@YIKXZ 10011aa0 f   ConEmuPlugin2800.obj
 0001:00010ae0       ?ProcessEditorEventW2800@@YGHPAX@Z 10011ae0 f   ConEmuPlugin2800.obj
 0001:00010b10       ?ProcessViewerEventW2800@@YGHPAX@Z 10011b10 f   ConEmuPlugin2800.obj
 0001:00010b40       ?ProcessDialogEventW2800@@YGHPAX@Z 10011b40 f   ConEmuPlugin2800.obj
 0001:00010b70       ?ProcessSynchroEventW2800@@YGHPAX@Z 10011b70 f   ConEmuPlugin2800.obj
 0001:00010ba0       ?ProcessEditorInputW2800@@YIHPBX@Z 10011ba0 f   ConEmuPlugin2800.obj
 0001:00010c20       ?UpdateConEmuTabsW2800@@YI_NH_N0PAX@Z 10011c20 f   ConEmuPlugin2800.obj
 0001:00011420       ?ExitFARW2800@@YIXXZ       10012420 f   ConEmuPlugin2800.obj
 0001:000114a0       ?ShowMessageW2800@@YIHPB_WH_N@Z 100124a0 f   ConEmuPlugin2800.obj
 0001:00011590       ?ShowMessageW2800@@YIHHH@Z 10012590 f   ConEmuPlugin2800.obj
 0001:000115f0       ?GetMsgW2800@@YIPB_WH@Z    100125f0 f   ConEmuPlugin2800.obj
 0001:00011630       ?SetWindowW2800@@YIXH@Z    10012630 f   ConEmuPlugin2800.obj
 0001:00011690       ?BackgroundMacroError@@YGKPAX@Z 10012690 f   ConEmuPlugin2800.obj
 0001:000116e0       ?PostMacroW2800@@YIXPB_WPAU_INPUT_RECORD@@@Z 100126e0 f   ConEmuPlugin2800.obj
 0001:00011a50       ?ShowPluginMenuW2800@@YIHPAUConEmuPluginMenuItem@@H@Z 10012a50 f   ConEmuPlugin2800.obj
 0001:00011c70       ?EditOutputW2800@@YIHPB_WH@Z 10012c70 f   ConEmuPlugin2800.obj
 0001:00011d30       ?ExecuteSynchroW2800@@YIHXZ 10012d30 f   ConEmuPlugin2800.obj
 0001:00011dc0       ?WaitEndSynchroW2800@@YIXXZ 10012dc0 f   ConEmuPlugin2800.obj
 0001:00011dd0       ?StopWaitEndSynchroW2800@@YIXXZ 10012dd0 f   ConEmuPlugin2800.obj
 0001:00011e00       ?IsMacroActiveW2800@@YIHXZ 10012e00 f   ConEmuPlugin2800.obj
 0001:00011e40       ?GetMacroAreaW2800@@YIHXZ  10012e40 f   ConEmuPlugin2800.obj
 0001:00011e70       ?RedrawAllW2800@@YIXXZ     10012e70 f   ConEmuPlugin2800.obj
 0001:00011ea0       ?LoadPluginW2800@@YI_NPA_W@Z 10012ea0 f   ConEmuPlugin2800.obj
 0001:00011ed0       ?RunExternalProgramW2800@@YI_NPA_W@Z 10012ed0 f   ConEmuPlugin2800.obj
 0001:000121b0       ?ProcessCommandLineW2800@@YI_NPA_W@Z 100131b0 f   ConEmuPlugin2800.obj
 0001:00012200       ?LoadFarColorsW2800@@YIXAAY0BAA@E@Z 10013200 f   ConEmuPlugin2800.obj
 0001:00012390       ?ReloadFarInfoW2800@@YIHXZ 10013390 f   ConEmuPlugin2800.obj
 0001:00012750       ?ExecuteQuitFarW2800@@YIXXZ 10013750 f   ConEmuPlugin2800.obj
 0001:000127a0       ?CheckBufferEnabledW2800@@YIHXZ 100137a0 f   ConEmuPlugin2800.obj
 0001:00012840       ?FillUpdateBackgroundW2800@@YIXPAUPaintBackgroundArg@@@Z 10013840 f   ConEmuPlugin2800.obj
 0001:00012d60       ?GetActiveWindowTypeW2800@@YIHXZ 10013d60 f   ConEmuPlugin2800.obj
 0001:00012e20       ?GuiMacroDlgW2800@@YIXXZ   10013e20 f   ConEmuPlugin2800.obj
 0001:00013370       _GetGlobalInfoW@4          10014370 f   ConEmuPlugin2800.obj
 0001:00013550       ?OpenW2800@@YGPAXPBX@Z     10014550 f   ConEmuPlugin2800.obj
 0001:00013690       ?ProcessConsoleInputW2800@@YGHPAX@Z 10014690 f   ConEmuPlugin2800.obj
 0001:000136b0       _GetMinFarVersion@0        100146b0 f   ConEmuPluginA.obj
 0001:00013700       _OpenPlugin@8              10014700 f   ConEmuPluginA.obj
 0001:00013770       ?ProcessDragFromA@@YIXXZ   10014770 f   ConEmuPluginA.obj
 0001:00013e60       ?ProcessDragToA@@YIXXZ     10014e60 f   ConEmuPluginA.obj
 0001:00014310       _SetStartupInfo@4          10015310 f   ConEmuPluginA.obj
 0001:00014550       _GetPluginInfo@4           10015550 f   ConEmuPluginA.obj
 0001:00014600       ?GetEditorModifiedStateA@@YIKXZ 10015600 f   ConEmuPluginA.obj
 0001:00014640       _ProcessEditorInput@4      10015640 f   ConEmuPluginA.obj
 0001:000146b0       _ProcessEditorEvent@8      100156b0 f   ConEmuPluginA.obj
 0001:00014740       _ProcessViewerEvent@8      10015740 f   ConEmuPluginA.obj
 0001:000147c0       ?UpdateConEmuTabsA@@YI_NH_N0PAX@Z 100157c0 f   ConEmuPluginA.obj
 0001:00014b90       _ProcessDialogEvent@8      10015b90 f   ConEmuPluginA.obj
 0001:00014ba0       _ExitFAR@0                 10015ba0 f   ConEmuPluginA.obj
 0001:00014c20       ?ShowMessageA@@YIHPBDH_N@Z 10015c20 f   ConEmuPluginA.obj
 0001:00014ca0       ?ShowMessageA@@YIHHH@Z     10015ca0 f   ConEmuPluginA.obj
 0001:00014d00       ?SetWindowA@@YIXH@Z        10015d00 f   ConEmuPluginA.obj
 0001:00014d70       ?PostMacroA@@YIXPADPAU_INPUT_RECORD@@@Z 10015d70 f   ConEmuPluginA.obj
 0001:00014e10       ?ShowPluginMenuA@@YIHPAUConEmuPluginMenuItem@@H@Z 10015e10 f   ConEmuPluginA.obj
 0001:00015000       ?EditOutputA@@YIHPB_WH@Z   10016000 f   ConEmuPluginA.obj
 0001:00015120       ?GetMsgA@@YIXHAAY0BAE@_W@Z 10016120 f   ConEmuPluginA.obj
 0001:000151d0       ?IsMacroActiveA@@YIHXZ     100161d0 f   ConEmuPluginA.obj
 0001:00015230       ?RedrawAllA@@YIXXZ         10016230 f   ConEmuPluginA.obj
 0001:00015260       ?RunExternalProgramA@@YI_NPAD@Z 10016260 f   ConEmuPluginA.obj
 0001:00015500       ?ProcessCommandLineA@@YI_NPAD@Z 10016500 f   ConEmuPluginA.obj
 0001:00015550       ?LoadFarColorsA@@YIXAAY0BAA@E@Z 10016550 f   ConEmuPluginA.obj
 0001:00015640       ?ReloadFarInfoA@@YIHXZ     10016640 f   ConEmuPluginA.obj
 0001:000157b0       ?ExecuteQuitFarA@@YIXXZ    100167b0 f   ConEmuPluginA.obj
 0001:000157d0       ?FillUpdateBackgroundA@@YIXPAUPaintBackgroundArg@@@Z 100167d0 f   ConEmuPluginA.obj
 0001:00015ae0       ?GetActiveWindowTypeA@@YIHXZ 10016ae0 f   ConEmuPluginA.obj
 0001:00015b60       ?GuiMacroDlgA@@YIXXZ       10016b60 f   ConEmuPluginA.obj
 0001:000161b0       ??0CPluginBackground@@QAE@XZ 100171b0 f   PluginBackground.obj
 0001:000163f0       ??1CPluginBackground@@QAE@XZ 100173f0 f   PluginBackground.obj
 0001:00016640       ?RegisterSubplugin@CPluginBackground@@QAEHPAURegisterBackgroundArg@@@Z 10017640 f   PluginBackground.obj
 0001:00016930       ?ReallocItems@CPluginBackground@@IAEXH@Z 10017930 f   PluginBackground.obj
 0001:000169b0       ?OnMainThreadActivated@CPluginBackground@@QAEXHH@Z 100179b0 f   PluginBackground.obj
 0001:00016ad0       ?SetForceCheck@CPluginBackground@@QAEXXZ 10017ad0 f   PluginBackground.obj
 0001:00016b00       ?SetForceUpdate@CPluginBackground@@QAEX_N@Z 10017b00 f   PluginBackground.obj
 0001:00016b40       ?SetForceThLoad@CPluginBackground@@QAEXXZ 10017b40 f   PluginBackground.obj
 0001:00016b80       ?IsParmChanged@CPluginBackground@@IAE_NPAUPaintBackgroundArg@@0@Z 10017b80 f   PluginBackground.obj
 0001:00016e60       ?CheckPanelFolders@CPluginBackground@@IAEXH@Z 10017e60 f   PluginBackground.obj
 0001:00016fc0       ?SetDcPanelRect@CPluginBackground@@IAEXPAUtagRECT@@PAUtag_BkPanelInfo@PaintBackgroundArg@@PAU4@@Z 10017fc0 f   PluginBackground.obj
 0001:00017100       ?UpdateBackground_Exec@CPluginBackground@@KIXPAURegisterBackgroundArg@@PAUPaintBackgroundArg@@@Z 10018100 f   PluginBackground.obj
 0001:00017150       ?UpdateBackground@CPluginBackground@@IAEXXZ 10018150 f   PluginBackground.obj
 0001:00017fb0       ?LoadThSet@CPluginBackground@@IAEHH@Z 10018fb0 f   PluginBackground.obj
 0001:000181d0       ?MonitorBackground@CPluginBackground@@QAEXXZ 100191d0 f   PluginBackground.obj
 0001:00018280       ?GetTo@?$MFileMapping@UPanelViewSetMapping@@@@QAE_NPAUPanelViewSetMapping@@H@Z 10019280 f i PluginBackground.obj
 0001:000182d0       ?InitName@?$MFileMapping@UPanelViewSetMapping@@@@QAEPB_WPB_WKK@Z 100192d0 f i PluginBackground.obj
 0001:00018320       ?CloseMap@?$MFileMapping@UPanelViewSetMapping@@@@QAEXXZ 10019320 f i PluginBackground.obj
 0001:00018390       ?Open@?$MFileMapping@UPanelViewSetMapping@@@@QAEPAUPanelViewSetMapping@@HH@Z 10019390 f i PluginBackground.obj
 0001:000183b0       ??0?$MFileMapping@UPanelViewSetMapping@@@@QAE@XZ 100193b0 f i PluginBackground.obj
 0001:00018410       ??1?$MFileMapping@UPanelViewSetMapping@@@@QAE@XZ 10019410 f i PluginBackground.obj
 0001:00018430       ?IsValid@?$MFileMapping@UPanelViewSetMapping@@@@QAE_NXZ 10019430 f i PluginBackground.obj
 0001:00018450       ?ClosePtr@?$MFileMapping@UPanelViewSetMapping@@@@QAEXXZ 10019450 f i PluginBackground.obj
 0001:00018480       ?InternalOpenCreate@?$MFileMapping@UPanelViewSetMapping@@@@IAEPAUPanelViewSetMapping@@HHH@Z 10019480 f i PluginBackground.obj
 0001:00018750       ?PlugServerInit@@YIXXZ     10019750 f   PluginSrv.obj
 0001:00018760       ?PlugServerStart@@YI_NXZ   10019760 f   PluginSrv.obj
 0001:00018850       ?PlugServerStop@@YIX_N@Z   10019850 f   PluginSrv.obj
 0001:000188a0       ?PlugServerCommand@@YGHPAXPAUCESERVER_REQ@@AAPAU1@AAK3J@Z 100198a0 f   PluginSrv.obj
 0001:00018e60       ?PlugServerFree@@YGXPAUCESERVER_REQ@@J@Z 10019e60 f   PluginSrv.obj
 0001:00018e70       ?SetOverlapped@?$PipeServer@UCESERVER_REQ@@@@QAEX_N@Z 10019e70 f i PluginSrv.obj
 0001:00018e90       ?SetLoopCommands@?$PipeServer@UCESERVER_REQ@@@@QAEX_N@Z 10019e90 f i PluginSrv.obj
 0001:00018eb0       ?SetDummyAnswerSize@?$PipeServer@UCESERVER_REQ@@@@QAEXH@Z 10019eb0 f i PluginSrv.obj
 0001:00018ed0       ?SetMaxCount@?$PipeServer@UCESERVER_REQ@@@@QAEXH@Z 10019ed0 f i PluginSrv.obj
 0001:00018f10       ?StartPipeServer@?$PipeServer@UCESERVER_REQ@@@@QAE_NPB_WJPAU_SECURITY_ATTRIBUTES@@P6GHPAXPAUCESERVER_REQ@@AAPAU3@AAK5J@ZP6GX3J@ZP6GH2J@Z88@Z 10019f10 f i PluginSrv.obj
 0001:000190f0       ?StopPipeServer@?$PipeServer@UCESERVER_REQ@@@@QAEX_N@Z 1001a0f0 f i PluginSrv.obj
 0001:00019610       ?BreakConnection@?$PipeServer@UCESERVER_REQ@@@@QAEXPAX@Z 1001a610 f i PluginSrv.obj
 0001:00019630       ?DumpError@?$PipeServer@UCESERVER_REQ@@@@IAEXPAUPipeInst@1@PB_WH@Z 1001a630 f i PluginSrv.obj
 0001:00019720       ?_Disconnect@?$PipeServer@UCESERVER_REQ@@@@IAEXPAUPipeInst@1@_N11@Z 1001a720 f i PluginSrv.obj
 0001:000197a0       ?StartPipeInstance@?$PipeServer@UCESERVER_REQ@@@@IAE_NPAUPipeInst@1@@Z 1001a7a0 f i PluginSrv.obj
 0001:000198a0       ?_PipeServerThread@?$PipeServer@UCESERVER_REQ@@@@KGKPAX@Z 1001a8a0 f i PluginSrv.obj
 0001:00019920       ?PipeServerThread@?$PipeServer@UCESERVER_REQ@@@@IAEKPAUPipeInst@1@@Z 1001a920 f i PluginSrv.obj
 0001:00019cb0       ?PipeServerRead@?$PipeServer@UCESERVER_REQ@@@@IAEHPAUPipeInst@1@@Z 1001acb0 f i PluginSrv.obj
 0001:0001a040       ?PipeServerWrite@?$PipeServer@UCESERVER_REQ@@@@IAEHPAUPipeInst@1@PBXKPAKH@Z 1001b040 f i PluginSrv.obj
 0001:0001a1e0       ?WaitForClient@?$PipeServer@UCESERVER_REQ@@@@IAE_NPAUPipeInst@1@AAH1@Z 1001b1e0 f i PluginSrv.obj
 0001:0001a5c0       ?WriteDummyAnswer@?$PipeServer@UCESERVER_REQ@@@@IAEHPAUPipeInst@1@@Z 1001b5c0 f i PluginSrv.obj
 0001:0001a640       ?WaitOverlapped@?$PipeServer@UCESERVER_REQ@@@@IAEHPAUPipeInst@1@PAK@Z 1001b640 f i PluginSrv.obj
 0001:0001a870       ?AllocRequestBuf@PipeInst@?$PipeServer@UCESERVER_REQ@@@@QAEPAUCESERVER_REQ@@K@Z 1001b870 f i PluginSrv.obj
 0001:0001a8f0       ??$wcscpy_c@$0BAE@@@YIHAAY0BAE@_WPB_W@Z 1001b8f0 f i PluginSrv.obj
 0001:0001aa00       ?PackInputRecord@@YIHPBU_INPUT_RECORD@@PAUMsgStr@MSG64@@@Z 1001ba00 f   Common.obj
 0001:0001ac10       ?UnpackInputRecord@@YIHPBUMsgStr@MSG64@@PAU_INPUT_RECORD@@@Z 1001bc10 f   Common.obj
 0001:0001ae70       ?TranslateKeyPress@@YIXGK_WHPAU_INPUT_RECORD@@1@Z 1001be70 f   Common.obj
 0001:0001aff0       ?CommonShutdown@@YIXXZ     1001bff0 f   Common.obj
 0001:0001b020       ?GetImageSubsystem@@YI_NPB_WAAK11@Z 1001c020 f   Execute.obj
 0001:0001b370       ?GetImageSubsystem@@YI_NAAK0@Z 1001c370 f   Execute.obj
 0001:0001b420       ?GetImageSubsystem@@YI_NU_PROCESS_INFORMATION@@AAK1@Z 1001c420 f   Execute.obj
 0001:0001b610       ?GetEnclosingSectionHeader@@YIPAU_IMAGE_SECTION_HEADER@@KPAUIMAGE_MAPPING@@@Z 1001c610 f   Execute.obj
 0001:0001b6a0       ?GetPtrFromRVA@@YIPAXKPAUIMAGE_MAPPING@@@Z 1001c6a0 f   Execute.obj
 0001:0001b700       ?FindImageSubsystem@@YI_NPB_WAAK11@Z 1001c700 f   Execute.obj
 0001:0001c020       ?ModuleName@@YIPB_WPB_W@Z  1001d020 f   ConEmuCheck.obj
 0001:0001c100       ?ExecuteOpenPipe@@YIPAXPB_WAAY0CAI@_W0KKHPAX@Z 1001d100 f   ConEmuCheck.obj
 0001:0001c330       ?ExecutePrepareCmd@@YIXPAUCESERVER_REQ@@KI@Z 1001d330 f   ConEmuCheck.obj
 0001:0001c380       ?ExecutePrepareCmd@@YIXPAUCESERVER_REQ_HDR@@KI@Z 1001d380 f   ConEmuCheck.obj
 0001:0001c420       ?ExecuteNewCmd@@YIPAUCESERVER_REQ@@KI@Z 1001d420 f   ConEmuCheck.obj
 0001:0001c480       ?ExecuteNewCmd@@YIHAAPAUCESERVER_REQ@@AAKKI@Z 1001d480 f   ConEmuCheck.obj
 0001:0001c500       ?LoadSrvMapping@@YIHPAUHWND__@@AAUCESERVER_CONSOLE_MAPPING_HDR@@@Z 1001d500 f   ConEmuCheck.obj
 0001:0001c620       ?LoadGuiMapping@@YIHKAAUConEmuGuiMapping@@@Z 1001d620 f   ConEmuCheck.obj
 0001:0001c740       ?ExecuteNewCmdOnCreate@@YIPAUCESERVER_REQ@@PAUCESERVER_CONSOLE_MAPPING_HDR@@PAUHWND__@@W4CmdOnCreateType@@PB_W33PAK444HHPAX55@Z 1001d740 f   ConEmuCheck.obj
 0001:0001cbb0       ?ExecuteGuiCmd@@YIPAUCESERVER_REQ@@PAUHWND__@@PAU1@0H@Z 1001dbb0 f   ConEmuCheck.obj
 0001:0001cc40       ?ExecuteSrvCmd@@YIPAUCESERVER_REQ@@KPAU1@PAUHWND__@@HK@Z 1001dc40 f   ConEmuCheck.obj
 0001:0001cce0       ?ExecuteHkCmd@@YIPAUCESERVER_REQ@@KPAU1@PAUHWND__@@H@Z 1001dce0 f   ConEmuCheck.obj
 0001:0001cd80       ?ExecuteCmd@@YIPAUCESERVER_REQ@@PB_WPAU1@KPAUHWND__@@HK@Z 1001dd80 f   ConEmuCheck.obj
 0001:0001d040       ?ExecuteFreeResult@@YIXAAPAUCESERVER_REQ@@@Z 1001e040 f   ConEmuCheck.obj
 0001:0001d080       ?myGetConsoleWindow@@YIPAUHWND__@@XZ 1001e080 f   ConEmuCheck.obj
 0001:0001d100       ?GetConEmuHWND@@YIPAUHWND__@@H@Z 1001e100 f   ConEmuCheck.obj
 0001:0001d2b0       ?ConEmuCheck@@YIHPAPAUHWND__@@@Z 1001e2b0 f   ConEmuCheck.obj
 0001:0001d2f0       ?GuiMessageBox@@YIHPAUHWND__@@PB_W1H@Z 1001e2f0 f   ConEmuCheck.obj
 0001:0001d4b0       ?InitName@?$MFileMapping@UConEmuGuiMapping@@@@QAEPB_WPB_WKK@Z 1001e4b0 f i ConEmuCheck.obj
 0001:0001d500       ?CloseMap@?$MFileMapping@UConEmuGuiMapping@@@@QAEXXZ 1001e500 f i ConEmuCheck.obj
 0001:0001d570       ?Open@?$MFileMapping@UConEmuGuiMapping@@@@QAEPAUConEmuGuiMapping@@HH@Z 1001e570 f i ConEmuCheck.obj
 0001:0001d590       ??0?$MFileMapping@UConEmuGuiMapping@@@@QAE@XZ 1001e590 f i ConEmuCheck.obj
 0001:0001d5f0       ??1?$MFileMapping@UConEmuGuiMapping@@@@QAE@XZ 1001e5f0 f i ConEmuCheck.obj
 0001:0001d610       ?ClosePtr@?$MFileMapping@UConEmuGuiMapping@@@@QAEXXZ 1001e610 f i ConEmuCheck.obj
 0001:0001d640       ?InternalOpenCreate@?$MFileMapping@UConEmuGuiMapping@@@@IAEPAUConEmuGuiMapping@@HHH@Z 1001e640 f i ConEmuCheck.obj
 0001:0001d830       ??$wcscpy_c@$0CA@@@YIHAAY0CA@_WPB_W@Z 1001e830 f i ConEmuCheck.obj
 0001:0001d860       ?LoadGuiMapping@@YIHPAUHWND__@@AAUConEmuGuiMapping@@@Z 1001e860 f   ConEmuCheckEx.obj
 0001:0001d8a0       ?IsConEmuExeExist@@YIHPB_WAAY0BAF@_W@Z 1001e8a0 f   ConEmuCheckEx.obj
 0001:0001d950       ?FindConEmuBaseDir@@YIHAAY0BAF@_W0PAUHINSTANCE__@@@Z 1001e950 f   ConEmuCheckEx.obj
 0001:0001def0       ??$wcscpy_c@$0BAF@@@YIHAAY0BAF@_WPB_W@Z 1001eef0 f i ConEmuCheckEx.obj
 0001:0001e000       ??$wcscpy_add@$0BAF@@@YIHPA_WAAY0BAF@_WPB_W@Z 1001f000 f i ConEmuCheckEx.obj
 0001:0001e050       ??$wcscat_c@$0BAF@@@YIHAAY0BAF@_WPB_W@Z 1001f050 f i ConEmuCheckEx.obj
 0001:0001e140       ?HeapInitialize@@YI_NXZ    1001f140 f   Memory.obj
 0001:0001e170       ?HeapDeinitialize@@YIXXZ   1001f170 f   Memory.obj
 0001:0001e1a0       ?xf_malloc@@YAPAXI@Z       1001f1a0 f   Memory.obj
 0001:0001e1d0       ?xf_calloc@@YAPAXII@Z      1001f1d0 f   Memory.obj
 0001:0001e200       ?xf_realloc@@YAPAXPAXI@Z   1001f200 f   Memory.obj
 0001:0001e230       ?xf_free@@YAXPAX@Z         1001f230 f   Memory.obj
 0001:0001e260       ?xf_validate@@YA_NPAX@Z    1001f260 f   Memory.obj
 0001:0001e290       ??2@YAPAXI@Z               1001f290 f   Memory.obj
 0001:0001e2b0       ??_U@YAPAXI@Z              1001f2b0 f   Memory.obj
 0001:0001e2d0       ??3@YAXPAX@Z               1001f2d0 f   Memory.obj
 0001:0001e2f0       ??_V@YAXPAX@Z              1001f2f0 f   Memory.obj
 0001:0001e310       ?lstrdup@@YIPADPBD@Z       1001f310 f   Memory.obj
 0001:0001e380       ?StringCchCopyA@@YGJPADIPBD@Z 1001f380 f i Memory.obj
 0001:0001e4a0       ?lstrdup@@YIPA_WPB_WI@Z    1001f4a0 f   Memory.obj
 0001:0001e600       ?lstrdupW@@YIPA_WPBDI@Z    1001f600 f   Memory.obj
 0001:0001e680       ?lstrmerge@@YIPA_WPB_W000@Z 1001f680 f   Memory.obj
 0001:0001e7a0       ?lstrmerge@@YI_NPAPA_WPB_W11@Z 1001f7a0 f   Memory.obj
 0001:0001e800       ?FindMonitorsWorkspace@@YGHPAUHMONITOR__@@PAUHDC__@@PAUtagRECT@@J@Z 1001f800 f   Monitors.obj
 0001:0001e880       ?GetAllMonitorsWorkspace@@YI?AUtagRECT@@XZ 1001f880 f   Monitors.obj
 0001:0001e900       ?FindPrimaryMonitor@@YGHPAUHMONITOR__@@PAUHDC__@@PAUtagRECT@@J@Z 1001f900 f   Monitors.obj
 0001:0001e980       ?GetMonitorInfoSafe@@YI_NPAUHMONITOR__@@AAUtagMONITORINFO@@@Z 1001f980 f   Monitors.obj
 0001:0001e9d0       ?GetPrimaryMonitorInfo@@YIPAUHMONITOR__@@PAUtagMONITORINFO@@@Z 1001f9d0 f   Monitors.obj
 0001:0001ea80       ?GetNearestMonitorInfo@@YIPAUHMONITOR__@@PAUtagMONITORINFO@@PAU1@PBUtagRECT@@PAUHWND__@@@Z 1001fa80 f   Monitors.obj
 0001:0001eb70       ?EnumAllMonitors@@YGHPAUHMONITOR__@@PAUHDC__@@PAUtagRECT@@J@Z 1001fb70 f   Monitors.obj
 0001:0001ebe0       ?MonitorSortCallback@@YIHAAU_FindAllMonitorsItem@@0@Z 1001fbe0 f   Monitors.obj
 0001:0001ec50       ?GetNextMonitorInfo@@YIPAUHMONITOR__@@PAUtagMONITORINFO@@PBUtagRECT@@_N@Z 1001fc50 f   Monitors.obj
 0001:0001ee60       ??0_FindAllMonitors@@QAE@XZ 1001fe60 f i Monitors.obj
 0001:0001ee80       ??1_FindAllMonitors@@QAE@XZ 1001fe80 f i Monitors.obj
 0001:0001eea0       ??0?$MArray@U_FindAllMonitorsItem@@@@QAE@XZ 1001fea0 f i Monitors.obj
 0001:0001eee0       ??1?$MArray@U_FindAllMonitorsItem@@@@QAE@XZ 1001fee0 f i Monitors.obj
 0001:0001ef00       ??A?$MArray@U_FindAllMonitorsItem@@@@QAEAAU_FindAllMonitorsItem@@H@Z 1001ff00 f i Monitors.obj
 0001:0001ef20       ?push_back@?$MArray@U_FindAllMonitorsItem@@@@QAEHABU_FindAllMonitorsItem@@@Z 1001ff20 f i Monitors.obj
 0001:0001efb0       ?size@?$MArray@U_FindAllMonitorsItem@@@@QBEHXZ 1001ffb0 f i Monitors.obj
 0001:0001efd0       ?sort@?$MArray@U_FindAllMonitorsItem@@@@QAEXP6IHAAU_FindAllMonitorsItem@@0@Z@Z 1001ffd0 f i Monitors.obj
 0001:0001f0c0       ?clear@?$MArray@U_FindAllMonitorsItem@@@@QAEXXZ 100200c0 f i Monitors.obj
 0001:0001f110       ?addsize@?$MArray@U_FindAllMonitorsItem@@@@QAEXH@Z 10020110 f i Monitors.obj
 0001:0001f200       ?NullSecurity@@YIPAU_SECURITY_ATTRIBUTES@@XZ 10020200 f   MSecurity.obj
 0001:0001f250       ??0MNullDesc@@QAE@XZ       10020250 f i MSecurity.obj
 0001:0001f2b0       ?NullSecurity@MNullDesc@@QAEPAU_SECURITY_ATTRIBUTES@@XZ 100202b0 f i MSecurity.obj
 0001:0001f3b0       ?LoadAdvApi@MNullDesc@@IAEHXZ 100203b0 f i MSecurity.obj
 0001:0001f600       ?UnloadAdvApi@MNullDesc@@IAEXXZ 10020600 f i MSecurity.obj
 0001:0001f630       ?LocalSecurity@@YIPAU_SECURITY_ATTRIBUTES@@XZ 10020630 f   MSecurity.obj
 0001:0001f680       ?LocalSecurity@MNullDesc@@QAEPAU_SECURITY_ATTRIBUTES@@XZ 10020680 f i MSecurity.obj
 0001:0001f8a0       ?ShutdownSecurity@@YIXXZ   100208a0 f   MSecurity.obj
 0001:0001f8f0       ??_GMNullDesc@@QAEPAXI@Z   100208f0 f i MSecurity.obj
 0001:0001f920       ??1MNullDesc@@QAE@XZ       10020920 f i MSecurity.obj
 0001:0001f980       ?msprintf@@YAPB_WPA_WIPB_WZZ 10020980 f   MStrSafe.obj
 0001:0001ff90       ?msprintf@@YAPBDPADIPBDZZ  10020f90 f   MStrSafe.obj
 0001:000203f0       ?lstrcmpni@@YIHPB_W0H@Z    100213f0 f   MStrSafe.obj
 0001:00020490       ?SetConEmuEnvHWND@@YIXPB_WPAUHWND__@@@Z 10021490 f   SetEnvVar.obj
 0001:000204e0       ?SetConEmuEnvVar@@YIXPAUHWND__@@@Z 100214e0 f   SetEnvVar.obj
 0001:00020550       ?SetConEmuEnvVarChild@@YIXPAUHWND__@@0@Z 10021550 f   SetEnvVar.obj
 0001:00020580       ?ShutdownConsole@@YGXXZ    10021580 f   WinConsole.obj
 0001:000205d0       ?SetConsoleInfo@@YIHPAUHWND__@@PAU_CONSOLE_INFO@@@Z 100215d0 f   WinConsole.obj
 0001:000208b0       ?ChangeScreenBufferSize@@YIXAAU_CONSOLE_SCREEN_BUFFER_INFO@@FFFF@Z 100218b0 f   WinConsole.obj
 0001:000209c0       ?GetConWindowSize@@YIHABU_CONSOLE_SCREEN_BUFFER_INFO@@HHKPAH1PAK@Z 100219c0 f   WinConsole.obj
 0001:00020b10       ?GetConsoleSizeInfo@@YIXPAU_CONSOLE_INFO@@@Z 10021b10 f   WinConsole.obj
 0001:00020bc0       ?apiGetConsoleScreenBufferInfoEx@@YIHPAXPAUMY_CONSOLE_SCREEN_BUFFER_INFOEX@@@Z 10021bc0 f   WinConsole.obj
 0001:00020c30       ?apiSetConsoleScreenBufferInfoEx@@YIHPAXPAUMY_CONSOLE_SCREEN_BUFFER_INFOEX@@@Z 10021c30 f   WinConsole.obj
 0001:00020cb0       ?apiGetConsoleFontSize@@YIHPAXAAH1AAY0CA@_W@Z 10021cb0 f   WinConsole.obj
 0001:00020d50       ?apiSetConsoleFontSize@@YIHPAXHHPB_W@Z 10021d50 f   WinConsole.obj
 0001:00020e00       ?apiFixFontSizeForBufferSize@@YIHPAXU_COORD@@PADH@Z 10021e00 f   WinConsole.obj
 0001:00021310       ?SetConsoleFontSizeTo@@YIXPAUHWND__@@HHPB_WGG@Z 10022310 f   WinConsole.obj
 0001:00021890       ?EvaluateDefaultFontWidth@@YIHHPB_W@Z 10022890 f   WinConsole.obj
 0001:000219d0       ?SetUserFriendlyFont@@YIXPAUHWND__@@@Z 100229d0 f   WinConsole.obj
 0001:00021ea0       ?CorrectConsolePos@@YIXPAUHWND__@@@Z 10022ea0 f   WinConsole.obj
 0001:00021fe0       ?EmergencyShow@@YIXPAUHWND__@@@Z 10022fe0 f   WinConsole.obj
 0001:00022090       ?getWindowInfo@@YIXPAUHWND__@@AAY0EAA@_W@Z 10023090 f   WinObjects.obj
 0001:000221f0       ?apiSetForegroundWindow@@YIHPAUHWND__@@@Z 100231f0 f   WinObjects.obj
 0001:00022210       ?apiShowWindow@@YIHPAUHWND__@@H@Z 10023210 f   WinObjects.obj
 0001:00022240       ?apiShowWindowAsync@@YIHPAUHWND__@@H@Z 10023240 f   WinObjects.obj
 0001:00022270       ?isWindow@@YIHPAUHWND__@@@Z 10023270 f   WinObjects.obj
 0001:000222e0       ?FileCompare@@YI_NPB_W0@Z  100232e0 f   WinObjects.obj
 0001:00022500       ?FileExists@@YI_NPB_WPAK@Z 10023500 f   WinObjects.obj
 0001:000226e0       ?FileExistsSearch@@YI_NPA_WI@Z 100236e0 f   WinObjects.obj
 0001:00022920       ?DirectoryExists@@YI_NPB_W@Z 10023920 f   WinObjects.obj
 0001:00022aa0       ?MyCreateDirectory@@YI_NPA_W@Z 10023aa0 f   WinObjects.obj
 0001:00022bb0       ?IsFilePath@@YI_NPB_W@Z    10023bb0 f   WinObjects.obj
 0001:00022c90       ?IsPathNeedQuot@@YI_NPB_W@Z 10023c90 f   WinObjects.obj
 0001:00022cc0       ?GetShortFileName@@YIHPB_WHPA_WH@Z 10023cc0 f   WinObjects.obj
 0001:00022ed0       ?GetShortFileNameEx@@YIPA_WPB_WH@Z 10023ed0 f   WinObjects.obj
 0001:000232e0       ?IsUserAdmin@@YI_NXZ       100242e0 f   WinObjects.obj
 0001:000233e0       ?GetLogonSID@@YI_NPAXPAPA_W@Z 100243e0 f   WinObjects.obj
 0001:00023500       ?IsWine@@YI_NXZ            10024500 f   WinObjects.obj
 0001:00023620       ?IsWinPE@@YI_NXZ           10024620 f   WinObjects.obj
 0001:00023690       ?IsDbcs@@YI_NXZ            10024690 f   WinObjects.obj
 0001:000236b0       ?IsWindows64@@YI_NXZ       100246b0 f   WinObjects.obj
 0001:00023740       ?IsHwFullScreenAvailable@@YI_NXZ 10024740 f   WinObjects.obj
 0001:000237e0       ?IsVsNetHostExe@@YI_NPB_W@Z 100247e0 f   WinObjects.obj
 0001:00023860       ?GetProcessBits@@YIHKPAX@Z 10024860 f   WinObjects.obj
 0001:00023940       ?GetProcessInfo@@YI_NKPAUtagPROCESSENTRY32W@@@Z 10024940 f   WinObjects.obj
 0001:00023a30       ?isTerminalMode@@YI_NXZ    10024a30 f   WinObjects.obj
 0001:00023d50       ?IsModuleValid@@YI_NPAUHINSTANCE__@@H@Z 10024d50 f   WinObjects.obj
 0001:00023e90       ?CheckCallbackPtr@@YI_NPAUHINSTANCE__@@IPAP6GHXZHHH@Z 10024e90 f   WinObjects.obj
 0001:00023fe0       ?RemoveOldComSpecC@@YIXXZ  10024fe0 f   WinObjects.obj
 0001:00024110       ?PointToName@@YIPB_WPB_W@Z 10025110 f   WinObjects.obj
 0001:00024160       ?PointToName@@YIPBDPBD@Z   10025160 f   WinObjects.obj
 0001:000241a0       ?PointToExt@@YIPB_WPB_W@Z  100251a0 f   WinObjects.obj
 0001:000241e0       ?Unquote@@YIPB_WPA_W_N@Z   100251e0 f   WinObjects.obj
 0001:00024270       ?ExpandMacroValues@@YIPA_WPB_WPAPB_WI@Z 10025270 f   WinObjects.obj
 0001:00024430       ?ExpandEnvStr@@YIPA_WPB_W@Z 10025430 f   WinObjects.obj
 0001:00024510       ?GetFullPathNameEx@@YIPA_WPB_W@Z 10025510 f   WinObjects.obj
 0001:000245f0       ??0MConHandle@@QAE@PB_W@Z  100255f0 f   WinObjects.obj
 0001:00024670       ?LogHandle@MConHandle@@AAEXIPAX@Z 10025670 f   WinObjects.obj
 0001:000246e0       ??1MConHandle@@QAE@XZ      100256e0 f   WinObjects.obj
 0001:00024700       ?SetBufferPtr@MConHandle@@QAEXPAPAX@Z 10025700 f   WinObjects.obj
 0001:00024720       ??BMConHandle@@QAEQAXXZ    10025720 f   WinObjects.obj
 0001:00024a10       ?strrchr@@YAPADPADH@Z      10025a10 f i WinObjects.obj
 0001:00024a30       ?Close@MConHandle@@QAEXXZ  10025a30 f   WinObjects.obj
 0001:00024ae0       ??0MEvent@@QAE@XZ          10025ae0 f   WinObjects.obj
 0001:00024b10       ??1MEvent@@QAE@XZ          10025b10 f   WinObjects.obj
 0001:00024b30       ?Close@MEvent@@QAEXXZ      10025b30 f   WinObjects.obj
 0001:00024b80       ?InitName@MEvent@@QAEXPB_WK@Z 10025b80 f   WinObjects.obj
 0001:00024bd0       ?Open@MEvent@@QAEPAXXZ     10025bd0 f   WinObjects.obj
 0001:00024c50       ?Wait@MEvent@@QAEKKH@Z     10025c50 f   WinObjects.obj
 0001:00024cb0       ?GetHandle@MEvent@@QAEPAXXZ 10025cb0 f   WinObjects.obj
 0001:00024cd0       ??0MSetter@@QAE@PAH@Z      10025cd0 f   WinObjects.obj
 0001:00024d10       ??0MSetter@@QAE@PA_N@Z     10025d10 f   WinObjects.obj
 0001:00024d50       ??0MSetter@@QAE@PAKK@Z     10025d50 f   WinObjects.obj
 0001:00024d90       ??1MSetter@@QAE@XZ         10025d90 f   WinObjects.obj
 0001:00024db0       ?Unlock@MSetter@@QAEXXZ    10025db0 f   WinObjects.obj
 0001:00024e20       ??0MSection@@QAE@XZ        10025e20 f   WinObjects.obj
 0001:00024ec0       ??1MSection@@QAE@XZ        10025ec0 f   WinObjects.obj
 0001:00024f50       ?Process_Lock@MSection@@IAEXXZ 10025f50 f   WinObjects.obj
 0001:00024f70       ?Process_Unlock@MSection@@IAEXXZ 10025f70 f   WinObjects.obj
 0001:00024f90       ?ThreadTerminated@MSection@@QAEXK@Z 10025f90 f   WinObjects.obj
 0001:00024fe0       ?AddRef@MSection@@IAEXK@Z  10025fe0 f   WinObjects.obj
 0001:000250d0       ?ReleaseRef@MSection@@IAEHK@Z 100260d0 f   WinObjects.obj
 0001:000251a0       ?WaitUnlocked@MSection@@IAEXKK@Z 100261a0 f   WinObjects.obj
 0001:00025240       ?MyEnterCriticalSection@MSection@@IAE_NK@Z 10026240 f   WinObjects.obj
 0001:00025410       ?Lock@MSection@@IAEHHK@Z   10026410 f   WinObjects.obj
 0001:00025560       ?Unlock@MSection@@IAEXH@Z  10026560 f   WinObjects.obj
 0001:000255d0       ?isLockedExclusive@MSection@@QAE_NXZ 100265d0 f   WinObjects.obj
 0001:00025620       ??0MSectionThread@@QAE@PAVMSection@@@Z 10026620 f   WinObjects.obj
 0001:00025650       ??1MSectionThread@@QAE@XZ  10026650 f   WinObjects.obj
 0001:00025680       ??0MSectionLock@@QAE@XZ    10026680 f   WinObjects.obj
 0001:000256b0       ??1MSectionLock@@QAE@XZ    100266b0 f   WinObjects.obj
 0001:000256e0       ?Lock@MSectionLock@@QAEHPAVMSection@@HK@Z 100266e0 f   WinObjects.obj
 0001:00025760       ?RelockExclusive@MSectionLock@@QAEHK@Z 10026760 f   WinObjects.obj
 0001:000257d0       ?Unlock@MSectionLock@@QAEXXZ 100267d0 f   WinObjects.obj
 0001:00025810       ?isLocked@MSectionLock@@QAEHH@Z 10026810 f   WinObjects.obj
 0001:00025860       ??0MSectionLockSimple@@QAE@XZ 10026860 f   WinObjects.obj
 0001:00025880       ??1MSectionLockSimple@@QAE@XZ 10026880 f   WinObjects.obj
 0001:000258a0       ?Lock@MSectionLockSimple@@QAEHPAU_RTL_CRITICAL_SECTION@@K@Z 100268a0 f   WinObjects.obj
 0001:00025940       ?Unlock@MSectionLockSimple@@QAEXXZ 10026940 f   WinObjects.obj
 0001:00025980       ?isLocked@MSectionLockSimple@@QAEHXZ 10026980 f   WinObjects.obj
 0001:000259a0       ??0MFileLog@@QAE@PB_W0K@Z  100269a0 f   WinObjects.obj
 0001:00025a20       ?InitFileName@MFileLog@@IAEJPB_WK@Z 10026a20 f   WinObjects.obj
 0001:00025ab0       ??1MFileLog@@QAE@XZ        10026ab0 f   WinObjects.obj
 0001:00025b00       ?CloseLogFile@MFileLog@@QAEXXZ 10026b00 f   WinObjects.obj
 0001:00025b90       ?CreateLogFile@MFileLog@@QAEJPB_WKK@Z 10026b90 f   WinObjects.obj
 0001:00026200       ?GetLogFileName@MFileLog@@QAEPB_WXZ 10027200 f   WinObjects.obj
 0001:00026240       ?LogString@MFileLog@@QAEXPBD_N01I@Z 10027240 f   WinObjects.obj
 0001:00026390       ?LogString@MFileLog@@QAEXPB_W_N01@Z 10027390 f   WinObjects.obj
 0001:00026690       ?MonitorEnumProc@MFileLog@@KGHPAUHMONITOR__@@PAUHDC__@@PAUtagRECT@@J@Z 10027690 f   WinObjects.obj
 0001:000267c0       ?LogStartEnv@MFileLog@@QAEXPAUCEStartupEnv@@@Z 100277c0 f   WinObjects.obj
 0001:000271b0       ??0CToolTip@@QAE@XZ        100281b0 f   WinObjects.obj
 0001:00027220       ??_ECToolTip@@UAEPAXI@Z    10028220 f i WinObjects.obj
 0001:00027220       ??_GCToolTip@@UAEPAXI@Z    10028220 f i WinObjects.obj
 0001:00027250       ??1CToolTip@@UAE@XZ        10028250 f   WinObjects.obj
 0001:000272f0       ?ShowTip@CToolTip@@QAEXPAUHWND__@@0PB_WHUtagPOINT@@PAUHINSTANCE__@@@Z 100282f0 f   WinObjects.obj
 0001:000275d0       ?HideTip@CToolTip@@QAEXXZ  100285d0 f   WinObjects.obj
 0001:00027640       ??0CTimer@@QAE@XZ          10028640 f   WinObjects.obj
 0001:00027680       ??1CTimer@@QAE@XZ          10028680 f   WinObjects.obj
 0001:000276a0       ?IsStarted@CTimer@@QAE_NXZ 100286a0 f   WinObjects.obj
 0001:000276c0       ?Start@CTimer@@QAEXI@Z     100286c0 f   WinObjects.obj
 0001:00027720       ?Stop@CTimer@@QAEXXZ       10028720 f   WinObjects.obj
 0001:00027750       ?Restart@CTimer@@QAEXI@Z   10028750 f   WinObjects.obj
 0001:00027780       ?Init@CTimer@@QAEXPAUHWND__@@II@Z 10028780 f   WinObjects.obj
 0001:000277b0       ?MyGetLargestConsoleWindowSize@@YI?AU_COORD@@PAX@Z 100287b0 f   WinObjects.obj
 0001:00027830       ?DuplicateProcessHandle@@YIPAXK@Z 10028830 f   WinObjects.obj
 0001:000278a0       ?FindComspec@@YIXPAUConEmuComspec@@_N@Z 100288a0 f   WinObjects.obj
 0001:00028200       ?GetEnvVar@@YIPA_WPB_WK@Z  10029200 f   WinObjects.obj
 0001:00028310       ?UpdateComspec@@YIXPAUConEmuComspec@@_N@Z 10029310 f   WinObjects.obj
 0001:00028650       ?SetEnvVarExpanded@@YIXPB_W0@Z 10029650 f   WinObjects.obj
 0001:00028750       ?GetComspecFromEnvVar@@YIPB_WPA_WKW4ComSpecBits@@@Z 10029750 f   WinObjects.obj
 0001:00028910       ?GetComspec@@YIPA_WPBUConEmuComspec@@@Z 10029910 f   WinObjects.obj
 0001:00028b50       ?IsExportEnvVarAllowed@@YI_NPB_W@Z 10029b50 f   WinObjects.obj
 0001:00028bc0       ?ApplyExportEnvVar@@YIXPB_W@Z 10029bc0 f   WinObjects.obj
 0001:00028c40       ?CopyToClipboard@@YI_NPB_W@Z 10029c40 f   WinObjects.obj
 0001:00028cf0       ??$wcscpy_c@$0EAA@@@YIHAAY0EAA@_WPB_W@Z 10029cf0 f i WinObjects.obj
 0001:00028d20       ??$wcscpy_c@$0BAA@@@YIHAAY0BAA@_WPB_W@Z 10029d20 f i WinObjects.obj
 0001:00028d50       ??$wcscpy_c@$0EBA@@@YIHAAY0EBA@_WPB_W@Z 10029d50 f i WinObjects.obj
 0001:00028d78       _GetProcAddress@8          10029d78 f   kernel32:KERNEL32.dll
 0001:00028d7e       _GetCurrentProcessId@0     10029d7e f   kernel32:KERNEL32.dll
 0001:00028d84       _GetLastError@0            10029d84 f   kernel32:KERNEL32.dll
 0001:00028d8a       _LoadLibraryW@4            10029d8a f   kernel32:KERNEL32.dll
 0001:00028d90       _GetModuleHandleW@4        10029d90 f   kernel32:KERNEL32.dll
 0001:00028d96       _IsDebuggerPresent@0       10029d96 f   kernel32:KERNEL32.dll
 0001:00028d9c       _SetEvent@4                10029d9c f   kernel32:KERNEL32.dll
 0001:00028da2       _lstrcpyW@8                10029da2 f   kernel32:KERNEL32.dll
 0001:00028da8       _lstrlenW@4                10029da8 f   kernel32:KERNEL32.dll
 0001:00028dae       _SetEnvironmentVariableW@8 10029dae f   kernel32:KERNEL32.dll
 0001:00028db4       _IsBadStringPtrW@8         10029db4 f   kernel32:KERNEL32.dll
 0001:00028dba       _GetNumberOfConsoleInputEvents@8 10029dba f   kernel32:KERNEL32.dll
 0001:00028dc0       _GetStdHandle@4            10029dc0 f   kernel32:KERNEL32.dll
 0001:00028dc6       _GetTickCount@0            10029dc6 f   kernel32:KERNEL32.dll
 0001:00028dcc       _SetLastError@4            10029dcc f   kernel32:KERNEL32.dll
 0001:00028dd2       _GetCurrentThreadId@0      10029dd2 f   kernel32:KERNEL32.dll
 0001:00028dd8       _ReadConsoleInputW@16      10029dd8 f   kernel32:KERNEL32.dll
 0001:00028dde       _PeekConsoleInputW@16      10029dde f   kernel32:KERNEL32.dll
 0001:00028de4       _lstrcatW@8                10029de4 f   kernel32:KERNEL32.dll
 0001:00028dea       _GetModuleFileNameW@12     10029dea f   kernel32:KERNEL32.dll
 0001:00028df0       _WriteConsoleInputW@16     10029df0 f   kernel32:KERNEL32.dll
 0001:00028df6       _WaitForSingleObject@8     10029df6 f   kernel32:KERNEL32.dll
 0001:00028dfc       _ReleaseSemaphore@12       10029dfc f   kernel32:KERNEL32.dll
 0001:00028e02       _WaitForMultipleObjects@16 10029e02 f   kernel32:KERNEL32.dll
 0001:00028e08       _ResetEvent@4              10029e08 f   kernel32:KERNEL32.dll
 0001:00028e0e       _InterlockedDecrement@4    10029e0e f   kernel32:KERNEL32.dll
 0001:00028e14       _InterlockedIncrement@4    10029e14 f   kernel32:KERNEL32.dll
 0001:00028e1a       _GetConsoleScreenBufferInfo@8 10029e1a f   kernel32:KERNEL32.dll
 0001:00028e20       _SuspendThread@4           10029e20 f   kernel32:KERNEL32.dll
 0001:00028e26       _ResumeThread@4            10029e26 f   kernel32:KERNEL32.dll
 0001:00028e2c       _TerminateProcess@8        10029e2c f   kernel32:KERNEL32.dll
 0001:00028e32       _GetCurrentProcess@0       10029e32 f   kernel32:KERNEL32.dll
 0001:00028e38       _CloseHandle@4             10029e38 f   kernel32:KERNEL32.dll
 0001:00028e3e       _Module32NextW@8           10029e3e f   kernel32:KERNEL32.dll
 0001:00028e44       _Module32FirstW@8          10029e44 f   kernel32:KERNEL32.dll
 0001:00028e4a       _CreateToolhelp32Snapshot@8 10029e4a f   kernel32:KERNEL32.dll
 0001:00028e50       _GetEnvironmentVariableW@12 10029e50 f   kernel32:KERNEL32.dll
 0001:00028e56       _CreateThread@24           10029e56 f   kernel32:KERNEL32.dll
 0001:00028e5c       _CreateSemaphoreW@16       10029e5c f   kernel32:KERNEL32.dll
 0001:00028e62       _CreateEventW@16           10029e62 f   kernel32:KERNEL32.dll
 0001:00028e68       _OpenFileMappingW@12       10029e68 f   kernel32:KERNEL32.dll
 0001:00028e6e       _VirtualProtect@16         10029e6e f   kernel32:KERNEL32.dll
 0001:00028e74       _MapViewOfFile@20          10029e74 f   kernel32:KERNEL32.dll
 0001:00028e7a       _CreateFileMappingW@24     10029e7a f   kernel32:KERNEL32.dll
 0001:00028e80       _lstrcmpW@8                10029e80 f   kernel32:KERNEL32.dll
 0001:00028e86       _lstrcpynW@12              10029e86 f   kernel32:KERNEL32.dll
 0001:00028e8c       _lstrcmpiW@8               10029e8c f   kernel32:KERNEL32.dll
 0001:00028e92       _UnmapViewOfFile@4         10029e92 f   kernel32:KERNEL32.dll
 0001:00028e98       _TerminateThread@8         10029e98 f   kernel32:KERNEL32.dll
 0001:00028e9e       _SetConsoleTitleW@4        10029e9e f   kernel32:KERNEL32.dll
 0001:00028ea4       _GetConsoleTitleW@8        10029ea4 f   kernel32:KERNEL32.dll
 0001:00028eaa       _WideCharToMultiByte@32    10029eaa f   kernel32:KERNEL32.dll
 0001:00028eb0       _DeleteFileW@4             10029eb0 f   kernel32:KERNEL32.dll
 0001:00028eb6       _CreateProcessW@40         10029eb6 f   kernel32:KERNEL32.dll
 0001:00028ebc       _GetExitCodeProcess@8      10029ebc f   kernel32:KERNEL32.dll
 0001:00028ec2       _SetConsoleMode@8          10029ec2 f   kernel32:KERNEL32.dll
 0001:00028ec8       _GetConsoleMode@8          10029ec8 f   kernel32:KERNEL32.dll
 0001:00028ece       _GetConsoleCursorInfo@8    10029ece f   kernel32:KERNEL32.dll
 0001:00028ed4       _Thread32Next@8            10029ed4 f   kernel32:KERNEL32.dll
 0001:00028eda       _Thread32First@8           10029eda f   kernel32:KERNEL32.dll
 0001:00028ee0       _ExpandEnvironmentStringsW@12 10029ee0 f   kernel32:KERNEL32.dll
 0001:00028ee6       _lstrcmpA@8                10029ee6 f   kernel32:KERNEL32.dll
 0001:00028eec       _MultiByteToWideChar@24    10029eec f   kernel32:KERNEL32.dll
 0001:00028ef2       _lstrlenA@4                10029ef2 f   kernel32:KERNEL32.dll
 0001:00028ef8       _lstrcpynA@12              10029ef8 f   kernel32:KERNEL32.dll
 0001:00028efe       _GetCurrentDirectoryW@8    10029efe f   kernel32:KERNEL32.dll
 0001:00028f04       _lstrcpyA@8                10029f04 f   kernel32:KERNEL32.dll
 0001:00028f0a       _DisconnectNamedPipe@4     10029f0a f   kernel32:KERNEL32.dll
 0001:00028f10       _SetThreadPriority@8       10029f10 f   kernel32:KERNEL32.dll
 0001:00028f16       _Sleep@4                   10029f16 f   kernel32:KERNEL32.dll
 0001:00028f1c       _FlushFileBuffers@4        10029f1c f   kernel32:KERNEL32.dll
 0001:00028f22       _ReadFile@20               10029f22 f   kernel32:KERNEL32.dll
 0001:00028f28       _GetOverlappedResult@16    10029f28 f   kernel32:KERNEL32.dll
 0001:00028f2e       _WriteFile@20              10029f2e f   kernel32:KERNEL32.dll
 0001:00028f34       _ConnectNamedPipe@8        10029f34 f   kernel32:KERNEL32.dll
 0001:00028f3a       _CreateNamedPipeW@32       10029f3a f   kernel32:KERNEL32.dll
 0001:00028f40       _SetFilePointer@16         10029f40 f   kernel32:KERNEL32.dll
 0001:00028f46       _GetFileInformationByHandle@8 10029f46 f   kernel32:KERNEL32.dll
 0001:00028f4c       _CreateFileW@28            10029f4c f   kernel32:KERNEL32.dll
 0001:00028f52       _ReadProcessMemory@20      10029f52 f   kernel32:KERNEL32.dll
 0001:00028f58       _FreeLibrary@4             10029f58 f   kernel32:KERNEL32.dll
 0001:00028f5e       _VerifyVersionInfoW@16     10029f5e f   kernel32:KERNEL32.dll
 0001:00028f64       _VerSetConditionMask@16    10029f64 f   kernel32:KERNEL32.dll
 0001:00028f6a       _SearchPathW@24            10029f6a f   kernel32:KERNEL32.dll
 0001:00028f70       _DebugBreak@0              10029f70 f   kernel32:KERNEL32.dll
 0001:00028f76       _SetNamedPipeHandleState@16 10029f76 f   kernel32:KERNEL32.dll
 0001:00028f7c       _WaitNamedPipeW@8          10029f7c f   kernel32:KERNEL32.dll
 0001:00028f82       _TransactNamedPipe@28      10029f82 f   kernel32:KERNEL32.dll
 0001:00028f88       _GetConsoleWindow@0        10029f88 f   kernel32:KERNEL32.dll
 0001:00028f8e       _HeapCreate@12             10029f8e f   kernel32:KERNEL32.dll
 0001:00028f94       _HeapDestroy@4             10029f94 f   kernel32:KERNEL32.dll
 0001:00028f9a       _HeapAlloc@12              10029f9a f   kernel32:KERNEL32.dll
 0001:00028fa0       _HeapReAlloc@16            10029fa0 f   kernel32:KERNEL32.dll
 0001:00028fa6       _HeapFree@12               10029fa6 f   kernel32:KERNEL32.dll
 0001:00028fac       _HeapValidate@12           10029fac f   kernel32:KERNEL32.dll
 0001:00028fb2       _LocalFree@4               10029fb2 f   kernel32:KERNEL32.dll
 0001:00028fb8       _LocalAlloc@8              10029fb8 f   kernel32:KERNEL32.dll
 0001:00028fbe       _SetConsoleWindowInfo@12   10029fbe f   kernel32:KERNEL32.dll
 0001:00028fc4       _GetConsoleOutputCP@0      10029fc4 f   kernel32:KERNEL32.dll
 0001:00028fca       _GetFileSizeEx@8           10029fca f   kernel32:KERNEL32.dll
 0001:00028fd0       _FindClose@4               10029fd0 f   kernel32:KERNEL32.dll
 0001:00028fd6       _FindNextFileW@8           10029fd6 f   kernel32:KERNEL32.dll
 0001:00028fdc       _FindFirstFileW@8          10029fdc f   kernel32:KERNEL32.dll
 0001:00028fe2       _CreateDirectoryW@8        10029fe2 f   kernel32:KERNEL32.dll
 0001:00028fe8       _OpenProcess@12            10029fe8 f   kernel32:KERNEL32.dll
 0001:00028fee       _Process32NextW@8          10029fee f   kernel32:KERNEL32.dll
 0001:00028ff4       _Process32FirstW@8         10029ff4 f   kernel32:KERNEL32.dll
 0001:00028ffa       _IsBadReadPtr@8            10029ffa f   kernel32:KERNEL32.dll
 0001:00029000       _VirtualFree@12            1002a000 f   kernel32:KERNEL32.dll
 0001:00029006       _VirtualAlloc@16           1002a006 f   kernel32:KERNEL32.dll
 0001:0002900c       _GetSystemInfo@4           1002a00c f   kernel32:KERNEL32.dll
 0001:00029012       _GetFullPathNameW@16       1002a012 f   kernel32:KERNEL32.dll
 0001:00029018       _GetModuleFileNameA@12     1002a018 f   kernel32:KERNEL32.dll
 0001:0002901e       _OpenEventW@12             1002a01e f   kernel32:KERNEL32.dll
 0001:00029024       _InitializeCriticalSection@4 1002a024 f   kernel32:KERNEL32.dll
 0001:0002902a       _DeleteCriticalSection@4   1002a02a f   kernel32:KERNEL32.dll
 0001:00029030       _EnterCriticalSection@4    1002a030 f   kernel32:KERNEL32.dll
 0001:00029036       _LeaveCriticalSection@4    1002a036 f   kernel32:KERNEL32.dll
 0001:0002903c       _TryEnterCriticalSection@4 1002a03c f   kernel32:KERNEL32.dll
 0001:00029042       _OpenThread@12             1002a042 f   kernel32:KERNEL32.dll
 0001:00029048       _GetLocalTime@4            1002a048 f   kernel32:KERNEL32.dll
 0001:0002904e       _GetVersionExW@4           1002a04e f   kernel32:KERNEL32.dll
 0001:00029054       _GetLargestConsoleWindowSize@4 1002a054 f   kernel32:KERNEL32.dll
 0001:0002905a       _DuplicateHandle@28        1002a05a f   kernel32:KERNEL32.dll
 0001:00029060       _GetWindowsDirectoryW@8    1002a060 f   kernel32:KERNEL32.dll
 0001:00029066       _GlobalUnlock@4            1002a066 f   kernel32:KERNEL32.dll
 0001:0002906c       _GlobalLock@4              1002a06c f   kernel32:KERNEL32.dll
 0001:00029072       _GlobalAlloc@8             1002a072 f   kernel32:KERNEL32.dll
 0001:00029078       _MessageBoxW@16            1002a078 f   user32:USER32.dll
 0001:0002907e       _wsprintfW                 1002a07e f   user32:USER32.dll
 0001:00029084       _IsWindow@4                1002a084 f   user32:USER32.dll
 0001:0002908a       _GetWindowLongW@8          1002a08a f   user32:USER32.dll
 0001:00029090       _GetParent@4               1002a090 f   user32:USER32.dll
 0001:00029096       _PostMessageW@16           1002a096 f   user32:USER32.dll
 0001:0002909c       _RegisterWindowMessageW@4  1002a09c f   user32:USER32.dll
 0001:000290a2       _GetWindowThreadProcessId@8 1002a0a2 f   user32:USER32.dll
 0001:000290a8       _IsWindowVisible@4         1002a0a8 f   user32:USER32.dll
 0001:000290ae       _CharUpperBuffW@8          1002a0ae f   user32:USER32.dll
 0001:000290b4       _FillRect@12               1002a0b4 f   user32:USER32.dll
 0001:000290ba       _ReleaseDC@8               1002a0ba f   user32:USER32.dll
 0001:000290c0       _GetDC@4                   1002a0c0 f   user32:USER32.dll
 0001:000290c6       _ActivateKeyboardLayout@8  1002a0c6 f   user32:USER32.dll
 0001:000290cc       _LoadKeyboardLayoutW@8     1002a0cc f   user32:USER32.dll
 0001:000290d2       _MapVirtualKeyW@8          1002a0d2 f   user32:USER32.dll
 0001:000290d8       _VkKeyScanW@4              1002a0d8 f   user32:USER32.dll
 0001:000290de       _FindWindowW@8             1002a0de f   user32:USER32.dll
 0001:000290e4       _GetSystemMetrics@4        1002a0e4 f   user32:USER32.dll
 0001:000290ea       _IsRectEmpty@4             1002a0ea f   user32:USER32.dll
 0001:000290f0       _EnumDisplayMonitors@16    1002a0f0 f   user32:USER32.dll
 0001:000290f6       _GetMonitorInfoW@8         1002a0f6 f   user32:USER32.dll
 0001:000290fc       _SystemParametersInfoW@16  1002a0fc f   user32:USER32.dll
 0001:00029102       _MonitorFromWindow@8       1002a102 f   user32:USER32.dll
 0001:00029108       _MonitorFromRect@8         1002a108 f   user32:USER32.dll
 0001:0002910e       _SetWindowPos@28           1002a10e f   user32:USER32.dll
 0001:00029114       _ShowWindow@8              1002a114 f   user32:USER32.dll
 0001:0002911a       _SendMessageW@16           1002a11a f   user32:USER32.dll
 0001:00029120       _GetWindowRect@8           1002a120 f   user32:USER32.dll
 0001:00029126       _EnableWindow@8            1002a126 f   user32:USER32.dll
 0001:0002912c       _IsWindowEnabled@4         1002a12c f   user32:USER32.dll
 0001:00029132       _SetForegroundWindow@4     1002a132 f   user32:USER32.dll
 0001:00029138       _ShowWindowAsync@8         1002a138 f   user32:USER32.dll
 0001:0002913e       _wsprintfA                 1002a13e f   user32:USER32.dll
 0001:00029144       _GetCursorPos@4            1002a144 f   user32:USER32.dll
 0001:0002914a       _GetWindowTextW@12         1002a14a f   user32:USER32.dll
 0001:00029150       _GetClassNameW@12          1002a150 f   user32:USER32.dll
 0001:00029156       _GetForegroundWindow@0     1002a156 f   user32:USER32.dll
 0001:0002915c       _GetKeyboardLayoutList@8   1002a15c f   user32:USER32.dll
 0001:00029162       _GetKeyboardLayout@4       1002a162 f   user32:USER32.dll
 0001:00029168       _DestroyWindow@4           1002a168 f   user32:USER32.dll
 0001:0002916e       _GetClientRect@8           1002a16e f   user32:USER32.dll
 0001:00029174       _CreateWindowExW@48        1002a174 f   user32:USER32.dll
 0001:0002917a       _SetTimer@16               1002a17a f   user32:USER32.dll
 0001:00029180       _KillTimer@8               1002a180 f   user32:USER32.dll
 0001:00029186       _CloseClipboard@0          1002a186 f   user32:USER32.dll
 0001:0002918c       _SetClipboardData@8        1002a18c f   user32:USER32.dll
 0001:00029192       _EmptyClipboard@0          1002a192 f   user32:USER32.dll
 0001:00029198       _OpenClipboard@4           1002a198 f   user32:USER32.dll
 0001:0002919e       _DeleteEnhMetaFile@4       1002a19e f   gdi32:GDI32.dll
 0001:000291a4       _GetEnhMetaFileBits@12     1002a1a4 f   gdi32:GDI32.dll
 0001:000291aa       _CloseEnhMetaFile@4        1002a1aa f   gdi32:GDI32.dll
 0001:000291b0       _GdiFlush@0                1002a1b0 f   gdi32:GDI32.dll
 0001:000291b6       _SelectObject@8            1002a1b6 f   gdi32:GDI32.dll
 0001:000291bc       _DeleteDC@4                1002a1bc f   gdi32:GDI32.dll
 0001:000291c2       _DeleteObject@4            1002a1c2 f   gdi32:GDI32.dll
 0001:000291c8       _CreateSolidBrush@4        1002a1c8 f   gdi32:GDI32.dll
 0001:000291ce       _CreateDIBSection@24       1002a1ce f   gdi32:GDI32.dll
 0001:000291d4       _CreateCompatibleDC@4      1002a1d4 f   gdi32:GDI32.dll
 0001:000291da       _CreateEnhMetaFileW@16     1002a1da f   gdi32:GDI32.dll
 0001:000291e0       _GetDeviceCaps@8           1002a1e0 f   gdi32:GDI32.dll
 0001:000291e6       _GetTextMetricsW@8         1002a1e6 f   gdi32:GDI32.dll
 0001:000291ec       _CreateFontIndirectW@4     1002a1ec f   gdi32:GDI32.dll
 0001:000291f2       _RegCloseKey@4             1002a1f2 f   advapi32:ADVAPI32.dll
 0001:000291f8       _RegQueryValueExW@24       1002a1f8 f   advapi32:ADVAPI32.dll
 0001:000291fe       _RegOpenKeyExW@20          1002a1fe f   advapi32:ADVAPI32.dll
 0001:00029204       _RegCreateKeyExW@36        1002a204 f   advapi32:ADVAPI32.dll
 0001:0002920a       _FreeSid@4                 1002a20a f   advapi32:ADVAPI32.dll
 0001:00029210       _CheckTokenMembership@12   1002a210 f   advapi32:ADVAPI32.dll
 0001:00029216       _AllocateAndInitializeSid@44 1002a216 f   advapi32:ADVAPI32.dll
 0001:0002921c       _ConvertSidToStringSidW@8  1002a21c f   advapi32:ADVAPI32.dll
 0001:00029222       _GetTokenInformation@20    1002a222 f   advapi32:ADVAPI32.dll
 0001:00029228       _OpenProcessToken@12       1002a228 f   advapi32:ADVAPI32.dll
 0001:0002922e       _RegEnumKeyExW@32          1002a22e f   advapi32:ADVAPI32.dll
 0001:00029234       _SHGetFolderPathW@20       1002a234 f   shell32:SHELL32.dll
 0001:0002923a       _VerQueryValueW@16         1002a23a f   version:VERSION.dll
 0001:00029240       _GetFileVersionInfoW@16    1002a240 f   version:VERSION.dll
 0001:00029246       _GetFileVersionInfoSizeW@8 1002a246 f   version:VERSION.dll
 0001:00029250       __alloca_probe             1002a250     LIBCMT:chkstk.obj
 0001:00029250       __chkstk                   1002a250 f   LIBCMT:chkstk.obj
 0001:00029280       _memset                    1002a280 f   LIBCMT:memset.obj
 0001:0002a870       _memcmp                    1002b870 f   LIBCMT:memcmp.obj
 0001:0002bef0       _memcpy                    1002cef0 f   LIBCMT:memcpy.obj
 0001:0002c255       _wcsrchr                   1002d255 f   LIBCMT:wcsrchr.obj
 0001:0002c290       _memmove                   1002d290 f   LIBCMT:memmove.obj
 0001:0002c5f5       _wcschr                    1002d5f5 f   LIBCMT:wcschr.obj
 0001:0002c61b       _wcsstr                    1002d61b f   LIBCMT:wcsstr.obj
 0001:0002c680       __ftol2_sse                1002d680 f   LIBCMT:ftol2.obj
 0001:0002c689       __ftol2_pentium4           1002d689 f   LIBCMT:ftol2.obj
 0001:0002c69c       __ftol2_sse_excpt          1002d69c f   LIBCMT:ftol2.obj
 0001:0002c6b6       __ftol2                    1002d6b6 f   LIBCMT:ftol2.obj
 0001:0002c72b       _wcsncmp                   1002d72b f   LIBCMT:wcsncmp.obj
 0001:0002c762       _wcspbrk                   1002d762 f   LIBCMT:wcspbrk.obj
 0001:0002c7b0       _strrchr                   1002d7b0 f   LIBCMT:strrchr.obj
 0001:0002c834       __VEC_memzero              1002d834 f   LIBCMT:p4_memset.obj
 0001:0002c913       __get_sse2_info            1002d913 f   LIBCMT:cpu_disp.obj
 0001:0002c975       ___sse2_available_init     1002d975 f   LIBCMT:cpu_disp.obj
 0001:0002ca09       __VEC_memcpy               1002da09 f   LIBCMT:p4_memcpy.obj
 0001:0002caec       __SEH_prolog4              1002daec f   LIBCMT:sehprolg4.obj
 0001:0002cb31       __SEH_epilog4              1002db31 f   LIBCMT:sehprolg4.obj
 0001:0002cb80       __except_handler4          1002db80 f   LIBCMT:chandler4.obj
 0001:0002cd0c       @__security_check_cookie@4 1002dd0c f   LIBCMT:secchk.obj
 0001:0002cd1c       __local_unwind4            1002dd1c f   LIBCMT:exsup4.obj
 0001:0002cdf2       __seh_longjmp_unwind4@4    1002ddf2 f   LIBCMT:exsup4.obj
 0001:0002ce0e       @_EH4_CallFilterFunc@8     1002de0e f   LIBCMT:exsup4.obj
 0001:0002ce25       @_EH4_TransferToHandler@8  1002de25 f   LIBCMT:exsup4.obj
 0001:0002ce3e       @_EH4_GlobalUnwind@4       1002de3e f   LIBCMT:exsup4.obj
 0001:0002ce58       @_EH4_LocalUnwind@16       1002de58 f   LIBCMT:exsup4.obj
 0001:0002ce70       __ValidateImageBase        1002de70 f   LIBCMT:pesect.obj
 0001:0002ceb0       __FindPESection            1002deb0 f   LIBCMT:pesect.obj
 0001:0002cf00       __IsNonwritableInCurrentImage 1002df00 f   LIBCMT:pesect.obj
 0001:0002cfbd       ___report_gsfailure        1002dfbd f   LIBCMT:gs_report.obj
 0001:0002d0c4       __global_unwind2           1002e0c4 f   LIBCMT:exsup.obj
 0001:0002d129       __local_unwind2            1002e129 f   LIBCMT:exsup.obj
 0001:0002d1ad       __abnormal_termination     1002e1ad f   LIBCMT:exsup.obj
 0001:0002d1d0       __NLG_Notify1              1002e1d0 f   LIBCMT:exsup.obj
 0001:0002d1d9       __NLG_Notify               1002e1d9 f   LIBCMT:exsup.obj
 0001:0002d1f0       __NLG_Dispatch             1002e1f0     LIBCMT:exsup.obj
 0001:0002d1f0       __NLG_Dispatch2            1002e1f0     LIBCMT:exsup.obj
 0001:0002d1f8       __NLG_Call                 1002e1f8 f   LIBCMT:exsup.obj
 0001:0002d1fa       __NLG_Return2              1002e1fa     LIBCMT:exsup.obj
 0001:0002d1fb       __crt_debugger_hook        1002e1fb f   LIBCMT:dbghook.obj
 0001:0002d204       _RtlUnwind@16              1002e204 f   kernel32:KERNEL32.dll
 0001:0002d20a       _UnhandledExceptionFilter@4 1002e20a f   kernel32:KERNEL32.dll
 0001:0002d210       _SetUnhandledExceptionFilter@4 1002e210 f   kernel32:KERNEL32.dll
 0002:00000000       __imp__OpenProcessToken@12 1002f000     advapi32:ADVAPI32.dll
 0002:00000004       __imp__GetTokenInformation@20 1002f004     advapi32:ADVAPI32.dll
 0002:00000008       __imp__ConvertSidToStringSidW@8 1002f008     advapi32:ADVAPI32.dll
 0002:0000000c       __imp__AllocateAndInitializeSid@44 1002f00c     advapi32:ADVAPI32.dll
 0002:00000010       __imp__CheckTokenMembership@12 1002f010     advapi32:ADVAPI32.dll
 0002:00000014       __imp__FreeSid@4           1002f014     advapi32:ADVAPI32.dll
 0002:00000018       __imp__RegCreateKeyExW@36  1002f018     advapi32:ADVAPI32.dll
 0002:0000001c       __imp__RegOpenKeyExW@20    1002f01c     advapi32:ADVAPI32.dll
 0002:00000020       __imp__RegQueryValueExW@24 1002f020     advapi32:ADVAPI32.dll
 0002:00000024       __imp__RegCloseKey@4       1002f024     advapi32:ADVAPI32.dll
 0002:00000028       __imp__RegEnumKeyExW@32    1002f028     advapi32:ADVAPI32.dll
 0002:0000002c       \177ADVAPI32_NULL_THUNK_DATA 1002f02c     advapi32:ADVAPI32.dll
 0002:00000030       __imp__GetTextMetricsW@8   1002f030     gdi32:GDI32.dll
 0002:00000034       __imp__GetDeviceCaps@8     1002f034     gdi32:GDI32.dll
 0002:00000038       __imp__CreateEnhMetaFileW@16 1002f038     gdi32:GDI32.dll
 0002:0000003c       __imp__CreateCompatibleDC@4 1002f03c     gdi32:GDI32.dll
 0002:00000040       __imp__CreateDIBSection@24 1002f040     gdi32:GDI32.dll
 0002:00000044       __imp__CreateSolidBrush@4  1002f044     gdi32:GDI32.dll
 0002:00000048       __imp__DeleteObject@4      1002f048     gdi32:GDI32.dll
 0002:0000004c       __imp__DeleteDC@4          1002f04c     gdi32:GDI32.dll
 0002:00000050       __imp__SelectObject@8      1002f050     gdi32:GDI32.dll
 0002:00000054       __imp__GdiFlush@0          1002f054     gdi32:GDI32.dll
 0002:00000058       __imp__CloseEnhMetaFile@4  1002f058     gdi32:GDI32.dll
 0002:0000005c       __imp__CreateFontIndirectW@4 1002f05c     gdi32:GDI32.dll
 0002:00000060       __imp__DeleteEnhMetaFile@4 1002f060     gdi32:GDI32.dll
 0002:00000064       __imp__GetEnhMetaFileBits@12 1002f064     gdi32:GDI32.dll
 0002:00000068       \177GDI32_NULL_THUNK_DATA  1002f068     gdi32:GDI32.dll
 0002:0000006c       __imp__GetConsoleScreenBufferInfo@8 1002f06c     kernel32:KERNEL32.dll
 0002:00000070       __imp__SuspendThread@4     1002f070     kernel32:KERNEL32.dll
 0002:00000074       __imp__ResumeThread@4      1002f074     kernel32:KERNEL32.dll
 0002:00000078       __imp__TerminateProcess@8  1002f078     kernel32:KERNEL32.dll
 0002:0000007c       __imp__GetCurrentProcess@0 1002f07c     kernel32:KERNEL32.dll
 0002:00000080       __imp__CloseHandle@4       1002f080     kernel32:KERNEL32.dll
 0002:00000084       __imp__Module32NextW@8     1002f084     kernel32:KERNEL32.dll
 0002:00000088       __imp__Module32FirstW@8    1002f088     kernel32:KERNEL32.dll
 0002:0000008c       __imp__CreateToolhelp32Snapshot@8 1002f08c     kernel32:KERNEL32.dll
 0002:00000090       __imp__GetEnvironmentVariableW@12 1002f090     kernel32:KERNEL32.dll
 0002:00000094       __imp__CreateThread@24     1002f094     kernel32:KERNEL32.dll
 0002:00000098       __imp__CreateSemaphoreW@16 1002f098     kernel32:KERNEL32.dll
 0002:0000009c       __imp__CreateEventW@16     1002f09c     kernel32:KERNEL32.dll
 0002:000000a0       __imp__OpenFileMappingW@12 1002f0a0     kernel32:KERNEL32.dll
 0002:000000a4       __imp__VirtualProtect@16   1002f0a4     kernel32:KERNEL32.dll
 0002:000000a8       __imp__MapViewOfFile@20    1002f0a8     kernel32:KERNEL32.dll
 0002:000000ac       __imp__CreateFileMappingW@24 1002f0ac     kernel32:KERNEL32.dll
 0002:000000b0       __imp__lstrcmpW@8          1002f0b0     kernel32:KERNEL32.dll
 0002:000000b4       __imp__lstrcpynW@12        1002f0b4     kernel32:KERNEL32.dll
 0002:000000b8       __imp__lstrcmpiW@8         1002f0b8     kernel32:KERNEL32.dll
 0002:000000bc       __imp__UnmapViewOfFile@4   1002f0bc     kernel32:KERNEL32.dll
 0002:000000c0       __imp__TerminateThread@8   1002f0c0     kernel32:KERNEL32.dll
 0002:000000c4       __imp__SetConsoleTitleW@4  1002f0c4     kernel32:KERNEL32.dll
 0002:000000c8       __imp__GetConsoleTitleW@8  1002f0c8     kernel32:KERNEL32.dll
 0002:000000cc       __imp__WideCharToMultiByte@32 1002f0cc     kernel32:KERNEL32.dll
 0002:000000d0       __imp__DeleteFileW@4       1002f0d0     kernel32:KERNEL32.dll
 0002:000000d4       __imp__CreateProcessW@40   1002f0d4     kernel32:KERNEL32.dll
 0002:000000d8       __imp__GetExitCodeProcess@8 1002f0d8     kernel32:KERNEL32.dll
 0002:000000dc       __imp__SetConsoleMode@8    1002f0dc     kernel32:KERNEL32.dll
 0002:000000e0       __imp__GetConsoleMode@8    1002f0e0     kernel32:KERNEL32.dll
 0002:000000e4       __imp__GetConsoleCursorInfo@8 1002f0e4     kernel32:KERNEL32.dll
 0002:000000e8       __imp__Thread32Next@8      1002f0e8     kernel32:KERNEL32.dll
 0002:000000ec       __imp__Thread32First@8     1002f0ec     kernel32:KERNEL32.dll
 0002:000000f0       __imp__ExpandEnvironmentStringsW@12 1002f0f0     kernel32:KERNEL32.dll
 0002:000000f4       __imp__lstrcmpA@8          1002f0f4     kernel32:KERNEL32.dll
 0002:000000f8       __imp__MultiByteToWideChar@24 1002f0f8     kernel32:KERNEL32.dll
 0002:000000fc       __imp__lstrlenA@4          1002f0fc     kernel32:KERNEL32.dll
 0002:00000100       __imp__lstrcpynA@12        1002f100     kernel32:KERNEL32.dll
 0002:00000104       __imp__GetCurrentDirectoryW@8 1002f104     kernel32:KERNEL32.dll
 0002:00000108       __imp__lstrcpyA@8          1002f108     kernel32:KERNEL32.dll
 0002:0000010c       __imp__DisconnectNamedPipe@4 1002f10c     kernel32:KERNEL32.dll
 0002:00000110       __imp__SetThreadPriority@8 1002f110     kernel32:KERNEL32.dll
 0002:00000114       __imp__Sleep@4             1002f114     kernel32:KERNEL32.dll
 0002:00000118       __imp__FlushFileBuffers@4  1002f118     kernel32:KERNEL32.dll
 0002:0000011c       __imp__ReadFile@20         1002f11c     kernel32:KERNEL32.dll
 0002:00000120       __imp__GetOverlappedResult@16 1002f120     kernel32:KERNEL32.dll
 0002:00000124       __imp__WriteFile@20        1002f124     kernel32:KERNEL32.dll
 0002:00000128       __imp__ConnectNamedPipe@8  1002f128     kernel32:KERNEL32.dll
 0002:0000012c       __imp__CreateNamedPipeW@32 1002f12c     kernel32:KERNEL32.dll
 0002:00000130       __imp__SetFilePointer@16   1002f130     kernel32:KERNEL32.dll
 0002:00000134       __imp__GetFileInformationByHandle@8 1002f134     kernel32:KERNEL32.dll
 0002:00000138       __imp__InterlockedIncrement@4 1002f138     kernel32:KERNEL32.dll
 0002:0000013c       __imp__ReadProcessMemory@20 1002f13c     kernel32:KERNEL32.dll
 0002:00000140       __imp__FreeLibrary@4       1002f140     kernel32:KERNEL32.dll
 0002:00000144       __imp__VerifyVersionInfoW@16 1002f144     kernel32:KERNEL32.dll
 0002:00000148       __imp__VerSetConditionMask@16 1002f148     kernel32:KERNEL32.dll
 0002:0000014c       __imp__SearchPathW@24      1002f14c     kernel32:KERNEL32.dll
 0002:00000150       __imp__DebugBreak@0        1002f150     kernel32:KERNEL32.dll
 0002:00000154       __imp__SetNamedPipeHandleState@16 1002f154     kernel32:KERNEL32.dll
 0002:00000158       __imp__WaitNamedPipeW@8    1002f158     kernel32:KERNEL32.dll
 0002:0000015c       __imp__TransactNamedPipe@28 1002f15c     kernel32:KERNEL32.dll
 0002:00000160       __imp__GetConsoleWindow@0  1002f160     kernel32:KERNEL32.dll
 0002:00000164       __imp__HeapCreate@12       1002f164     kernel32:KERNEL32.dll
 0002:00000168       __imp__HeapDestroy@4       1002f168     kernel32:KERNEL32.dll
 0002:0000016c       __imp__HeapAlloc@12        1002f16c     kernel32:KERNEL32.dll
 0002:00000170       __imp__HeapReAlloc@16      1002f170     kernel32:KERNEL32.dll
 0002:00000174       __imp__HeapFree@12         1002f174     kernel32:KERNEL32.dll
 0002:00000178       __imp__HeapValidate@12     1002f178     kernel32:KERNEL32.dll
 0002:0000017c       __imp__LocalFree@4         1002f17c     kernel32:KERNEL32.dll
 0002:00000180       __imp__LocalAlloc@8        1002f180     kernel32:KERNEL32.dll
 0002:00000184       __imp__SetConsoleWindowInfo@12 1002f184     kernel32:KERNEL32.dll
 0002:00000188       __imp__GetConsoleOutputCP@0 1002f188     kernel32:KERNEL32.dll
 0002:0000018c       __imp__GetFileSizeEx@8     1002f18c     kernel32:KERNEL32.dll
 0002:00000190       __imp__FindClose@4         1002f190     kernel32:KERNEL32.dll
 0002:00000194       __imp__FindNextFileW@8     1002f194     kernel32:KERNEL32.dll
 0002:00000198       __imp__FindFirstFileW@8    1002f198     kernel32:KERNEL32.dll
[...]
 0002:00003a88       ??_7CToolTip@@6B@          10032a88     WinObjects.obj
 0002:00003a8c       ??_C@_1CC@KPOKNCMJ@?$AAt?$AAo?$AAo?$AAl?$AAt?$AAi?$AAp?$AAs?$AA_?$AAc?$AAl?$AAa?$AAs?$AAs?$AA3?$AA2?$AA?$AA@ 10032a8c     WinObjects.obj
 0002:00003ab0       ??_C@_1FA@BFJDIMLC@?$AAC?$AA?3?$AA?2?$AAP?$AAr?$AAo?$AAg?$AAr?$AAa?$AAm?$AA?5?$AAF?$AAi?$AAl?$AAe?$AAs?$AA?2?$AAJ?$AAP?$AAS?$AAo?$AAf?$AAt?$AA?2?$AAT?$AAC?$AAC?$AAL?$AAE?$AA1?$AA3?$AA?2@ 10032ab0     WinObjects.obj
 0002:00003b00       ??_C@_1EO@GBOKIPHE@?$AAC?$AA?3?$AA?2?$AAP?$AAr?$AAo?$AAg?$AAr?$AAa?$AAm?$AA?5?$AAF?$AAi?$AAl?$AAe?$AAs?$AA?2?$AAJ?$AAP?$AAS?$AAo?$AAf?$AAt?$AA?2?$AAT?$AAC?$AAM?$AAD?$AA1?$AA3?$AA?2?$AAt@ 10032b00     WinObjects.obj
 0002:00003b50       ??_C@_1CA@CBMLAMC@?$AAI?$AAn?$AAs?$AAt?$AAa?$AAl?$AAl?$AAL?$AAo?$AAc?$AAa?$AAt?$AAi?$AAo?$AAn?$AA?$AA@ 10032b50     WinObjects.obj
 0002:00003b70       ??_C@_1BI@NAAHPGNK@?$AAJ?$AAP?$AA?5?$AAS?$AAo?$AAf?$AAt?$AAw?$AAa?$AAr?$AAe?$AA?$AA@ 10032b70     WinObjects.obj
 0002:00003b88       ??_C@_1BE@CCMLAJPM@?$AAP?$AAu?$AAb?$AAl?$AAi?$AAs?$AAh?$AAe?$AAr?$AA?$AA@ 10032b88     WinObjects.obj
 0002:00003ba0       ??_C@_1GI@BAAGFBH@?$AAS?$AAO?$AAF?$AAT?$AAW?$AAA?$AAR?$AAE?$AA?2?$AAM?$AAi?$AAc?$AAr?$AAo?$AAs?$AAo?$AAf?$AAt?$AA?2?$AAW?$AAi?$AAn?$AAd?$AAo?$AAw?$AAs?$AA?2?$AAC?$AAu?$AAr?$AAr?$AAe@ 10032ba0     WinObjects.obj
 0002:00003c08       ??_C@_1BA@JFHFEKBP@?$AAt?$AAc?$AAc?$AA?4?$AAe?$AAx?$AAe?$AA?$AA@ 10032c08     WinObjects.obj
 0002:00003c18       ??_C@_1BE@BGAOJFLF@?$AA?2?$AAt?$AAc?$AAm?$AAd?$AA?4?$AAe?$AAx?$AAe?$AA?$AA@ 10032c18     WinObjects.obj
 0002:00003c2c       ??_C@_19NHABCBNP@?$AAP?$AAa?$AAt?$AAh?$AA?$AA@ 10032c2c     WinObjects.obj
 0002:00003c38       ??_C@_1CK@HMKJOJBO@?$AAS?$AAO?$AAF?$AAT?$AAW?$AAA?$AAR?$AAE?$AA?2?$AAJ?$AAP?$AA?5?$AAS?$AAo?$AAf?$AAt?$AAw?$AAa?$AAr?$AAe?$AA?$AA@ 10032c38     WinObjects.obj
 0002:00003c64       ??_C@_1DA@EMHAGABM@?$AA?$CF?$AAC?$AAo?$AAn?$AAE?$AAm?$AAu?$AAB?$AAa?$AAs?$AAe?$AAD?$AAi?$AAr?$AA?$CF?$AA?2?$AAt?$AAc?$AAc?$AA?4?$AAe?$AAx?$AAe?$AA?$AA@ 10032c64     WinObjects.obj
 0002:00003c94       ??_C@_13PJJBFPED@?$AA?$DL?$AA?$AA@ 10032c94     WinObjects.obj
 0002:00003c98       ??_C@_1BA@DBKIDAPL@?$AAc?$AAm?$AAd?$AA?4?$AAe?$AAx?$AAe?$AA?$AA@ 10032c98     WinObjects.obj
 0002:00003ca8       ??_C@_1CE@ECCAMEKN@?$AA?2?$AAS?$AAy?$AAs?$AAW?$AAO?$AAW?$AA6?$AA4?$AA?2?$AAc?$AAm?$AAd?$AA?4?$AAe?$AAx?$AAe?$AA?$AA@ 10032ca8     WinObjects.obj
 0002:00003ccc       ??_C@_1CC@PDLBBEEF@?$AAS?$AAy?$AAs?$AAW?$AAO?$AAW?$AA6?$AA4?$AA?2?$AAc?$AAm?$AAd?$AA?4?$AAe?$AAx?$AAe?$AA?$AA@ 10032ccc     WinObjects.obj
 0002:00003cf0       ??_C@_1CE@PMNGKNKL@?$AA?2?$AAS?$AAy?$AAs?$AAt?$AAe?$AAm?$AA3?$AA2?$AA?2?$AAc?$AAm?$AAd?$AA?4?$AAe?$AAx?$AAe?$AA?$AA@ 10032cf0     WinObjects.obj
 0002:00003d14       ??_C@_1CC@ENEHHNED@?$AAS?$AAy?$AAs?$AAt?$AAe?$AAm?$AA3?$AA2?$AA?2?$AAc?$AAm?$AAd?$AA?4?$AAe?$AAx?$AAe?$AA?$AA@ 10032d14     WinObjects.obj
 0002:00003d38       ??_C@_1CK@OLMGMMDO@?$AAC?$AAo?$AAn?$AAE?$AAm?$AAu?$AAS?$AAl?$AAe?$AAe?$AAp?$AAI?$AAn?$AAd?$AAi?$AAc?$AAa?$AAt?$AAo?$AAr?$AA?$AA@ 10032d38     WinObjects.obj
 0002:00003d70       __load_config_used         10032d70     LIBCMT:loadcfg.obj
 0002:00003e30       ___safe_se_handler_table   10032e30     <linker-defined>
 0002:00003e7c       __IMPORT_DESCRIPTOR_KERNEL32 10032e7c     kernel32:KERNEL32.dll
 0002:00003e90       __IMPORT_DESCRIPTOR_USER32 10032e90     user32:USER32.dll
 0002:00003ea4       __IMPORT_DESCRIPTOR_GDI32  10032ea4     gdi32:GDI32.dll
 0002:00003eb8       __IMPORT_DESCRIPTOR_ADVAPI32 10032eb8     advapi32:ADVAPI32.dll
 0002:00003ecc       __IMPORT_DESCRIPTOR_SHELL32 10032ecc     shell32:SHELL32.dll
 0002:00003ee0       __IMPORT_DESCRIPTOR_VERSION 10032ee0     version:VERSION.dll
 0002:00003ef4       __NULL_IMPORT_DESCRIPTOR   10032ef4     kernel32:KERNEL32.dll
 0003:00000000       ?gnPluginOpenFrom@@3HA     10035000     ConEmuPlugin.obj
 0003:00000004       ?gnReqCommand@@3KA         10035004     ConEmuPlugin.obj
 0003:00000008       ?lastModifiedStateW@@3HA   10035008     ConEmuPlugin.obj
 0003:0000000c       ?gFarMode@@3UHookModeFar@@A 1003500c     ConEmuPlugin.obj
 0003:00000028       ?gpPluginMenu@@3PAUPluginAndMenuCommands@@A 10035028     ConEmuPlugin.obj
 0003:000000e0       ?Far3Func@@3PAUExportFunc@@A 100350e0     ConEmuPlugin.obj
 0003:00000128       ?guid_ConEmu@@3U_GUID@@A   10035128     ConEmuPlugin2800.obj
 0003:00000138       ?guid_ConEmuPluginItems@@3U_GUID@@A 10035138     ConEmuPlugin2800.obj
 0003:00000148       ?guid_ConEmuPluginMenu@@3U_GUID@@A 10035148     ConEmuPlugin2800.obj
 0003:00000158       ?guid_ConEmuGuiMacroDlg@@3U_GUID@@A 10035158     ConEmuPlugin2800.obj
 0003:00000168       ?guid_ConEmuWaitEndSynchro@@3U_GUID@@A 10035168     ConEmuPlugin2800.obj
 0003:00000180       ___security_cookie         10035180     LIBCMT:gs_cookie.obj
 0003:00000184       ___security_cookie_complement 10035184     LIBCMT:gs_cookie.obj
 0003:00000188       __NLG_Destination          10035188     LIBCMT:exsup.obj
 0003:00000198       ?ghHooksModule@@3PAUHINSTANCE__@@A 10035198     ConEmuInjects.obj
 0003:0000019c       ?gbHooksModuleLoaded@@3HA  1003519c     ConEmuInjects.obj
 0003:000001a0       ?SetHookCallbacks@@3P6G_NPBDPB_WPAUHINSTANCE__@@P6GHPAUHookCallbackArg@@@ZP6GX3@Z5@ZA 100351a0     ConEmuInjects.obj
 0003:000001a4       ?SetLoadLibraryCallback@@3P6GXPAUHINSTANCE__@@P6GX0@Z1@ZA 100351a4     ConEmuInjects.obj
 0003:000001a8       ?SetFarHookMode@@3P6GXPAUHookModeFar@@@ZA 100351a8     ConEmuInjects.obj
 0003:000001b0       ?gszDir2@@3PA_WA           100351b0     ConEmuPlugin.obj
 0003:000009b0       ?gpConMap@@3PAV?$MFileMapping@UCESERVER_CONSOLE_MAPPING_HDR@@@@A 100359b0     ConEmuPlugin.obj
 0003:000009b8       ?gszRootKey@@3PA_WA        100359b8     ConEmuPlugin.obj
 0003:00000dc8       ?gsbiDetached@@3U_CONSOLE_SCREEN_BUFFER_INFO@@A 10035dc8     ConEmuPlugin.obj
 0003:00000de0       ?gszDir1@@3PA_WA           10035de0     ConEmuPlugin.obj
 0003:000015e0       ?ghPluginModule@@3PAUHINSTANCE__@@A 100365e0     ConEmuPlugin.obj
 0003:000015e4       ?ConEmuHwnd@@3PAUHWND__@@A 100365e4     ConEmuPlugin.obj
 0003:000015e8       ?gdwPreDetachGuiPID@@3KA   100365e8     ConEmuPlugin.obj
 0003:000015ec       ?gdwServerPID@@3KA         100365ec     ConEmuPlugin.obj
 0003:000015f0       ?TerminalMode@@3HA         100365f0     ConEmuPlugin.obj
 0003:000015f4       ?FarHwnd@@3PAUHWND__@@A    100365f4     ConEmuPlugin.obj
 0003:000015f8       ?gnMainThreadId@@3KA       100365f8     ConEmuPlugin.obj
 0003:000015fc       ?gnMainThreadIdInitial@@3KA 100365fc     ConEmuPlugin.obj
 0003:00001600       ?ghMonitorThread@@3PAXA    10036600     ConEmuPlugin.obj
 0003:00001604       ?gnMonitorThreadId@@3KA    10036604     ConEmuPlugin.obj
 0003:00001608       ?ghSetWndSendTabsEvent@@3PAXA 10036608     ConEmuPlugin.obj
 0003:0000160c       ?gFarVersion@@3UFarVersion@@A 1003660c     ConEmuPlugin.obj
 0003:00001614       ?maxTabCount@@3HA          10036614     ConEmuPlugin.obj
 0003:00001618       ?lastWindowCount@@3HA      10036618     ConEmuPlugin.obj
 0003:0000161c       ?gnCurTabCount@@3HA        1003661c     ConEmuPlugin.obj
 0003:00001620       ?gpTabs@@3PAUCESERVER_REQ@@A 10036620     ConEmuPlugin.obj
 0003:00001624       ?gnCurrentWindowType@@3HA  10036624     ConEmuPlugin.obj
 0003:00001628       ?gbIgnoreUpdateTabs@@3HA   10036628     ConEmuPlugin.obj
 0003:0000162c       ?gbRequestUpdateTabs@@3HA  1003662c     ConEmuPlugin.obj
 0003:00001630       ?gbClosingModalViewerEditor@@3HA 10036630     ConEmuPlugin.obj
 0003:00001634       ?gLastMouseReadEvent@@3U_MOUSE_EVENT_RECORD@@A 10036634     ConEmuPlugin.obj
 0003:00001644       ?gbUngetDummyMouseEvent@@3HA 10036644     ConEmuPlugin.obj
 0003:00001648       ?gnAllowDummyMouseEvent@@3JA 10036648     ConEmuPlugin.obj
 0003:0000164c       ?gnDummyMouseEventFromMacro@@3JA 1003664c     ConEmuPlugin.obj
 0003:00001650       ?csData@@3PAVMSection@@A   10036650     ConEmuPlugin.obj
 0003:00001654       ?gpCmdRet@@3PAUCESERVER_REQ@@A 10036654     ConEmuPlugin.obj
 0003:00001658       ?gpData@@3PAEA             10036658     ConEmuPlugin.obj
 0003:0000165c       ?gpCursor@@3PAEA           1003665c     ConEmuPlugin.obj
 0003:00001660       ?gnDataSize@@3KA           10036660     ConEmuPlugin.obj
 0003:00001664       ?gpReqCommandData@@3PAXA   10036664     ConEmuPlugin.obj
 0003:00001670       ?gnMsgTabChanged@@3IA      10036670     ConEmuPlugin.obj
 0003:00001674       ?csTabs@@3PAVMSection@@A   10036674     ConEmuPlugin.obj
 0003:00001678       ?gbPlugKeyChanged@@3HA     10036678     ConEmuPlugin.obj
 0003:0000167c       ?ghRegMonitorKey@@3PAUHKEY__@@A 1003667c     ConEmuPlugin.obj
 0003:00001680       ?ghRegMonitorEvt@@3PAXA    10036680     ConEmuPlugin.obj
 0003:00001684       ?ghPluginSemaphore@@3PAXA  10036684     ConEmuPlugin.obj
 0003:00001688       ?gsFarLang@@3PA_WA         10036688     ConEmuPlugin.obj
 0003:00001708       ?gbNeedPostTabSend@@3HA    10036708     ConEmuPlugin.obj
 0003:0000170c       ?gbNeedPostEditCheck@@3HA  1003670c     ConEmuPlugin.obj
 0003:00001710       ?gbNeedPostReloadFarInfo@@3HA 10036710     ConEmuPlugin.obj
 0003:00001714       ?gnNeedPostTabSendTick@@3KA 10036714     ConEmuPlugin.obj
 0003:00001718       ?gpConMapInfo@@3PBUCESERVER_CONSOLE_MAPPING_HDR@@B 10036718     ConEmuPlugin.obj
 0003:0000171c       ?gbStartedUnderConsole2@@3HA 1003671c     ConEmuPlugin.obj
 0003:00001720       ?gnSelfPID@@3KA            10036720     ConEmuPlugin.obj
 0003:00001724       ?ghFarInfoMapping@@3PAXA   10036724     ConEmuPlugin.obj
 0003:00001728       ?gpFarInfo@@3PAUCEFAR_INFO_MAPPING@@A 10036728     ConEmuPlugin.obj
 0003:0000172c       ?gpFarInfoMapping@@3PAUCEFAR_INFO_MAPPING@@A 1003672c     ConEmuPlugin.obj
 0003:00001730       ?ghFarAliveEvent@@3PAXA    10036730     ConEmuPlugin.obj
 0003:00001734       ?gPanelRegLeft@@3Utag_PanelViewRegInfo@@A 10036734     ConEmuPlugin.obj
 0003:0000174c       ?gPanelRegRight@@3Utag_PanelViewRegInfo@@A 1003674c     ConEmuPlugin.obj
 0003:00001764       ?ghConEmuCtrlPressed@@3PAXA 10036764     ConEmuPlugin.obj
 0003:00001768       ?ghConEmuShiftPressed@@3PAXA 10036768     ConEmuPlugin.obj
 0003:0000176c       ?gbWaitConsoleInputEmpty@@3HA 1003676c     ConEmuPlugin.obj
 0003:00001770       ?gbWaitConsoleWrite@@3HA   10036770     ConEmuPlugin.obj
 0003:00001774       ?ghConsoleInputEmpty@@3PAXA 10036774     ConEmuPlugin.obj
 0003:00001778       ?ghConsoleWrite@@3PAXA     10036778     ConEmuPlugin.obj
 0003:0000177c       ?gnSynchroCount@@3HA       1003677c     ConEmuPlugin.obj
 0003:00001780       ?gbSynchroProhibited@@3_NA 10036780     ConEmuPlugin.obj
 0003:00001781       ?gbInputSynchroPending@@3_NA 10036781     ConEmuPlugin.obj
 0003:00001784       ?gbInfoW_OK@@3HA           10036784     ConEmuPlugin.obj
 0003:00001788       ?gnPeekReadCount@@3KA      10036788     ConEmuPlugin.obj
 0003:0000178c       ?gbExitFarCalled@@3HA      1003678c     ConEmuPlugin.obj
 0003:00001798       ?gbWasDetached@@3HA        10036798     ConEmuPlugin.obj
 0003:000017a8       ?InfoW995@@3PAUPluginStartupInfo@@A 100367a8     ConEmuPlugin995.obj
 0003:000017ac       ?FSFW995@@3PAUFarStandardFunctions@@A 100367ac     ConEmuPlugin995.obj
 0003:000019c0       ?InfoW1900@@3PAUPluginStartupInfo@@A 100369c0     ConEmuPlugin1900.obj
 0003:000019c4       ?FSFW1900@@3PAUFarStandardFunctions@@A 100369c4     ConEmuPlugin1900.obj
 0003:00001c00       ?LastIndex@?1??Color2FgIndex@Far3Color@@SIXKAAG@Z@4HA 10036c00     ConEmuPlugin1900.obj
 0003:00001c04       ?LastColor@?1??Color2FgIndex@Far3Color@@SIXKAAG@Z@4KA 10036c04     ConEmuPlugin1900.obj
 0003:00001c08       ?LastIndex@?1??Color2BgIndex@Far3Color@@SIXKHAAG@Z@4HA 10036c08     ConEmuPlugin1900.obj
 0003:00001c0c       ?LastColor@?1??Color2BgIndex@Far3Color@@SIXKHAAG@Z@4KA 10036c0c     ConEmuPlugin1900.obj
 0003:00001c14       ?InfoW2800@@3PAUPluginStartupInfo@@A 10036c14     ConEmuPlugin2800.obj
 0003:00001c18       ?FSFW2800@@3PAUFarStandardFunctions@@A 10036c18     ConEmuPlugin2800.obj
 0003:00001e54       ?InfoA@@3PAUPluginStartupInfo@@A 10036e54     ConEmuPluginA.obj
 0003:00001e58       ?FSFA@@3PAUFarStandardFunctions@@A 10036e58     ConEmuPluginA.obj
 0003:00001f64       ?gbNeedBgActivate@@3HA     10036f64     PluginBackground.obj
 0003:00001f68       ?gbBgPluginsAllowed@@3HA   10036f68     PluginBackground.obj
 0003:00001f6c       ?gpBgPlugin@@3PAVCPluginBackground@@A 10036f6c     PluginBackground.obj
 0003:00001f70       ?gszPluginServerPipe@@3PA_WA 10036f70     PluginSrv.obj
 0003:00002178       ?gpPlugServer@@3PAU?$PipeServer@UCESERVER_REQ@@@@A 10037178     PluginSrv.obj
 0003:0000217c       ?ghServerTerminateEvent@@3PAXA 1003717c     PluginSrv.obj
 0003:00002180       ?gbInCommonShutdown@@3HA   10037180     Common.obj
 0003:00002184       ?OnShutdownConsole@@3P6GXXZA 10037184     Common.obj
 0003:00002190       ?gpLocalSecurity@@3PAU_SECURITY_ATTRIBUTES@@A 10037190     ConEmuCheck.obj
 0003:00002198       ?ghWorkingModule@@3_KA     10037198     ConEmuCheck.obj
 0003:000021ec       ?AssertMsgBox@@3P6IHPB_WI0PAUHWND__@@_N@ZA 100371ec     MAssert.obj
 0003:000021f0       ?ghHeap@@3PAXA             100371f0     Memory.obj
 0003:000021f4       ?gNullDesc@@3PAVMNullDesc@@A 100371f4     MSecurity.obj
 0003:000021f8       ?gpConsoleInfoStr@@3PAU_CONSOLE_INFO@@A 100371f8     WinConsole.obj
 0003:000021fc       ?ghConsoleSection@@3PAXA   100371fc     WinConsole.obj
 0003:00002210       ?Is_Window@@3P6GHPAUHWND__@@@ZA 10037210     WinObjects.obj
 0003:0000257c       __debugger_hook_dummy      1003757c     <common>
 0003:00002580       __pDestructExceptionObject 10037580     <common>
 0003:00002584       ___sse2_available          10037584     <common>

 entry point at        0001:00001c30

 Static symbols

 0001:00000560       ?StringValidateDestW@@YGJPB_WII@Z 10001560 f   ConEmuInjects.obj
 0001:00000590       ?StringCopyWorkerW@@YGJPA_WIPAIPB_WI@Z 10001590 f   ConEmuInjects.obj
 0001:00001e20       ?LoadFarVersion@@YI_NAAUFarVersion@@AAY0CAA@_W@Z 10002e20 f   ConEmuPlugin.obj
 0001:00003350       ?StringValidateDestW@@YGJPB_WII@Z 10004350 f   ConEmuPlugin.obj
 0001:00003380       ?StringValidateDestAndLengthW@@YGJPB_WIPAII@Z 10004380 f   ConEmuPlugin.obj
 0001:000033d0       ?StringLengthWorkerW@@YGJPB_WIPAI@Z 100043d0 f   ConEmuPlugin.obj
 0001:00003440       ?StringCopyWorkerW@@YGJPA_WIPAIPB_WI@Z 10004440 f   ConEmuPlugin.obj
 0001:000034f0       ?ActivatePlugin@@YIHKPAXK@Z 100044f0 f   ConEmuPlugin.obj
 0001:00003780       ?WaitPluginActivateion@@YIKKPAPAXHK@Z 10004780 f   ConEmuPlugin.obj
 0001:00004520       ?ChangeExports@@YI_NPBUExportFunc@@PAUHINSTANCE__@@@Z 10005520 f   ConEmuPlugin.obj
 0001:00009200       ?GetPanelDir@@YIPA_WPAX@Z  1000a200 f   ConEmuPlugin995.obj
 0001:0000ac90       ?LoadFarSettingsW995@@YIXPAUCEFarInterfaceSettings@@PAUCEFarPanelSettings@@@Z 1000bc90 f   ConEmuPlugin995.obj
 0001:0000b0b0       ?CopyPanelInfoW@@YIXPAUPanelInfo@@PAUtag_BkPanelInfo@PaintBackgroundArg@@@Z 1000c0b0 f   ConEmuPlugin995.obj
 0001:0000b2a0       ?CallGuiMacroProc@@YIXXZ   1000c2a0 f   ConEmuPlugin995.obj
 0001:0000b5c0       ?CallGuiMacroDlg@@YGJPAXHHJ@Z 1000c5c0 f   ConEmuPlugin995.obj
 0001:0000c080       ?GetPanelDir@@YIPA_WPAX@Z  1000d080 f   ConEmuPlugin1900.obj
 0001:0000ea20       ?LoadFarSettingsW1900@@YIXPAUCEFarInterfaceSettings@@PAUCEFarPanelSettings@@@Z 1000fa20 f   ConEmuPlugin1900.obj
 0001:0000ebb0       ?GetFarSetting@@YIHPAXIPB_W@Z 1000fbb0 f   ConEmuPlugin1900.obj
 0001:0000f030       ?CopyPanelInfoW@@YIXPAUPanelInfo@@PAUtag_BkPanelInfo@PaintBackgroundArg@@@Z 10010030 f   ConEmuPlugin1900.obj
 0001:0000f310       ?CallGuiMacroProc@@YIXXZ   10010310 f   ConEmuPlugin1900.obj
 0001:0000f6c0       ?CallGuiMacroDlg@@YGHPAXHH0@Z 100106c0 f   ConEmuPlugin1900.obj
 0001:000102e0       ?GetPanelDir@@YIPA_WPAX@Z  100112e0 f   ConEmuPlugin2800.obj
 0001:00012540       ?LoadFarSettingsW2800@@YIXPAUCEFarInterfaceSettings@@PAUCEFarPanelSettings@@@Z 10013540 f   ConEmuPlugin2800.obj
 0001:000126d0       ?GetFarSetting@@YIHPAXIPB_W@Z 100136d0 f   ConEmuPlugin2800.obj
 0001:00012b50       ?CopyPanelInfoW@@YIXPAUPanelInfo@@PAUtag_BkPanelInfo@PaintBackgroundArg@@@Z 10013b50 f   ConEmuPlugin2800.obj
 0001:00012e30       ?CallGuiMacroProc@@YIXXZ   10013e30 f   ConEmuPlugin2800.obj
 0001:00013170       ?CallGuiMacroDlg@@YGHPAXHH0@Z 10014170 f   ConEmuPlugin2800.obj
 0001:000134f0       ?MAKEFARVERSION@@YI?AUVersionInfo@@KKKKW4VERSION_STAGE@@@Z 100144f0 f   ConEmuPlugin2800.obj
 0001:00015740       ?LoadFarSettingsA@@YIXPAUCEFarInterfaceSettings@@PAUCEFarPanelSettings@@@Z 10016740 f   ConEmuPluginA.obj
 0001:00015a20       ?CopyPanelInfo@@YIXPAUPanelInfo@@PAUtag_BkPanelInfo@PaintBackgroundArg@@@Z 10016a20 f   ConEmuPluginA.obj
 0001:00015b70       ?CallGuiMacroProc@@YIXXZ   10016b70 f   ConEmuPluginA.obj
 0001:00015f20       ?CallGuiMacroDlg@@YGJPAXHHJ@Z 10016f20 f   ConEmuPluginA.obj
 0001:00018670       ?StringValidateDestW@@YGJPB_WII@Z 10019670 f   PluginBackground.obj
 0001:000186a0       ?StringCopyWorkerW@@YGJPA_WIPAIPB_WI@Z 100196a0 f   PluginBackground.obj
 0001:0001a920       ?StringValidateDestW@@YGJPB_WII@Z 1001b920 f   PluginSrv.obj
 0001:0001a950       ?StringCopyWorkerW@@YGJPA_WIPAIPB_WI@Z 1001b950 f   PluginSrv.obj
 0001:0001bf40       ?StringValidateDestW@@YGJPB_WII@Z 1001cf40 f   Execute.obj
 0001:0001bf70       ?StringCopyWorkerW@@YGJPA_WIPAIPB_WI@Z 1001cf70 f   Execute.obj
 0001:0001cad0       ?StringValidateDestW@@YGJPB_WII@Z 1001dad0 f   ConEmuCheck.obj
 0001:0001cb00       ?StringCopyWorkerW@@YGJPA_WIPAIPB_WI@Z 1001db00 f   ConEmuCheck.obj
 0001:0001df20       ?StringValidateDestW@@YGJPB_WII@Z 1001ef20 f   ConEmuCheckEx.obj
 0001:0001df50       ?StringCopyWorkerW@@YGJPA_WIPAIPB_WI@Z 1001ef50 f   ConEmuCheckEx.obj
 0001:0001e080       ?StringValidateDestAndLengthW@@YGJPB_WIPAII@Z 1001f080 f   ConEmuCheckEx.obj
 0001:0001e0d0       ?StringLengthWorkerW@@YGJPB_WIPAI@Z 1001f0d0 f   ConEmuCheckEx.obj
 0001:0001e3d0       ?StringValidateDestA@@YGJPBDII@Z 1001f3d0 f   Memory.obj
 0001:0001e400       ?StringCopyWorkerA@@YGJPADIPAIPBDI@Z 1001f400 f   Memory.obj
 0001:0001e520       ?StringValidateDestW@@YGJPB_WII@Z 1001f520 f   Memory.obj
 0001:0001e550       ?StringCopyWorkerW@@YGJPA_WIPAIPB_WI@Z 1001f550 f   Memory.obj
 0001:00022df0       ?StringValidateDestW@@YGJPB_WII@Z 10023df0 f   WinObjects.obj
 0001:00022e20       ?StringCopyWorkerW@@YGJPA_WIPAIPB_WI@Z 10023e20 f   WinObjects.obj
 0001:00023570       ?CheckRegKeyExist@@YI_NPAURegKeyExistArg@@@Z 10024570 f   WinObjects.obj
 0001:00026140       ?StringValidateDestAndLengthW@@YGJPB_WIPAII@Z 10027140 f   WinObjects.obj
 0001:00026190       ?StringLengthWorkerW@@YGJPB_WIPAI@Z 10027190 f   WinObjects.obj
 0001:000292fa       _cmpResult                 1002a2fa f   LIBCMT:memcmp.obj
 0001:0002930c       _cmpBYTE                   1002a30c f   LIBCMT:memcmp.obj
 0001:00029324       _cmpWORD                   1002a324 f   LIBCMT:memcmp.obj
 0001:00029364       _cmpDWORD                  1002a364 f   LIBCMT:memcmp.obj
 0001:000293dc       _unaligned_memcmp          1002a3dc f   LIBCMT:memcmp.obj
 0001:0002c7dd       _fastzero_I                1002d7dd f   LIBCMT:p4_memset.obj
 0001:0002c8c3       _has_osfxsr_set            1002d8c3 f   LIBCMT:cpu_disp.obj
 0001:0002c982       _fastcopy_I                1002d982 f   LIBCMT:p4_memcpy.obj
 0001:0002cb50       _ValidateLocalCookies      1002db50 f   LIBCMT:chandler4.obj
 0001:0002cdac       __unwind_handler4          1002ddac f   LIBCMT:exsup4.obj
 0001:0002d0e4       __unwind_handler           1002e0e4 f   LIBCMT:exsup.obj
