 ConEmu.x64

 Timestamp is 53162e98 (Tue Mar 04 23:50:48 2014)

 Preferred load address is 0000000180000000

 Start         Length     Name                   Class
 0001:00000000 00034826H .text                   CODE
 0001:00034830 0000005eH .text$00                CODE
 0002:00000000 00000690H .idata$5                DATA
 0002:00000690 00003d52H .rdata                  DATA
 0002:000043e4 00000073H .rdata$debug            DATA
 0002:00004458 000012f8H .xdata                  DATA
 0002:00005750 00000078H .idata$2                DATA
 0002:000057c8 00000014H .idata$3                DATA
 0002:000057e0 00000690H .idata$4                DATA
 0002:00005e70 00000ecaH .idata$6                DATA
 0002:00006d40 0000033bH .edata                  DATA
 0003:00000000 000001e0H .data                   DATA
 0003:000001e0 00002259H .bss                    DATA
 0004:00000000 00001a34H .pdata                  DATA
 0005:00000000 00000058H .rsrc$01                DATA
 0005:00000060 00000290H .rsrc$02                DATA

  Address         Publics by Value              Rva+Base               Lib:Object

 0000:00000000       ___safe_se_handler_count   0000000000000000     <absolute>
 0000:00000000       ___safe_se_handler_table   0000000000000000     <absolute>
 0000:00000000       __ImageBase                0000000180000000     <linker-defined>
 0001:00000000       ?StartupHooks@@YAHPEAUHINSTANCE__@@@Z 0000000180001000 f   ConEmuInjects.obj
 0001:000004f0       ?ShutdownHooks@@YAXXZ      00000001800014f0 f   ConEmuInjects.obj
 0001:00000780       ??$wcscpy_c@$0EA@@@YAHAEAY0EA@_WPEB_W@Z 0000000180001780 f i ConEmuInjects.obj
 0001:000007b0       ?StringCchCopyW@@YAJPEA_W_KPEB_W@Z 00000001800017b0 f i ConEmuInjects.obj
 0001:00000940       ?pcc_Selected@@YA_NW4PluginMenuCommands@@@Z 0000000180001940 f   ConEmuPlugin.obj
 0001:000009c0       ?pcc_Disabled@@YA_NW4PluginMenuCommands@@@Z 00000001800019c0 f   ConEmuPlugin.obj
 0001:00000aa0       ?GetPluginInfoWcmn@@YAXPEAX@Z 0000000180001aa0 f   ConEmuPlugin.obj
 0001:00000af0       ?CheckConEmuDetached@@YAXXZ 0000000180001af0 f   ConEmuPlugin.obj
 0001:00000ba0       ??BHWND2@@QEBAKXZ          0000000180001ba0 f i ConEmuPlugin.obj
 0001:00000bb0       ?OpenPluginWcmn@@YAPEAXH_J_N@Z 0000000180001bb0 f   ConEmuPlugin.obj
 0001:00000f00       OpenPluginW                0000000180001f00 f   ConEmuPlugin.obj
 0001:00000f60       ?TouchReadPeekConsoleInputs@@YAXH@Z 0000000180001f60 f   ConEmuPlugin.obj
 0001:00000fb0       ?OnMainThreadActivated@@YAXXZ 0000000180001fb0 f   ConEmuPlugin.obj
 0001:00001270       ?IsFarLua@FarVersion@@QEBA_NXZ 0000000180002270 f i ConEmuPlugin.obj
 0001:000012d0       ?OnConsolePeekReadInput@@YAXH@Z 00000001800022d0 f   ConEmuPlugin.obj
 0001:00001520       ?ActiveServerPID@CESERVER_CONSOLE_MAPPING_HDR@@QEBAKXZ 0000000180002520 f i ConEmuPlugin.obj
 0001:00001560       ?OnPanelViewCallbacks@@YAHPEAUHookCallbackArg@@P6AHPEAXPEAU_INPUT_RECORD@@KPEAKPEAH@Z5@Z 0000000180002560 f   ConEmuPlugin.obj
 0001:000016a0       ?OnShellExecuteExW_Except@@YAXPEAUHookCallbackArg@@@Z 00000001800026a0 f   ConEmuPlugin.obj
 0001:000016e0       ?OnGetNumberOfConsoleInputEventsPost@@YAXPEAUHookCallbackArg@@@Z 00000001800026e0 f   ConEmuPlugin.obj
 0001:00001720       ?UngetDummyMouseEvent@@YAHHPEAUHookCallbackArg@@@Z 0000000180002720 f   ConEmuPlugin.obj
 0001:00001990       ??4HANDLE2@@QEAAAEAU0@PEAX@Z 0000000180002990 f i ConEmuPlugin.obj
 0001:000019b0       ?OnConsolePeekInput@@YAHPEAUHookCallbackArg@@@Z 00000001800029b0 f   ConEmuPlugin.obj
 0001:00001a40       ?OnConsolePeekInputPost@@YAXPEAUHookCallbackArg@@@Z 0000000180002a40 f   ConEmuPlugin.obj
 0001:00001a90       ?OnConsoleReadInputWork@@YAHPEAUHookCallbackArg@@@Z 0000000180002a90 f   ConEmuPlugin.obj
 0001:00001b40       ?OnConsoleReadInput@@YAHPEAUHookCallbackArg@@@Z 0000000180002b40 f   ConEmuPlugin.obj
 0001:00001b60       ?OnConsoleReadInputPost@@YAXPEAUHookCallbackArg@@@Z 0000000180002b60 f   ConEmuPlugin.obj
 0001:00001e10       ?OnWriteConsoleOutput@@YAHPEAUHookCallbackArg@@@Z 0000000180002e10 f   ConEmuPlugin.obj
 0001:00001f30       ProcessSynchroEventW       0000000180002f30 f   ConEmuPlugin.obj
 0001:00001ff0       ?ShutdownPluginStep@@YAXPEB_WHHHH@Z 0000000180002ff0 f   ConEmuPlugin.obj
 0001:00002010       DllMain                    0000000180003010 f   ConEmuPlugin.obj
 0001:00002330       ??_GMSection@@QEAAPEAXI@Z  0000000180003330 f i ConEmuPlugin.obj
 0001:00002370       ??_GCPluginBackground@@QEAAPEAXI@Z 0000000180003370 f i ConEmuPlugin.obj
 0001:000023b0       _DllMainCRTStartup         00000001800033b0 f   ConEmuPlugin.obj
 0001:000023e0       ?IsConsoleActive@@YAHXZ    00000001800033e0 f   ConEmuPlugin.obj
 0001:00002460       ?GetFarHWND2@@YAPEAUHWND__@@H@Z 0000000180003460 f   ConEmuPlugin.obj
 0001:000024e0       ?GetFarHWND@@YAPEAUHWND__@@XZ 00000001800034e0 f   ConEmuPlugin.obj
 0001:000024f0       ?IsTerminalMode@@YAHXZ     00000001800034f0 f   ConEmuPlugin.obj
 0001:00002500       ?GetFarVersion@@YAXPEAUFarVersion@@@Z 0000000180003500 f   ConEmuPlugin.obj
 0001:00002520       ?LoadFarVersion@@YAHXZ     0000000180003520 f   ConEmuPlugin.obj
 0001:00002900       ?RegisterPanelView@@YAHPEAUPanelViewInit@@@Z 0000000180003900 f   ConEmuPlugin.obj
 0001:00002bd0       ?RegisterBackground@@YAHPEAURegisterBackgroundArg@@@Z 0000000180003bd0 f   ConEmuPlugin.obj
 0001:00002c70       ?SyncExecute@@YAHPEAUHINSTANCE__@@P6AX_J@Z1@Z 0000000180003c70 f   ConEmuPlugin.obj
 0001:00002ce0       ?ActivateConsole@@YAHXZ    0000000180003ce0 f   ConEmuPlugin.obj
 0001:00002da0       ??BHWND2@@QEBAPEAUHWND__@@XZ 0000000180003da0 f i ConEmuPlugin.obj
 0001:00002db0       ??4HWND2@@QEAAAEAU0@PEAUHWND__@@@Z 0000000180003db0 f i ConEmuPlugin.obj
 0001:00002dd0       ?ExecuteSynchro@@YAXXZ     0000000180003dd0 f   ConEmuPlugin.obj
 0001:00002e90       ?ProcessCommand@@YAHKHPEAXPEAPEAUCESERVER_REQ@@@Z 0000000180003e90 f   ConEmuPlugin.obj
 0001:00003f90       ?StringCchCatW@@YAJPEA_W_KPEB_W@Z 0000000180004f90 f i ConEmuPlugin.obj
 0001:000046e0       ?FarSetConsoleSize@@YAHFF@Z 00000001800056e0 f   ConEmuPlugin.obj
 0001:00004820       ?OnConsoleDetaching@@YAHPEAUHookCallbackArg@@@Z 0000000180005820 f   ConEmuPlugin.obj
 0001:00004970       ?OnConsoleWasAttached@@YAXPEAUHookCallbackArg@@@Z 0000000180005970 f   ConEmuPlugin.obj
 0001:000049d0       ?MonitorThreadProcW@@YAKPEAX@Z 00000001800059d0 f   ConEmuPlugin.obj
 0001:00004dc0       ?CommonPluginStartup@@YAXXZ 0000000180005dc0 f   ConEmuPlugin.obj
 0001:00004ee0       SetStartupInfoW            0000000180005ee0 f   ConEmuPlugin.obj
 0001:00004f50       ?CloseMapHeader@@YAXXZ     0000000180005f50 f   ConEmuPlugin.obj
 0001:00004f80       ?OpenMapHeader@@YAHXZ      0000000180005f80 f   ConEmuPlugin.obj
 0001:00005060       ?InitRootKey@@YAXXZ        0000000180006060 f   ConEmuPlugin.obj
 0001:00005150       ?InitHWND@@YAXXZ           0000000180006150 f   ConEmuPlugin.obj
 0001:00005800       ?ReloadFarInfo@@YAHH@Z     0000000180006800 f   ConEmuPlugin.obj
 0001:00005d30       ?UpdateConEmuTabsW@@YA_NH_N0PEAX@Z 0000000180006d30 f   ConEmuPlugin.obj
 0001:00005e50       ?UpdateConEmuTabs@@YA_NH_N0PEAX@Z 0000000180006e50 f   ConEmuPlugin.obj
 0001:000060e0       ?CreateTabs@@YAHH@Z        00000001800070e0 f   ConEmuPlugin.obj
 0001:000061f0       ?AddTab@@YAHAEAH_N1HPEB_W2HHHH@Z 00000001800071f0 f   ConEmuPlugin.obj
 0001:000067d0       wmemcmp                    00000001800077d0 f i ConEmuPlugin.obj
 0001:00006860       ?SendTabs@@YAXHH@Z         0000000180007860 f   ConEmuPlugin.obj
 0001:00006a90       ProcessEditorInputW        0000000180007a90 f   ConEmuPlugin.obj
 0001:00006ae0       ProcessEditorEventW        0000000180007ae0 f   ConEmuPlugin.obj
 0001:00006b90       ProcessViewerEventW        0000000180007b90 f   ConEmuPlugin.obj
 0001:00006c30       ?FillLoadedParm@@YAXPEAUConEmuLoadedArg@@PEAUHINSTANCE__@@H@Z 0000000180007c30 f   ConEmuPlugin.obj
 0001:00006d70       ?NotifyConEmuUnloaded@@YAXXZ 0000000180007d70 f   ConEmuPlugin.obj
 0001:00006ec0       ?StopThread@@YAXXZ         0000000180007ec0 f   ConEmuPlugin.obj
 0001:000072d0       ??_G?$MFileMapping@UCESERVER_CONSOLE_MAPPING_HDR@@@@QEAAPEAXI@Z 00000001800082d0 f i ConEmuPlugin.obj
 0001:00007310       ProcessDialogEventW        0000000180008310 f   ConEmuPlugin.obj
 0001:00007320       ?OpenW@@YAPEAXPEBX@Z       0000000180008320 f   ConEmuPlugin.obj
 0001:00007380       ?ProcessConsoleInputW@@YA_JPEAX@Z 0000000180008380 f   ConEmuPlugin.obj
 0001:000073c0       ?ProcessEditorEventW3@@YA_JPEAX@Z 00000001800083c0 f   ConEmuPlugin.obj
 0001:00007400       ?ProcessViewerEventW3@@YA_JPEAX@Z 0000000180008400 f   ConEmuPlugin.obj
 0001:00007440       ?ProcessDialogEventW3@@YA_JPEAX@Z 0000000180008440 f   ConEmuPlugin.obj
 0001:00007480       ?ProcessSynchroEventW3@@YA_JPEAX@Z 0000000180008480 f   ConEmuPlugin.obj
 0001:000074c0       ?ExitFarCmn@@YAXXZ         00000001800084c0 f   ConEmuPlugin.obj
 0001:00007520       ExitFARW                   0000000180008520 f   ConEmuPlugin.obj
 0001:000075b0       ?ExitFARW3@@YAXPEAX@Z      00000001800085b0 f   ConEmuPlugin.obj
 0001:00007610       ?CheckResources@@YAXH@Z    0000000180008610 f   ConEmuPlugin.obj
 0001:00007780       ?InitResources@@YAXXZ      0000000180008780 f   ConEmuPlugin.obj
 0001:00007b20       ?StringCchCopyNW@@YAJPEA_W_KPEB_W1@Z 0000000180008b20 f i ConEmuPlugin.obj
 0001:00007bb0       ?DataSize@CESERVER_REQ@@QEAAKXZ 0000000180008bb0 f i ConEmuPlugin.obj
 0001:00007bf0       ?CloseTabs@@YAXXZ          0000000180008bf0 f   ConEmuPlugin.obj
 0001:00007c80       ?OutDataAlloc@@YAHK@Z      0000000180008c80 f   ConEmuPlugin.obj
 0001:00007d00       ?OutDataRealloc@@YAHK@Z    0000000180008d00 f   ConEmuPlugin.obj
 0001:00007e00       ?OutDataWrite@@YAHPEAXK@Z  0000000180008e00 f   ConEmuPlugin.obj
 0001:00007ef0       ?ShowMessage@@YAHHH@Z      0000000180008ef0 f   ConEmuPlugin.obj
 0001:00007f70       ?ShowMessage@@YAHPEB_WH_N@Z 0000000180008f70 f   ConEmuPlugin.obj
 0001:000080a0       ?ShowMessageGui@@YAHHH@Z   00000001800090a0 f   ConEmuPlugin.obj
 0001:00008180       ?GetMsgW@@YAPEB_WH@Z       0000000180009180 f   ConEmuPlugin.obj
 0001:000081f0       ?PostMacro@@YAXPEB_WPEAU_INPUT_RECORD@@@Z 00000001800091f0 f   ConEmuPlugin.obj
 0001:000083b0       ?ShowPluginMenu@@YAXW4PluginCallCommands@@@Z 00000001800093b0 f   ConEmuPlugin.obj
 0001:00009000       ?FindServerCmd@@YAHKAEAK_N@Z 000000018000a000 f   ConEmuPlugin.obj
 0001:00009120       ?Attach2Gui@@YAHXZ         000000018000a120 f   ConEmuPlugin.obj
 0001:00009690       ?StartDebugger@@YAHXZ      000000018000a690 f   ConEmuPlugin.obj
 0001:00009a20       ?wcsrchr@@YAPEA_WPEA_W_W@Z 000000018000aa20 f i ConEmuPlugin.obj
 0001:00009a50       ?IsMacroActive@@YAHXZ      000000018000aa50 f   ConEmuPlugin.obj
 0001:00009ad0       ?GetMacroArea@@YAHXZ       000000018000aad0 f   ConEmuPlugin.obj
 0001:00009b40       ?RedrawAll@@YAXXZ          000000018000ab40 f   ConEmuPlugin.obj
 0001:00009ba0       ?GetEditorModifiedState@@YAKXZ 000000018000aba0 f   ConEmuPlugin.obj
 0001:00009c00       ?GetActiveWindowType@@YAHXZ 000000018000ac00 f   ConEmuPlugin.obj
 0001:00009c60       ?RunExternalProgramW@@YA_NPEA_W0_N@Z 000000018000ac60 f   ConEmuPlugin.obj
 0001:00009f40       ?Disable@MWow64Disable@@QEAAXXZ 000000018000af40 f i ConEmuPlugin.obj
 0001:00009f80       ?Restore@MWow64Disable@@QEAAXXZ 000000018000af80 f i ConEmuPlugin.obj
 0001:00009fd0       ??0MWow64Disable@@QEAA@XZ  000000018000afd0 f i ConEmuPlugin.obj
 0001:0000a070       ??1MWow64Disable@@QEAA@XZ  000000018000b070 f i ConEmuPlugin.obj
 0001:0000a090       ?ShowConsoleInfo@@YAXXZ    000000018000b090 f   ConEmuPlugin.obj
 0001:0000a320       ?GetMainThreadId@@YAKXZ    000000018000b320 f   ConEmuPlugin.obj
 0001:0000a3d0       ?OnLibraryLoaded@@YAXPEAUHINSTANCE__@@@Z 000000018000b3d0 f   ConEmuPlugin.obj
 0001:0000a480       ?_calloc@@YAPEAX_K0@Z      000000018000b480 f   ConEmuPlugin.obj
 0001:0000a4b0       ?_malloc@@YAPEAX_K@Z       000000018000b4b0 f   ConEmuPlugin.obj
 0001:0000a4d0       ?_free@@YAXPEAX@Z          000000018000b4d0 f   ConEmuPlugin.obj
 0001:0000a4f0       ?Ptr@?$MFileMapping@UCESERVER_CONSOLE_MAPPING_HDR@@@@QEAAPEAUCESERVER_CONSOLE_MAPPING_HDR@@XZ 000000018000b4f0 f i ConEmuPlugin.obj
 0001:0000a500       ?InitName@?$MFileMapping@UCESERVER_CONSOLE_MAPPING_HDR@@@@QEAAPEB_WPEB_WKK@Z 000000018000b500 f i ConEmuPlugin.obj
 0001:0000a560       ?CloseMap@?$MFileMapping@UCESERVER_CONSOLE_MAPPING_HDR@@@@QEAAXXZ 000000018000b560 f i ConEmuPlugin.obj
 0001:0000a5f0       ?Open@?$MFileMapping@UCESERVER_CONSOLE_MAPPING_HDR@@@@QEAAPEAUCESERVER_CONSOLE_MAPPING_HDR@@HH@Z 000000018000b5f0 f i ConEmuPlugin.obj
 0001:0000a620       ??0?$MFileMapping@UCESERVER_CONSOLE_MAPPING_HDR@@@@QEAA@XZ 000000018000b620 f i ConEmuPlugin.obj
 0001:0000a690       ??1?$MFileMapping@UCESERVER_CONSOLE_MAPPING_HDR@@@@QEAA@XZ 000000018000b690 f i ConEmuPlugin.obj
 0001:0000a6c0       ?ClosePtr@?$MFileMapping@UCESERVER_CONSOLE_MAPPING_HDR@@@@QEAAXXZ 000000018000b6c0 f i ConEmuPlugin.obj
 0001:0000a700       ?InternalOpenCreate@?$MFileMapping@UCESERVER_CONSOLE_MAPPING_HDR@@@@IEAAPEAUCESERVER_CONSOLE_MAPPING_HDR@@HHH@Z 000000018000b700 f i ConEmuPlugin.obj
 0001:0000a9b0       ??$wcscpy_c@$0BBE@@@YAHAEAY0BBE@_WPEB_W@Z 000000018000b9b0 f i ConEmuPlugin.obj
 0001:0000a9e0       ??$wcscat_c@$0BBE@@@YAHAEAY0BBE@_WPEB_W@Z 000000018000b9e0 f i ConEmuPlugin.obj
 0001:0000aa10       ??$wcscat_c@$0CAE@@@YAHAEAY0CAE@_WPEB_W@Z 000000018000ba10 f i ConEmuPlugin.obj
 0001:0000aa40       ??$wcscpy_c@$0CAI@@@YAHAEAY0CAI@_WPEB_W@Z 000000018000ba40 f i ConEmuPlugin.obj
 0001:0000aa70       GetMinFarVersionW          000000018000ba70 f   ConEmuPlugin995.obj
 0001:0000aa80       ?GetPluginInfoW995@@YAXPEAX@Z 000000018000ba80 f   ConEmuPlugin995.obj
 0001:0000ab40       ?ProcessDragFromW995@@YAXXZ 000000018000bb40 f   ConEmuPlugin995.obj
 0001:0000b550       ?ProcessDragToW995@@YAXXZ  000000018000c550 f   ConEmuPlugin995.obj
 0001:0000baf0       ?SetStartupInfoW995@@YAXPEAX@Z 000000018000caf0 f   ConEmuPlugin995.obj
 0001:0000bd50       ?GetEditorModifiedStateW995@@YAKXZ 000000018000cd50 f   ConEmuPlugin995.obj
 0001:0000bdb0       ?ProcessEditorInputW995@@YAHPEBX@Z 000000018000cdb0 f   ConEmuPlugin995.obj
 0001:0000be30       ?UpdateConEmuTabsW995@@YA_NH_N0PEAX@Z 000000018000ce30 f   ConEmuPlugin995.obj
 0001:0000c410       ?ExitFARW995@@YAXXZ        000000018000d410 f   ConEmuPlugin995.obj
 0001:0000c4a0       ?ShowMessageW995@@YAHPEB_WH_N@Z 000000018000d4a0 f   ConEmuPlugin995.obj
 0001:0000c550       ?ShowMessageW995@@YAHHH@Z  000000018000d550 f   ConEmuPlugin995.obj
 0001:0000c5c0       ?GetMsgW995@@YAPEB_WH@Z    000000018000d5c0 f   ConEmuPlugin995.obj
 0001:0000c610       ?SetWindowW995@@YAXH@Z     000000018000d610 f   ConEmuPlugin995.obj
 0001:0000c690       ?PostMacroW995@@YAXPEB_WPEAU_INPUT_RECORD@@@Z 000000018000d690 f   ConEmuPlugin995.obj
 0001:0000c750       ?ShowPluginMenuW995@@YAHPEAUConEmuPluginMenuItem@@H@Z 000000018000d750 f   ConEmuPlugin995.obj
 0001:0000c9c0       ?EditOutputW995@@YAHPEB_WH@Z 000000018000d9c0 f   ConEmuPlugin995.obj
 0001:0000cae0       ?ExecuteSynchroW995@@YAHXZ 000000018000dae0 f   ConEmuPlugin995.obj
 0001:0000cb80       ?WaitEndSynchroW995@@YAXXZ 000000018000db80 f   ConEmuPlugin995.obj
 0001:0000cdc0       ?StopWaitEndSynchroW995@@YAXXZ 000000018000ddc0 f   ConEmuPlugin995.obj
 0001:0000ce00       ?IsMacroActiveW995@@YAHXZ  000000018000de00 f   ConEmuPlugin995.obj
 0001:0000ce70       ?GetMacroAreaW995@@YAHXZ   000000018000de70 f   ConEmuPlugin995.obj
 0001:0000cec0       ?RedrawAllW995@@YAXXZ      000000018000dec0 f   ConEmuPlugin995.obj
 0001:0000cf00       ?LoadPluginW995@@YA_NPEA_W@Z 000000018000df00 f   ConEmuPlugin995.obj
 0001:0000cf40       ?RunExternalProgramW995@@YA_NPEA_W@Z 000000018000df40 f   ConEmuPlugin995.obj
 0001:0000d2d0       ?wcschr@@YAPEA_WPEA_W_W@Z  000000018000e2d0 f i ConEmuPlugin995.obj
 0001:0000d300       ?wcsstr@@YAPEA_WPEA_WPEB_W@Z 000000018000e300 f i ConEmuPlugin995.obj
 0001:0000d330       ?ProcessCommandLineW995@@YA_NPEA_W@Z 000000018000e330 f   ConEmuPlugin995.obj
 0001:0000d390       ?LoadFarColorsW995@@YAXAEAY0BAA@E@Z 000000018000e390 f   ConEmuPlugin995.obj
 0001:0000d490       ?ReloadFarInfoW995@@YAHXZ  000000018000e490 f   ConEmuPlugin995.obj
 0001:0000d740       ?ExecuteQuitFar995@@YAXXZ  000000018000e740 f   ConEmuPlugin995.obj
 0001:0000d7a0       ?CheckBufferEnabledW995@@YAHXZ 000000018000e7a0 f   ConEmuPlugin995.obj
 0001:0000d870       ?FillUpdateBackgroundW995@@YAXPEAUPaintBackgroundArg@@@Z 000000018000e870 f   ConEmuPlugin995.obj
 0001:0000dd50       ?GetActiveWindowTypeW995@@YAHXZ 000000018000ed50 f   ConEmuPlugin995.obj
 0001:0000de60       ?GuiMacroDlgW995@@YAXXZ    000000018000ee60 f   ConEmuPlugin995.obj
 0001:0000e4e0       ?GetPluginInfoW1900@@YAXPEAX@Z 000000018000f4e0 f   ConEmuPlugin1900.obj
 0001:0000e570       ?ProcessDragFromW1900@@YAXXZ 000000018000f570 f   ConEmuPlugin1900.obj
 0001:0000f0a0       ?ProcessDragToW1900@@YAXXZ 00000001800100a0 f   ConEmuPlugin1900.obj
 0001:0000f6a0       ?SetStartupInfoW1900@@YAXPEAX@Z 00000001800106a0 f   ConEmuPlugin1900.obj
 0001:0000f860       ?GetEditorModifiedStateW1900@@YAKXZ 0000000180010860 f   ConEmuPlugin1900.obj
 0001:0000f8c0       ?ProcessEditorEventW1900@@YAHPEAX@Z 00000001800108c0 f   ConEmuPlugin1900.obj
 0001:0000f8f0       ?ProcessViewerEventW1900@@YAHPEAX@Z 00000001800108f0 f   ConEmuPlugin1900.obj
 0001:0000f920       ?ProcessDialogEventW1900@@YAHPEAX@Z 0000000180010920 f   ConEmuPlugin1900.obj
 0001:0000f950       ?ProcessSynchroEventW1900@@YAHPEAX@Z 0000000180010950 f   ConEmuPlugin1900.obj
 0001:0000f980       ?ProcessEditorInputW1900@@YAHPEBX@Z 0000000180010980 f   ConEmuPlugin1900.obj
 0001:0000fa00       ?UpdateConEmuTabsW1900@@YA_NH_N0PEAX@Z 0000000180010a00 f   ConEmuPlugin1900.obj
 0001:00010300       ?ExitFARW1900@@YAXXZ       0000000180011300 f   ConEmuPlugin1900.obj
 0001:00010390       ?ShowMessageW1900@@YAHPEB_WH_N@Z 0000000180011390 f   ConEmuPlugin1900.obj
 0001:00010490       ?ShowMessageW1900@@YAHHH@Z 0000000180011490 f   ConEmuPlugin1900.obj
 0001:00010500       ?GetMsgW1900@@YAPEB_WH@Z   0000000180011500 f   ConEmuPlugin1900.obj
 0001:00010550       ?SetWindowW1900@@YAXH@Z    0000000180011550 f   ConEmuPlugin1900.obj
 0001:000105c0       ?PostMacroW1900@@YAXPEB_WPEAU_INPUT_RECORD@@@Z 00000001800115c0 f   ConEmuPlugin1900.obj
 0001:000110f0       ?ShowPluginMenuW1900@@YAHPEAUConEmuPluginMenuItem@@H@Z 00000001800120f0 f   ConEmuPlugin1900.obj
 0001:00011420       ?EditOutputW1900@@YAHPEB_WH@Z 0000000180012420 f   ConEmuPlugin1900.obj
 0001:00011540       ?ExecuteSynchroW1900@@YAHXZ 0000000180012540 f   ConEmuPlugin1900.obj
 0001:000115e0       ?WaitEndSynchroW1900@@YAXXZ 00000001800125e0 f   ConEmuPlugin1900.obj
 0001:000115f0       ?StopWaitEndSynchroW1900@@YAXXZ 00000001800125f0 f   ConEmuPlugin1900.obj
 0001:00011630       ?IsMacroActiveW1900@@YAHXZ 0000000180012630 f   ConEmuPlugin1900.obj
 0001:00011680       ?GetMacroAreaW1900@@YAHXZ  0000000180012680 f   ConEmuPlugin1900.obj
 0001:000116b0       ?RedrawAllW1900@@YAXXZ     00000001800126b0 f   ConEmuPlugin1900.obj
 0001:000116f0       ?LoadPluginW1900@@YA_NPEA_W@Z 00000001800126f0 f   ConEmuPlugin1900.obj
 0001:00011730       ?RunExternalProgramW1900@@YA_NPEA_W@Z 0000000180012730 f   ConEmuPlugin1900.obj
 0001:00011ab0       ?ProcessCommandLineW1900@@YA_NPEA_W@Z 0000000180012ab0 f   ConEmuPlugin1900.obj
 0001:00011b10       ?LoadFarColorsW1900@@YAXAEAY0BAA@E@Z 0000000180012b10 f   ConEmuPlugin1900.obj
 0001:00011d40       ?FarColor_3_2@@YAEAEBUFarColor@@@Z 0000000180012d40 f i ConEmuPlugin1900.obj
 0001:00011e60       ?Color2FgIndex@Far3Color@@SAXKAEAG@Z 0000000180012e60 f i ConEmuPlugin1900.obj
 0001:00011ff0       ?Max@Far3Color@@SAHHH@Z    0000000180012ff0 f i ConEmuPlugin1900.obj
 0001:00012020       ?GetStdIndex@Far3Color@@SAHK@Z 0000000180013020 f i ConEmuPlugin1900.obj
 0001:000120f0       ?Color2BgIndex@Far3Color@@SAXKHAEAG@Z 00000001800130f0 f i ConEmuPlugin1900.obj
 0001:000122c0       ?ReloadFarInfoW1900@@YAHXZ 00000001800132c0 f   ConEmuPlugin1900.obj
 0001:00012790       ?ExecuteQuitFarW1900@@YAXXZ 0000000180013790 f   ConEmuPlugin1900.obj
 0001:000127f0       ?CheckBufferEnabledW1900@@YAHXZ 00000001800137f0 f   ConEmuPlugin1900.obj
 0001:000128c0       ?FillUpdateBackgroundW1900@@YAXPEAUPaintBackgroundArg@@@Z 00000001800138c0 f   ConEmuPlugin1900.obj
 0001:00012ee0       ?GetActiveWindowTypeW1900@@YAHXZ 0000000180013ee0 f   ConEmuPlugin1900.obj
 0001:00012fe0       ?GuiMacroDlgW1900@@YAXXZ   0000000180013fe0 f   ConEmuPlugin1900.obj
 0001:000136e0       ?OpenW1900@@YAPEAXPEBX@Z   00000001800146e0 f   ConEmuPlugin1900.obj
 0001:00013870       ?ProcessConsoleInputW1900@@YAHPEAX@Z 0000000180014870 f   ConEmuPlugin1900.obj
 0001:00013890       ?GetPluginInfoW2800@@YAXPEAX@Z 0000000180014890 f   ConEmuPlugin2800.obj
 0001:00013920       ?ProcessDragFromW2800@@YAXXZ 0000000180014920 f   ConEmuPlugin2800.obj
 0001:00014460       ?ProcessDragToW2800@@YAXXZ 0000000180015460 f   ConEmuPlugin2800.obj
 0001:00014a60       ?SetStartupInfoW2800@@YAXPEAX@Z 0000000180015a60 f   ConEmuPlugin2800.obj
 0001:00014c20       ?GetEditorModifiedStateW2800@@YAKXZ 0000000180015c20 f   ConEmuPlugin2800.obj
 0001:00014c90       ?ProcessEditorEventW2800@@YA_JPEAX@Z 0000000180015c90 f   ConEmuPlugin2800.obj
 0001:00014cc0       ?ProcessViewerEventW2800@@YA_JPEAX@Z 0000000180015cc0 f   ConEmuPlugin2800.obj
 0001:00014cf0       ?ProcessDialogEventW2800@@YA_JPEAX@Z 0000000180015cf0 f   ConEmuPlugin2800.obj
 0001:00014d20       ?ProcessSynchroEventW2800@@YA_JPEAX@Z 0000000180015d20 f   ConEmuPlugin2800.obj
 0001:00014d50       ?ProcessEditorInputW2800@@YAHPEBX@Z 0000000180015d50 f   ConEmuPlugin2800.obj
 0001:00014dd0       ?UpdateConEmuTabsW2800@@YA_NH_N0PEAX@Z 0000000180015dd0 f   ConEmuPlugin2800.obj
 0001:000157a0       ?ExitFARW2800@@YAXXZ       00000001800167a0 f   ConEmuPlugin2800.obj
 0001:00015830       ?ShowMessageW2800@@YAHPEB_WH_N@Z 0000000180016830 f   ConEmuPlugin2800.obj
 0001:00015930       ?ShowMessageW2800@@YAHHH@Z 0000000180016930 f   ConEmuPlugin2800.obj
 0001:000159a0       ?GetMsgW2800@@YAPEB_WH@Z   00000001800169a0 f   ConEmuPlugin2800.obj
 0001:000159f0       ?SetWindowW2800@@YAXH@Z    00000001800169f0 f   ConEmuPlugin2800.obj
 0001:00015a60       ?BackgroundMacroError@@YAKPEAX@Z 0000000180016a60 f   ConEmuPlugin2800.obj
 0001:00015ab0       ?PostMacroW2800@@YAXPEB_WPEAU_INPUT_RECORD@@@Z 0000000180016ab0 f   ConEmuPlugin2800.obj
 0001:00016020       ?ShowPluginMenuW2800@@YAHPEAUConEmuPluginMenuItem@@H@Z 0000000180017020 f   ConEmuPlugin2800.obj
 0001:00016350       ?EditOutputW2800@@YAHPEB_WH@Z 0000000180017350 f   ConEmuPlugin2800.obj
 0001:00016470       ?ExecuteSynchroW2800@@YAHXZ 0000000180017470 f   ConEmuPlugin2800.obj
 0001:00016510       ?WaitEndSynchroW2800@@YAXXZ 0000000180017510 f   ConEmuPlugin2800.obj
 0001:00016520       ?StopWaitEndSynchroW2800@@YAXXZ 0000000180017520 f   ConEmuPlugin2800.obj
 0001:00016560       ?IsMacroActiveW2800@@YAHXZ 0000000180017560 f   ConEmuPlugin2800.obj
 0001:000165b0       ?GetMacroAreaW2800@@YAHXZ  00000001800175b0 f   ConEmuPlugin2800.obj
 0001:000165e0       ?RedrawAllW2800@@YAXXZ     00000001800175e0 f   ConEmuPlugin2800.obj
 0001:00016620       ?LoadPluginW2800@@YA_NPEA_W@Z 0000000180017620 f   ConEmuPlugin2800.obj
 0001:00016660       ?RunExternalProgramW2800@@YA_NPEA_W@Z 0000000180017660 f   ConEmuPlugin2800.obj
 0001:000169f0       ?ProcessCommandLineW2800@@YA_NPEA_W@Z 00000001800179f0 f   ConEmuPlugin2800.obj
 0001:00016a50       ?LoadFarColorsW2800@@YAXAEAY0BAA@E@Z 0000000180017a50 f   ConEmuPlugin2800.obj
 0001:00016c80       ?ReloadFarInfoW2800@@YAHXZ 0000000180017c80 f   ConEmuPlugin2800.obj
 0001:00017160       ?ExecuteQuitFarW2800@@YAXXZ 0000000180018160 f   ConEmuPlugin2800.obj
 0001:000171c0       ?CheckBufferEnabledW2800@@YAHXZ 00000001800181c0 f   ConEmuPlugin2800.obj
 0001:00017290       ?FillUpdateBackgroundW2800@@YAXPEAUPaintBackgroundArg@@@Z 0000000180018290 f   ConEmuPlugin2800.obj
 0001:000178b0       ?GetActiveWindowTypeW2800@@YAHXZ 00000001800188b0 f   ConEmuPlugin2800.obj
 0001:000179b0       ?GuiMacroDlgW2800@@YAXXZ   00000001800189b0 f   ConEmuPlugin2800.obj
 0001:000180d0       GetGlobalInfoW             00000001800190d0 f   ConEmuPlugin2800.obj
 0001:000182f0       ?OpenW2800@@YAPEAXPEBX@Z   00000001800192f0 f   ConEmuPlugin2800.obj
 0001:000184a0       ?ProcessConsoleInputW2800@@YA_JPEAX@Z 00000001800194a0 f   ConEmuPlugin2800.obj
 0001:000184c0       GetMinFarVersion           00000001800194c0 f   ConEmuPluginA.obj
 0001:00018530       OpenPlugin                 0000000180019530 f   ConEmuPluginA.obj
 0001:000185c0       ?ProcessDragFromA@@YAXXZ   00000001800195c0 f   ConEmuPluginA.obj
 0001:00018df0       ?ProcessDragToA@@YAXXZ     0000000180019df0 f   ConEmuPluginA.obj
 0001:00019320       SetStartupInfo             000000018001a320 f   ConEmuPluginA.obj
 0001:000195c0       GetPluginInfo              000000018001a5c0 f   ConEmuPluginA.obj
 0001:000196a0       ?GetEditorModifiedStateA@@YAKXZ 000000018001a6a0 f   ConEmuPluginA.obj
 0001:00019700       ProcessEditorInput         000000018001a700 f   ConEmuPluginA.obj
 0001:00019770       ProcessEditorEvent         000000018001a770 f   ConEmuPluginA.obj
 0001:00019820       ProcessViewerEvent         000000018001a820 f   ConEmuPluginA.obj
 0001:000198c0       ?UpdateConEmuTabsA@@YA_NH_N0PEAX@Z 000000018001a8c0 f   ConEmuPluginA.obj
 0001:00019e30       ProcessDialogEvent         000000018001ae30 f   ConEmuPluginA.obj
 0001:00019e40       ExitFAR                    000000018001ae40 f   ConEmuPluginA.obj
 0001:00019ee0       ?ShowMessageA@@YAHPEBDH_N@Z 000000018001aee0 f   ConEmuPluginA.obj
 0001:00019f90       ?ShowMessageA@@YAHHH@Z     000000018001af90 f   ConEmuPluginA.obj
 0001:0001a000       ?SetWindowA@@YAXH@Z        000000018001b000 f   ConEmuPluginA.obj
 0001:0001a080       ?PostMacroA@@YAXPEADPEAU_INPUT_RECORD@@@Z 000000018001b080 f   ConEmuPluginA.obj
 0001:0001a140       ?ShowPluginMenuA@@YAHPEAUConEmuPluginMenuItem@@H@Z 000000018001b140 f   ConEmuPluginA.obj
 0001:0001a430       ?EditOutputA@@YAHPEB_WH@Z  000000018001b430 f   ConEmuPluginA.obj
 0001:0001a5c0       ?GetMsgA@@YAXHAEAY0BAE@_W@Z 000000018001b5c0 f   ConEmuPluginA.obj
 0001:0001a6a0       ?IsMacroActiveA@@YAHXZ     000000018001b6a0 f   ConEmuPluginA.obj
 0001:0001a710       ?RedrawAllA@@YAXXZ         000000018001b710 f   ConEmuPluginA.obj
 0001:0001a750       ?RunExternalProgramA@@YA_NPEAD@Z 000000018001b750 f   ConEmuPluginA.obj
 0001:0001aa80       ?ProcessCommandLineA@@YA_NPEAD@Z 000000018001ba80 f   ConEmuPluginA.obj
 0001:0001aae0       ?LoadFarColorsA@@YAXAEAY0BAA@E@Z 000000018001bae0 f   ConEmuPluginA.obj
 0001:0001abf0       ?ReloadFarInfoA@@YAHXZ     000000018001bbf0 f   ConEmuPluginA.obj
 0001:0001adb0       ?ExecuteQuitFarA@@YAXXZ    000000018001bdb0 f   ConEmuPluginA.obj
 0001:0001ade0       ?FillUpdateBackgroundA@@YAXPEAUPaintBackgroundArg@@@Z 000000018001bde0 f   ConEmuPluginA.obj
 0001:0001b1b0       ?GetActiveWindowTypeA@@YAHXZ 000000018001c1b0 f   ConEmuPluginA.obj
 0001:0001b230       ?GuiMacroDlgA@@YAXXZ       000000018001c230 f   ConEmuPluginA.obj
 0001:0001ba20       ??0CPluginBackground@@QEAA@XZ 000000018001ca20 f   PluginBackground.obj
 0001:0001bcd0       ??1CPluginBackground@@QEAA@XZ 000000018001ccd0 f   PluginBackground.obj
 0001:0001bf80       ?RegisterSubplugin@CPluginBackground@@QEAAHPEAURegisterBackgroundArg@@@Z 000000018001cf80 f   PluginBackground.obj
 0001:0001c3d0       ?ReallocItems@CPluginBackground@@IEAAXH@Z 000000018001d3d0 f   PluginBackground.obj
 0001:0001c470       ?OnMainThreadActivated@CPluginBackground@@QEAAXHH@Z 000000018001d470 f   PluginBackground.obj
 0001:0001c5e0       ?SetForceCheck@CPluginBackground@@QEAAXXZ 000000018001d5e0 f   PluginBackground.obj
 0001:0001c610       ?SetForceUpdate@CPluginBackground@@QEAAX_N@Z 000000018001d610 f   PluginBackground.obj
 0001:0001c650       ?SetForceThLoad@CPluginBackground@@QEAAXXZ 000000018001d650 f   PluginBackground.obj
 0001:0001c690       ?IsParmChanged@CPluginBackground@@IEAA_NPEAUPaintBackgroundArg@@0@Z 000000018001d690 f   PluginBackground.obj
 0001:0001c9e0       ?CheckPanelFolders@CPluginBackground@@IEAAXH@Z 000000018001d9e0 f   PluginBackground.obj
 0001:0001cb70       ?SetDcPanelRect@CPluginBackground@@IEAAXPEAUtagRECT@@PEAUtag_BkPanelInfo@PaintBackgroundArg@@PEAU4@@Z 000000018001db70 f   PluginBackground.obj
 0001:0001cd10       ?UpdateBackground_Exec@CPluginBackground@@KAXPEAURegisterBackgroundArg@@PEAUPaintBackgroundArg@@@Z 000000018001dd10 f   PluginBackground.obj
 0001:0001cd70       ?UpdateBackground@CPluginBackground@@IEAAXXZ 000000018001dd70 f   PluginBackground.obj
 0001:0001de30       ?LoadThSet@CPluginBackground@@IEAAHH@Z 000000018001ee30 f   PluginBackground.obj
 0001:0001e0a0       ?MonitorBackground@CPluginBackground@@QEAAXXZ 000000018001f0a0 f   PluginBackground.obj
 0001:0001e180       ?GetTo@?$MFileMapping@UPanelViewSetMapping@@@@QEAA_NPEAUPanelViewSetMapping@@H@Z 000000018001f180 f i PluginBackground.obj
 0001:0001e1e0       ?InitName@?$MFileMapping@UPanelViewSetMapping@@@@QEAAPEB_WPEB_WKK@Z 000000018001f1e0 f i PluginBackground.obj
 0001:0001e240       ?CloseMap@?$MFileMapping@UPanelViewSetMapping@@@@QEAAXXZ 000000018001f240 f i PluginBackground.obj
 0001:0001e2d0       ?Open@?$MFileMapping@UPanelViewSetMapping@@@@QEAAPEAUPanelViewSetMapping@@HH@Z 000000018001f2d0 f i PluginBackground.obj
 0001:0001e300       ??0?$MFileMapping@UPanelViewSetMapping@@@@QEAA@XZ 000000018001f300 f i PluginBackground.obj
 0001:0001e370       ??1?$MFileMapping@UPanelViewSetMapping@@@@QEAA@XZ 000000018001f370 f i PluginBackground.obj
 0001:0001e3a0       ?IsValid@?$MFileMapping@UPanelViewSetMapping@@@@QEAA_NXZ 000000018001f3a0 f i PluginBackground.obj
 0001:0001e3d0       ?ClosePtr@?$MFileMapping@UPanelViewSetMapping@@@@QEAAXXZ 000000018001f3d0 f i PluginBackground.obj
 0001:0001e410       ?InternalOpenCreate@?$MFileMapping@UPanelViewSetMapping@@@@IEAAPEAUPanelViewSetMapping@@HHH@Z 000000018001f410 f i PluginBackground.obj
 0001:0001e7f0       ?PlugServerInit@@YAXXZ     000000018001f7f0 f   PluginSrv.obj
 0001:0001e800       ?PlugServerStart@@YA_NXZ   000000018001f800 f   PluginSrv.obj
 0001:0001e930       ?PlugServerStop@@YAX_N@Z   000000018001f930 f   PluginSrv.obj
 0001:0001e980       ?cmd_FarSetChanged@@YAXPEAUFAR_REQ_FARSETCHANGED@@@Z 000000018001f980 f   PluginSrv.obj
 0001:0001e9f0       ?PlugServerCommand@@YAHPEAXPEAUCESERVER_REQ@@AEAPEAU1@AEAK3_J@Z 000000018001f9f0 f   PluginSrv.obj
 0001:0001f1e0       ?PlugServerFree@@YAXPEAUCESERVER_REQ@@_J@Z 00000001800201e0 f   PluginSrv.obj
 0001:0001f200       ?SetOverlapped@?$PipeServer@UCESERVER_REQ@@@@QEAAX_N@Z 0000000180020200 f i PluginSrv.obj
 0001:0001f220       ?SetLoopCommands@?$PipeServer@UCESERVER_REQ@@@@QEAAX_N@Z 0000000180020220 f i PluginSrv.obj
 0001:0001f240       ?SetDummyAnswerSize@?$PipeServer@UCESERVER_REQ@@@@QEAAXH@Z 0000000180020240 f i PluginSrv.obj
 0001:0001f260       ?SetMaxCount@?$PipeServer@UCESERVER_REQ@@@@QEAAXH@Z 0000000180020260 f i PluginSrv.obj
 0001:0001f2b0       ?StartPipeServer@?$PipeServer@UCESERVER_REQ@@@@QEAA_NPEB_W_JPEAU_SECURITY_ATTRIBUTES@@P6AHPEAXPEAUCESERVER_REQ@@AEAPEAU3@AEAK61@ZP6AX41@ZP6AH31@Z99@Z 00000001800202b0 f i PluginSrv.obj
 0001:0001f510       ?StopPipeServer@?$PipeServer@UCESERVER_REQ@@@@QEAAX_N@Z 0000000180020510 f i PluginSrv.obj
 0001:0001fb50       ?BreakConnection@?$PipeServer@UCESERVER_REQ@@@@QEAAXPEAX@Z 0000000180020b50 f i PluginSrv.obj
 0001:0001fb80       ?DumpError@?$PipeServer@UCESERVER_REQ@@@@IEAAXPEAUPipeInst@1@PEB_WH@Z 0000000180020b80 f i PluginSrv.obj
 0001:0001fcb0       ?_Disconnect@?$PipeServer@UCESERVER_REQ@@@@IEAAXPEAUPipeInst@1@_N11@Z 0000000180020cb0 f i PluginSrv.obj
 0001:0001fd60       ?StartPipeInstance@?$PipeServer@UCESERVER_REQ@@@@IEAA_NPEAUPipeInst@1@@Z 0000000180020d60 f i PluginSrv.obj
 0001:0001fec0       ?_PipeServerThread@?$PipeServer@UCESERVER_REQ@@@@KAKPEAX@Z 0000000180020ec0 f i PluginSrv.obj
 0001:0001ff50       ?PipeServerThread@?$PipeServer@UCESERVER_REQ@@@@IEAAKPEAUPipeInst@1@@Z 0000000180020f50 f i PluginSrv.obj
 0001:000204a0       ?PipeServerRead@?$PipeServer@UCESERVER_REQ@@@@IEAAHPEAUPipeInst@1@@Z 00000001800214a0 f i PluginSrv.obj
 0001:00020910       ?PipeServerWrite@?$PipeServer@UCESERVER_REQ@@@@IEAAHPEAUPipeInst@1@PEBXKPEAKH@Z 0000000180021910 f i PluginSrv.obj
 0001:00020b50       ?WaitForClient@?$PipeServer@UCESERVER_REQ@@@@IEAA_NPEAUPipeInst@1@AEAH1@Z 0000000180021b50 f i PluginSrv.obj
 0001:00021160       ?WriteDummyAnswer@?$PipeServer@UCESERVER_REQ@@@@IEAAHPEAUPipeInst@1@@Z 0000000180022160 f i PluginSrv.obj
 0001:00021200       ?WaitOverlapped@?$PipeServer@UCESERVER_REQ@@@@IEAAHPEAUPipeInst@1@PEAK@Z 0000000180022200 f i PluginSrv.obj
 0001:000214f0       ?AllocRequestBuf@PipeInst@?$PipeServer@UCESERVER_REQ@@@@QEAAPEAUCESERVER_REQ@@K@Z 00000001800224f0 f i PluginSrv.obj
 0001:00021590       ??$wcscpy_c@$0BAE@@@YAHAEAY0BAE@_WPEB_W@Z 0000000180022590 f i PluginSrv.obj
 0001:000216f0       ?PackInputRecord@@YAHPEBU_INPUT_RECORD@@PEAUMsgStr@MSG64@@@Z 00000001800226f0 f   Common.obj
 0001:000219a0       ?UnpackInputRecord@@YAHPEBUMsgStr@MSG64@@PEAU_INPUT_RECORD@@@Z 00000001800229a0 f   Common.obj
 0001:00021c90       ?TranslateKeyPress@@YAXGK_WHPEAU_INPUT_RECORD@@1@Z 0000000180022c90 f   Common.obj
 0001:00021e20       ?CommonShutdown@@YAXXZ     0000000180022e20 f   Common.obj
 0001:00021e50       ?GetImageSubsystem@@YA_NPEB_WAEAK11@Z 0000000180022e50 f   Execute.obj
 0001:000222a0       ?GetImageSubsystem@@YA_NAEAK0@Z 00000001800232a0 f   Execute.obj
 0001:00022380       ?GetImageSubsystem@@YA_NU_PROCESS_INFORMATION@@AEAK1@Z 0000000180023380 f   Execute.obj
 0001:00022680       ?GetEnclosingSectionHeader@@YAPEAU_IMAGE_SECTION_HEADER@@KPEAUIMAGE_MAPPING@@@Z 0000000180023680 f   Execute.obj
 0001:00022730       ?GetPtrFromRVA@@YAPEAXKPEAUIMAGE_MAPPING@@@Z 0000000180023730 f   Execute.obj
 0001:000227c0       ?FindImageSubsystem@@YA_NPEB_WAEAK11@Z 00000001800237c0 f   Execute.obj
 0001:000234b0       ?ModuleName@@YAPEB_WPEB_W@Z 00000001800244b0 f   ConEmuCheck.obj
 0001:000235a0       ?ExecuteOpenPipe@@YAPEAXPEB_WAEAY0CAI@_W0KKHPEAX@Z 00000001800245a0 f   ConEmuCheck.obj
 0001:00023970       ?ExecutePrepareCmd@@YAXPEAUCESERVER_REQ@@K_K@Z 0000000180024970 f   ConEmuCheck.obj
 0001:000239d0       ?ExecutePrepareCmd@@YAXPEAUCESERVER_REQ_HDR@@K_K@Z 00000001800249d0 f   ConEmuCheck.obj
 0001:00023aa0       ?ExecuteNewCmd@@YAPEAUCESERVER_REQ@@K_K@Z 0000000180024aa0 f   ConEmuCheck.obj
 0001:00023b10       ?ExecuteNewCmd@@YAHAEAPEAUCESERVER_REQ@@AEAKK_K@Z 0000000180024b10 f   ConEmuCheck.obj
 0001:00023be0       ?LoadSrvMapping@@YAHPEAUHWND__@@AEAUCESERVER_CONSOLE_MAPPING_HDR@@@Z 0000000180024be0 f   ConEmuCheck.obj
 0001:00023d40       ?LoadGuiMapping@@YAHKAEAUConEmuGuiMapping@@@Z 0000000180024d40 f   ConEmuCheck.obj
 0001:00023ea0       ?ExecuteNewCmdOnCreate@@YAPEAUCESERVER_REQ@@PEAUCESERVER_CONSOLE_MAPPING_HDR@@PEAUHWND__@@W4CmdOnCreateType@@PEB_W33PEAK444HHPEAX55@Z 0000000180024ea0 f   ConEmuCheck.obj
 0001:000244c0       ?ExecuteGuiCmd@@YAPEAUCESERVER_REQ@@PEAUHWND__@@PEAU1@0H@Z 00000001800254c0 f   ConEmuCheck.obj
 0001:00024570       ?ExecuteSrvCmd@@YAPEAUCESERVER_REQ@@KPEAU1@PEAUHWND__@@HK@Z 0000000180025570 f   ConEmuCheck.obj
 0001:00024630       ?ExecuteHkCmd@@YAPEAUCESERVER_REQ@@KPEAU1@PEAUHWND__@@H@Z 0000000180025630 f   ConEmuCheck.obj
 0001:000246f0       ?ExecuteCmd@@YAPEAUCESERVER_REQ@@PEB_WPEAU1@KPEAUHWND__@@HK@Z 00000001800256f0 f   ConEmuCheck.obj
 0001:00024a60       ?ExecuteFreeResult@@YAXAEAPEAUCESERVER_REQ@@@Z 0000000180025a60 f   ConEmuCheck.obj
 0001:00024aa0       ?myGetConsoleWindow@@YAPEAUHWND__@@XZ 0000000180025aa0 f   ConEmuCheck.obj
 0001:00024b40       ?GetConEmuHWND@@YAPEAUHWND__@@H@Z 0000000180025b40 f   ConEmuCheck.obj
 0001:00024d50       ?ConEmuCheck@@YAHPEAPEAUHWND__@@@Z 0000000180025d50 f   ConEmuCheck.obj
 0001:00024da0       ?GuiMessageBox@@YAHPEAUHWND__@@PEB_W1H@Z 0000000180025da0 f   ConEmuCheck.obj
 0001:00024fc0       ?InitName@?$MFileMapping@UConEmuGuiMapping@@@@QEAAPEB_WPEB_WKK@Z 0000000180025fc0 f i ConEmuCheck.obj
 0001:00025020       ?CloseMap@?$MFileMapping@UConEmuGuiMapping@@@@QEAAXXZ 0000000180026020 f i ConEmuCheck.obj
 0001:000250b0       ?Open@?$MFileMapping@UConEmuGuiMapping@@@@QEAAPEAUConEmuGuiMapping@@HH@Z 00000001800260b0 f i ConEmuCheck.obj
 0001:000250e0       ??0?$MFileMapping@UConEmuGuiMapping@@@@QEAA@XZ 00000001800260e0 f i ConEmuCheck.obj
 0001:00025150       ??1?$MFileMapping@UConEmuGuiMapping@@@@QEAA@XZ 0000000180026150 f i ConEmuCheck.obj
 0001:00025180       ?ClosePtr@?$MFileMapping@UConEmuGuiMapping@@@@QEAAXXZ 0000000180026180 f i ConEmuCheck.obj
 0001:000251c0       ?InternalOpenCreate@?$MFileMapping@UConEmuGuiMapping@@@@IEAAPEAUConEmuGuiMapping@@HHH@Z 00000001800261c0 f i ConEmuCheck.obj
 0001:00025470       ??$wcscpy_c@$0CA@@@YAHAEAY0CA@_WPEB_W@Z 0000000180026470 f i ConEmuCheck.obj
 0001:000254a0       ?LoadGuiMapping@@YAHPEAUHWND__@@AEAUConEmuGuiMapping@@@Z 00000001800264a0 f   ConEmuCheckEx.obj
 0001:000254f0       ?IsConEmuExeExist@@YAHPEB_WAEAY0BAF@_W@Z 00000001800264f0 f   ConEmuCheckEx.obj
 0001:000255d0       ?FindConEmuBaseDir@@YAHAEAY0BAF@_W0PEAUHINSTANCE__@@@Z 00000001800265d0 f   ConEmuCheckEx.obj
 0001:00025c40       ??$wcscpy_c@$0BAF@@@YAHAEAY0BAF@_WPEB_W@Z 0000000180026c40 f i ConEmuCheckEx.obj
 0001:00025da0       ??$wcscpy_add@$0BAF@@@YAHPEA_WAEAY0BAF@_WPEB_W@Z 0000000180026da0 f i ConEmuCheckEx.obj
 0001:00025e10       ??$wcscat_c@$0BAF@@@YAHAEAY0BAF@_WPEB_W@Z 0000000180026e10 f i ConEmuCheckEx.obj
 0001:00025f50       ?HeapInitialize@@YA_NXZ    0000000180026f50 f   Memory.obj
 0001:00025fa0       ?HeapDeinitialize@@YAXXZ   0000000180026fa0 f   Memory.obj
 0001:00025fd0       ?xf_malloc@@YAPEAX_K@Z     0000000180026fd0 f   Memory.obj
 0001:00026000       ?xf_calloc@@YAPEAX_K0@Z    0000000180027000 f   Memory.obj
 0001:00026040       ?xf_realloc@@YAPEAXPEAX_K@Z 0000000180027040 f   Memory.obj
 0001:00026080       ?xf_free@@YAXPEAX@Z        0000000180027080 f   Memory.obj
 0001:000260c0       ?xf_validate@@YA_NPEAX@Z   00000001800270c0 f   Memory.obj
 0001:00026110       ??2@YAPEAX_K@Z             0000000180027110 f   Memory.obj
 0001:00026140       ??_U@YAPEAX_K@Z            0000000180027140 f   Memory.obj
 0001:00026170       ??3@YAXPEAX@Z              0000000180027170 f   Memory.obj
 0001:00026190       ??_V@YAXPEAX@Z             0000000180027190 f   Memory.obj
 0001:000261b0       ?lstrdup@@YAPEADPEBD@Z     00000001800271b0 f   Memory.obj
 0001:00026230       ?StringCchCopyA@@YAJPEAD_KPEBD@Z 0000000180027230 f i Memory.obj
 0001:000263c0       ?lstrdup@@YAPEA_WPEB_W_K@Z 00000001800273c0 f   Memory.obj
 0001:00026580       ?lstrdupW@@YAPEA_WPEBDI@Z  0000000180027580 f   Memory.obj
 0001:00026620       ?lstrmerge@@YAPEA_WPEB_W000@Z 0000000180027620 f   Memory.obj
 0001:000267f0       ?lstrmerge@@YA_NPEAPEA_WPEB_W11@Z 00000001800277f0 f   Memory.obj
 0001:00026870       ?FindMonitorsWorkspace@@YAHPEAUHMONITOR__@@PEAUHDC__@@PEAUtagRECT@@_J@Z 0000000180027870 f   Monitors.obj
 0001:00026920       ?GetAllMonitorsWorkspace@@YA?AUtagRECT@@XZ 0000000180027920 f   Monitors.obj
 0001:000269b0       ?FindPrimaryMonitor@@YAHPEAUHMONITOR__@@PEAUHDC__@@PEAUtagRECT@@_J@Z 00000001800279b0 f   Monitors.obj
 0001:00026a40       ?GetMonitorInfoSafe@@YA_NPEAUHMONITOR__@@AEAUtagMONITORINFO@@@Z 0000000180027a40 f   Monitors.obj
 0001:00026ab0       ?GetPrimaryMonitorInfo@@YAPEAUHMONITOR__@@PEAUtagMONITORINFO@@@Z 0000000180027ab0 f   Monitors.obj
 0001:00026b70       ?GetNearestMonitorInfo@@YAPEAUHMONITOR__@@PEAUtagMONITORINFO@@PEAU1@PEBUtagRECT@@PEAUHWND__@@@Z 0000000180027b70 f   Monitors.obj
 0001:00026ca0       ?EnumAllMonitors@@YAHPEAUHMONITOR__@@PEAUHDC__@@PEAUtagRECT@@_J@Z 0000000180027ca0 f   Monitors.obj
 0001:00026d50       ?MonitorSortCallback@@YAHAEAU_FindAllMonitorsItem@@0@Z 0000000180027d50 f   Monitors.obj
 0001:00026dd0       ?GetNextMonitorInfo@@YAPEAUHMONITOR__@@PEAUtagMONITORINFO@@PEBUtagRECT@@_N@Z 0000000180027dd0 f   Monitors.obj
 0001:000270c0       ??0_FindAllMonitors@@QEAA@XZ 00000001800280c0 f i Monitors.obj
 0001:000270e0       ??1_FindAllMonitors@@QEAA@XZ 00000001800280e0 f i Monitors.obj
 0001:00027100       ??0?$MArray@U_FindAllMonitorsItem@@@@QEAA@XZ 0000000180028100 f i Monitors.obj
 0001:00027160       ??1?$MArray@U_FindAllMonitorsItem@@@@QEAA@XZ 0000000180028160 f i Monitors.obj
 0001:00027180       ??A?$MArray@U_FindAllMonitorsItem@@@@QEAAAEAU_FindAllMonitorsItem@@_J@Z 0000000180028180 f i Monitors.obj
 0001:000271a0       ?push_back@?$MArray@U_FindAllMonitorsItem@@@@QEAA_JAEBU_FindAllMonitorsItem@@@Z 00000001800281a0 f i Monitors.obj
 0001:00027270       ?size@?$MArray@U_FindAllMonitorsItem@@@@QEBA_JXZ 0000000180028270 f i Monitors.obj
 0001:00027280       ?sort@?$MArray@U_FindAllMonitorsItem@@@@QEAAXP6AHAEAU_FindAllMonitorsItem@@0@Z@Z 0000000180028280 f i Monitors.obj
 0001:000273d0       ?clear@?$MArray@U_FindAllMonitorsItem@@@@QEAAXXZ 00000001800283d0 f i Monitors.obj
 0001:00027420       ?addsize@?$MArray@U_FindAllMonitorsItem@@@@QEAAX_J@Z 0000000180028420 f i Monitors.obj
 0001:00027560       ?NullSecurity@@YAPEAU_SECURITY_ATTRIBUTES@@XZ 0000000180028560 f   MSecurity.obj
 0001:000275c0       ??0MNullDesc@@QEAA@XZ      00000001800285c0 f i MSecurity.obj
 0001:00027640       ?NullSecurity@MNullDesc@@QEAAPEAU_SECURITY_ATTRIBUTES@@XZ 0000000180028640 f i MSecurity.obj
 0001:00027780       ?LoadAdvApi@MNullDesc@@IEAAHXZ 0000000180028780 f i MSecurity.obj
 0001:00027a40       ?UnloadAdvApi@MNullDesc@@IEAAXXZ 0000000180028a40 f i MSecurity.obj
 0001:00027a80       ?LocalSecurity@@YAPEAU_SECURITY_ATTRIBUTES@@XZ 0000000180028a80 f   MSecurity.obj
 0001:00027ae0       ?LocalSecurity@MNullDesc@@QEAAPEAU_SECURITY_ATTRIBUTES@@XZ 0000000180028ae0 f i MSecurity.obj
 0001:00027d90       ?ShutdownSecurity@@YAXXZ   0000000180028d90 f   MSecurity.obj
 0001:00027df0       ??_GMNullDesc@@QEAAPEAXI@Z 0000000180028df0 f i MSecurity.obj
 0001:00027e30       ??1MNullDesc@@QEAA@XZ      0000000180028e30 f i MSecurity.obj
 0001:00027eb0       ?msprintf@@YAPEB_WPEA_W_KPEB_WZZ 0000000180028eb0 f   MStrSafe.obj
 0001:00028860       ?msprintf@@YAPEBDPEAD_KPEBDZZ 0000000180029860 f   MStrSafe.obj
 0001:00028f90       ?lstrcmpni@@YAHPEB_W0H@Z   0000000180029f90 f   MStrSafe.obj
 0001:00029040       ?SetConEmuEnvHWND@@YAXPEB_WPEAUHWND__@@@Z 000000018002a040 f   SetEnvVar.obj
 0001:000290a0       ?SetConEmuEnvVar@@YAXPEAUHWND__@@@Z 000000018002a0a0 f   SetEnvVar.obj
 0001:00029120       ?SetConEmuEnvVarChild@@YAXPEAUHWND__@@0@Z 000000018002a120 f   SetEnvVar.obj
 0001:00029160       ?ShutdownConsole@@YAXXZ    000000018002a160 f   WinConsole.obj
 0001:000291b0       ?SetConsoleInfo@@YAHPEAUHWND__@@PEAU_CONSOLE_INFO@@@Z 000000018002a1b0 f   WinConsole.obj
 0001:000294e0       ?ChangeScreenBufferSize@@YAXAEAU_CONSOLE_SCREEN_BUFFER_INFO@@FFFF@Z 000000018002a4e0 f   WinConsole.obj
 0001:00029640       ?GetConWindowSize@@YAHAEBU_CONSOLE_SCREEN_BUFFER_INFO@@HHKPEAH1PEAK@Z 000000018002a640 f   WinConsole.obj
 0001:000297e0       ?GetConsoleSizeInfo@@YAXPEAU_CONSOLE_INFO@@@Z 000000018002a7e0 f   WinConsole.obj
 0001:000298b0       ?apiGetConsoleScreenBufferInfoEx@@YAHPEAXPEAUMY_CONSOLE_SCREEN_BUFFER_INFOEX@@@Z 000000018002a8b0 f   WinConsole.obj
 0001:00029930       ?apiSetConsoleScreenBufferInfoEx@@YAHPEAXPEAUMY_CONSOLE_SCREEN_BUFFER_INFOEX@@@Z 000000018002a930 f   WinConsole.obj
 0001:000299d0       ?apiGetConsoleFontSize@@YAHPEAXAEAH1AEAY0CA@_W@Z 000000018002a9d0 f   WinConsole.obj
 0001:00029ac0       ?apiSetConsoleFontSize@@YAHPEAXHHPEB_W@Z 000000018002aac0 f   WinConsole.obj
 0001:00029bd0       ?apiFixFontSizeForBufferSize@@YAHPEAXU_COORD@@PEADH@Z 000000018002abd0 f   WinConsole.obj
 0001:0002a2b0       ?SetConsoleFontSizeTo@@YAXPEAUHWND__@@HHPEB_WGG@Z 000000018002b2b0 f   WinConsole.obj
 0001:0002a930       ?EvaluateDefaultFontWidth@@YAHHPEB_W@Z 000000018002b930 f   WinConsole.obj
 0001:0002aab0       ?SetUserFriendlyFont@@YAXPEAUHWND__@@@Z 000000018002bab0 f   WinConsole.obj
 0001:0002b000       ?CorrectConsolePos@@YAXPEAUHWND__@@@Z 000000018002c000 f   WinConsole.obj
 0001:0002b1e0       ?EmergencyShow@@YAXPEAUHWND__@@@Z 000000018002c1e0 f   WinConsole.obj
 0001:0002b2e0       ?getWindowInfo@@YAXPEAUHWND__@@AEAY0EAA@_W@Z 000000018002c2e0 f   WinObjects.obj
 0001:0002b460       ?apiSetForegroundWindow@@YAHPEAUHWND__@@@Z 000000018002c460 f   WinObjects.obj
 0001:0002b490       ?apiShowWindow@@YAHPEAUHWND__@@H@Z 000000018002c490 f   WinObjects.obj
 0001:0002b4c0       ?apiShowWindowAsync@@YAHPEAUHWND__@@H@Z 000000018002c4c0 f   WinObjects.obj
 0001:0002b4f0       ?isWindow@@YAHPEAUHWND__@@@Z 000000018002c4f0 f   WinObjects.obj
 0001:0002b570       ?FileCompare@@YA_NPEB_W0@Z 000000018002c570 f   WinObjects.obj
 0001:0002b860       ?FileExists@@YA_NPEB_WPEAK@Z 000000018002c860 f   WinObjects.obj
 0001:0002ba80       ?FileExistsSearch@@YA_NPEA_W_K@Z 000000018002ca80 f   WinObjects.obj
 0001:0002bd40       ?DirectoryExists@@YA_NPEB_W@Z 000000018002cd40 f   WinObjects.obj
 0001:0002bf00       ?MyCreateDirectory@@YA_NPEA_W@Z 000000018002cf00 f   WinObjects.obj
 0001:0002c050       ?IsFilePath@@YA_NPEB_W@Z   000000018002d050 f   WinObjects.obj
 0001:0002c150       ?IsPathNeedQuot@@YA_NPEB_W@Z 000000018002d150 f   WinObjects.obj
 0001:0002c180       ?GetShortFileName@@YAHPEB_WHPEA_WH@Z 000000018002d180 f   WinObjects.obj
 0001:0002c400       ?GetShortFileNameEx@@YAPEA_WPEB_WH@Z 000000018002d400 f   WinObjects.obj
 0001:0002c920       ?IsUserAdmin@@YA_NXZ       000000018002d920 f   WinObjects.obj
 0001:0002ca80       ?GetLogonSID@@YA_NPEAXPEAPEA_W@Z 000000018002da80 f   WinObjects.obj
 0001:0002cbe0       ?IsWine@@YA_NXZ            000000018002dbe0 f   WinObjects.obj
 0001:0002cd70       ?IsWinPE@@YA_NXZ           000000018002dd70 f   WinObjects.obj
 0001:0002ce20       ?IsDbcs@@YA_NXZ            000000018002de20 f   WinObjects.obj
 0001:0002ce60       ?IsWindows64@@YA_NXZ       000000018002de60 f   WinObjects.obj
 0001:0002cea0       ?IsHwFullScreenAvailable@@YA_NXZ 000000018002dea0 f   WinObjects.obj
 0001:0002cf30       ?IsVsNetHostExe@@YA_NPEB_W@Z 000000018002df30 f   WinObjects.obj
 0001:0002cfd0       ?GetProcessBits@@YAHKPEAX@Z 000000018002dfd0 f   WinObjects.obj
 0001:0002d0f0       ?GetProcessInfo@@YA_NKPEAUtagPROCESSENTRY32W@@@Z 000000018002e0f0 f   WinObjects.obj
 0001:0002d1e0       ?isTerminalMode@@YA_NXZ    000000018002e1e0 f   WinObjects.obj
 0001:0002d530       ?IsModuleValid@@YA_NPEAUHINSTANCE__@@H@Z 000000018002e530 f   WinObjects.obj
 0001:0002d6d0       ?CheckCallbackPtr@@YA_NPEAUHINSTANCE__@@_KPEAP6A_JXZHHH@Z 000000018002e6d0 f   WinObjects.obj
 0001:0002d8c0       ?RemoveOldComSpecC@@YAXXZ  000000018002e8c0 f   WinObjects.obj
 0001:0002da10       ?PointToName@@YAPEB_WPEB_W@Z 000000018002ea10 f   WinObjects.obj
 0001:0002da70       ?PointToName@@YAPEBDPEBD@Z 000000018002ea70 f   WinObjects.obj
 0001:0002dac0       ?PointToExt@@YAPEB_WPEB_W@Z 000000018002eac0 f   WinObjects.obj
 0001:0002db10       ?Unquote@@YAPEB_WPEA_W_N@Z 000000018002eb10 f   WinObjects.obj
 0001:0002dbc0       ?ExpandMacroValues@@YAPEA_WPEB_WPEAPEB_W_K@Z 000000018002ebc0 f   WinObjects.obj
 0001:0002de10       ?ExpandEnvStr@@YAPEA_WPEB_W@Z 000000018002ee10 f   WinObjects.obj
 0001:0002df20       ?GetFullPathNameEx@@YAPEA_WPEB_W@Z 000000018002ef20 f   WinObjects.obj
 0001:0002e020       ??0MConHandle@@QEAA@PEB_W@Z 000000018002f020 f   WinObjects.obj
 0001:0002e0c0       ?LogHandle@MConHandle@@AEAAXIPEAX@Z 000000018002f0c0 f   WinObjects.obj
 0001:0002e150       ??1MConHandle@@QEAA@XZ     000000018002f150 f   WinObjects.obj
 0001:0002e180       ?SetBufferPtr@MConHandle@@QEAAXPEAPEAX@Z 000000018002f180 f   WinObjects.obj
 0001:0002e1a0       ??BMConHandle@@QEAAQEAXXZ  000000018002f1a0 f   WinObjects.obj
 0001:0002e560       ?strrchr@@YAPEADPEADH@Z    000000018002f560 f i WinObjects.obj
 0001:0002e580       ?Close@MConHandle@@QEAAXXZ 000000018002f580 f   WinObjects.obj
 0001:0002e650       ??0MEvent@@QEAA@XZ         000000018002f650 f   WinObjects.obj
 0001:0002e690       ??1MEvent@@QEAA@XZ         000000018002f690 f   WinObjects.obj
 0001:0002e6c0       ?Close@MEvent@@QEAAXXZ     000000018002f6c0 f   WinObjects.obj
 0001:0002e720       ?InitName@MEvent@@QEAAXPEB_WK@Z 000000018002f720 f   WinObjects.obj
 0001:0002e780       ?Open@MEvent@@QEAAPEAXXZ   000000018002f780 f   WinObjects.obj
 0001:0002e820       ?Wait@MEvent@@QEAAKKH@Z    000000018002f820 f   WinObjects.obj
 0001:0002e890       ?GetHandle@MEvent@@QEAAPEAXXZ 000000018002f890 f   WinObjects.obj
 0001:0002e8b0       ??0MSetter@@QEAA@PEAH@Z    000000018002f8b0 f   WinObjects.obj
 0001:0002e900       ??0MSetter@@QEAA@PEA_N@Z   000000018002f900 f   WinObjects.obj
 0001:0002e950       ??0MSetter@@QEAA@PEAKK@Z   000000018002f950 f   WinObjects.obj
 0001:0002e9a0       ??1MSetter@@QEAA@XZ        000000018002f9a0 f   WinObjects.obj
 0001:0002e9c0       ?Unlock@MSetter@@QEAAXXZ   000000018002f9c0 f   WinObjects.obj
 0001:0002ea40       ??0MSection@@QEAA@XZ       000000018002fa40 f   WinObjects.obj
 0001:0002eb10       ??1MSection@@QEAA@XZ       000000018002fb10 f   WinObjects.obj
 0001:0002ebd0       ?Process_Lock@MSection@@IEAAXXZ 000000018002fbd0 f   WinObjects.obj
 0001:0002ebf0       ?Process_Unlock@MSection@@IEAAXXZ 000000018002fbf0 f   WinObjects.obj
 0001:0002ec10       ?ThreadTerminated@MSection@@QEAAXK@Z 000000018002fc10 f   WinObjects.obj
 0001:0002ec70       ?AddRef@MSection@@IEAAXK@Z 000000018002fc70 f   WinObjects.obj
 0001:0002edb0       ?ReleaseRef@MSection@@IEAAHK@Z 000000018002fdb0 f   WinObjects.obj
 0001:0002eed0       ?WaitUnlocked@MSection@@IEAAXKK@Z 000000018002fed0 f   WinObjects.obj
 0001:0002efa0       ?MyEnterCriticalSection@MSection@@IEAA_NK@Z 000000018002ffa0 f   WinObjects.obj
 0001:0002f210       ?Lock@MSection@@IEAAHHK@Z  0000000180030210 f   WinObjects.obj
 0001:0002f3b0       ?Unlock@MSection@@IEAAXH@Z 00000001800303b0 f   WinObjects.obj
 0001:0002f440       ?isLockedExclusive@MSection@@QEAA_NXZ 0000000180030440 f   WinObjects.obj
 0001:0002f4b0       ??0MSectionThread@@QEAA@PEAVMSection@@@Z 00000001800304b0 f   WinObjects.obj
 0001:0002f4f0       ??1MSectionThread@@QEAA@XZ 00000001800304f0 f   WinObjects.obj
 0001:0002f530       ??0MSectionLock@@QEAA@XZ   0000000180030530 f   WinObjects.obj
 0001:0002f560       ??1MSectionLock@@QEAA@XZ   0000000180030560 f   WinObjects.obj
 0001:0002f590       ?Lock@MSectionLock@@QEAAHPEAVMSection@@HK@Z 0000000180030590 f   WinObjects.obj
 0001:0002f660       ?RelockExclusive@MSectionLock@@QEAAHK@Z 0000000180030660 f   WinObjects.obj
 0001:0002f6f0       ?Unlock@MSectionLock@@QEAAXXZ 00000001800306f0 f   WinObjects.obj
 0001:0002f740       ?isLocked@MSectionLock@@QEAAHH@Z 0000000180030740 f   WinObjects.obj
 0001:0002f790       ??0MSectionLockSimple@@QEAA@XZ 0000000180030790 f   WinObjects.obj
 0001:0002f7b0       ??1MSectionLockSimple@@QEAA@XZ 00000001800307b0 f   WinObjects.obj
 0001:0002f7e0       ?Lock@MSectionLockSimple@@QEAAHPEAU_RTL_CRITICAL_SECTION@@K@Z 00000001800307e0 f   WinObjects.obj
 0001:0002f8b0       ?Unlock@MSectionLockSimple@@QEAAXXZ 00000001800308b0 f   WinObjects.obj
 0001:0002f8f0       ?isLocked@MSectionLockSimple@@QEAAHXZ 00000001800308f0 f   WinObjects.obj
 0001:0002f900       ??0MFileLog@@QEAA@PEB_W0K@Z 0000000180030900 f   WinObjects.obj
 0001:0002f9a0       ?InitFileName@MFileLog@@IEAAJPEB_WK@Z 00000001800309a0 f   WinObjects.obj
 0001:0002fa50       ??1MFileLog@@QEAA@XZ       0000000180030a50 f   WinObjects.obj
 0001:0002faa0       ?CloseLogFile@MFileLog@@QEAAXXZ 0000000180030aa0 f   WinObjects.obj
 0001:0002fb40       ?CreateLogFile@MFileLog@@QEAAJPEB_WKK@Z 0000000180030b40 f   WinObjects.obj
 0001:00030370       ?GetLogFileName@MFileLog@@QEAAPEB_WXZ 0000000180031370 f   WinObjects.obj
 0001:000303c0       ?LogString@MFileLog@@QEAAXPEBD_N01I@Z 00000001800313c0 f   WinObjects.obj
 0001:00030580       ?LogString@MFileLog@@QEAAXPEB_W_N01@Z 0000000180031580 f   WinObjects.obj
 0001:000309b0       ?MonitorEnumProc@MFileLog@@KAHPEAUHMONITOR__@@PEAUHDC__@@PEAUtagRECT@@_J@Z 00000001800319b0 f   WinObjects.obj
 0001:00030b60       ?LogStartEnv@MFileLog@@QEAAXPEAUCEStartupEnv@@@Z 0000000180031b60 f   WinObjects.obj
 0001:000319a0       ??0CToolTip@@QEAA@XZ       00000001800329a0 f   WinObjects.obj
 0001:00031a40       ??_ECToolTip@@UEAAPEAXI@Z  0000000180032a40 f i WinObjects.obj
 0001:00031a40       ??_GCToolTip@@UEAAPEAXI@Z  0000000180032a40 f i WinObjects.obj
 0001:00031a80       ??1CToolTip@@UEAA@XZ       0000000180032a80 f   WinObjects.obj
 0001:00031b40       ?ShowTip@CToolTip@@QEAAXPEAUHWND__@@0PEB_WHUtagPOINT@@PEAUHINSTANCE__@@@Z 0000000180032b40 f   WinObjects.obj
 0001:00031ff0       ?HideTip@CToolTip@@QEAAXXZ 0000000180032ff0 f   WinObjects.obj
 0001:00032090       ??0CTimer@@QEAA@XZ         0000000180033090 f   WinObjects.obj
 0001:000320d0       ??1CTimer@@QEAA@XZ         00000001800330d0 f   WinObjects.obj
 0001:000320f0       ?IsStarted@CTimer@@QEAA_NXZ 00000001800330f0 f   WinObjects.obj
 0001:00032100       ?Start@CTimer@@QEAAXI@Z    0000000180033100 f   WinObjects.obj
 0001:00032180       ?Stop@CTimer@@QEAAXXZ      0000000180033180 f   WinObjects.obj
 0001:000321c0       ?Restart@CTimer@@QEAAXI@Z  00000001800331c0 f   WinObjects.obj
 0001:00032200       ?Init@CTimer@@QEAAXPEAUHWND__@@_KI@Z 0000000180033200 f   WinObjects.obj
 0001:00032250       ?MyGetLargestConsoleWindowSize@@YA?AU_COORD@@PEAX@Z 0000000180033250 f   WinObjects.obj
 0001:000322e0       ?DuplicateProcessHandle@@YAPEAXK@Z 00000001800332e0 f   WinObjects.obj
 0001:00032370       ?FindComspec@@YAXPEAUConEmuComspec@@_N@Z 0000000180033370 f   WinObjects.obj
 0001:00032ee0       ?GetEnvVar@@YAPEA_WPEB_WK@Z 0000000180033ee0 f   WinObjects.obj
 0001:00033010       ?UpdateComspec@@YAXPEAUConEmuComspec@@_N@Z 0000000180034010 f   WinObjects.obj
 0001:00033430       ?SetEnvVarExpanded@@YAXPEB_W0@Z 0000000180034430 f   WinObjects.obj
 0001:00033550       ?GetComspecFromEnvVar@@YAPEB_WPEA_WKW4ComSpecBits@@@Z 0000000180034550 f   WinObjects.obj
 0001:000337a0       ?GetComspec@@YAPEA_WPEBUConEmuComspec@@@Z 00000001800347a0 f   WinObjects.obj
 0001:00033a60       ?IsExportEnvVarAllowed@@YA_NPEB_W@Z 0000000180034a60 f   WinObjects.obj
 0001:00033ae0       ?ApplyExportEnvVar@@YAXPEB_W@Z 0000000180034ae0 f   WinObjects.obj
 0001:00033b80       ?CopyToClipboard@@YA_NPEB_W@Z 0000000180034b80 f   WinObjects.obj
 0001:00033c60       ??$wcscpy_c@$0EAA@@@YAHAEAY0EAA@_WPEB_W@Z 0000000180034c60 f i WinObjects.obj
 0001:00033c90       ??$wcscpy_c@$0BAA@@@YAHAEAY0BAA@_WPEB_W@Z 0000000180034c90 f i WinObjects.obj
 0001:00033cc0       ??$wcscpy_c@$0EBA@@@YAHAEAY0EBA@_WPEB_W@Z 0000000180034cc0 f i WinObjects.obj
 0001:00033cf0       GetProcAddress             0000000180034cf0 f   kernel32:KERNEL32.dll
 0001:00033cf6       GetCurrentProcessId        0000000180034cf6 f   kernel32:KERNEL32.dll
 0001:00033cfc       GetLastError               0000000180034cfc f   kernel32:KERNEL32.dll
 0001:00033d02       LoadLibraryW               0000000180034d02 f   kernel32:KERNEL32.dll
 0001:00033d08       GetModuleHandleW           0000000180034d08 f   kernel32:KERNEL32.dll
 0001:00033d0e       IsDebuggerPresent          0000000180034d0e f   kernel32:KERNEL32.dll
 0001:00033d14       SetEvent                   0000000180034d14 f   kernel32:KERNEL32.dll
 0001:00033d1a       lstrcpyW                   0000000180034d1a f   kernel32:KERNEL32.dll
 0001:00033d20       lstrlenW                   0000000180034d20 f   kernel32:KERNEL32.dll
 0001:00033d26       SetEnvironmentVariableW    0000000180034d26 f   kernel32:KERNEL32.dll
 0001:00033d2c       IsBadStringPtrW            0000000180034d2c f   kernel32:KERNEL32.dll
 0001:00033d32       GetNumberOfConsoleInputEvents 0000000180034d32 f   kernel32:KERNEL32.dll
 0001:00033d38       GetStdHandle               0000000180034d38 f   kernel32:KERNEL32.dll
 0001:00033d3e       GetTickCount               0000000180034d3e f   kernel32:KERNEL32.dll
 0001:00033d44       SetLastError               0000000180034d44 f   kernel32:KERNEL32.dll
 0001:00033d4a       GetCurrentThreadId         0000000180034d4a f   kernel32:KERNEL32.dll
 0001:00033d50       ReadConsoleInputW          0000000180034d50 f   kernel32:KERNEL32.dll
 0001:00033d56       PeekConsoleInputW          0000000180034d56 f   kernel32:KERNEL32.dll
 0001:00033d5c       lstrcatW                   0000000180034d5c f   kernel32:KERNEL32.dll
 0001:00033d62       GetModuleFileNameW         0000000180034d62 f   kernel32:KERNEL32.dll
 0001:00033d68       WriteConsoleInputW         0000000180034d68 f   kernel32:KERNEL32.dll
 0001:00033d6e       WaitForSingleObject        0000000180034d6e f   kernel32:KERNEL32.dll
 0001:00033d74       ReleaseSemaphore           0000000180034d74 f   kernel32:KERNEL32.dll
 0001:00033d7a       WaitForMultipleObjects     0000000180034d7a f   kernel32:KERNEL32.dll
 0001:00033d80       ResetEvent                 0000000180034d80 f   kernel32:KERNEL32.dll
 0001:00033d86       GetConsoleScreenBufferInfo 0000000180034d86 f   kernel32:KERNEL32.dll
 0001:00033d8c       SuspendThread              0000000180034d8c f   kernel32:KERNEL32.dll
 0001:00033d92       ResumeThread               0000000180034d92 f   kernel32:KERNEL32.dll
 0001:00033d98       TerminateProcess           0000000180034d98 f   kernel32:KERNEL32.dll
 0001:00033d9e       GetCurrentProcess          0000000180034d9e f   kernel32:KERNEL32.dll
 0001:00033da4       CloseHandle                0000000180034da4 f   kernel32:KERNEL32.dll
 0001:00033daa       Module32NextW              0000000180034daa f   kernel32:KERNEL32.dll
 0001:00033db0       Module32FirstW             0000000180034db0 f   kernel32:KERNEL32.dll
 0001:00033db6       CreateToolhelp32Snapshot   0000000180034db6 f   kernel32:KERNEL32.dll
 0001:00033dbc       GetEnvironmentVariableW    0000000180034dbc f   kernel32:KERNEL32.dll
 0001:00033dc2       CreateThread               0000000180034dc2 f   kernel32:KERNEL32.dll
 0001:00033dc8       CreateSemaphoreW           0000000180034dc8 f   kernel32:KERNEL32.dll
 0001:00033dce       CreateEventW               0000000180034dce f   kernel32:KERNEL32.dll
 0001:00033dd4       OpenFileMappingW           0000000180034dd4 f   kernel32:KERNEL32.dll
 0001:00033dda       VirtualProtect             0000000180034dda f   kernel32:KERNEL32.dll
 0001:00033de0       MapViewOfFile              0000000180034de0 f   kernel32:KERNEL32.dll
 0001:00033de6       CreateFileMappingW         0000000180034de6 f   kernel32:KERNEL32.dll
 0001:00033dec       lstrcmpW                   0000000180034dec f   kernel32:KERNEL32.dll
 0001:00033df2       lstrcpynW                  0000000180034df2 f   kernel32:KERNEL32.dll
 0001:00033df8       lstrcmpiW                  0000000180034df8 f   kernel32:KERNEL32.dll
 0001:00033dfe       UnmapViewOfFile            0000000180034dfe f   kernel32:KERNEL32.dll
 0001:00033e04       TerminateThread            0000000180034e04 f   kernel32:KERNEL32.dll
 0001:00033e0a       SetConsoleTitleW           0000000180034e0a f   kernel32:KERNEL32.dll
 0001:00033e10       GetConsoleTitleW           0000000180034e10 f   kernel32:KERNEL32.dll
 0001:00033e16       WideCharToMultiByte        0000000180034e16 f   kernel32:KERNEL32.dll
 0001:00033e1c       DeleteFileW                0000000180034e1c f   kernel32:KERNEL32.dll
 0001:00033e22       CreateProcessW             0000000180034e22 f   kernel32:KERNEL32.dll
 0001:00033e28       GetExitCodeProcess         0000000180034e28 f   kernel32:KERNEL32.dll
 0001:00033e2e       SetConsoleMode             0000000180034e2e f   kernel32:KERNEL32.dll
 0001:00033e34       GetConsoleMode             0000000180034e34 f   kernel32:KERNEL32.dll
 0001:00033e3a       GetConsoleCursorInfo       0000000180034e3a f   kernel32:KERNEL32.dll
 0001:00033e40       Thread32Next               0000000180034e40 f   kernel32:KERNEL32.dll
 0001:00033e46       Thread32First              0000000180034e46 f   kernel32:KERNEL32.dll
 0001:00033e4c       ExpandEnvironmentStringsW  0000000180034e4c f   kernel32:KERNEL32.dll
 0001:00033e52       lstrcmpA                   0000000180034e52 f   kernel32:KERNEL32.dll
 0001:00033e58       MultiByteToWideChar        0000000180034e58 f   kernel32:KERNEL32.dll
 0001:00033e5e       lstrlenA                   0000000180034e5e f   kernel32:KERNEL32.dll
 0001:00033e64       lstrcpynA                  0000000180034e64 f   kernel32:KERNEL32.dll
 0001:00033e6a       GetCurrentDirectoryW       0000000180034e6a f   kernel32:KERNEL32.dll
 0001:00033e70       lstrcpyA                   0000000180034e70 f   kernel32:KERNEL32.dll
 0001:00033e76       DisconnectNamedPipe        0000000180034e76 f   kernel32:KERNEL32.dll
 0001:00033e7c       SetThreadPriority          0000000180034e7c f   kernel32:KERNEL32.dll
 0001:00033e82       Sleep                      0000000180034e82 f   kernel32:KERNEL32.dll
 0001:00033e88       FlushFileBuffers           0000000180034e88 f   kernel32:KERNEL32.dll
 0001:00033e8e       ReadFile                   0000000180034e8e f   kernel32:KERNEL32.dll
 0001:00033e94       GetOverlappedResult        0000000180034e94 f   kernel32:KERNEL32.dll
 0001:00033e9a       WriteFile                  0000000180034e9a f   kernel32:KERNEL32.dll
 0001:00033ea0       ConnectNamedPipe           0000000180034ea0 f   kernel32:KERNEL32.dll
 0001:00033ea6       CreateNamedPipeW           0000000180034ea6 f   kernel32:KERNEL32.dll
 0001:00033eac       SetFilePointer             0000000180034eac f   kernel32:KERNEL32.dll
 0001:00033eb2       GetFileInformationByHandle 0000000180034eb2 f   kernel32:KERNEL32.dll
 0001:00033eb8       CreateFileW                0000000180034eb8 f   kernel32:KERNEL32.dll
 0001:00033ebe       ReadProcessMemory          0000000180034ebe f   kernel32:KERNEL32.dll
 0001:00033ec4       FreeLibrary                0000000180034ec4 f   kernel32:KERNEL32.dll
 0001:00033eca       VerifyVersionInfoW         0000000180034eca f   kernel32:KERNEL32.dll
 0001:00033ed0       VerSetConditionMask        0000000180034ed0 f   kernel32:KERNEL32.dll
 0001:00033ed6       SearchPathW                0000000180034ed6 f   kernel32:KERNEL32.dll
 0001:00033edc       DebugBreak                 0000000180034edc f   kernel32:KERNEL32.dll
 0001:00033ee2       SetNamedPipeHandleState    0000000180034ee2 f   kernel32:KERNEL32.dll
 0001:00033ee8       WaitNamedPipeW             0000000180034ee8 f   kernel32:KERNEL32.dll
 0001:00033eee       TransactNamedPipe          0000000180034eee f   kernel32:KERNEL32.dll
 0001:00033ef4       GetConsoleWindow           0000000180034ef4 f   kernel32:KERNEL32.dll
 0001:00033efa       HeapCreate                 0000000180034efa f   kernel32:KERNEL32.dll
 0001:00033f00       HeapDestroy                0000000180034f00 f   kernel32:KERNEL32.dll
 0001:00033f06       HeapAlloc                  0000000180034f06 f   kernel32:KERNEL32.dll
 0001:00033f0c       HeapReAlloc                0000000180034f0c f   kernel32:KERNEL32.dll
 0001:00033f12       HeapFree                   0000000180034f12 f   kernel32:KERNEL32.dll
 0001:00033f18       HeapValidate               0000000180034f18 f   kernel32:KERNEL32.dll
 0001:00033f1e       LocalFree                  0000000180034f1e f   kernel32:KERNEL32.dll
 0001:00033f24       LocalAlloc                 0000000180034f24 f   kernel32:KERNEL32.dll
 0001:00033f2a       SetConsoleWindowInfo       0000000180034f2a f   kernel32:KERNEL32.dll
 0001:00033f30       GetConsoleOutputCP         0000000180034f30 f   kernel32:KERNEL32.dll
 0001:00033f36       GetFileSizeEx              0000000180034f36 f   kernel32:KERNEL32.dll
 0001:00033f3c       FindClose                  0000000180034f3c f   kernel32:KERNEL32.dll
 0001:00033f42       FindNextFileW              0000000180034f42 f   kernel32:KERNEL32.dll
 0001:00033f48       FindFirstFileW             0000000180034f48 f   kernel32:KERNEL32.dll
 0001:00033f4e       CreateDirectoryW           0000000180034f4e f   kernel32:KERNEL32.dll
 0001:00033f54       OpenProcess                0000000180034f54 f   kernel32:KERNEL32.dll
 0001:00033f5a       Process32NextW             0000000180034f5a f   kernel32:KERNEL32.dll
 0001:00033f60       Process32FirstW            0000000180034f60 f   kernel32:KERNEL32.dll
 0001:00033f66       IsBadReadPtr               0000000180034f66 f   kernel32:KERNEL32.dll
 0001:00033f6c       VirtualFree                0000000180034f6c f   kernel32:KERNEL32.dll
 0001:00033f72       VirtualAlloc               0000000180034f72 f   kernel32:KERNEL32.dll
 0001:00033f78       GetSystemInfo              0000000180034f78 f   kernel32:KERNEL32.dll
 0001:00033f7e       GetFullPathNameW           0000000180034f7e f   kernel32:KERNEL32.dll
 0001:00033f84       GetModuleFileNameA         0000000180034f84 f   kernel32:KERNEL32.dll
 0001:00033f8a       OpenEventW                 0000000180034f8a f   kernel32:KERNEL32.dll
 0001:00033f90       InitializeCriticalSection  0000000180034f90 f   kernel32:KERNEL32.dll
 0001:00033f96       DeleteCriticalSection      0000000180034f96 f   kernel32:KERNEL32.dll
 0001:00033f9c       EnterCriticalSection       0000000180034f9c f   kernel32:KERNEL32.dll
 0001:00033fa2       LeaveCriticalSection       0000000180034fa2 f   kernel32:KERNEL32.dll
 0001:00033fa8       TryEnterCriticalSection    0000000180034fa8 f   kernel32:KERNEL32.dll
 0001:00033fae       OpenThread                 0000000180034fae f   kernel32:KERNEL32.dll
 0001:00033fb4       GetLocalTime               0000000180034fb4 f   kernel32:KERNEL32.dll
 0001:00033fba       GetVersionExW              0000000180034fba f   kernel32:KERNEL32.dll
 0001:00033fc0       GetLargestConsoleWindowSize 0000000180034fc0 f   kernel32:KERNEL32.dll
 0001:00033fc6       DuplicateHandle            0000000180034fc6 f   kernel32:KERNEL32.dll
 0001:00033fcc       GetWindowsDirectoryW       0000000180034fcc f   kernel32:KERNEL32.dll
 0001:00033fd2       GlobalUnlock               0000000180034fd2 f   kernel32:KERNEL32.dll
 0001:00033fd8       GlobalLock                 0000000180034fd8 f   kernel32:KERNEL32.dll
 0001:00033fde       GlobalAlloc                0000000180034fde f   kernel32:KERNEL32.dll
 0001:00033fe4       MessageBoxW                0000000180034fe4 f   user32:USER32.dll
 0001:00033fea       wsprintfW                  0000000180034fea f   user32:USER32.dll
 0001:00033ff0       IsWindow                   0000000180034ff0 f   user32:USER32.dll
 0001:00033ff6       GetWindowLongPtrW          0000000180034ff6 f   user32:USER32.dll
 0001:00033ffc       GetParent                  0000000180034ffc f   user32:USER32.dll
 0001:00034002       PostMessageW               0000000180035002 f   user32:USER32.dll
 0001:00034008       RegisterWindowMessageW     0000000180035008 f   user32:USER32.dll
 0001:0003400e       GetWindowThreadProcessId   000000018003500e f   user32:USER32.dll
 0001:00034014       IsWindowVisible            0000000180035014 f   user32:USER32.dll
 0001:0003401a       CharUpperBuffW             000000018003501a f   user32:USER32.dll
 0001:00034020       FillRect                   0000000180035020 f   user32:USER32.dll
 0001:00034026       ReleaseDC                  0000000180035026 f   user32:USER32.dll
 0001:0003402c       GetDC                      000000018003502c f   user32:USER32.dll
 0001:00034032       ActivateKeyboardLayout     0000000180035032 f   user32:USER32.dll
 0001:00034038       LoadKeyboardLayoutW        0000000180035038 f   user32:USER32.dll
 0001:0003403e       MapVirtualKeyW             000000018003503e f   user32:USER32.dll
 0001:00034044       VkKeyScanW                 0000000180035044 f   user32:USER32.dll
 0001:0003404a       FindWindowW                000000018003504a f   user32:USER32.dll
 0001:00034050       GetSystemMetrics           0000000180035050 f   user32:USER32.dll
 0001:00034056       IsRectEmpty                0000000180035056 f   user32:USER32.dll
 0001:0003405c       EnumDisplayMonitors        000000018003505c f   user32:USER32.dll
 0001:00034062       GetMonitorInfoW            0000000180035062 f   user32:USER32.dll
 0001:00034068       SystemParametersInfoW      0000000180035068 f   user32:USER32.dll
 0001:0003406e       MonitorFromWindow          000000018003506e f   user32:USER32.dll
 0001:00034074       MonitorFromRect            0000000180035074 f   user32:USER32.dll
 0001:0003407a       SetWindowPos               000000018003507a f   user32:USER32.dll
 0001:00034080       ShowWindow                 0000000180035080 f   user32:USER32.dll
 0001:00034086       SendMessageW               0000000180035086 f   user32:USER32.dll
 0001:0003408c       GetWindowRect              000000018003508c f   user32:USER32.dll
 0001:00034092       EnableWindow               0000000180035092 f   user32:USER32.dll
 0001:00034098       IsWindowEnabled            0000000180035098 f   user32:USER32.dll
 0001:0003409e       SetForegroundWindow        000000018003509e f   user32:USER32.dll
 0001:000340a4       ShowWindowAsync            00000001800350a4 f   user32:USER32.dll
 0001:000340aa       wsprintfA                  00000001800350aa f   user32:USER32.dll
 0001:000340b0       GetCursorPos               00000001800350b0 f   user32:USER32.dll
 0001:000340b6       GetWindowTextW             00000001800350b6 f   user32:USER32.dll
 0001:000340bc       GetClassNameW              00000001800350bc f   user32:USER32.dll
 0001:000340c2       GetForegroundWindow        00000001800350c2 f   user32:USER32.dll
 0001:000340c8       GetKeyboardLayoutList      00000001800350c8 f   user32:USER32.dll
 0001:000340ce       GetKeyboardLayout          00000001800350ce f   user32:USER32.dll
 0001:000340d4       DestroyWindow              00000001800350d4 f   user32:USER32.dll
 0001:000340da       GetClientRect              00000001800350da f   user32:USER32.dll
 0001:000340e0       CreateWindowExW            00000001800350e0 f   user32:USER32.dll
 0001:000340e6       SetTimer                   00000001800350e6 f   user32:USER32.dll
 0001:000340ec       KillTimer                  00000001800350ec f   user32:USER32.dll
 0001:000340f2       CloseClipboard             00000001800350f2 f   user32:USER32.dll
 0001:000340f8       SetClipboardData           00000001800350f8 f   user32:USER32.dll
 0001:000340fe       EmptyClipboard             00000001800350fe f   user32:USER32.dll
 0001:00034104       OpenClipboard              0000000180035104 f   user32:USER32.dll
 0001:0003410a       DeleteEnhMetaFile          000000018003510a f   gdi32:GDI32.dll
 0001:00034110       GetEnhMetaFileBits         0000000180035110 f   gdi32:GDI32.dll
 0001:00034116       CloseEnhMetaFile           0000000180035116 f   gdi32:GDI32.dll
 0001:0003411c       GdiFlush                   000000018003511c f   gdi32:GDI32.dll
 0001:00034122       SelectObject               0000000180035122 f   gdi32:GDI32.dll
 0001:00034128       DeleteDC                   0000000180035128 f   gdi32:GDI32.dll
 0001:0003412e       DeleteObject               000000018003512e f   gdi32:GDI32.dll
 0001:00034134       CreateSolidBrush           0000000180035134 f   gdi32:GDI32.dll
 0001:0003413a       CreateDIBSection           000000018003513a f   gdi32:GDI32.dll
 0001:00034140       CreateCompatibleDC         0000000180035140 f   gdi32:GDI32.dll
 0001:00034146       CreateEnhMetaFileW         0000000180035146 f   gdi32:GDI32.dll
 0001:0003414c       GetDeviceCaps              000000018003514c f   gdi32:GDI32.dll
 0001:00034152       GetTextMetricsW            0000000180035152 f   gdi32:GDI32.dll
 0001:00034158       CreateFontIndirectW        0000000180035158 f   gdi32:GDI32.dll
 0001:0003415e       RegCloseKey                000000018003515e f   advapi32:ADVAPI32.dll
 0001:00034164       RegQueryValueExW           0000000180035164 f   advapi32:ADVAPI32.dll
 0001:0003416a       RegOpenKeyExW              000000018003516a f   advapi32:ADVAPI32.dll
 0001:00034170       RegCreateKeyExW            0000000180035170 f   advapi32:ADVAPI32.dll
 0001:00034176       FreeSid                    0000000180035176 f   advapi32:ADVAPI32.dll
 0001:0003417c       CheckTokenMembership       000000018003517c f   advapi32:ADVAPI32.dll
 0001:00034182       AllocateAndInitializeSid   0000000180035182 f   advapi32:ADVAPI32.dll
 0001:00034188       ConvertSidToStringSidW     0000000180035188 f   advapi32:ADVAPI32.dll
 0001:0003418e       GetTokenInformation        000000018003518e f   advapi32:ADVAPI32.dll
 0001:00034194       OpenProcessToken           0000000180035194 f   advapi32:ADVAPI32.dll
 0001:0003419a       RegEnumKeyExW              000000018003519a f   advapi32:ADVAPI32.dll
 0001:000341a0       SHGetFolderPathW           00000001800351a0 f   shell32:SHELL32.dll
 0001:000341a6       VerQueryValueW             00000001800351a6 f   version:VERSION.dll
 0001:000341ac       GetFileVersionInfoW        00000001800351ac f   version:VERSION.dll
 0001:000341b2       GetFileVersionInfoSizeW    00000001800351b2 f   version:VERSION.dll
 0001:000341d0       memset                     00000001800351d0 f   LIBCMT:memset.obj
 0001:000342d0       memcmp                     00000001800352d0 f   LIBCMT:memcmp.obj
 0001:000343b0       memmove                    00000001800353b0     LIBCMT:memcpy.obj
 0001:000343b0       memcpy                     00000001800353b0 f   LIBCMT:memcpy.obj
 0001:000346e4       wcsrchr                    00000001800356e4 f   LIBCMT:wcsrchr.obj
 0001:00034710       wcschr                     0000000180035710 f   LIBCMT:wcschr.obj
 0001:00034730       wcsstr                     0000000180035730 f   LIBCMT:wcsstr.obj
 0001:00034798       wcsncmp                    0000000180035798 f   LIBCMT:wcsncmp.obj
 0001:000347c8       wcspbrk                    00000001800357c8 f   LIBCMT:wcspbrk.obj
 0001:00034800       strrchr                    0000000180035800 f   LIBCMT:strrchr.obj
 0001:00034840       _alloca_probe              0000000180035840     LIBCMT:chkstk.obj
 0001:00034840       __chkstk                   0000000180035840 f   LIBCMT:chkstk.obj
 0002:00000000       __imp_OpenProcessToken     0000000180036000     advapi32:ADVAPI32.dll
 0002:00000008       __imp_GetTokenInformation  0000000180036008     advapi32:ADVAPI32.dll
 0002:00000010       __imp_ConvertSidToStringSidW 0000000180036010     advapi32:ADVAPI32.dll
 0002:00000018       __imp_AllocateAndInitializeSid 0000000180036018     advapi32:ADVAPI32.dll
 0002:00000020       __imp_CheckTokenMembership 0000000180036020     advapi32:ADVAPI32.dll
 0002:00000028       __imp_FreeSid              0000000180036028     advapi32:ADVAPI32.dll
 0002:00000030       __imp_RegCreateKeyExW      0000000180036030     advapi32:ADVAPI32.dll
 0002:00000038       __imp_RegOpenKeyExW        0000000180036038     advapi32:ADVAPI32.dll
 0002:00000040       __imp_RegQueryValueExW     0000000180036040     advapi32:ADVAPI32.dll
 0002:00000048       __imp_RegCloseKey          0000000180036048     advapi32:ADVAPI32.dll
 0002:00000050       __imp_RegEnumKeyExW        0000000180036050     advapi32:ADVAPI32.dll
 0002:00000058       \177ADVAPI32_NULL_THUNK_DATA 0000000180036058     advapi32:ADVAPI32.dll
 0002:00000060       __imp_GetTextMetricsW      0000000180036060     gdi32:GDI32.dll
 0002:00000068       __imp_GetDeviceCaps        0000000180036068     gdi32:GDI32.dll
 0002:00000070       __imp_CreateEnhMetaFileW   0000000180036070     gdi32:GDI32.dll
 0002:00000078       __imp_CreateCompatibleDC   0000000180036078     gdi32:GDI32.dll
 0002:00000080       __imp_CreateDIBSection     0000000180036080     gdi32:GDI32.dll
 0002:00000088       __imp_CreateSolidBrush     0000000180036088     gdi32:GDI32.dll
 0002:00000090       __imp_DeleteObject         0000000180036090     gdi32:GDI32.dll
 0002:00000098       __imp_DeleteDC             0000000180036098     gdi32:GDI32.dll
 0002:000000a0       __imp_SelectObject         00000001800360a0     gdi32:GDI32.dll
 0002:000000a8       __imp_GdiFlush             00000001800360a8     gdi32:GDI32.dll
 0002:000000b0       __imp_CloseEnhMetaFile     00000001800360b0     gdi32:GDI32.dll
 0002:000000b8       __imp_CreateFontIndirectW  00000001800360b8     gdi32:GDI32.dll
 0002:000000c0       __imp_DeleteEnhMetaFile    00000001800360c0     gdi32:GDI32.dll
 0002:000000c8       __imp_GetEnhMetaFileBits   00000001800360c8     gdi32:GDI32.dll
 0002:000000d0       \177GDI32_NULL_THUNK_DATA  00000001800360d0     gdi32:GDI32.dll
 0002:000000d8       __imp_ResumeThread         00000001800360d8     kernel32:KERNEL32.dll
 0002:000000e0       __imp_TerminateProcess     00000001800360e0     kernel32:KERNEL32.dll
 0002:000000e8       __imp_GetCurrentProcess    00000001800360e8     kernel32:KERNEL32.dll
 0002:000000f0       __imp_CloseHandle          00000001800360f0     kernel32:KERNEL32.dll
 0002:000000f8       __imp_Module32NextW        00000001800360f8     kernel32:KERNEL32.dll
 0002:00000100       __imp_Module32FirstW       0000000180036100     kernel32:KERNEL32.dll
 0002:00000108       __imp_CreateToolhelp32Snapshot 0000000180036108     kernel32:KERNEL32.dll
 0002:00000110       __imp_GetEnvironmentVariableW 0000000180036110     kernel32:KERNEL32.dll
 0002:00000118       __imp_CreateThread         0000000180036118     kernel32:KERNEL32.dll
 0002:00000120       __imp_CreateSemaphoreW     0000000180036120     kernel32:KERNEL32.dll
 0002:00000128       __imp_CreateEventW         0000000180036128     kernel32:KERNEL32.dll
 0002:00000130       __imp_OpenFileMappingW     0000000180036130     kernel32:KERNEL32.dll
 0002:00000138       __imp_VirtualProtect       0000000180036138     kernel32:KERNEL32.dll
 0002:00000140       __imp_MapViewOfFile        0000000180036140     kernel32:KERNEL32.dll
 0002:00000148       __imp_CreateFileMappingW   0000000180036148     kernel32:KERNEL32.dll
 0002:00000150       __imp_lstrcmpW             0000000180036150     kernel32:KERNEL32.dll
 0002:00000158       __imp_lstrcpynW            0000000180036158     kernel32:KERNEL32.dll
 0002:00000160       __imp_lstrcmpiW            0000000180036160     kernel32:KERNEL32.dll
 0002:00000168       __imp_UnmapViewOfFile      0000000180036168     kernel32:KERNEL32.dll
 0002:00000170       __imp_TerminateThread      0000000180036170     kernel32:KERNEL32.dll
 0002:00000178       __imp_SetConsoleTitleW     0000000180036178     kernel32:KERNEL32.dll
 0002:00000180       __imp_GetConsoleTitleW     0000000180036180     kernel32:KERNEL32.dll
 0002:00000188       __imp_WideCharToMultiByte  0000000180036188     kernel32:KERNEL32.dll
 0002:00000190       __imp_DeleteFileW          0000000180036190     kernel32:KERNEL32.dll
 0002:00000198       __imp_CreateProcessW       0000000180036198     kernel32:KERNEL32.dll
 0002:000001a0       __imp_GetExitCodeProcess   00000001800361a0     kernel32:KERNEL32.dll
[...]
 0002:00004160       ??_C@_1EO@GBOKIPHE@?$AAC?$AA?3?$AA?2?$AAP?$AAr?$AAo?$AAg?$AAr?$AAa?$AAm?$AA?5?$AAF?$AAi?$AAl?$AAe?$AAs?$AA?2?$AAJ?$AAP?$AAS?$AAo?$AAf?$AAt?$AA?2?$AAT?$AAC?$AAM?$AAD?$AA1?$AA3?$AA?2?$AAt@ 000000018003a160     WinObjects.obj
 0002:000041b0       ??_C@_1CA@CBMLAMC@?$AAI?$AAn?$AAs?$AAt?$AAa?$AAl?$AAl?$AAL?$AAo?$AAc?$AAa?$AAt?$AAi?$AAo?$AAn?$AA?$AA@ 000000018003a1b0     WinObjects.obj
 0002:000041d0       ??_C@_1BI@NAAHPGNK@?$AAJ?$AAP?$AA?5?$AAS?$AAo?$AAf?$AAt?$AAw?$AAa?$AAr?$AAe?$AA?$AA@ 000000018003a1d0     WinObjects.obj
 0002:000041e8       ??_C@_1BE@CCMLAJPM@?$AAP?$AAu?$AAb?$AAl?$AAi?$AAs?$AAh?$AAe?$AAr?$AA?$AA@ 000000018003a1e8     WinObjects.obj
 0002:00004200       ??_C@_1GI@BAAGFBH@?$AAS?$AAO?$AAF?$AAT?$AAW?$AAA?$AAR?$AAE?$AA?2?$AAM?$AAi?$AAc?$AAr?$AAo?$AAs?$AAo?$AAf?$AAt?$AA?2?$AAW?$AAi?$AAn?$AAd?$AAo?$AAw?$AAs?$AA?2?$AAC?$AAu?$AAr?$AAr?$AAe@ 000000018003a200     WinObjects.obj
 0002:00004268       ??_C@_1BA@JFHFEKBP@?$AAt?$AAc?$AAc?$AA?4?$AAe?$AAx?$AAe?$AA?$AA@ 000000018003a268     WinObjects.obj
 0002:00004278       ??_C@_1BE@BGAOJFLF@?$AA?2?$AAt?$AAc?$AAm?$AAd?$AA?4?$AAe?$AAx?$AAe?$AA?$AA@ 000000018003a278     WinObjects.obj
 0002:00004290       ??_C@_19NHABCBNP@?$AAP?$AAa?$AAt?$AAh?$AA?$AA@ 000000018003a290     WinObjects.obj
 0002:000042a0       ??_C@_1CK@HMKJOJBO@?$AAS?$AAO?$AAF?$AAT?$AAW?$AAA?$AAR?$AAE?$AA?2?$AAJ?$AAP?$AA?5?$AAS?$AAo?$AAf?$AAt?$AAw?$AAa?$AAr?$AAe?$AA?$AA@ 000000018003a2a0     WinObjects.obj
 0002:000042d0       ??_C@_1DA@EMHAGABM@?$AA?$CF?$AAC?$AAo?$AAn?$AAE?$AAm?$AAu?$AAB?$AAa?$AAs?$AAe?$AAD?$AAi?$AAr?$AA?$CF?$AA?2?$AAt?$AAc?$AAc?$AA?4?$AAe?$AAx?$AAe?$AA?$AA@ 000000018003a2d0     WinObjects.obj
 0002:00004300       ??_C@_13PJJBFPED@?$AA?$DL?$AA?$AA@ 000000018003a300     WinObjects.obj
 0002:00004308       ??_C@_1BA@DBKIDAPL@?$AAc?$AAm?$AAd?$AA?4?$AAe?$AAx?$AAe?$AA?$AA@ 000000018003a308     WinObjects.obj
 0002:00004318       ??_C@_1CE@ECCAMEKN@?$AA?2?$AAS?$AAy?$AAs?$AAW?$AAO?$AAW?$AA6?$AA4?$AA?2?$AAc?$AAm?$AAd?$AA?4?$AAe?$AAx?$AAe?$AA?$AA@ 000000018003a318     WinObjects.obj
 0002:00004340       ??_C@_1CC@PDLBBEEF@?$AAS?$AAy?$AAs?$AAW?$AAO?$AAW?$AA6?$AA4?$AA?2?$AAc?$AAm?$AAd?$AA?4?$AAe?$AAx?$AAe?$AA?$AA@ 000000018003a340     WinObjects.obj
 0002:00004368       ??_C@_1CE@PMNGKNKL@?$AA?2?$AAS?$AAy?$AAs?$AAt?$AAe?$AAm?$AA3?$AA2?$AA?2?$AAc?$AAm?$AAd?$AA?4?$AAe?$AAx?$AAe?$AA?$AA@ 000000018003a368     WinObjects.obj
 0002:00004390       ??_C@_1CC@ENEHHNED@?$AAS?$AAy?$AAs?$AAt?$AAe?$AAm?$AA3?$AA2?$AA?2?$AAc?$AAm?$AAd?$AA?4?$AAe?$AAx?$AAe?$AA?$AA@ 000000018003a390     WinObjects.obj
 0002:000043b8       ??_C@_1CK@OLMGMMDO@?$AAC?$AAo?$AAn?$AAE?$AAm?$AAu?$AAS?$AAl?$AAe?$AAe?$AAp?$AAI?$AAn?$AAd?$AAi?$AAc?$AAa?$AAt?$AAo?$AAr?$AA?$AA@ 000000018003a3b8     WinObjects.obj
 0002:00005750       __IMPORT_DESCRIPTOR_KERNEL32 000000018003b750     kernel32:KERNEL32.dll
 0002:00005764       __IMPORT_DESCRIPTOR_USER32 000000018003b764     user32:USER32.dll
 0002:00005778       __IMPORT_DESCRIPTOR_GDI32  000000018003b778     gdi32:GDI32.dll
 0002:0000578c       __IMPORT_DESCRIPTOR_ADVAPI32 000000018003b78c     advapi32:ADVAPI32.dll
 0002:000057a0       __IMPORT_DESCRIPTOR_SHELL32 000000018003b7a0     shell32:SHELL32.dll
 0002:000057b4       __IMPORT_DESCRIPTOR_VERSION 000000018003b7b4     version:VERSION.dll
 0002:000057c8       __NULL_IMPORT_DESCRIPTOR   000000018003b7c8     kernel32:KERNEL32.dll
 0003:00000000       ?gnPluginOpenFrom@@3HA     000000018003e000     ConEmuPlugin.obj
 0003:00000004       ?gnReqCommand@@3KA         000000018003e004     ConEmuPlugin.obj
 0003:00000008       ?lastModifiedStateW@@3HA   000000018003e008     ConEmuPlugin.obj
 0003:00000010       ?gFarMode@@3UHookModeFar@@A 000000018003e010     ConEmuPlugin.obj
 0003:00000030       ?gpPluginMenu@@3PAUPluginAndMenuCommands@@A 000000018003e030     ConEmuPlugin.obj
 0003:000000f0       ?Far3Func@@3PAUExportFunc@@A 000000018003e0f0     ConEmuPlugin.obj
 0003:00000180       ?guid_ConEmu@@3U_GUID@@A   000000018003e180     ConEmuPlugin2800.obj
 0003:00000190       ?guid_ConEmuPluginItems@@3U_GUID@@A 000000018003e190     ConEmuPlugin2800.obj
 0003:000001a0       ?guid_ConEmuPluginMenu@@3U_GUID@@A 000000018003e1a0     ConEmuPlugin2800.obj
 0003:000001b0       ?guid_ConEmuGuiMacroDlg@@3U_GUID@@A 000000018003e1b0     ConEmuPlugin2800.obj
 0003:000001c0       ?guid_ConEmuWaitEndSynchro@@3U_GUID@@A 000000018003e1c0     ConEmuPlugin2800.obj
 0003:000001e0       ?ghHooksModule@@3PEAUHINSTANCE__@@EA 000000018003e1e0     ConEmuInjects.obj
 0003:000001e8       ?gbHooksModuleLoaded@@3HA  000000018003e1e8     ConEmuInjects.obj
 0003:000001f0       ?SetHookCallbacks@@3P6A_NPEBDPEB_WPEAUHINSTANCE__@@P6AHPEAUHookCallbackArg@@@ZP6AX3@Z5@ZEA 000000018003e1f0     ConEmuInjects.obj
 0003:000001f8       ?SetLoadLibraryCallback@@3P6AXPEAUHINSTANCE__@@P6AX0@Z1@ZEA 000000018003e1f8     ConEmuInjects.obj
 0003:00000200       ?SetFarHookMode@@3P6AXPEAUHookModeFar@@@ZEA 000000018003e200     ConEmuInjects.obj
 0003:00000208       ?ghExtConModule@@3PEAUHINSTANCE__@@EA 000000018003e208     ConEmuInjects.obj
 0003:00000210       ?SetHookCallbacksExt@@3P6A_NPEBDPEB_WPEAUHINSTANCE__@@P6AHPEAUHookCallbackArg@@@ZP6AX3@Z5@ZEA 000000018003e210     ConEmuInjects.obj
 0003:00000220       ?gszDir2@@3PA_WA           000000018003e220     ConEmuPlugin.obj
 0003:00000a20       ?gpConMap@@3PEAV?$MFileMapping@UCESERVER_CONSOLE_MAPPING_HDR@@@@EA 000000018003ea20     ConEmuPlugin.obj
 0003:00000a28       ?gsbiDetached@@3U_CONSOLE_SCREEN_BUFFER_INFO@@A 000000018003ea28     ConEmuPlugin.obj
 0003:00000a40       ?gszRootKey@@3PA_WA        000000018003ea40     ConEmuPlugin.obj
 0003:00000e50       ?gszDir1@@3PA_WA           000000018003ee50     ConEmuPlugin.obj
 0003:00001650       ?ghPluginModule@@3PEAUHINSTANCE__@@EA 000000018003f650     ConEmuPlugin.obj
 0003:00001658       ?ConEmuHwnd@@3PEAUHWND__@@EA 000000018003f658     ConEmuPlugin.obj
 0003:00001660       ?gdwPreDetachGuiPID@@3KA   000000018003f660     ConEmuPlugin.obj
 0003:00001664       ?gdwServerPID@@3KA         000000018003f664     ConEmuPlugin.obj
 0003:00001668       ?TerminalMode@@3HA         000000018003f668     ConEmuPlugin.obj
 0003:0000166c       ?gnMainThreadId@@3KA       000000018003f66c     ConEmuPlugin.obj
 0003:00001670       ?FarHwnd@@3PEAUHWND__@@EA  000000018003f670     ConEmuPlugin.obj
 0003:00001678       ?gnMainThreadIdInitial@@3KA 000000018003f678     ConEmuPlugin.obj
 0003:0000167c       ?gnMonitorThreadId@@3KA    000000018003f67c     ConEmuPlugin.obj
 0003:00001680       ?ghMonitorThread@@3PEAXEA  000000018003f680     ConEmuPlugin.obj
 0003:00001688       ?ghSetWndSendTabsEvent@@3PEAXEA 000000018003f688     ConEmuPlugin.obj
 0003:00001690       ?gFarVersion@@3UFarVersion@@A 000000018003f690     ConEmuPlugin.obj
 0003:00001698       ?maxTabCount@@3HA          000000018003f698     ConEmuPlugin.obj
 0003:0000169c       ?lastWindowCount@@3HA      000000018003f69c     ConEmuPlugin.obj
 0003:000016a0       ?gnCurTabCount@@3HA        000000018003f6a0     ConEmuPlugin.obj
 0003:000016a4       ?gnCurrentWindowType@@3HA  000000018003f6a4     ConEmuPlugin.obj
 0003:000016a8       ?gpTabs@@3PEAUCESERVER_REQ@@EA 000000018003f6a8     ConEmuPlugin.obj
 0003:000016b0       ?gbIgnoreUpdateTabs@@3HA   000000018003f6b0     ConEmuPlugin.obj
 0003:000016b4       ?gbRequestUpdateTabs@@3HA  000000018003f6b4     ConEmuPlugin.obj
 0003:000016b8       ?gbClosingModalViewerEditor@@3HA 000000018003f6b8     ConEmuPlugin.obj
 0003:000016bc       ?gbUngetDummyMouseEvent@@3HA 000000018003f6bc     ConEmuPlugin.obj
 0003:000016c0       ?gLastMouseReadEvent@@3U_MOUSE_EVENT_RECORD@@A 000000018003f6c0     ConEmuPlugin.obj
 0003:000016d0       ?gnAllowDummyMouseEvent@@3JA 000000018003f6d0     ConEmuPlugin.obj
 0003:000016d4       ?gnDummyMouseEventFromMacro@@3JA 000000018003f6d4     ConEmuPlugin.obj
 0003:000016d8       ?csData@@3PEAVMSection@@EA 000000018003f6d8     ConEmuPlugin.obj
 0003:000016e0       ?gpCmdRet@@3PEAUCESERVER_REQ@@EA 000000018003f6e0     ConEmuPlugin.obj
 0003:000016e8       ?gpData@@3PEAEEA           000000018003f6e8     ConEmuPlugin.obj
 0003:000016f0       ?gpCursor@@3PEAEEA         000000018003f6f0     ConEmuPlugin.obj
 0003:000016f8       ?gnDataSize@@3KA           000000018003f6f8     ConEmuPlugin.obj
 0003:00001700       ?gpReqCommandData@@3PEAXEA 000000018003f700     ConEmuPlugin.obj
 0003:00001710       ?gnMsgTabChanged@@3IA      000000018003f710     ConEmuPlugin.obj
 0003:00001714       ?gbPlugKeyChanged@@3HA     000000018003f714     ConEmuPlugin.obj
 0003:00001718       ?csTabs@@3PEAVMSection@@EA 000000018003f718     ConEmuPlugin.obj
 0003:00001720       ?ghRegMonitorKey@@3PEAUHKEY__@@EA 000000018003f720     ConEmuPlugin.obj
 0003:00001728       ?ghRegMonitorEvt@@3PEAXEA  000000018003f728     ConEmuPlugin.obj
 0003:00001730       ?ghPluginSemaphore@@3PEAXEA 000000018003f730     ConEmuPlugin.obj
 0003:00001738       ?gbNeedPostTabSend@@3HA    000000018003f738     ConEmuPlugin.obj
 0003:0000173c       ?gbNeedPostEditCheck@@3HA  000000018003f73c     ConEmuPlugin.obj
 0003:00001740       ?gsFarLang@@3PA_WA         000000018003f740     ConEmuPlugin.obj
 0003:000017c0       ?gbNeedPostReloadFarInfo@@3HA 000000018003f7c0     ConEmuPlugin.obj
 0003:000017c4       ?gnNeedPostTabSendTick@@3KA 000000018003f7c4     ConEmuPlugin.obj
 0003:000017c8       ?gpConMapInfo@@3PEBUCESERVER_CONSOLE_MAPPING_HDR@@EB 000000018003f7c8     ConEmuPlugin.obj
 0003:000017d0       ?gbStartedUnderConsole2@@3HA 000000018003f7d0     ConEmuPlugin.obj
 0003:000017d4       ?gnSelfPID@@3KA            000000018003f7d4     ConEmuPlugin.obj
 0003:000017d8       ?ghFarInfoMapping@@3PEAXEA 000000018003f7d8     ConEmuPlugin.obj
 0003:000017e0       ?gpFarInfo@@3PEAUCEFAR_INFO_MAPPING@@EA 000000018003f7e0     ConEmuPlugin.obj
 0003:000017e8       ?gpFarInfoMapping@@3PEAUCEFAR_INFO_MAPPING@@EA 000000018003f7e8     ConEmuPlugin.obj
 0003:000017f0       ?ghFarAliveEvent@@3PEAXEA  000000018003f7f0     ConEmuPlugin.obj
 0003:000017f8       ?gPanelRegLeft@@3Utag_PanelViewRegInfo@@A 000000018003f7f8     ConEmuPlugin.obj
 0003:00001828       ?gPanelRegRight@@3Utag_PanelViewRegInfo@@A 000000018003f828     ConEmuPlugin.obj
 0003:00001858       ?ghConEmuCtrlPressed@@3PEAXEA 000000018003f858     ConEmuPlugin.obj
 0003:00001860       ?ghConEmuShiftPressed@@3PEAXEA 000000018003f860     ConEmuPlugin.obj
 0003:00001868       ?gbWaitConsoleInputEmpty@@3HA 000000018003f868     ConEmuPlugin.obj
 0003:0000186c       ?gbWaitConsoleWrite@@3HA   000000018003f86c     ConEmuPlugin.obj
 0003:00001870       ?ghConsoleInputEmpty@@3PEAXEA 000000018003f870     ConEmuPlugin.obj
 0003:00001878       ?ghConsoleWrite@@3PEAXEA   000000018003f878     ConEmuPlugin.obj
 0003:00001880       ?gnSynchroCount@@3HA       000000018003f880     ConEmuPlugin.obj
 0003:00001884       ?gbSynchroProhibited@@3_NA 000000018003f884     ConEmuPlugin.obj
 0003:00001885       ?gbInputSynchroPending@@3_NA 000000018003f885     ConEmuPlugin.obj
 0003:00001888       ?gbInfoW_OK@@3HA           000000018003f888     ConEmuPlugin.obj
 0003:0000188c       ?gnPeekReadCount@@3KA      000000018003f88c     ConEmuPlugin.obj
 0003:00001890       ?gbExitFarCalled@@3HA      000000018003f890     ConEmuPlugin.obj
 0003:0000189c       ?gbWasDetached@@3HA        000000018003f89c     ConEmuPlugin.obj
 0003:000018b0       ?InfoW995@@3PEAUPluginStartupInfo@@EA 000000018003f8b0     ConEmuPlugin995.obj
 0003:000018b8       ?FSFW995@@3PEAUFarStandardFunctions@@EA 000000018003f8b8     ConEmuPlugin995.obj
 0003:00001ad8       ?InfoW1900@@3PEAUPluginStartupInfo@@EA 000000018003fad8     ConEmuPlugin1900.obj
 0003:00001ae0       ?FSFW1900@@3PEAUFarStandardFunctions@@EA 000000018003fae0     ConEmuPlugin1900.obj
 0003:00001d38       ?LastIndex@?1??Color2FgIndex@Far3Color@@SAXKAEAG@Z@4HA 000000018003fd38     ConEmuPlugin1900.obj
 0003:00001d3c       ?LastColor@?1??Color2FgIndex@Far3Color@@SAXKAEAG@Z@4KA 000000018003fd3c     ConEmuPlugin1900.obj
 0003:00001d40       ?LastIndex@?1??Color2BgIndex@Far3Color@@SAXKHAEAG@Z@4HA 000000018003fd40     ConEmuPlugin1900.obj
 0003:00001d44       ?LastColor@?1??Color2BgIndex@Far3Color@@SAXKHAEAG@Z@4KA 000000018003fd44     ConEmuPlugin1900.obj
 0003:00001d50       ?InfoW2800@@3PEAUPluginStartupInfo@@EA 000000018003fd50     ConEmuPlugin2800.obj
 0003:00001d58       ?FSFW2800@@3PEAUFarStandardFunctions@@EA 000000018003fd58     ConEmuPlugin2800.obj
 0003:00001fc0       ?InfoA@@3PEAUPluginStartupInfo@@EA 000000018003ffc0     ConEmuPluginA.obj
 0003:00001fc8       ?FSFA@@3PEAUFarStandardFunctions@@EA 000000018003ffc8     ConEmuPluginA.obj
 0003:000020e0       ?gbNeedBgActivate@@3HA     00000001800400e0     PluginBackground.obj
 0003:000020e4       ?gbBgPluginsAllowed@@3HA   00000001800400e4     PluginBackground.obj
 0003:000020e8       ?gpBgPlugin@@3PEAVCPluginBackground@@EA 00000001800400e8     PluginBackground.obj
 0003:000020f0       ?gszPluginServerPipe@@3PA_WA 00000001800400f0     PluginSrv.obj
 0003:000022f8       ?gpPlugServer@@3PEAU?$PipeServer@UCESERVER_REQ@@@@EA 00000001800402f8     PluginSrv.obj
 0003:00002300       ?ghServerTerminateEvent@@3PEAXEA 0000000180040300     PluginSrv.obj
 0003:00002308       ?gbInCommonShutdown@@3HA   0000000180040308     Common.obj
 0003:00002310       ?OnShutdownConsole@@3P6AXXZEA 0000000180040310     Common.obj
 0003:00002320       ?gpLocalSecurity@@3PEAU_SECURITY_ATTRIBUTES@@EA 0000000180040320     ConEmuCheck.obj
 0003:00002328       ?ghWorkingModule@@3_KA     0000000180040328     ConEmuCheck.obj
 0003:00002388       ?AssertMsgBox@@3P6AHPEB_WI0PEAUHWND__@@_N@ZEA 0000000180040388     MAssert.obj
 0003:00002390       ?ghHeap@@3PEAXEA           0000000180040390     Memory.obj
 0003:00002398       ?gNullDesc@@3PEAVMNullDesc@@EA 0000000180040398     MSecurity.obj
 0003:000023a0       ?gpConsoleInfoStr@@3PEAU_CONSOLE_INFO@@EA 00000001800403a0     WinConsole.obj
 0003:000023a8       ?ghConsoleSection@@3PEAXEA 00000001800403a8     WinConsole.obj
 0003:000023d0       ?Is_Window@@3P6AHPEAUHWND__@@@ZEA 00000001800403d0     WinObjects.obj

 entry point at        0001:000023b0

 Static symbols

 0001:00000810       ?StringValidateDestW@@YAJPEB_W_K_K@Z 0000000180001810 f   ConEmuInjects.obj
 0001:00000850       ?StringCopyWorkerW@@YAJPEA_W_KPEA_KPEB_W1@Z 0000000180001850 f   ConEmuInjects.obj
 0001:000025c0       ?LoadFarVersion@@YA_NAEAUFarVersion@@AEAY0CAA@_W@Z 00000001800035c0 f   ConEmuPlugin.obj
 0001:00004010       ?StringValidateDestW@@YAJPEB_W_K_K@Z 0000000180005010 f   ConEmuPlugin.obj
 0001:00004050       ?StringValidateDestAndLengthW@@YAJPEB_W_KPEA_K_K@Z 0000000180005050 f   ConEmuPlugin.obj
 0001:000040c0       ?StringLengthWorkerW@@YAJPEB_W_KPEA_K@Z 00000001800050c0 f   ConEmuPlugin.obj
 0001:00004160       ?StringCopyWorkerW@@YAJPEA_W_KPEA_KPEB_W1@Z 0000000180005160 f   ConEmuPlugin.obj
 0001:00004250       ?ActivatePlugin@@YAHKPEAXK@Z 0000000180005250 f   ConEmuPlugin.obj
 0001:00004570       ?WaitPluginActivateion@@YAKKPEAPEAXHK@Z 0000000180005570 f   ConEmuPlugin.obj
 0001:00005530       ?ChangeExports@@YA_NPEBUExportFunc@@PEAUHINSTANCE__@@@Z 0000000180006530 f   ConEmuPlugin.obj
 0001:0000b4c0       ?GetPanelDir@@YAPEA_WPEAX@Z 000000018000c4c0 f   ConEmuPlugin995.obj
 0001:0000d6b0       ?LoadFarSettingsW995@@YAXPEAUCEFarInterfaceSettings@@PEAUCEFarPanelSettings@@@Z 000000018000e6b0 f   ConEmuPlugin995.obj
 0001:0000dbe0       ?CopyPanelInfoW@@YAXPEAUPanelInfo@@PEAUtag_BkPanelInfo@PaintBackgroundArg@@@Z 000000018000ebe0 f   ConEmuPlugin995.obj
 0001:0000de70       ?CallGuiMacroProc@@YAXXZ   000000018000ee70 f   ConEmuPlugin995.obj
 0001:0000e220       ?CallGuiMacroDlg@@YA_JPEAXHH_J@Z 000000018000f220 f   ConEmuPlugin995.obj
 0001:0000ef80       ?GetPanelDir@@YAPEA_WPEAX@Z 000000018000ff80 f   ConEmuPlugin1900.obj
 0001:000124f0       ?LoadFarSettingsW1900@@YAXPEAUCEFarInterfaceSettings@@PEAUCEFarPanelSettings@@@Z 00000001800134f0 f   ConEmuPlugin1900.obj
 0001:00012700       ?GetFarSetting@@YAHPEAX_KPEB_W@Z 0000000180013700 f   ConEmuPlugin1900.obj
 0001:00012c50       ?CopyPanelInfoW@@YAXPEAUPanelInfo@@PEAUtag_BkPanelInfo@PaintBackgroundArg@@@Z 0000000180013c50 f   ConEmuPlugin1900.obj
 0001:00012ff0       ?CallGuiMacroProc@@YAXXZ   0000000180013ff0 f   ConEmuPlugin1900.obj
 0001:00013400       ?CallGuiMacroDlg@@YA_JPEAXHH0@Z 0000000180014400 f   ConEmuPlugin1900.obj
 0001:00014340       ?GetPanelDir@@YAPEA_WPEAX@Z 0000000180015340 f   ConEmuPlugin2800.obj
 0001:00016eb0       ?LoadFarSettingsW2800@@YAXPEAUCEFarInterfaceSettings@@PEAUCEFarPanelSettings@@@Z 0000000180017eb0 f   ConEmuPlugin2800.obj
 0001:000170c0       ?GetFarSetting@@YAHPEAX_KPEB_W@Z 00000001800180c0 f   ConEmuPlugin2800.obj
 0001:00017620       ?CopyPanelInfoW@@YAXPEAUPanelInfo@@PEAUtag_BkPanelInfo@PaintBackgroundArg@@@Z 0000000180018620 f   ConEmuPlugin2800.obj
 0001:000179c0       ?CallGuiMacroProc@@YAXXZ   00000001800189c0 f   ConEmuPlugin2800.obj
 0001:00017dd0       ?CallGuiMacroDlg@@YA_JPEAX_J10@Z 0000000180018dd0 f   ConEmuPlugin2800.obj
 0001:00018290       ?MAKEFARVERSION@@YA?AUVersionInfo@@KKKKW4VERSION_STAGE@@@Z 0000000180019290 f   ConEmuPlugin2800.obj
 0001:0001ad20       ?LoadFarSettingsA@@YAXPEAUCEFarInterfaceSettings@@PEAUCEFarPanelSettings@@@Z 000000018001bd20 f   ConEmuPluginA.obj
 0001:0001b0b0       ?CopyPanelInfo@@YAXPEAUPanelInfo@@PEAUtag_BkPanelInfo@PaintBackgroundArg@@@Z 000000018001c0b0 f   ConEmuPluginA.obj
 0001:0001b240       ?CallGuiMacroProc@@YAXXZ   000000018001c240 f   ConEmuPluginA.obj
 0001:0001b660       ?CallGuiMacroDlg@@YA_JPEAXHH_J@Z 000000018001c660 f   ConEmuPluginA.obj
 0001:0001e6c0       ?StringValidateDestW@@YAJPEB_W_K_K@Z 000000018001f6c0 f   PluginBackground.obj
 0001:0001e700       ?StringCopyWorkerW@@YAJPEA_W_KPEA_KPEB_W1@Z 000000018001f700 f   PluginBackground.obj
 0001:000215c0       ?StringValidateDestW@@YAJPEB_W_K_K@Z 00000001800225c0 f   PluginSrv.obj
 0001:00021600       ?StringCopyWorkerW@@YAJPEA_W_KPEA_KPEB_W1@Z 0000000180022600 f   PluginSrv.obj
 0001:00023380       ?StringValidateDestW@@YAJPEB_W_K_K@Z 0000000180024380 f   Execute.obj
 0001:000233c0       ?StringCopyWorkerW@@YAJPEA_W_KPEA_KPEB_W1@Z 00000001800243c0 f   Execute.obj
 0001:00024390       ?StringValidateDestW@@YAJPEB_W_K_K@Z 0000000180025390 f   ConEmuCheck.obj
 0001:000243d0       ?StringCopyWorkerW@@YAJPEA_W_KPEA_KPEB_W1@Z 00000001800253d0 f   ConEmuCheck.obj
 0001:00025c70       ?StringValidateDestW@@YAJPEB_W_K_K@Z 0000000180026c70 f   ConEmuCheckEx.obj
 0001:00025cb0       ?StringCopyWorkerW@@YAJPEA_W_KPEA_KPEB_W1@Z 0000000180026cb0 f   ConEmuCheckEx.obj
 0001:00025e40       ?StringValidateDestAndLengthW@@YAJPEB_W_KPEA_K_K@Z 0000000180026e40 f   ConEmuCheckEx.obj
 0001:00025eb0       ?StringLengthWorkerW@@YAJPEB_W_KPEA_K@Z 0000000180026eb0 f   ConEmuCheckEx.obj
 0001:00026290       ?StringValidateDestA@@YAJPEBD_K_K@Z 0000000180027290 f   Memory.obj
 0001:000262d0       ?StringCopyWorkerA@@YAJPEAD_KPEA_KPEBD1@Z 00000001800272d0 f   Memory.obj
 0001:00026450       ?StringValidateDestW@@YAJPEB_W_K_K@Z 0000000180027450 f   Memory.obj
 0001:00026490       ?StringCopyWorkerW@@YAJPEA_W_KPEA_KPEB_W1@Z 0000000180027490 f   Memory.obj
 0001:0002c2d0       ?StringValidateDestW@@YAJPEB_W_K_K@Z 000000018002d2d0 f   WinObjects.obj
 0001:0002c310       ?StringCopyWorkerW@@YAJPEA_W_KPEA_KPEB_W1@Z 000000018002d310 f   WinObjects.obj
 0001:0002cc90       ?CheckRegKeyExist@@YA_NPEAURegKeyExistArg@@@Z 000000018002dc90 f   WinObjects.obj
 0001:00030260       ?StringValidateDestAndLengthW@@YAJPEB_W_KPEA_K_K@Z 0000000180031260 f   WinObjects.obj
 0001:000302d0       ?StringLengthWorkerW@@YAJPEB_W_KPEA_K@Z 00000001800312d0 f   WinObjects.obj
