 ConEmu

 Timestamp is 53162d3b (Tue Mar 04 23:44:59 2014)

 Preferred load address is 10000000

 Start         Length     Name                   Class
 0001:00000000 0002d366H .text                   CODE
 0002:00000000 0000035cH .idata$5                DATA
 0002:00000360 00003aa0H .rdata                  DATA
 0002:00003e00 0000006fH .rdata$debug            DATA
 0002:00003e70 0000000cH .rdata$sxdata           DATA
 0002:00003e80 0000003cH .xdata$x                DATA
 0002:00003ebc 00000078H .idata$2                DATA
 0002:00003f34 00000014H .idata$3                DATA
 0002:00003f48 0000035cH .idata$4                DATA
 0002:000042a4 00000f3eH .idata$6                DATA
 0002:000051f0 00000337H .edata                  DATA
 0003:00000000 00000198H .data                   DATA
 0003:00000198 000023f8H .bss                    DATA
 0004:00000000 00000004H .CRT$XIC                DATA
 0005:00000000 00000058H .rsrc$01                DATA
 0005:00000060 00000290H .rsrc$02                DATA

  Address         Publics by Value              Rva+Base       Lib:Object

 0000:00000000       __except_list              00000000     <absolute>
 0000:00000003       ___safe_se_handler_count   00000003     <absolute>
 0000:00000000       ___ImageBase               10000000     <linker-defined>
 0001:00000000       ?StartupHooks@@YIHPAUHINSTANCE__@@@Z 10001000 f   ConEmuInjects.obj
 0001:000003c0       ?ShutdownHooks@@YIXXZ      100013c0 f   ConEmuInjects.obj
 0001:00000570       ??$wcscpy_c@$0EA@@@YIHAAY0EA@_WPB_W@Z 10001570 f i ConEmuInjects.obj
 0001:000005a0       ?StringCchCopyW@@YGJPA_WIPB_W@Z 100015a0 f i ConEmuInjects.obj
 0001:000006d0       ?pcc_Selected@@YI_NW4PluginMenuCommands@@@Z 100016d0 f   ConEmuPlugin.obj
 0001:00000740       ?pcc_Disabled@@YI_NW4PluginMenuCommands@@@Z 10001740 f   ConEmuPlugin.obj
 0001:000007f0       ?GetPluginInfoWcmn@@YGXPAX@Z 100017f0 f   ConEmuPlugin.obj
 0001:00000830       ?CheckConEmuDetached@@YIXXZ 10001830 f   ConEmuPlugin.obj
 0001:000008d0       ??BHWND2@@QBEKXZ           100018d0 f i ConEmuPlugin.obj
 0001:000008e0       ?OpenPluginWcmn@@YIPAXHH_N@Z 100018e0 f   ConEmuPlugin.obj
 0001:00000b70       _OpenPluginW@8             10001b70 f   ConEmuPlugin.obj
 0001:00000bb0       ?TouchReadPeekConsoleInputs@@YIXH@Z 10001bb0 f   ConEmuPlugin.obj
 0001:00000bf0       ?OnMainThreadActivated@@YIXXZ 10001bf0 f   ConEmuPlugin.obj
 0001:00000e70       ?IsFarLua@FarVersion@@QBE_NXZ 10001e70 f i ConEmuPlugin.obj
 0001:00000ec0       ?OnConsolePeekReadInput@@YIXH@Z 10001ec0 f   ConEmuPlugin.obj
 0001:000010b0       ?ActiveServerPID@CESERVER_CONSOLE_MAPPING_HDR@@QBEKXZ 100020b0 f i ConEmuPlugin.obj
 0001:000010f0       ?OnPanelViewCallbacks@@YIHPAUHookCallbackArg@@P6GHPAXPAU_INPUT_RECORD@@KPAKPAH@Z5@Z 100020f0 f   ConEmuPlugin.obj
 0001:000011d0       ?OnShellExecuteExW_Except@@YGXPAUHookCallbackArg@@@Z 100021d0 f   ConEmuPlugin.obj
 0001:00001210       ?OnGetNumberOfConsoleInputEventsPost@@YGXPAUHookCallbackArg@@@Z 10002210 f   ConEmuPlugin.obj
 0001:00001250       ?UngetDummyMouseEvent@@YIHHPAUHookCallbackArg@@@Z 10002250 f   ConEmuPlugin.obj
 0001:00001480       ??4HANDLE2@@QAEAAU0@PAX@Z  10002480 f i ConEmuPlugin.obj
 0001:000014a0       ?OnConsolePeekInput@@YGHPAUHookCallbackArg@@@Z 100024a0 f   ConEmuPlugin.obj
 0001:00001520       ?OnConsolePeekInputPost@@YGXPAUHookCallbackArg@@@Z 10002520 f   ConEmuPlugin.obj
 0001:00001560       ?OnConsoleReadInputWork@@YIHPAUHookCallbackArg@@@Z 10002560 f   ConEmuPlugin.obj
 0001:000015f0       ?OnConsoleReadInput@@YGHPAUHookCallbackArg@@@Z 100025f0 f   ConEmuPlugin.obj
 0001:00001600       ?OnConsoleReadInputPost@@YGXPAUHookCallbackArg@@@Z 10002600 f   ConEmuPlugin.obj
 0001:00001840       ?OnWriteConsoleOutput@@YGHPAUHookCallbackArg@@@Z 10002840 f   ConEmuPlugin.obj
 0001:00001920       _ProcessSynchroEventW@8    10002920 f   ConEmuPlugin.obj
 0001:000019d0       ?ShutdownPluginStep@@YIXPB_WHHHH@Z 100029d0 f   ConEmuPlugin.obj
 0001:000019f0       _DllMain@12                100029f0 f   ConEmuPlugin.obj
 0001:00001c60       ??_GMSection@@QAEPAXI@Z    10002c60 f i ConEmuPlugin.obj
 0001:00001c90       ??_GCPluginBackground@@QAEPAXI@Z 10002c90 f i ConEmuPlugin.obj
 0001:00001cc0       __DllMainCRTStartup@12     10002cc0 f   ConEmuPlugin.obj
 0001:00001ce0       ?IsConsoleActive@@YGHXZ    10002ce0 f   ConEmuPlugin.obj
 0001:00001d40       ?GetFarHWND2@@YGPAUHWND__@@H@Z 10002d40 f   ConEmuPlugin.obj
 0001:00001db0       ?GetFarHWND@@YGPAUHWND__@@XZ 10002db0 f   ConEmuPlugin.obj
 0001:00001dc0       ?IsTerminalMode@@YGHXZ     10002dc0 f   ConEmuPlugin.obj
 0001:00001dd0       ?GetFarVersion@@YGXPAUFarVersion@@@Z 10002dd0 f   ConEmuPlugin.obj
 0001:00001e00       ?LoadFarVersion@@YIHXZ     10002e00 f   ConEmuPlugin.obj
 0001:00002190       ?RegisterPanelView@@YGHPAUPanelViewInit@@@Z 10003190 f   ConEmuPlugin.obj
 0001:00002380       ?RegisterBackground@@YGHPAURegisterBackgroundArg@@@Z 10003380 f   ConEmuPlugin.obj
 0001:00002410       ?SyncExecute@@YGHPAUHINSTANCE__@@P6GXJ@ZJ@Z 10003410 f   ConEmuPlugin.obj
 0001:00002460       ?ActivateConsole@@YGHXZ    10003460 f   ConEmuPlugin.obj
 0001:000024f0       ??BHWND2@@QBEPAUHWND__@@XZ 100034f0 f i ConEmuPlugin.obj
 0001:00002500       ??4HWND2@@QAEAAU0@PAUHWND__@@@Z 10003500 f i ConEmuPlugin.obj
 0001:00002520       ?ExecuteSynchro@@YIXXZ     10003520 f   ConEmuPlugin.obj
 0001:000025e0       ?ProcessCommand@@YIHKHPAXPAPAUCESERVER_REQ@@@Z 100035e0 f   ConEmuPlugin.obj
 0001:00003370       ?StringCchCatW@@YGJPA_WIPB_W@Z 10004370 f i ConEmuPlugin.obj
 0001:00003940       ?FarSetConsoleSize@@YIHFF@Z 10004940 f   ConEmuPlugin.obj
 0001:00003a50       ?OnConsoleDetaching@@YGHPAUHookCallbackArg@@@Z 10004a50 f   ConEmuPlugin.obj
 0001:00003b70       ?OnConsoleWasAttached@@YGXPAUHookCallbackArg@@@Z 10004b70 f   ConEmuPlugin.obj
 0001:00003bd0       ?MonitorThreadProcW@@YGKPAX@Z 10004bd0 f   ConEmuPlugin.obj
 0001:00003f70       ?CommonPluginStartup@@YIXXZ 10004f70 f   ConEmuPlugin.obj
 0001:00004080       _SetStartupInfoW@4         10005080 f   ConEmuPlugin.obj
 0001:000040e0       ?CloseMapHeader@@YIXXZ     100050e0 f   ConEmuPlugin.obj
 0001:00004110       ?OpenMapHeader@@YIHXZ      10005110 f   ConEmuPlugin.obj
 0001:000041d0       ?InitRootKey@@YIXXZ        100051d0 f   ConEmuPlugin.obj
 0001:00004290       ?InitHWND@@YIXXZ           10005290 f   ConEmuPlugin.obj
 0001:000047a0       ?ReloadFarInfo@@YIHH@Z     100057a0 f   ConEmuPlugin.obj
 0001:00004c00       ?UpdateConEmuTabsW@@YI_NH_N0PAX@Z 10005c00 f   ConEmuPlugin.obj
 0001:00004cf0       ?UpdateConEmuTabs@@YI_NH_N0PAX@Z 10005cf0 f   ConEmuPlugin.obj
 0001:00004f10       ?CreateTabs@@YIHH@Z        10005f10 f   ConEmuPlugin.obj
 0001:00004ff0       ?AddTab@@YIHAAH_N1HPB_W2HHHH@Z 10005ff0 f   ConEmuPlugin.obj
 0001:00005430       _wmemcmp                   10006430 f i ConEmuPlugin.obj
 0001:00005490       ?SendTabs@@YIXHH@Z         10006490 f   ConEmuPlugin.obj
 0001:00005660       _ProcessEditorInputW@4     10006660 f   ConEmuPlugin.obj
 0001:000056a0       _ProcessEditorEventW@8     100066a0 f   ConEmuPlugin.obj
 0001:00005730       _ProcessViewerEventW@8     10006730 f   ConEmuPlugin.obj
 0001:000057b0       ?FillLoadedParm@@YIXPAUConEmuLoadedArg@@PAUHINSTANCE__@@H@Z 100067b0 f   ConEmuPlugin.obj
 0001:00005890       ?NotifyConEmuUnloaded@@YIXXZ 10006890 f   ConEmuPlugin.obj
 0001:000059d0       ?StopThread@@YIXXZ         100069d0 f   ConEmuPlugin.obj
 0001:00005d30       ??_G?$MFileMapping@UCESERVER_CONSOLE_MAPPING_HDR@@@@QAEPAXI@Z 10006d30 f i ConEmuPlugin.obj
 0001:00005d60       _ProcessDialogEventW@8     10006d60 f   ConEmuPlugin.obj
 0001:00005d70       ?OpenW@@YGPAXPBX@Z         10006d70 f   ConEmuPlugin.obj
 0001:00005dc0       ?ProcessConsoleInputW@@YGHPAX@Z 10006dc0 f   ConEmuPlugin.obj
 0001:00005df0       ?ProcessEditorEventW3@@YGHPAX@Z 10006df0 f   ConEmuPlugin.obj
 0001:00005e20       ?ProcessViewerEventW3@@YGHPAX@Z 10006e20 f   ConEmuPlugin.obj
 0001:00005e50       ?ProcessDialogEventW3@@YGHPAX@Z 10006e50 f   ConEmuPlugin.obj
 0001:00005e80       ?ProcessSynchroEventW3@@YGHPAX@Z 10006e80 f   ConEmuPlugin.obj
 0001:00005eb0       ?ExitFarCmn@@YIXXZ         10006eb0 f   ConEmuPlugin.obj
 0001:00005ef0       _ExitFARW@0                10006ef0 f   ConEmuPlugin.obj
 0001:00005f60       ?ExitFARW3@@YGXPAX@Z       10006f60 f   ConEmuPlugin.obj
 0001:00005fb0       ?CheckResources@@YIXH@Z    10006fb0 f   ConEmuPlugin.obj
 0001:00006110       ?InitResources@@YIXXZ      10007110 f   ConEmuPlugin.obj
 0001:00006400       ?StringCchCopyNW@@YGJPA_WIPB_WI@Z 10007400 f i ConEmuPlugin.obj
 0001:00006460       ?DataSize@CESERVER_REQ@@QAEKXZ 10007460 f i ConEmuPlugin.obj
 0001:00006490       ?CloseTabs@@YIXXZ          10007490 f   ConEmuPlugin.obj
 0001:00006510       ?OutDataAlloc@@YIHK@Z      10007510 f   ConEmuPlugin.obj
 0001:00006580       ?OutDataRealloc@@YIHK@Z    10007580 f   ConEmuPlugin.obj
 0001:00006660       ?OutDataWrite@@YIHPAXK@Z   10007660 f   ConEmuPlugin.obj
 0001:00006730       ?ShowMessage@@YIHHH@Z      10007730 f   ConEmuPlugin.obj
 0001:000067a0       ?ShowMessage@@YIHPB_WH_N@Z 100077a0 f   ConEmuPlugin.obj
 0001:00006890       ?ShowMessageGui@@YIHHH@Z   10007890 f   ConEmuPlugin.obj
 0001:00006970       ?GetMsgW@@YIPB_WH@Z        10007970 f   ConEmuPlugin.obj
 0001:000069d0       ?PostMacro@@YIXPB_WPAU_INPUT_RECORD@@@Z 100079d0 f   ConEmuPlugin.obj
 0001:00006b30       ?ShowPluginMenu@@YIXW4PluginCallCommands@@@Z 10007b30 f   ConEmuPlugin.obj
 0001:00007560       ?FindServerCmd@@YIHKAAK_N@Z 10008560 f   ConEmuPlugin.obj
 0001:00007660       ?Attach2Gui@@YIHXZ         10008660 f   ConEmuPlugin.obj
 0001:00007b00       ?StartDebugger@@YIHXZ      10008b00 f   ConEmuPlugin.obj
 0001:00007e20       ?wcsrchr@@YAPA_WPA_W_W@Z   10008e20 f i ConEmuPlugin.obj
 0001:00007e40       ?IsMacroActive@@YIHXZ      10008e40 f   ConEmuPlugin.obj
 0001:00007eb0       ?GetMacroArea@@YIHXZ       10008eb0 f   ConEmuPlugin.obj
 0001:00007f10       ?RedrawAll@@YIXXZ          10008f10 f   ConEmuPlugin.obj
 0001:00007f70       ?GetEditorModifiedState@@YIKXZ 10008f70 f   ConEmuPlugin.obj
 0001:00007fc0       ?GetActiveWindowType@@YIHXZ 10008fc0 f   ConEmuPlugin.obj
 0001:00008010       ?RunExternalProgramW@@YI_NPA_W0_N@Z 10009010 f   ConEmuPlugin.obj
 0001:00008240       ?Disable@MWow64Disable@@QAEXXZ 10009240 f i ConEmuPlugin.obj
 0001:00008270       ?Restore@MWow64Disable@@QAEXXZ 10009270 f i ConEmuPlugin.obj
 0001:000082b0       ??0MWow64Disable@@QAE@XZ   100092b0 f i ConEmuPlugin.obj
 0001:00008330       ??1MWow64Disable@@QAE@XZ   10009330 f i ConEmuPlugin.obj
 0001:00008350       ?ShowConsoleInfo@@YIXXZ    10009350 f   ConEmuPlugin.obj
 0001:000084c0       ?GetMainThreadId@@YIKXZ    100094c0 f   ConEmuPlugin.obj
 0001:00008560       ?OnLibraryLoaded@@YGXPAUHINSTANCE__@@@Z 10009560 f   ConEmuPlugin.obj
 0001:000085e0       ?_calloc@@YIPAXII@Z        100095e0 f   ConEmuPlugin.obj
 0001:00008600       ?_malloc@@YIPAXI@Z         10009600 f   ConEmuPlugin.obj
 0001:00008620       ?_free@@YIXPAX@Z           10009620 f   ConEmuPlugin.obj
 0001:00008640       ?Ptr@?$MFileMapping@UCESERVER_CONSOLE_MAPPING_HDR@@@@QAEPAUCESERVER_CONSOLE_MAPPING_HDR@@XZ 10009640 f i ConEmuPlugin.obj
 0001:00008660       ?InitName@?$MFileMapping@UCESERVER_CONSOLE_MAPPING_HDR@@@@QAEPB_WPB_WKK@Z 10009660 f i ConEmuPlugin.obj
 0001:000086b0       ?CloseMap@?$MFileMapping@UCESERVER_CONSOLE_MAPPING_HDR@@@@QAEXXZ 100096b0 f i ConEmuPlugin.obj
 0001:00008720       ?Open@?$MFileMapping@UCESERVER_CONSOLE_MAPPING_HDR@@@@QAEPAUCESERVER_CONSOLE_MAPPING_HDR@@HH@Z 10009720 f i ConEmuPlugin.obj
 0001:00008740       ??0?$MFileMapping@UCESERVER_CONSOLE_MAPPING_HDR@@@@QAE@XZ 10009740 f i ConEmuPlugin.obj
 0001:000087a0       ??1?$MFileMapping@UCESERVER_CONSOLE_MAPPING_HDR@@@@QAE@XZ 100097a0 f i ConEmuPlugin.obj
 0001:000087c0       ?ClosePtr@?$MFileMapping@UCESERVER_CONSOLE_MAPPING_HDR@@@@QAEXXZ 100097c0 f i ConEmuPlugin.obj
 0001:000087f0       ?InternalOpenCreate@?$MFileMapping@UCESERVER_CONSOLE_MAPPING_HDR@@@@IAEPAUCESERVER_CONSOLE_MAPPING_HDR@@HHH@Z 100097f0 f i ConEmuPlugin.obj
 0001:000089e0       ??$wcscpy_c@$0BBE@@@YIHAAY0BBE@_WPB_W@Z 100099e0 f i ConEmuPlugin.obj
 0001:00008a10       ??$wcscat_c@$0BBE@@@YIHAAY0BBE@_WPB_W@Z 10009a10 f i ConEmuPlugin.obj
 0001:00008a40       ??$wcscat_c@$0CAE@@@YIHAAY0CAE@_WPB_W@Z 10009a40 f i ConEmuPlugin.obj
 0001:00008a70       ??$wcscpy_c@$0CAI@@@YIHAAY0CAI@_WPB_W@Z 10009a70 f i ConEmuPlugin.obj
 0001:00008aa0       _GetMinFarVersionW@0       10009aa0 f   ConEmuPlugin995.obj
 0001:00008ab0       ?GetPluginInfoW995@@YIXPAX@Z 10009ab0 f   ConEmuPlugin995.obj
 0001:00008b40       ?ProcessDragFromW995@@YIXXZ 10009b40 f   ConEmuPlugin995.obj
 0001:00009340       ?ProcessDragToW995@@YIXXZ  1000a340 f   ConEmuPlugin995.obj
 0001:00009800       ?SetStartupInfoW995@@YIXPAX@Z 1000a800 f   ConEmuPlugin995.obj
 0001:00009a00       ?GetEditorModifiedStateW995@@YIKXZ 1000aa00 f   ConEmuPlugin995.obj
 0001:00009a40       ?ProcessEditorInputW995@@YIHPBX@Z 1000aa40 f   ConEmuPlugin995.obj
 0001:00009ab0       ?UpdateConEmuTabsW995@@YI_NH_N0PAX@Z 1000aab0 f   ConEmuPlugin995.obj
 0001:00009ef0       ?ExitFARW995@@YIXXZ        1000aef0 f   ConEmuPlugin995.obj
 0001:00009f70       ?ShowMessageW995@@YIHPB_WH_N@Z 1000af70 f   ConEmuPlugin995.obj
 0001:0000a000       ?ShowMessageW995@@YIHHH@Z  1000b000 f   ConEmuPlugin995.obj
 0001:0000a060       ?GetMsgW995@@YIPB_WH@Z     1000b060 f   ConEmuPlugin995.obj
 0001:0000a0a0       ?SetWindowW995@@YIXH@Z     1000b0a0 f   ConEmuPlugin995.obj
 0001:0000a100       ?PostMacroW995@@YIXPB_WPAU_INPUT_RECORD@@@Z 1000b100 f   ConEmuPlugin995.obj
 0001:0000a1a0       ?ShowPluginMenuW995@@YIHPAUConEmuPluginMenuItem@@H@Z 1000b1a0 f   ConEmuPlugin995.obj
 0001:0000a330       ?EditOutputW995@@YIHPB_WH@Z 1000b330 f   ConEmuPlugin995.obj
 0001:0000a3f0       ?ExecuteSynchroW995@@YIHXZ 1000b3f0 f   ConEmuPlugin995.obj
 0001:0000a480       ?WaitEndSynchroW995@@YIXXZ 1000b480 f   ConEmuPlugin995.obj
 0001:0000a610       ?StopWaitEndSynchroW995@@YIXXZ 1000b610 f   ConEmuPlugin995.obj
 0001:0000a640       ?IsMacroActiveW995@@YIHXZ  1000b640 f   ConEmuPlugin995.obj
 0001:0000a6a0       ?GetMacroAreaW995@@YIHXZ   1000b6a0 f   ConEmuPlugin995.obj
 0001:0000a6e0       ?RedrawAllW995@@YIXXZ      1000b6e0 f   ConEmuPlugin995.obj
 0001:0000a710       ?LoadPluginW995@@YI_NPA_W@Z 1000b710 f   ConEmuPlugin995.obj
 0001:0000a740       ?RunExternalProgramW995@@YI_NPA_W@Z 1000b740 f   ConEmuPlugin995.obj
 0001:0000aa30       ?wcschr@@YAPA_WPA_W_W@Z    1000ba30 f i ConEmuPlugin995.obj
 0001:0000aa50       ?wcsstr@@YAPA_WPA_WPB_W@Z  1000ba50 f i ConEmuPlugin995.obj
 0001:0000aa70       ?ProcessCommandLineW995@@YI_NPA_W@Z 1000ba70 f   ConEmuPlugin995.obj
 0001:0000aac0       ?LoadFarColorsW995@@YIXAAY0BAA@E@Z 1000bac0 f   ConEmuPlugin995.obj
 0001:0000abb0       ?ReloadFarInfoW995@@YIHXZ  1000bbb0 f   ConEmuPlugin995.obj
 0001:0000ade0       ?ExecuteQuitFar995@@YIXXZ  1000bde0 f   ConEmuPlugin995.obj
 0001:0000ae30       ?CheckBufferEnabledW995@@YIHXZ 1000be30 f   ConEmuPlugin995.obj
 0001:0000aed0       ?FillUpdateBackgroundW995@@YIXPAUPaintBackgroundArg@@@Z 1000bed0 f   ConEmuPlugin995.obj
 0001:0000b2a0       ?GetActiveWindowTypeW995@@YIHXZ 1000c2a0 f   ConEmuPlugin995.obj
 0001:0000b370       ?GuiMacroDlgW995@@YIXXZ    1000c370 f   ConEmuPlugin995.obj
 0001:0000b880       ?GetPluginInfoW1900@@YIXPAX@Z 1000c880 f   ConEmuPlugin1900.obj
 0001:0000b8f0       ?ProcessDragFromW1900@@YIXXZ 1000c8f0 f   ConEmuPlugin1900.obj
 0001:0000c220       ?ProcessDragToW1900@@YIXXZ 1000d220 f   ConEmuPlugin1900.obj
 0001:0000c7b0       ?SetStartupInfoW1900@@YIXPAX@Z 1000d7b0 f   ConEmuPlugin1900.obj
 0001:0000c920       ?GetEditorModifiedStateW1900@@YIKXZ 1000d920 f   ConEmuPlugin1900.obj
 0001:0000c960       ?ProcessEditorEventW1900@@YGHPAX@Z 1000d960 f   ConEmuPlugin1900.obj
 0001:0000c990       ?ProcessViewerEventW1900@@YGHPAX@Z 1000d990 f   ConEmuPlugin1900.obj
 0001:0000c9c0       ?ProcessDialogEventW1900@@YGHPAX@Z 1000d9c0 f   ConEmuPlugin1900.obj
 0001:0000c9f0       ?ProcessSynchroEventW1900@@YGHPAX@Z 1000d9f0 f   ConEmuPlugin1900.obj
 0001:0000ca20       ?ProcessEditorInputW1900@@YIHPBX@Z 1000da20 f   ConEmuPlugin1900.obj
 0001:0000caa0       ?UpdateConEmuTabsW1900@@YI_NH_N0PAX@Z 1000daa0 f   ConEmuPlugin1900.obj
 0001:0000d210       ?ExitFARW1900@@YIXXZ       1000e210 f   ConEmuPlugin1900.obj
 0001:0000d290       ?ShowMessageW1900@@YIHPB_WH_N@Z 1000e290 f   ConEmuPlugin1900.obj
 0001:0000d380       ?ShowMessageW1900@@YIHHH@Z 1000e380 f   ConEmuPlugin1900.obj
 0001:0000d3e0       ?GetMsgW1900@@YIPB_WH@Z    1000e3e0 f   ConEmuPlugin1900.obj
 0001:0000d420       ?SetWindowW1900@@YIXH@Z    1000e420 f   ConEmuPlugin1900.obj
 0001:0000d480       ?PostMacroW1900@@YIXPB_WPAU_INPUT_RECORD@@@Z 1000e480 f   ConEmuPlugin1900.obj
 0001:0000db80       ?ShowPluginMenuW1900@@YIHPAUConEmuPluginMenuItem@@H@Z 1000eb80 f   ConEmuPlugin1900.obj
 0001:0000dda0       ?EditOutputW1900@@YIHPB_WH@Z 1000eda0 f   ConEmuPlugin1900.obj
 0001:0000de60       ?ExecuteSynchroW1900@@YIHXZ 1000ee60 f   ConEmuPlugin1900.obj
 0001:0000def0       ?WaitEndSynchroW1900@@YIXXZ 1000eef0 f   ConEmuPlugin1900.obj
 0001:0000df00       ?StopWaitEndSynchroW1900@@YIXXZ 1000ef00 f   ConEmuPlugin1900.obj
 0001:0000df30       ?IsMacroActiveW1900@@YIHXZ 1000ef30 f   ConEmuPlugin1900.obj
 0001:0000df70       ?GetMacroAreaW1900@@YIHXZ  1000ef70 f   ConEmuPlugin1900.obj
 0001:0000dfa0       ?RedrawAllW1900@@YIXXZ     1000efa0 f   ConEmuPlugin1900.obj
 0001:0000dfd0       ?LoadPluginW1900@@YI_NPA_W@Z 1000efd0 f   ConEmuPlugin1900.obj
 0001:0000e000       ?RunExternalProgramW1900@@YI_NPA_W@Z 1000f000 f   ConEmuPlugin1900.obj
 0001:0000e2e0       ?ProcessCommandLineW1900@@YI_NPA_W@Z 1000f2e0 f   ConEmuPlugin1900.obj
 0001:0000e330       ?LoadFarColorsW1900@@YIXAAY0BAA@E@Z 1000f330 f   ConEmuPlugin1900.obj
 0001:0000e4c0       ?FarColor_3_2@@YIEABUFarColor@@@Z 1000f4c0 f i ConEmuPlugin1900.obj
 0001:0000e5c0       ?Color2FgIndex@Far3Color@@SIXKAAG@Z 1000f5c0 f i ConEmuPlugin1900.obj
 0001:0000e700       ?Max@Far3Color@@SIHHH@Z    1000f700 f i ConEmuPlugin1900.obj
 0001:0000e730       ?GetStdIndex@Far3Color@@SIHK@Z 1000f730 f i ConEmuPlugin1900.obj
 0001:0000e7e0       ?Color2BgIndex@Far3Color@@SIXKHAAG@Z 1000f7e0 f i ConEmuPlugin1900.obj
 0001:0000e950       ?ReloadFarInfoW1900@@YIHXZ 1000f950 f   ConEmuPlugin1900.obj
 0001:0000ed10       ?ExecuteQuitFarW1900@@YIXXZ 1000fd10 f   ConEmuPlugin1900.obj
 0001:0000ed60       ?CheckBufferEnabledW1900@@YIHXZ 1000fd60 f   ConEmuPlugin1900.obj
 0001:0000ee00       ?FillUpdateBackgroundW1900@@YIXPAUPaintBackgroundArg@@@Z 1000fe00 f   ConEmuPlugin1900.obj
 0001:0000f320       ?GetActiveWindowTypeW1900@@YIHXZ 10010320 f   ConEmuPlugin1900.obj
 0001:0000f3e0       ?GuiMacroDlgW1900@@YIXXZ   100103e0 f   ConEmuPlugin1900.obj
 0001:0000f9a0       ?OpenW1900@@YGPAXPBX@Z     100109a0 f   ConEmuPlugin1900.obj
 0001:0000fac0       ?ProcessConsoleInputW1900@@YGHPAX@Z 10010ac0 f   ConEmuPlugin1900.obj
 0001:0000fae0       ?GetPluginInfoW2800@@YIXPAX@Z 10010ae0 f   ConEmuPlugin2800.obj
 0001:0000fb50       ?ProcessDragFromW2800@@YIXXZ 10010b50 f   ConEmuPlugin2800.obj
 0001:00010480       ?ProcessDragToW2800@@YIXXZ 10011480 f   ConEmuPlugin2800.obj
 0001:00010a10       ?SetStartupInfoW2800@@YIXPAX@Z 10011a10 f   ConEmuPlugin2800.obj
 0001:00010b80       ?GetEditorModifiedStateW2800@@YIKXZ 10011b80 f   ConEmuPlugin2800.obj
 0001:00010bc0       ?ProcessEditorEventW2800@@YGHPAX@Z 10011bc0 f   ConEmuPlugin2800.obj
 0001:00010bf0       ?ProcessViewerEventW2800@@YGHPAX@Z 10011bf0 f   ConEmuPlugin2800.obj
 0001:00010c20       ?ProcessDialogEventW2800@@YGHPAX@Z 10011c20 f   ConEmuPlugin2800.obj
 0001:00010c50       ?ProcessSynchroEventW2800@@YGHPAX@Z 10011c50 f   ConEmuPlugin2800.obj
 0001:00010c80       ?ProcessEditorInputW2800@@YIHPBX@Z 10011c80 f   ConEmuPlugin2800.obj
 0001:00010d00       ?UpdateConEmuTabsW2800@@YI_NH_N0PAX@Z 10011d00 f   ConEmuPlugin2800.obj
 0001:00011500       ?ExitFARW2800@@YIXXZ       10012500 f   ConEmuPlugin2800.obj
 0001:00011580       ?ShowMessageW2800@@YIHPB_WH_N@Z 10012580 f   ConEmuPlugin2800.obj
 0001:00011670       ?ShowMessageW2800@@YIHHH@Z 10012670 f   ConEmuPlugin2800.obj
 0001:000116d0       ?GetMsgW2800@@YIPB_WH@Z    100126d0 f   ConEmuPlugin2800.obj
 0001:00011710       ?SetWindowW2800@@YIXH@Z    10012710 f   ConEmuPlugin2800.obj
 0001:00011770       ?BackgroundMacroError@@YGKPAX@Z 10012770 f   ConEmuPlugin2800.obj
 0001:000117c0       ?PostMacroW2800@@YIXPB_WPAU_INPUT_RECORD@@@Z 100127c0 f   ConEmuPlugin2800.obj
 0001:00011b30       ?ShowPluginMenuW2800@@YIHPAUConEmuPluginMenuItem@@H@Z 10012b30 f   ConEmuPlugin2800.obj
 0001:00011d50       ?EditOutputW2800@@YIHPB_WH@Z 10012d50 f   ConEmuPlugin2800.obj
 0001:00011e10       ?ExecuteSynchroW2800@@YIHXZ 10012e10 f   ConEmuPlugin2800.obj
 0001:00011ea0       ?WaitEndSynchroW2800@@YIXXZ 10012ea0 f   ConEmuPlugin2800.obj
 0001:00011eb0       ?StopWaitEndSynchroW2800@@YIXXZ 10012eb0 f   ConEmuPlugin2800.obj
 0001:00011ee0       ?IsMacroActiveW2800@@YIHXZ 10012ee0 f   ConEmuPlugin2800.obj
 0001:00011f20       ?GetMacroAreaW2800@@YIHXZ  10012f20 f   ConEmuPlugin2800.obj
 0001:00011f50       ?RedrawAllW2800@@YIXXZ     10012f50 f   ConEmuPlugin2800.obj
 0001:00011f80       ?LoadPluginW2800@@YI_NPA_W@Z 10012f80 f   ConEmuPlugin2800.obj
 0001:00011fb0       ?RunExternalProgramW2800@@YI_NPA_W@Z 10012fb0 f   ConEmuPlugin2800.obj
 0001:00012290       ?ProcessCommandLineW2800@@YI_NPA_W@Z 10013290 f   ConEmuPlugin2800.obj
 0001:000122e0       ?LoadFarColorsW2800@@YIXAAY0BAA@E@Z 100132e0 f   ConEmuPlugin2800.obj
 0001:00012470       ?ReloadFarInfoW2800@@YIHXZ 10013470 f   ConEmuPlugin2800.obj
 0001:00012830       ?ExecuteQuitFarW2800@@YIXXZ 10013830 f   ConEmuPlugin2800.obj
 0001:00012880       ?CheckBufferEnabledW2800@@YIHXZ 10013880 f   ConEmuPlugin2800.obj
 0001:00012920       ?FillUpdateBackgroundW2800@@YIXPAUPaintBackgroundArg@@@Z 10013920 f   ConEmuPlugin2800.obj
 0001:00012e40       ?GetActiveWindowTypeW2800@@YIHXZ 10013e40 f   ConEmuPlugin2800.obj
 0001:00012f00       ?GuiMacroDlgW2800@@YIXXZ   10013f00 f   ConEmuPlugin2800.obj
 0001:00013450       _GetGlobalInfoW@4          10014450 f   ConEmuPlugin2800.obj
 0001:00013630       ?OpenW2800@@YGPAXPBX@Z     10014630 f   ConEmuPlugin2800.obj
 0001:00013770       ?ProcessConsoleInputW2800@@YGHPAX@Z 10014770 f   ConEmuPlugin2800.obj
 0001:00013790       _GetMinFarVersion@0        10014790 f   ConEmuPluginA.obj
 0001:000137e0       _OpenPlugin@8              100147e0 f   ConEmuPluginA.obj
 0001:00013850       ?ProcessDragFromA@@YIXXZ   10014850 f   ConEmuPluginA.obj
 0001:00013f40       ?ProcessDragToA@@YIXXZ     10014f40 f   ConEmuPluginA.obj
 0001:000143f0       _SetStartupInfo@4          100153f0 f   ConEmuPluginA.obj
 0001:00014630       _GetPluginInfo@4           10015630 f   ConEmuPluginA.obj
 0001:000146e0       ?GetEditorModifiedStateA@@YIKXZ 100156e0 f   ConEmuPluginA.obj
 0001:00014720       _ProcessEditorInput@4      10015720 f   ConEmuPluginA.obj
 0001:00014790       _ProcessEditorEvent@8      10015790 f   ConEmuPluginA.obj
 0001:00014820       _ProcessViewerEvent@8      10015820 f   ConEmuPluginA.obj
 0001:000148a0       ?UpdateConEmuTabsA@@YI_NH_N0PAX@Z 100158a0 f   ConEmuPluginA.obj
 0001:00014c70       _ProcessDialogEvent@8      10015c70 f   ConEmuPluginA.obj
 0001:00014c80       _ExitFAR@0                 10015c80 f   ConEmuPluginA.obj
 0001:00014d00       ?ShowMessageA@@YIHPBDH_N@Z 10015d00 f   ConEmuPluginA.obj
 0001:00014d80       ?ShowMessageA@@YIHHH@Z     10015d80 f   ConEmuPluginA.obj
 0001:00014de0       ?SetWindowA@@YIXH@Z        10015de0 f   ConEmuPluginA.obj
 0001:00014e50       ?PostMacroA@@YIXPADPAU_INPUT_RECORD@@@Z 10015e50 f   ConEmuPluginA.obj
 0001:00014f00       ?ShowPluginMenuA@@YIHPAUConEmuPluginMenuItem@@H@Z 10015f00 f   ConEmuPluginA.obj
 0001:000150f0       ?EditOutputA@@YIHPB_WH@Z   100160f0 f   ConEmuPluginA.obj
 0001:00015210       ?GetMsgA@@YIXHAAY0BAE@_W@Z 10016210 f   ConEmuPluginA.obj
 0001:000152c0       ?IsMacroActiveA@@YIHXZ     100162c0 f   ConEmuPluginA.obj
 0001:00015320       ?RedrawAllA@@YIXXZ         10016320 f   ConEmuPluginA.obj
 0001:00015350       ?RunExternalProgramA@@YI_NPAD@Z 10016350 f   ConEmuPluginA.obj
 0001:000155f0       ?ProcessCommandLineA@@YI_NPAD@Z 100165f0 f   ConEmuPluginA.obj
 0001:00015640       ?LoadFarColorsA@@YIXAAY0BAA@E@Z 10016640 f   ConEmuPluginA.obj
 0001:00015730       ?ReloadFarInfoA@@YIHXZ     10016730 f   ConEmuPluginA.obj
 0001:000158a0       ?ExecuteQuitFarA@@YIXXZ    100168a0 f   ConEmuPluginA.obj
 0001:000158c0       ?FillUpdateBackgroundA@@YIXPAUPaintBackgroundArg@@@Z 100168c0 f   ConEmuPluginA.obj
 0001:00015bd0       ?GetActiveWindowTypeA@@YIHXZ 10016bd0 f   ConEmuPluginA.obj
 0001:00015c50       ?GuiMacroDlgA@@YIXXZ       10016c50 f   ConEmuPluginA.obj
 0001:000162a0       ??0CPluginBackground@@QAE@XZ 100172a0 f   PluginBackground.obj
 0001:000164e0       ??1CPluginBackground@@QAE@XZ 100174e0 f   PluginBackground.obj
 0001:00016730       ?RegisterSubplugin@CPluginBackground@@QAEHPAURegisterBackgroundArg@@@Z 10017730 f   PluginBackground.obj
 0001:00016a20       ?ReallocItems@CPluginBackground@@IAEXH@Z 10017a20 f   PluginBackground.obj
 0001:00016aa0       ?OnMainThreadActivated@CPluginBackground@@QAEXHH@Z 10017aa0 f   PluginBackground.obj
 0001:00016bc0       ?SetForceCheck@CPluginBackground@@QAEXXZ 10017bc0 f   PluginBackground.obj
 0001:00016bf0       ?SetForceUpdate@CPluginBackground@@QAEX_N@Z 10017bf0 f   PluginBackground.obj
 0001:00016c30       ?SetForceThLoad@CPluginBackground@@QAEXXZ 10017c30 f   PluginBackground.obj
 0001:00016c70       ?IsParmChanged@CPluginBackground@@IAE_NPAUPaintBackgroundArg@@0@Z 10017c70 f   PluginBackground.obj
 0001:00016f50       ?CheckPanelFolders@CPluginBackground@@IAEXH@Z 10017f50 f   PluginBackground.obj
 0001:000170b0       ?SetDcPanelRect@CPluginBackground@@IAEXPAUtagRECT@@PAUtag_BkPanelInfo@PaintBackgroundArg@@PAU4@@Z 100180b0 f   PluginBackground.obj
 0001:000171f0       ?UpdateBackground_Exec@CPluginBackground@@KIXPAURegisterBackgroundArg@@PAUPaintBackgroundArg@@@Z 100181f0 f   PluginBackground.obj
 0001:00017240       ?UpdateBackground@CPluginBackground@@IAEXXZ 10018240 f   PluginBackground.obj
 0001:000180a0       ?LoadThSet@CPluginBackground@@IAEHH@Z 100190a0 f   PluginBackground.obj
 0001:000182c0       ?MonitorBackground@CPluginBackground@@QAEXXZ 100192c0 f   PluginBackground.obj
 0001:00018370       ?GetTo@?$MFileMapping@UPanelViewSetMapping@@@@QAE_NPAUPanelViewSetMapping@@H@Z 10019370 f i PluginBackground.obj
 0001:000183c0       ?InitName@?$MFileMapping@UPanelViewSetMapping@@@@QAEPB_WPB_WKK@Z 100193c0 f i PluginBackground.obj
 0001:00018410       ?CloseMap@?$MFileMapping@UPanelViewSetMapping@@@@QAEXXZ 10019410 f i PluginBackground.obj
 0001:00018480       ?Open@?$MFileMapping@UPanelViewSetMapping@@@@QAEPAUPanelViewSetMapping@@HH@Z 10019480 f i PluginBackground.obj
 0001:000184a0       ??0?$MFileMapping@UPanelViewSetMapping@@@@QAE@XZ 100194a0 f i PluginBackground.obj
 0001:00018500       ??1?$MFileMapping@UPanelViewSetMapping@@@@QAE@XZ 10019500 f i PluginBackground.obj
 0001:00018520       ?IsValid@?$MFileMapping@UPanelViewSetMapping@@@@QAE_NXZ 10019520 f i PluginBackground.obj
 0001:00018540       ?ClosePtr@?$MFileMapping@UPanelViewSetMapping@@@@QAEXXZ 10019540 f i PluginBackground.obj
 0001:00018570       ?InternalOpenCreate@?$MFileMapping@UPanelViewSetMapping@@@@IAEPAUPanelViewSetMapping@@HHH@Z 10019570 f i PluginBackground.obj
 0001:00018840       ?PlugServerInit@@YIXXZ     10019840 f   PluginSrv.obj
 0001:00018850       ?PlugServerStart@@YI_NXZ   10019850 f   PluginSrv.obj
 0001:00018940       ?PlugServerStop@@YIX_N@Z   10019940 f   PluginSrv.obj
 0001:00018990       ?cmd_FarSetChanged@@YIXPAUFAR_REQ_FARSETCHANGED@@@Z 10019990 f   PluginSrv.obj
 0001:000189f0       ?PlugServerCommand@@YGHPAXPAUCESERVER_REQ@@AAPAU1@AAK3J@Z 100199f0 f   PluginSrv.obj
 0001:00018f70       ?PlugServerFree@@YGXPAUCESERVER_REQ@@J@Z 10019f70 f   PluginSrv.obj
 0001:00018f80       ?SetOverlapped@?$PipeServer@UCESERVER_REQ@@@@QAEX_N@Z 10019f80 f i PluginSrv.obj
 0001:00018fa0       ?SetLoopCommands@?$PipeServer@UCESERVER_REQ@@@@QAEX_N@Z 10019fa0 f i PluginSrv.obj
 0001:00018fc0       ?SetDummyAnswerSize@?$PipeServer@UCESERVER_REQ@@@@QAEXH@Z 10019fc0 f i PluginSrv.obj
 0001:00018fe0       ?SetMaxCount@?$PipeServer@UCESERVER_REQ@@@@QAEXH@Z 10019fe0 f i PluginSrv.obj
 0001:00019020       ?StartPipeServer@?$PipeServer@UCESERVER_REQ@@@@QAE_NPB_WJPAU_SECURITY_ATTRIBUTES@@P6GHPAXPAUCESERVER_REQ@@AAPAU3@AAK5J@ZP6GX3J@ZP6GH2J@Z88@Z 1001a020 f i PluginSrv.obj
 0001:00019200       ?StopPipeServer@?$PipeServer@UCESERVER_REQ@@@@QAEX_N@Z 1001a200 f i PluginSrv.obj
 0001:00019720       ?BreakConnection@?$PipeServer@UCESERVER_REQ@@@@QAEXPAX@Z 1001a720 f i PluginSrv.obj
 0001:00019740       ?DumpError@?$PipeServer@UCESERVER_REQ@@@@IAEXPAUPipeInst@1@PB_WH@Z 1001a740 f i PluginSrv.obj
 0001:00019830       ?_Disconnect@?$PipeServer@UCESERVER_REQ@@@@IAEXPAUPipeInst@1@_N11@Z 1001a830 f i PluginSrv.obj
 0001:000198b0       ?StartPipeInstance@?$PipeServer@UCESERVER_REQ@@@@IAE_NPAUPipeInst@1@@Z 1001a8b0 f i PluginSrv.obj
 0001:000199b0       ?_PipeServerThread@?$PipeServer@UCESERVER_REQ@@@@KGKPAX@Z 1001a9b0 f i PluginSrv.obj
 0001:00019a30       ?PipeServerThread@?$PipeServer@UCESERVER_REQ@@@@IAEKPAUPipeInst@1@@Z 1001aa30 f i PluginSrv.obj
 0001:00019dc0       ?PipeServerRead@?$PipeServer@UCESERVER_REQ@@@@IAEHPAUPipeInst@1@@Z 1001adc0 f i PluginSrv.obj
 0001:0001a150       ?PipeServerWrite@?$PipeServer@UCESERVER_REQ@@@@IAEHPAUPipeInst@1@PBXKPAKH@Z 1001b150 f i PluginSrv.obj
 0001:0001a2f0       ?WaitForClient@?$PipeServer@UCESERVER_REQ@@@@IAE_NPAUPipeInst@1@AAH1@Z 1001b2f0 f i PluginSrv.obj
 0001:0001a6d0       ?WriteDummyAnswer@?$PipeServer@UCESERVER_REQ@@@@IAEHPAUPipeInst@1@@Z 1001b6d0 f i PluginSrv.obj
 0001:0001a750       ?WaitOverlapped@?$PipeServer@UCESERVER_REQ@@@@IAEHPAUPipeInst@1@PAK@Z 1001b750 f i PluginSrv.obj
 0001:0001a980       ?AllocRequestBuf@PipeInst@?$PipeServer@UCESERVER_REQ@@@@QAEPAUCESERVER_REQ@@K@Z 1001b980 f i PluginSrv.obj
 0001:0001aa00       ??$wcscpy_c@$0BAE@@@YIHAAY0BAE@_WPB_W@Z 1001ba00 f i PluginSrv.obj
 0001:0001ab10       ?PackInputRecord@@YIHPBU_INPUT_RECORD@@PAUMsgStr@MSG64@@@Z 1001bb10 f   Common.obj
 0001:0001ad20       ?UnpackInputRecord@@YIHPBUMsgStr@MSG64@@PAU_INPUT_RECORD@@@Z 1001bd20 f   Common.obj
 0001:0001af80       ?TranslateKeyPress@@YIXGK_WHPAU_INPUT_RECORD@@1@Z 1001bf80 f   Common.obj
 0001:0001b0f0       ?CommonShutdown@@YIXXZ     1001c0f0 f   Common.obj
 0001:0001b120       ?GetImageSubsystem@@YI_NPB_WAAK11@Z 1001c120 f   Execute.obj
 0001:0001b470       ?GetImageSubsystem@@YI_NAAK0@Z 1001c470 f   Execute.obj
 0001:0001b520       ?GetImageSubsystem@@YI_NU_PROCESS_INFORMATION@@AAK1@Z 1001c520 f   Execute.obj
 0001:0001b710       ?GetEnclosingSectionHeader@@YIPAU_IMAGE_SECTION_HEADER@@KPAUIMAGE_MAPPING@@@Z 1001c710 f   Execute.obj
 0001:0001b7a0       ?GetPtrFromRVA@@YIPAXKPAUIMAGE_MAPPING@@@Z 1001c7a0 f   Execute.obj
 0001:0001b800       ?FindImageSubsystem@@YI_NPB_WAAK11@Z 1001c800 f   Execute.obj
 0001:0001c120       ?ModuleName@@YIPB_WPB_W@Z  1001d120 f   ConEmuCheck.obj
 0001:0001c200       ?ExecuteOpenPipe@@YIPAXPB_WAAY0CAI@_W0KKHPAX@Z 1001d200 f   ConEmuCheck.obj
 0001:0001c480       ?ExecutePrepareCmd@@YIXPAUCESERVER_REQ@@KI@Z 1001d480 f   ConEmuCheck.obj
 0001:0001c4d0       ?ExecutePrepareCmd@@YIXPAUCESERVER_REQ_HDR@@KI@Z 1001d4d0 f   ConEmuCheck.obj
 0001:0001c570       ?ExecuteNewCmd@@YIPAUCESERVER_REQ@@KI@Z 1001d570 f   ConEmuCheck.obj
 0001:0001c5d0       ?ExecuteNewCmd@@YIHAAPAUCESERVER_REQ@@AAKKI@Z 1001d5d0 f   ConEmuCheck.obj
 0001:0001c650       ?LoadSrvMapping@@YIHPAUHWND__@@AAUCESERVER_CONSOLE_MAPPING_HDR@@@Z 1001d650 f   ConEmuCheck.obj
 0001:0001c770       ?LoadGuiMapping@@YIHKAAUConEmuGuiMapping@@@Z 1001d770 f   ConEmuCheck.obj
 0001:0001c890       ?ExecuteNewCmdOnCreate@@YIPAUCESERVER_REQ@@PAUCESERVER_CONSOLE_MAPPING_HDR@@PAUHWND__@@W4CmdOnCreateType@@PB_W33PAK444HHPAX55@Z 1001d890 f   ConEmuCheck.obj
 0001:0001cd00       ?ExecuteGuiCmd@@YIPAUCESERVER_REQ@@PAUHWND__@@PAU1@0H@Z 1001dd00 f   ConEmuCheck.obj
 0001:0001cd90       ?ExecuteSrvCmd@@YIPAUCESERVER_REQ@@KPAU1@PAUHWND__@@HK@Z 1001dd90 f   ConEmuCheck.obj
 0001:0001ce30       ?ExecuteHkCmd@@YIPAUCESERVER_REQ@@KPAU1@PAUHWND__@@H@Z 1001de30 f   ConEmuCheck.obj
 0001:0001ced0       ?ExecuteCmd@@YIPAUCESERVER_REQ@@PB_WPAU1@KPAUHWND__@@HK@Z 1001ded0 f   ConEmuCheck.obj
 0001:0001d190       ?ExecuteFreeResult@@YIXAAPAUCESERVER_REQ@@@Z 1001e190 f   ConEmuCheck.obj
 0001:0001d1d0       ?myGetConsoleWindow@@YIPAUHWND__@@XZ 1001e1d0 f   ConEmuCheck.obj
 0001:0001d250       ?GetConEmuHWND@@YIPAUHWND__@@H@Z 1001e250 f   ConEmuCheck.obj
 0001:0001d400       ?ConEmuCheck@@YIHPAPAUHWND__@@@Z 1001e400 f   ConEmuCheck.obj
 0001:0001d440       ?GuiMessageBox@@YIHPAUHWND__@@PB_W1H@Z 1001e440 f   ConEmuCheck.obj
 0001:0001d600       ?InitName@?$MFileMapping@UConEmuGuiMapping@@@@QAEPB_WPB_WKK@Z 1001e600 f i ConEmuCheck.obj
 0001:0001d650       ?CloseMap@?$MFileMapping@UConEmuGuiMapping@@@@QAEXXZ 1001e650 f i ConEmuCheck.obj
 0001:0001d6c0       ?Open@?$MFileMapping@UConEmuGuiMapping@@@@QAEPAUConEmuGuiMapping@@HH@Z 1001e6c0 f i ConEmuCheck.obj
 0001:0001d6e0       ??0?$MFileMapping@UConEmuGuiMapping@@@@QAE@XZ 1001e6e0 f i ConEmuCheck.obj
 0001:0001d740       ??1?$MFileMapping@UConEmuGuiMapping@@@@QAE@XZ 1001e740 f i ConEmuCheck.obj
 0001:0001d760       ?ClosePtr@?$MFileMapping@UConEmuGuiMapping@@@@QAEXXZ 1001e760 f i ConEmuCheck.obj
 0001:0001d790       ?InternalOpenCreate@?$MFileMapping@UConEmuGuiMapping@@@@IAEPAUConEmuGuiMapping@@HHH@Z 1001e790 f i ConEmuCheck.obj
 0001:0001d980       ??$wcscpy_c@$0CA@@@YIHAAY0CA@_WPB_W@Z 1001e980 f i ConEmuCheck.obj
 0001:0001d9b0       ?LoadGuiMapping@@YIHPAUHWND__@@AAUConEmuGuiMapping@@@Z 1001e9b0 f   ConEmuCheckEx.obj
 0001:0001d9f0       ?IsConEmuExeExist@@YIHPB_WAAY0BAF@_W@Z 1001e9f0 f   ConEmuCheckEx.obj
 0001:0001daa0       ?FindConEmuBaseDir@@YIHAAY0BAF@_W0PAUHINSTANCE__@@@Z 1001eaa0 f   ConEmuCheckEx.obj
 0001:0001e040       ??$wcscpy_c@$0BAF@@@YIHAAY0BAF@_WPB_W@Z 1001f040 f i ConEmuCheckEx.obj
 0001:0001e150       ??$wcscpy_add@$0BAF@@@YIHPA_WAAY0BAF@_WPB_W@Z 1001f150 f i ConEmuCheckEx.obj
 0001:0001e1a0       ??$wcscat_c@$0BAF@@@YIHAAY0BAF@_WPB_W@Z 1001f1a0 f i ConEmuCheckEx.obj
 0001:0001e290       ?HeapInitialize@@YI_NXZ    1001f290 f   Memory.obj
 0001:0001e2c0       ?HeapDeinitialize@@YIXXZ   1001f2c0 f   Memory.obj
 0001:0001e2f0       ?xf_malloc@@YAPAXI@Z       1001f2f0 f   Memory.obj
 0001:0001e320       ?xf_calloc@@YAPAXII@Z      1001f320 f   Memory.obj
 0001:0001e350       ?xf_realloc@@YAPAXPAXI@Z   1001f350 f   Memory.obj
 0001:0001e380       ?xf_free@@YAXPAX@Z         1001f380 f   Memory.obj
 0001:0001e3b0       ?xf_validate@@YA_NPAX@Z    1001f3b0 f   Memory.obj
 0001:0001e3e0       ??2@YAPAXI@Z               1001f3e0 f   Memory.obj
 0001:0001e400       ??_U@YAPAXI@Z              1001f400 f   Memory.obj
 0001:0001e420       ??3@YAXPAX@Z               1001f420 f   Memory.obj
 0001:0001e440       ??_V@YAXPAX@Z              1001f440 f   Memory.obj
 0001:0001e460       ?lstrdup@@YIPADPBD@Z       1001f460 f   Memory.obj
 0001:0001e4d0       ?StringCchCopyA@@YGJPADIPBD@Z 1001f4d0 f i Memory.obj
 0001:0001e5f0       ?lstrdup@@YIPA_WPB_WI@Z    1001f5f0 f   Memory.obj
 0001:0001e750       ?lstrdupW@@YIPA_WPBDI@Z    1001f750 f   Memory.obj
 0001:0001e7d0       ?lstrmerge@@YIPA_WPB_W000@Z 1001f7d0 f   Memory.obj
 0001:0001e8f0       ?lstrmerge@@YI_NPAPA_WPB_W11@Z 1001f8f0 f   Memory.obj
 0001:0001e950       ?FindMonitorsWorkspace@@YGHPAUHMONITOR__@@PAUHDC__@@PAUtagRECT@@J@Z 1001f950 f   Monitors.obj
 0001:0001e9d0       ?GetAllMonitorsWorkspace@@YI?AUtagRECT@@XZ 1001f9d0 f   Monitors.obj
 0001:0001ea50       ?FindPrimaryMonitor@@YGHPAUHMONITOR__@@PAUHDC__@@PAUtagRECT@@J@Z 1001fa50 f   Monitors.obj
 0001:0001ead0       ?GetMonitorInfoSafe@@YI_NPAUHMONITOR__@@AAUtagMONITORINFO@@@Z 1001fad0 f   Monitors.obj
 0001:0001eb20       ?GetPrimaryMonitorInfo@@YIPAUHMONITOR__@@PAUtagMONITORINFO@@@Z 1001fb20 f   Monitors.obj
 0001:0001ebd0       ?GetNearestMonitorInfo@@YIPAUHMONITOR__@@PAUtagMONITORINFO@@PAU1@PBUtagRECT@@PAUHWND__@@@Z 1001fbd0 f   Monitors.obj
 0001:0001ecc0       ?EnumAllMonitors@@YGHPAUHMONITOR__@@PAUHDC__@@PAUtagRECT@@J@Z 1001fcc0 f   Monitors.obj
 0001:0001ed30       ?MonitorSortCallback@@YIHAAU_FindAllMonitorsItem@@0@Z 1001fd30 f   Monitors.obj
 0001:0001eda0       ?GetNextMonitorInfo@@YIPAUHMONITOR__@@PAUtagMONITORINFO@@PBUtagRECT@@_N@Z 1001fda0 f   Monitors.obj
 0001:0001efb0       ??0_FindAllMonitors@@QAE@XZ 1001ffb0 f i Monitors.obj
 0001:0001efd0       ??1_FindAllMonitors@@QAE@XZ 1001ffd0 f i Monitors.obj
 0001:0001eff0       ??0?$MArray@U_FindAllMonitorsItem@@@@QAE@XZ 1001fff0 f i Monitors.obj
 0001:0001f030       ??1?$MArray@U_FindAllMonitorsItem@@@@QAE@XZ 10020030 f i Monitors.obj
 0001:0001f050       ??A?$MArray@U_FindAllMonitorsItem@@@@QAEAAU_FindAllMonitorsItem@@H@Z 10020050 f i Monitors.obj
 0001:0001f070       ?push_back@?$MArray@U_FindAllMonitorsItem@@@@QAEHABU_FindAllMonitorsItem@@@Z 10020070 f i Monitors.obj
 0001:0001f100       ?size@?$MArray@U_FindAllMonitorsItem@@@@QBEHXZ 10020100 f i Monitors.obj
 0001:0001f120       ?sort@?$MArray@U_FindAllMonitorsItem@@@@QAEXP6IHAAU_FindAllMonitorsItem@@0@Z@Z 10020120 f i Monitors.obj
 0001:0001f210       ?clear@?$MArray@U_FindAllMonitorsItem@@@@QAEXXZ 10020210 f i Monitors.obj
 0001:0001f260       ?addsize@?$MArray@U_FindAllMonitorsItem@@@@QAEXH@Z 10020260 f i Monitors.obj
 0001:0001f350       ?NullSecurity@@YIPAU_SECURITY_ATTRIBUTES@@XZ 10020350 f   MSecurity.obj
 0001:0001f3a0       ??0MNullDesc@@QAE@XZ       100203a0 f i MSecurity.obj
 0001:0001f400       ?NullSecurity@MNullDesc@@QAEPAU_SECURITY_ATTRIBUTES@@XZ 10020400 f i MSecurity.obj
 0001:0001f500       ?LoadAdvApi@MNullDesc@@IAEHXZ 10020500 f i MSecurity.obj
 0001:0001f750       ?UnloadAdvApi@MNullDesc@@IAEXXZ 10020750 f i MSecurity.obj
 0001:0001f780       ?LocalSecurity@@YIPAU_SECURITY_ATTRIBUTES@@XZ 10020780 f   MSecurity.obj
 0001:0001f7d0       ?LocalSecurity@MNullDesc@@QAEPAU_SECURITY_ATTRIBUTES@@XZ 100207d0 f i MSecurity.obj
 0001:0001f9f0       ?ShutdownSecurity@@YIXXZ   100209f0 f   MSecurity.obj
 0001:0001fa40       ??_GMNullDesc@@QAEPAXI@Z   10020a40 f i MSecurity.obj
 0001:0001fa70       ??1MNullDesc@@QAE@XZ       10020a70 f i MSecurity.obj
 0001:0001fad0       ?msprintf@@YAPB_WPA_WIPB_WZZ 10020ad0 f   MStrSafe.obj
 0001:000200e0       ?msprintf@@YAPBDPADIPBDZZ  100210e0 f   MStrSafe.obj
 0001:00020540       ?lstrcmpni@@YIHPB_W0H@Z    10021540 f   MStrSafe.obj
 0001:000205e0       ?SetConEmuEnvHWND@@YIXPB_WPAUHWND__@@@Z 100215e0 f   SetEnvVar.obj
 0001:00020630       ?SetConEmuEnvVar@@YIXPAUHWND__@@@Z 10021630 f   SetEnvVar.obj
 0001:000206a0       ?SetConEmuEnvVarChild@@YIXPAUHWND__@@0@Z 100216a0 f   SetEnvVar.obj
 0001:000206d0       ?ShutdownConsole@@YGXXZ    100216d0 f   WinConsole.obj
 0001:00020720       ?SetConsoleInfo@@YIHPAUHWND__@@PAU_CONSOLE_INFO@@@Z 10021720 f   WinConsole.obj
 0001:00020a00       ?ChangeScreenBufferSize@@YIXAAU_CONSOLE_SCREEN_BUFFER_INFO@@FFFF@Z 10021a00 f   WinConsole.obj
 0001:00020b10       ?GetConWindowSize@@YIHABU_CONSOLE_SCREEN_BUFFER_INFO@@HHKPAH1PAK@Z 10021b10 f   WinConsole.obj
 0001:00020c60       ?GetConsoleSizeInfo@@YIXPAU_CONSOLE_INFO@@@Z 10021c60 f   WinConsole.obj
 0001:00020d10       ?apiGetConsoleScreenBufferInfoEx@@YIHPAXPAUMY_CONSOLE_SCREEN_BUFFER_INFOEX@@@Z 10021d10 f   WinConsole.obj
 0001:00020d80       ?apiSetConsoleScreenBufferInfoEx@@YIHPAXPAUMY_CONSOLE_SCREEN_BUFFER_INFOEX@@@Z 10021d80 f   WinConsole.obj
 0001:00020e00       ?apiGetConsoleFontSize@@YIHPAXAAH1AAY0CA@_W@Z 10021e00 f   WinConsole.obj
 0001:00020ea0       ?apiSetConsoleFontSize@@YIHPAXHHPB_W@Z 10021ea0 f   WinConsole.obj
 0001:00020f50       ?apiFixFontSizeForBufferSize@@YIHPAXU_COORD@@PADH@Z 10021f50 f   WinConsole.obj
 0001:00021460       ?SetConsoleFontSizeTo@@YIXPAUHWND__@@HHPB_WGG@Z 10022460 f   WinConsole.obj
 0001:000219e0       ?EvaluateDefaultFontWidth@@YIHHPB_W@Z 100229e0 f   WinConsole.obj
 0001:00021b20       ?SetUserFriendlyFont@@YIXPAUHWND__@@@Z 10022b20 f   WinConsole.obj
 0001:00021ff0       ?CorrectConsolePos@@YIXPAUHWND__@@@Z 10022ff0 f   WinConsole.obj
 0001:00022130       ?EmergencyShow@@YIXPAUHWND__@@@Z 10023130 f   WinConsole.obj
 0001:000221e0       ?getWindowInfo@@YIXPAUHWND__@@AAY0EAA@_W@Z 100231e0 f   WinObjects.obj
 0001:00022340       ?apiSetForegroundWindow@@YIHPAUHWND__@@@Z 10023340 f   WinObjects.obj
 0001:00022360       ?apiShowWindow@@YIHPAUHWND__@@H@Z 10023360 f   WinObjects.obj
 0001:00022390       ?apiShowWindowAsync@@YIHPAUHWND__@@H@Z 10023390 f   WinObjects.obj
 0001:000223c0       ?isWindow@@YIHPAUHWND__@@@Z 100233c0 f   WinObjects.obj
 0001:00022430       ?FileCompare@@YI_NPB_W0@Z  10023430 f   WinObjects.obj
 0001:00022650       ?FileExists@@YI_NPB_WPAK@Z 10023650 f   WinObjects.obj
 0001:00022830       ?FileExistsSearch@@YI_NPA_WI@Z 10023830 f   WinObjects.obj
 0001:00022a70       ?DirectoryExists@@YI_NPB_W@Z 10023a70 f   WinObjects.obj
 0001:00022bf0       ?MyCreateDirectory@@YI_NPA_W@Z 10023bf0 f   WinObjects.obj
 0001:00022d00       ?IsFilePath@@YI_NPB_W@Z    10023d00 f   WinObjects.obj
 0001:00022de0       ?IsPathNeedQuot@@YI_NPB_W@Z 10023de0 f   WinObjects.obj
 0001:00022e10       ?GetShortFileName@@YIHPB_WHPA_WH@Z 10023e10 f   WinObjects.obj
 0001:00023020       ?GetShortFileNameEx@@YIPA_WPB_WH@Z 10024020 f   WinObjects.obj
 0001:00023430       ?IsUserAdmin@@YI_NXZ       10024430 f   WinObjects.obj
 0001:00023530       ?GetLogonSID@@YI_NPAXPAPA_W@Z 10024530 f   WinObjects.obj
 0001:00023650       ?IsWine@@YI_NXZ            10024650 f   WinObjects.obj
 0001:00023770       ?IsWinPE@@YI_NXZ           10024770 f   WinObjects.obj
 0001:000237e0       ?IsDbcs@@YI_NXZ            100247e0 f   WinObjects.obj
 0001:00023800       ?IsWindows64@@YI_NXZ       10024800 f   WinObjects.obj
 0001:00023890       ?IsHwFullScreenAvailable@@YI_NXZ 10024890 f   WinObjects.obj
 0001:00023930       ?IsVsNetHostExe@@YI_NPB_W@Z 10024930 f   WinObjects.obj
 0001:000239b0       ?GetProcessBits@@YIHKPAX@Z 100249b0 f   WinObjects.obj
 0001:00023a90       ?GetProcessInfo@@YI_NKPAUtagPROCESSENTRY32W@@@Z 10024a90 f   WinObjects.obj
 0001:00023b80       ?isTerminalMode@@YI_NXZ    10024b80 f   WinObjects.obj
 0001:00023ea0       ?IsModuleValid@@YI_NPAUHINSTANCE__@@H@Z 10024ea0 f   WinObjects.obj
 0001:00023fe0       ?CheckCallbackPtr@@YI_NPAUHINSTANCE__@@IPAP6GHXZHHH@Z 10024fe0 f   WinObjects.obj
 0001:00024130       ?RemoveOldComSpecC@@YIXXZ  10025130 f   WinObjects.obj
 0001:00024260       ?PointToName@@YIPB_WPB_W@Z 10025260 f   WinObjects.obj
 0001:000242b0       ?PointToName@@YIPBDPBD@Z   100252b0 f   WinObjects.obj
 0001:000242f0       ?PointToExt@@YIPB_WPB_W@Z  100252f0 f   WinObjects.obj
 0001:00024330       ?Unquote@@YIPB_WPA_W_N@Z   10025330 f   WinObjects.obj
 0001:000243c0       ?ExpandMacroValues@@YIPA_WPB_WPAPB_WI@Z 100253c0 f   WinObjects.obj
 0001:00024580       ?ExpandEnvStr@@YIPA_WPB_W@Z 10025580 f   WinObjects.obj
 0001:00024660       ?GetFullPathNameEx@@YIPA_WPB_W@Z 10025660 f   WinObjects.obj
 0001:00024740       ??0MConHandle@@QAE@PB_W@Z  10025740 f   WinObjects.obj
 0001:000247c0       ?LogHandle@MConHandle@@AAEXIPAX@Z 100257c0 f   WinObjects.obj
 0001:00024830       ??1MConHandle@@QAE@XZ      10025830 f   WinObjects.obj
 0001:00024850       ?SetBufferPtr@MConHandle@@QAEXPAPAX@Z 10025850 f   WinObjects.obj
 0001:00024870       ??BMConHandle@@QAEQAXXZ    10025870 f   WinObjects.obj
 0001:00024b60       ?strrchr@@YAPADPADH@Z      10025b60 f i WinObjects.obj
 0001:00024b80       ?Close@MConHandle@@QAEXXZ  10025b80 f   WinObjects.obj
 0001:00024c30       ??0MEvent@@QAE@XZ          10025c30 f   WinObjects.obj
 0001:00024c60       ??1MEvent@@QAE@XZ          10025c60 f   WinObjects.obj
 0001:00024c80       ?Close@MEvent@@QAEXXZ      10025c80 f   WinObjects.obj
 0001:00024cd0       ?InitName@MEvent@@QAEXPB_WK@Z 10025cd0 f   WinObjects.obj
 0001:00024d20       ?Open@MEvent@@QAEPAXXZ     10025d20 f   WinObjects.obj
 0001:00024da0       ?Wait@MEvent@@QAEKKH@Z     10025da0 f   WinObjects.obj
 0001:00024e00       ?GetHandle@MEvent@@QAEPAXXZ 10025e00 f   WinObjects.obj
 0001:00024e20       ??0MSetter@@QAE@PAH@Z      10025e20 f   WinObjects.obj
 0001:00024e60       ??0MSetter@@QAE@PA_N@Z     10025e60 f   WinObjects.obj
 0001:00024ea0       ??0MSetter@@QAE@PAKK@Z     10025ea0 f   WinObjects.obj
 0001:00024ee0       ??1MSetter@@QAE@XZ         10025ee0 f   WinObjects.obj
 0001:00024f00       ?Unlock@MSetter@@QAEXXZ    10025f00 f   WinObjects.obj
 0001:00024f70       ??0MSection@@QAE@XZ        10025f70 f   WinObjects.obj
 0001:00025010       ??1MSection@@QAE@XZ        10026010 f   WinObjects.obj
 0001:000250a0       ?Process_Lock@MSection@@IAEXXZ 100260a0 f   WinObjects.obj
 0001:000250c0       ?Process_Unlock@MSection@@IAEXXZ 100260c0 f   WinObjects.obj
 0001:000250e0       ?ThreadTerminated@MSection@@QAEXK@Z 100260e0 f   WinObjects.obj
 0001:00025130       ?AddRef@MSection@@IAEXK@Z  10026130 f   WinObjects.obj
 0001:00025220       ?ReleaseRef@MSection@@IAEHK@Z 10026220 f   WinObjects.obj
 0001:000252f0       ?WaitUnlocked@MSection@@IAEXKK@Z 100262f0 f   WinObjects.obj
 0001:00025390       ?MyEnterCriticalSection@MSection@@IAE_NK@Z 10026390 f   WinObjects.obj
 0001:00025560       ?Lock@MSection@@IAEHHK@Z   10026560 f   WinObjects.obj
 0001:000256b0       ?Unlock@MSection@@IAEXH@Z  100266b0 f   WinObjects.obj
 0001:00025720       ?isLockedExclusive@MSection@@QAE_NXZ 10026720 f   WinObjects.obj
 0001:00025770       ??0MSectionThread@@QAE@PAVMSection@@@Z 10026770 f   WinObjects.obj
 0001:000257a0       ??1MSectionThread@@QAE@XZ  100267a0 f   WinObjects.obj
 0001:000257d0       ??0MSectionLock@@QAE@XZ    100267d0 f   WinObjects.obj
 0001:00025800       ??1MSectionLock@@QAE@XZ    10026800 f   WinObjects.obj
 0001:00025830       ?Lock@MSectionLock@@QAEHPAVMSection@@HK@Z 10026830 f   WinObjects.obj
 0001:000258b0       ?RelockExclusive@MSectionLock@@QAEHK@Z 100268b0 f   WinObjects.obj
 0001:00025920       ?Unlock@MSectionLock@@QAEXXZ 10026920 f   WinObjects.obj
 0001:00025960       ?isLocked@MSectionLock@@QAEHH@Z 10026960 f   WinObjects.obj
 0001:000259b0       ??0MSectionLockSimple@@QAE@XZ 100269b0 f   WinObjects.obj
 0001:000259d0       ??1MSectionLockSimple@@QAE@XZ 100269d0 f   WinObjects.obj
 0001:000259f0       ?Lock@MSectionLockSimple@@QAEHPAU_RTL_CRITICAL_SECTION@@K@Z 100269f0 f   WinObjects.obj
 0001:00025a90       ?Unlock@MSectionLockSimple@@QAEXXZ 10026a90 f   WinObjects.obj
 0001:00025ad0       ?isLocked@MSectionLockSimple@@QAEHXZ 10026ad0 f   WinObjects.obj
 0001:00025af0       ??0MFileLog@@QAE@PB_W0K@Z  10026af0 f   WinObjects.obj
 0001:00025b70       ?InitFileName@MFileLog@@IAEJPB_WK@Z 10026b70 f   WinObjects.obj
 0001:00025c00       ??1MFileLog@@QAE@XZ        10026c00 f   WinObjects.obj
 0001:00025c50       ?CloseLogFile@MFileLog@@QAEXXZ 10026c50 f   WinObjects.obj
 0001:00025ce0       ?CreateLogFile@MFileLog@@QAEJPB_WKK@Z 10026ce0 f   WinObjects.obj
 0001:00026350       ?GetLogFileName@MFileLog@@QAEPB_WXZ 10027350 f   WinObjects.obj
 0001:00026390       ?LogString@MFileLog@@QAEXPBD_N01I@Z 10027390 f   WinObjects.obj
 0001:000264e0       ?LogString@MFileLog@@QAEXPB_W_N01@Z 100274e0 f   WinObjects.obj
 0001:000267e0       ?MonitorEnumProc@MFileLog@@KGHPAUHMONITOR__@@PAUHDC__@@PAUtagRECT@@J@Z 100277e0 f   WinObjects.obj
 0001:00026910       ?LogStartEnv@MFileLog@@QAEXPAUCEStartupEnv@@@Z 10027910 f   WinObjects.obj
 0001:00027300       ??0CToolTip@@QAE@XZ        10028300 f   WinObjects.obj
 0001:00027370       ??_ECToolTip@@UAEPAXI@Z    10028370 f i WinObjects.obj
 0001:00027370       ??_GCToolTip@@UAEPAXI@Z    10028370 f i WinObjects.obj
 0001:000273a0       ??1CToolTip@@UAE@XZ        100283a0 f   WinObjects.obj
 0001:00027440       ?ShowTip@CToolTip@@QAEXPAUHWND__@@0PB_WHUtagPOINT@@PAUHINSTANCE__@@@Z 10028440 f   WinObjects.obj
 0001:00027720       ?HideTip@CToolTip@@QAEXXZ  10028720 f   WinObjects.obj
 0001:00027790       ??0CTimer@@QAE@XZ          10028790 f   WinObjects.obj
 0001:000277d0       ??1CTimer@@QAE@XZ          100287d0 f   WinObjects.obj
 0001:000277f0       ?IsStarted@CTimer@@QAE_NXZ 100287f0 f   WinObjects.obj
 0001:00027810       ?Start@CTimer@@QAEXI@Z     10028810 f   WinObjects.obj
 0001:00027870       ?Stop@CTimer@@QAEXXZ       10028870 f   WinObjects.obj
 0001:000278a0       ?Restart@CTimer@@QAEXI@Z   100288a0 f   WinObjects.obj
 0001:000278d0       ?Init@CTimer@@QAEXPAUHWND__@@II@Z 100288d0 f   WinObjects.obj
 0001:00027900       ?MyGetLargestConsoleWindowSize@@YI?AU_COORD@@PAX@Z 10028900 f   WinObjects.obj
 0001:00027980       ?DuplicateProcessHandle@@YIPAXK@Z 10028980 f   WinObjects.obj
 0001:000279f0       ?FindComspec@@YIXPAUConEmuComspec@@_N@Z 100289f0 f   WinObjects.obj
 0001:00028350       ?GetEnvVar@@YIPA_WPB_WK@Z  10029350 f   WinObjects.obj
 0001:00028460       ?UpdateComspec@@YIXPAUConEmuComspec@@_N@Z 10029460 f   WinObjects.obj
 0001:000287a0       ?SetEnvVarExpanded@@YIXPB_W0@Z 100297a0 f   WinObjects.obj
 0001:000288a0       ?GetComspecFromEnvVar@@YIPB_WPA_WKW4ComSpecBits@@@Z 100298a0 f   WinObjects.obj
 0001:00028a60       ?GetComspec@@YIPA_WPBUConEmuComspec@@@Z 10029a60 f   WinObjects.obj
 0001:00028ca0       ?IsExportEnvVarAllowed@@YI_NPB_W@Z 10029ca0 f   WinObjects.obj
 0001:00028d10       ?ApplyExportEnvVar@@YIXPB_W@Z 10029d10 f   WinObjects.obj
 0001:00028d90       ?CopyToClipboard@@YI_NPB_W@Z 10029d90 f   WinObjects.obj
 0001:00028e40       ??$wcscpy_c@$0EAA@@@YIHAAY0EAA@_WPB_W@Z 10029e40 f i WinObjects.obj
 0001:00028e70       ??$wcscpy_c@$0BAA@@@YIHAAY0BAA@_WPB_W@Z 10029e70 f i WinObjects.obj
 0001:00028ea0       ??$wcscpy_c@$0EBA@@@YIHAAY0EBA@_WPB_W@Z 10029ea0 f i WinObjects.obj
 0001:00028ec8       _GetProcAddress@8          10029ec8 f   kernel32:KERNEL32.dll
 0001:00028ece       _GetCurrentProcessId@0     10029ece f   kernel32:KERNEL32.dll
 0001:00028ed4       _GetLastError@0            10029ed4 f   kernel32:KERNEL32.dll
 0001:00028eda       _LoadLibraryW@4            10029eda f   kernel32:KERNEL32.dll
 0001:00028ee0       _GetModuleHandleW@4        10029ee0 f   kernel32:KERNEL32.dll
 0001:00028ee6       _IsDebuggerPresent@0       10029ee6 f   kernel32:KERNEL32.dll
 0001:00028eec       _SetEvent@4                10029eec f   kernel32:KERNEL32.dll
 0001:00028ef2       _lstrcpyW@8                10029ef2 f   kernel32:KERNEL32.dll
 0001:00028ef8       _lstrlenW@4                10029ef8 f   kernel32:KERNEL32.dll
 0001:00028efe       _SetEnvironmentVariableW@8 10029efe f   kernel32:KERNEL32.dll
 0001:00028f04       _IsBadStringPtrW@8         10029f04 f   kernel32:KERNEL32.dll
 0001:00028f0a       _GetNumberOfConsoleInputEvents@8 10029f0a f   kernel32:KERNEL32.dll
 0001:00028f10       _GetStdHandle@4            10029f10 f   kernel32:KERNEL32.dll
 0001:00028f16       _GetTickCount@0            10029f16 f   kernel32:KERNEL32.dll
 0001:00028f1c       _SetLastError@4            10029f1c f   kernel32:KERNEL32.dll
 0001:00028f22       _GetCurrentThreadId@0      10029f22 f   kernel32:KERNEL32.dll
 0001:00028f28       _ReadConsoleInputW@16      10029f28 f   kernel32:KERNEL32.dll
 0001:00028f2e       _PeekConsoleInputW@16      10029f2e f   kernel32:KERNEL32.dll
 0001:00028f34       _lstrcatW@8                10029f34 f   kernel32:KERNEL32.dll
 0001:00028f3a       _GetModuleFileNameW@12     10029f3a f   kernel32:KERNEL32.dll
 0001:00028f40       _WriteConsoleInputW@16     10029f40 f   kernel32:KERNEL32.dll
 0001:00028f46       _WaitForSingleObject@8     10029f46 f   kernel32:KERNEL32.dll
 0001:00028f4c       _ReleaseSemaphore@12       10029f4c f   kernel32:KERNEL32.dll
 0001:00028f52       _WaitForMultipleObjects@16 10029f52 f   kernel32:KERNEL32.dll
 0001:00028f58       _ResetEvent@4              10029f58 f   kernel32:KERNEL32.dll
 0001:00028f5e       _InterlockedDecrement@4    10029f5e f   kernel32:KERNEL32.dll
 0001:00028f64       _InterlockedIncrement@4    10029f64 f   kernel32:KERNEL32.dll
 0001:00028f6a       _GetConsoleScreenBufferInfo@8 10029f6a f   kernel32:KERNEL32.dll
 0001:00028f70       _SuspendThread@4           10029f70 f   kernel32:KERNEL32.dll
 0001:00028f76       _ResumeThread@4            10029f76 f   kernel32:KERNEL32.dll
 0001:00028f7c       _TerminateProcess@8        10029f7c f   kernel32:KERNEL32.dll
 0001:00028f82       _GetCurrentProcess@0       10029f82 f   kernel32:KERNEL32.dll
 0001:00028f88       _CloseHandle@4             10029f88 f   kernel32:KERNEL32.dll
 0001:00028f8e       _Module32NextW@8           10029f8e f   kernel32:KERNEL32.dll
 0001:00028f94       _Module32FirstW@8          10029f94 f   kernel32:KERNEL32.dll
 0001:00028f9a       _CreateToolhelp32Snapshot@8 10029f9a f   kernel32:KERNEL32.dll
 0001:00028fa0       _GetEnvironmentVariableW@12 10029fa0 f   kernel32:KERNEL32.dll
 0001:00028fa6       _CreateThread@24           10029fa6 f   kernel32:KERNEL32.dll
 0001:00028fac       _CreateSemaphoreW@16       10029fac f   kernel32:KERNEL32.dll
 0001:00028fb2       _CreateEventW@16           10029fb2 f   kernel32:KERNEL32.dll
 0001:00028fb8       _OpenFileMappingW@12       10029fb8 f   kernel32:KERNEL32.dll
 0001:00028fbe       _VirtualProtect@16         10029fbe f   kernel32:KERNEL32.dll
 0001:00028fc4       _MapViewOfFile@20          10029fc4 f   kernel32:KERNEL32.dll
 0001:00028fca       _CreateFileMappingW@24     10029fca f   kernel32:KERNEL32.dll
 0001:00028fd0       _lstrcmpW@8                10029fd0 f   kernel32:KERNEL32.dll
 0001:00028fd6       _lstrcpynW@12              10029fd6 f   kernel32:KERNEL32.dll
 0001:00028fdc       _lstrcmpiW@8               10029fdc f   kernel32:KERNEL32.dll
 0001:00028fe2       _UnmapViewOfFile@4         10029fe2 f   kernel32:KERNEL32.dll
 0001:00028fe8       _TerminateThread@8         10029fe8 f   kernel32:KERNEL32.dll
 0001:00028fee       _SetConsoleTitleW@4        10029fee f   kernel32:KERNEL32.dll
 0001:00028ff4       _GetConsoleTitleW@8        10029ff4 f   kernel32:KERNEL32.dll
 0001:00028ffa       _WideCharToMultiByte@32    10029ffa f   kernel32:KERNEL32.dll
 0001:00029000       _DeleteFileW@4             1002a000 f   kernel32:KERNEL32.dll
 0001:00029006       _CreateProcessW@40         1002a006 f   kernel32:KERNEL32.dll
 0001:0002900c       _GetExitCodeProcess@8      1002a00c f   kernel32:KERNEL32.dll
 0001:00029012       _SetConsoleMode@8          1002a012 f   kernel32:KERNEL32.dll
 0001:00029018       _GetConsoleMode@8          1002a018 f   kernel32:KERNEL32.dll
 0001:0002901e       _GetConsoleCursorInfo@8    1002a01e f   kernel32:KERNEL32.dll
 0001:00029024       _Thread32Next@8            1002a024 f   kernel32:KERNEL32.dll
 0001:0002902a       _Thread32First@8           1002a02a f   kernel32:KERNEL32.dll
 0001:00029030       _ExpandEnvironmentStringsW@12 1002a030 f   kernel32:KERNEL32.dll
 0001:00029036       _lstrcmpA@8                1002a036 f   kernel32:KERNEL32.dll
 0001:0002903c       _MultiByteToWideChar@24    1002a03c f   kernel32:KERNEL32.dll
 0001:00029042       _lstrlenA@4                1002a042 f   kernel32:KERNEL32.dll
 0001:00029048       _lstrcpynA@12              1002a048 f   kernel32:KERNEL32.dll
 0001:0002904e       _GetCurrentDirectoryW@8    1002a04e f   kernel32:KERNEL32.dll
 0001:00029054       _lstrcpyA@8                1002a054 f   kernel32:KERNEL32.dll
 0001:0002905a       _DisconnectNamedPipe@4     1002a05a f   kernel32:KERNEL32.dll
 0001:00029060       _SetThreadPriority@8       1002a060 f   kernel32:KERNEL32.dll
 0001:00029066       _Sleep@4                   1002a066 f   kernel32:KERNEL32.dll
 0001:0002906c       _FlushFileBuffers@4        1002a06c f   kernel32:KERNEL32.dll
 0001:00029072       _ReadFile@20               1002a072 f   kernel32:KERNEL32.dll
 0001:00029078       _GetOverlappedResult@16    1002a078 f   kernel32:KERNEL32.dll
 0001:0002907e       _WriteFile@20              1002a07e f   kernel32:KERNEL32.dll
 0001:00029084       _ConnectNamedPipe@8        1002a084 f   kernel32:KERNEL32.dll
 0001:0002908a       _CreateNamedPipeW@32       1002a08a f   kernel32:KERNEL32.dll
 0001:00029090       _SetFilePointer@16         1002a090 f   kernel32:KERNEL32.dll
 0001:00029096       _GetFileInformationByHandle@8 1002a096 f   kernel32:KERNEL32.dll
 0001:0002909c       _CreateFileW@28            1002a09c f   kernel32:KERNEL32.dll
 0001:000290a2       _ReadProcessMemory@20      1002a0a2 f   kernel32:KERNEL32.dll
 0001:000290a8       _FreeLibrary@4             1002a0a8 f   kernel32:KERNEL32.dll
 0001:000290ae       _VerifyVersionInfoW@16     1002a0ae f   kernel32:KERNEL32.dll
 0001:000290b4       _VerSetConditionMask@16    1002a0b4 f   kernel32:KERNEL32.dll
 0001:000290ba       _SearchPathW@24            1002a0ba f   kernel32:KERNEL32.dll
 0001:000290c0       _DebugBreak@0              1002a0c0 f   kernel32:KERNEL32.dll
 0001:000290c6       _SetNamedPipeHandleState@16 1002a0c6 f   kernel32:KERNEL32.dll
 0001:000290cc       _WaitNamedPipeW@8          1002a0cc f   kernel32:KERNEL32.dll
 0001:000290d2       _TransactNamedPipe@28      1002a0d2 f   kernel32:KERNEL32.dll
 0001:000290d8       _GetConsoleWindow@0        1002a0d8 f   kernel32:KERNEL32.dll
 0001:000290de       _HeapCreate@12             1002a0de f   kernel32:KERNEL32.dll
 0001:000290e4       _HeapDestroy@4             1002a0e4 f   kernel32:KERNEL32.dll
 0001:000290ea       _HeapAlloc@12              1002a0ea f   kernel32:KERNEL32.dll
 0001:000290f0       _HeapReAlloc@16            1002a0f0 f   kernel32:KERNEL32.dll
 0001:000290f6       _HeapFree@12               1002a0f6 f   kernel32:KERNEL32.dll
 0001:000290fc       _HeapValidate@12           1002a0fc f   kernel32:KERNEL32.dll
 0001:00029102       _LocalFree@4               1002a102 f   kernel32:KERNEL32.dll
 0001:00029108       _LocalAlloc@8              1002a108 f   kernel32:KERNEL32.dll
 0001:0002910e       _SetConsoleWindowInfo@12   1002a10e f   kernel32:KERNEL32.dll
 0001:00029114       _GetConsoleOutputCP@0      1002a114 f   kernel32:KERNEL32.dll
 0001:0002911a       _GetFileSizeEx@8           1002a11a f   kernel32:KERNEL32.dll
 0001:00029120       _FindClose@4               1002a120 f   kernel32:KERNEL32.dll
 0001:00029126       _FindNextFileW@8           1002a126 f   kernel32:KERNEL32.dll
 0001:0002912c       _FindFirstFileW@8          1002a12c f   kernel32:KERNEL32.dll
 0001:00029132       _CreateDirectoryW@8        1002a132 f   kernel32:KERNEL32.dll
 0001:00029138       _OpenProcess@12            1002a138 f   kernel32:KERNEL32.dll
 0001:0002913e       _Process32NextW@8          1002a13e f   kernel32:KERNEL32.dll
 0001:00029144       _Process32FirstW@8         1002a144 f   kernel32:KERNEL32.dll
 0001:0002914a       _IsBadReadPtr@8            1002a14a f   kernel32:KERNEL32.dll
 0001:00029150       _VirtualFree@12            1002a150 f   kernel32:KERNEL32.dll
 0001:00029156       _VirtualAlloc@16           1002a156 f   kernel32:KERNEL32.dll
 0001:0002915c       _GetSystemInfo@4           1002a15c f   kernel32:KERNEL32.dll
 0001:00029162       _GetFullPathNameW@16       1002a162 f   kernel32:KERNEL32.dll
 0001:00029168       _GetModuleFileNameA@12     1002a168 f   kernel32:KERNEL32.dll
 0001:0002916e       _OpenEventW@12             1002a16e f   kernel32:KERNEL32.dll
 0001:00029174       _InitializeCriticalSection@4 1002a174 f   kernel32:KERNEL32.dll
 0001:0002917a       _DeleteCriticalSection@4   1002a17a f   kernel32:KERNEL32.dll
 0001:00029180       _EnterCriticalSection@4    1002a180 f   kernel32:KERNEL32.dll
 0001:00029186       _LeaveCriticalSection@4    1002a186 f   kernel32:KERNEL32.dll
 0001:0002918c       _TryEnterCriticalSection@4 1002a18c f   kernel32:KERNEL32.dll
 0001:00029192       _OpenThread@12             1002a192 f   kernel32:KERNEL32.dll
 0001:00029198       _GetLocalTime@4            1002a198 f   kernel32:KERNEL32.dll
 0001:0002919e       _GetVersionExW@4           1002a19e f   kernel32:KERNEL32.dll
 0001:000291a4       _GetLargestConsoleWindowSize@4 1002a1a4 f   kernel32:KERNEL32.dll
 0001:000291aa       _DuplicateHandle@28        1002a1aa f   kernel32:KERNEL32.dll
 0001:000291b0       _GetWindowsDirectoryW@8    1002a1b0 f   kernel32:KERNEL32.dll
 0001:000291b6       _GlobalUnlock@4            1002a1b6 f   kernel32:KERNEL32.dll
 0001:000291bc       _GlobalLock@4              1002a1bc f   kernel32:KERNEL32.dll
 0001:000291c2       _GlobalAlloc@8             1002a1c2 f   kernel32:KERNEL32.dll
 0001:000291c8       _MessageBoxW@16            1002a1c8 f   user32:USER32.dll
 0001:000291ce       _wsprintfW                 1002a1ce f   user32:USER32.dll
 0001:000291d4       _IsWindow@4                1002a1d4 f   user32:USER32.dll
 0001:000291da       _GetWindowLongW@8          1002a1da f   user32:USER32.dll
 0001:000291e0       _GetParent@4               1002a1e0 f   user32:USER32.dll
 0001:000291e6       _PostMessageW@16           1002a1e6 f   user32:USER32.dll
 0001:000291ec       _RegisterWindowMessageW@4  1002a1ec f   user32:USER32.dll
 0001:000291f2       _GetWindowThreadProcessId@8 1002a1f2 f   user32:USER32.dll
 0001:000291f8       _IsWindowVisible@4         1002a1f8 f   user32:USER32.dll
 0001:000291fe       _CharUpperBuffW@8          1002a1fe f   user32:USER32.dll
 0001:00029204       _FillRect@12               1002a204 f   user32:USER32.dll
 0001:0002920a       _ReleaseDC@8               1002a20a f   user32:USER32.dll
 0001:00029210       _GetDC@4                   1002a210 f   user32:USER32.dll
 0001:00029216       _ActivateKeyboardLayout@8  1002a216 f   user32:USER32.dll
 0001:0002921c       _LoadKeyboardLayoutW@8     1002a21c f   user32:USER32.dll
 0001:00029222       _MapVirtualKeyW@8          1002a222 f   user32:USER32.dll
 0001:00029228       _VkKeyScanW@4              1002a228 f   user32:USER32.dll
 0001:0002922e       _FindWindowW@8             1002a22e f   user32:USER32.dll
 0001:00029234       _GetSystemMetrics@4        1002a234 f   user32:USER32.dll
 0001:0002923a       _IsRectEmpty@4             1002a23a f   user32:USER32.dll
 0001:00029240       _EnumDisplayMonitors@16    1002a240 f   user32:USER32.dll
 0001:00029246       _GetMonitorInfoW@8         1002a246 f   user32:USER32.dll
 0001:0002924c       _SystemParametersInfoW@16  1002a24c f   user32:USER32.dll
 0001:00029252       _MonitorFromWindow@8       1002a252 f   user32:USER32.dll
 0001:00029258       _MonitorFromRect@8         1002a258 f   user32:USER32.dll
 0001:0002925e       _SetWindowPos@28           1002a25e f   user32:USER32.dll
 0001:00029264       _ShowWindow@8              1002a264 f   user32:USER32.dll
 0001:0002926a       _SendMessageW@16           1002a26a f   user32:USER32.dll
 0001:00029270       _GetWindowRect@8           1002a270 f   user32:USER32.dll
 0001:00029276       _EnableWindow@8            1002a276 f   user32:USER32.dll
 0001:0002927c       _IsWindowEnabled@4         1002a27c f   user32:USER32.dll
 0001:00029282       _SetForegroundWindow@4     1002a282 f   user32:USER32.dll
 0001:00029288       _ShowWindowAsync@8         1002a288 f   user32:USER32.dll
 0001:0002928e       _wsprintfA                 1002a28e f   user32:USER32.dll
 0001:00029294       _GetCursorPos@4            1002a294 f   user32:USER32.dll
 0001:0002929a       _GetWindowTextW@12         1002a29a f   user32:USER32.dll
 0001:000292a0       _GetClassNameW@12          1002a2a0 f   user32:USER32.dll
 0001:000292a6       _GetForegroundWindow@0     1002a2a6 f   user32:USER32.dll
 0001:000292ac       _GetKeyboardLayoutList@8   1002a2ac f   user32:USER32.dll
 0001:000292b2       _GetKeyboardLayout@4       1002a2b2 f   user32:USER32.dll
 0001:000292b8       _DestroyWindow@4           1002a2b8 f   user32:USER32.dll
 0001:000292be       _GetClientRect@8           1002a2be f   user32:USER32.dll
 0001:000292c4       _CreateWindowExW@48        1002a2c4 f   user32:USER32.dll
 0001:000292ca       _SetTimer@16               1002a2ca f   user32:USER32.dll
 0001:000292d0       _KillTimer@8               1002a2d0 f   user32:USER32.dll
 0001:000292d6       _CloseClipboard@0          1002a2d6 f   user32:USER32.dll
 0001:000292dc       _SetClipboardData@8        1002a2dc f   user32:USER32.dll
 0001:000292e2       _EmptyClipboard@0          1002a2e2 f   user32:USER32.dll
 0001:000292e8       _OpenClipboard@4           1002a2e8 f   user32:USER32.dll
 0001:000292ee       _DeleteEnhMetaFile@4       1002a2ee f   gdi32:GDI32.dll
 0001:000292f4       _GetEnhMetaFileBits@12     1002a2f4 f   gdi32:GDI32.dll
 0001:000292fa       _CloseEnhMetaFile@4        1002a2fa f   gdi32:GDI32.dll
 0001:00029300       _GdiFlush@0                1002a300 f   gdi32:GDI32.dll
 0001:00029306       _SelectObject@8            1002a306 f   gdi32:GDI32.dll
 0001:0002930c       _DeleteDC@4                1002a30c f   gdi32:GDI32.dll
 0001:00029312       _DeleteObject@4            1002a312 f   gdi32:GDI32.dll
 0001:00029318       _CreateSolidBrush@4        1002a318 f   gdi32:GDI32.dll
 0001:0002931e       _CreateDIBSection@24       1002a31e f   gdi32:GDI32.dll
 0001:00029324       _CreateCompatibleDC@4      1002a324 f   gdi32:GDI32.dll
 0001:0002932a       _CreateEnhMetaFileW@16     1002a32a f   gdi32:GDI32.dll
 0001:00029330       _GetDeviceCaps@8           1002a330 f   gdi32:GDI32.dll
 0001:00029336       _GetTextMetricsW@8         1002a336 f   gdi32:GDI32.dll
 0001:0002933c       _CreateFontIndirectW@4     1002a33c f   gdi32:GDI32.dll
 0001:00029342       _RegCloseKey@4             1002a342 f   advapi32:ADVAPI32.dll
 0001:00029348       _RegQueryValueExW@24       1002a348 f   advapi32:ADVAPI32.dll
 0001:0002934e       _RegOpenKeyExW@20          1002a34e f   advapi32:ADVAPI32.dll
 0001:00029354       _RegCreateKeyExW@36        1002a354 f   advapi32:ADVAPI32.dll
 0001:0002935a       _FreeSid@4                 1002a35a f   advapi32:ADVAPI32.dll
 0001:00029360       _CheckTokenMembership@12   1002a360 f   advapi32:ADVAPI32.dll
 0001:00029366       _AllocateAndInitializeSid@44 1002a366 f   advapi32:ADVAPI32.dll
 0001:0002936c       _ConvertSidToStringSidW@8  1002a36c f   advapi32:ADVAPI32.dll
 0001:00029372       _GetTokenInformation@20    1002a372 f   advapi32:ADVAPI32.dll
 0001:00029378       _OpenProcessToken@12       1002a378 f   advapi32:ADVAPI32.dll
 0001:0002937e       _RegEnumKeyExW@32          1002a37e f   advapi32:ADVAPI32.dll
 0001:00029384       _SHGetFolderPathW@20       1002a384 f   shell32:SHELL32.dll
 0001:0002938a       _VerQueryValueW@16         1002a38a f   version:VERSION.dll
 0001:00029390       _GetFileVersionInfoW@16    1002a390 f   version:VERSION.dll
 0001:00029396       _GetFileVersionInfoSizeW@8 1002a396 f   version:VERSION.dll
 0001:000293a0       __chkstk                   1002a3a0 f   LIBCMT:chkstk.obj
 0001:000293a0       __alloca_probe             1002a3a0     LIBCMT:chkstk.obj
 0001:000293d0       _memset                    1002a3d0 f   LIBCMT:memset.obj
 0001:0002a9c0       _memcmp                    1002b9c0 f   LIBCMT:memcmp.obj
 0001:0002c040       _memcpy                    1002d040 f   LIBCMT:memcpy.obj
 0001:0002c3a5       _wcsrchr                   1002d3a5 f   LIBCMT:wcsrchr.obj
 0001:0002c3e0       _memmove                   1002d3e0 f   LIBCMT:memmove.obj
 0001:0002c745       _wcschr                    1002d745 f   LIBCMT:wcschr.obj
 0001:0002c76b       _wcsstr                    1002d76b f   LIBCMT:wcsstr.obj
 0001:0002c7d0       __ftol2_sse                1002d7d0 f   LIBCMT:ftol2.obj
 0001:0002c7d9       __ftol2_pentium4           1002d7d9 f   LIBCMT:ftol2.obj
 0001:0002c7ec       __ftol2_sse_excpt          1002d7ec f   LIBCMT:ftol2.obj
 0001:0002c806       __ftol2                    1002d806 f   LIBCMT:ftol2.obj
 0001:0002c87b       _wcsncmp                   1002d87b f   LIBCMT:wcsncmp.obj
 0001:0002c8b2       _wcspbrk                   1002d8b2 f   LIBCMT:wcspbrk.obj
 0001:0002c900       _strrchr                   1002d900 f   LIBCMT:strrchr.obj
 0001:0002c984       __VEC_memzero              1002d984 f   LIBCMT:p4_memset.obj
 0001:0002ca63       __get_sse2_info            1002da63 f   LIBCMT:cpu_disp.obj
 0001:0002cac5       ___sse2_available_init     1002dac5 f   LIBCMT:cpu_disp.obj
 0001:0002cb59       __VEC_memcpy               1002db59 f   LIBCMT:p4_memcpy.obj
 0001:0002cc3c       __SEH_prolog4              1002dc3c f   LIBCMT:sehprolg4.obj
 0001:0002cc81       __SEH_epilog4              1002dc81 f   LIBCMT:sehprolg4.obj
 0001:0002ccd0       __except_handler4          1002dcd0 f   LIBCMT:chandler4.obj
 0001:0002ce5c       @__security_check_cookie@4 1002de5c f   LIBCMT:secchk.obj
 0001:0002ce6c       __local_unwind4            1002de6c f   LIBCMT:exsup4.obj
 0001:0002cf42       __seh_longjmp_unwind4@4    1002df42 f   LIBCMT:exsup4.obj
 0001:0002cf5e       @_EH4_CallFilterFunc@8     1002df5e f   LIBCMT:exsup4.obj
 0001:0002cf75       @_EH4_TransferToHandler@8  1002df75 f   LIBCMT:exsup4.obj
 0001:0002cf8e       @_EH4_GlobalUnwind@4       1002df8e f   LIBCMT:exsup4.obj
 0001:0002cfa8       @_EH4_LocalUnwind@16       1002dfa8 f   LIBCMT:exsup4.obj
 0001:0002cfc0       __ValidateImageBase        1002dfc0 f   LIBCMT:pesect.obj
 0001:0002d000       __FindPESection            1002e000 f   LIBCMT:pesect.obj
 0001:0002d050       __IsNonwritableInCurrentImage 1002e050 f   LIBCMT:pesect.obj
 0001:0002d10d       ___report_gsfailure        1002e10d f   LIBCMT:gs_report.obj
 0001:0002d214       __global_unwind2           1002e214 f   LIBCMT:exsup.obj
 0001:0002d279       __local_unwind2            1002e279 f   LIBCMT:exsup.obj
 0001:0002d2fd       __abnormal_termination     1002e2fd f   LIBCMT:exsup.obj
 0001:0002d320       __NLG_Notify1              1002e320 f   LIBCMT:exsup.obj
 0001:0002d329       __NLG_Notify               1002e329 f   LIBCMT:exsup.obj
 0001:0002d340       __NLG_Dispatch2            1002e340     LIBCMT:exsup.obj
 0001:0002d340       __NLG_Dispatch             1002e340     LIBCMT:exsup.obj
 0001:0002d348       __NLG_Call                 1002e348 f   LIBCMT:exsup.obj
 0001:0002d34a       __NLG_Return2              1002e34a     LIBCMT:exsup.obj
 0001:0002d34b       __crt_debugger_hook        1002e34b f   LIBCMT:dbghook.obj
 0001:0002d354       _RtlUnwind@16              1002e354 f   kernel32:KERNEL32.dll
 0001:0002d35a       _UnhandledExceptionFilter@4 1002e35a f   kernel32:KERNEL32.dll
 0001:0002d360       _SetUnhandledExceptionFilter@4 1002e360 f   kernel32:KERNEL32.dll
 0002:00000000       __imp__OpenProcessToken@12 1002f000     advapi32:ADVAPI32.dll
 0002:00000004       __imp__GetTokenInformation@20 1002f004     advapi32:ADVAPI32.dll
 0002:00000008       __imp__ConvertSidToStringSidW@8 1002f008     advapi32:ADVAPI32.dll
 0002:0000000c       __imp__AllocateAndInitializeSid@44 1002f00c     advapi32:ADVAPI32.dll
 0002:00000010       __imp__CheckTokenMembership@12 1002f010     advapi32:ADVAPI32.dll
 0002:00000014       __imp__FreeSid@4           1002f014     advapi32:ADVAPI32.dll
 0002:00000018       __imp__RegCreateKeyExW@36  1002f018     advapi32:ADVAPI32.dll
 0002:0000001c       __imp__RegOpenKeyExW@20    1002f01c     advapi32:ADVAPI32.dll
 0002:00000020       __imp__RegQueryValueExW@24 1002f020     advapi32:ADVAPI32.dll
 0002:00000024       __imp__RegCloseKey@4       1002f024     advapi32:ADVAPI32.dll
 0002:00000028       __imp__RegEnumKeyExW@32    1002f028     advapi32:ADVAPI32.dll
 0002:0000002c       \177ADVAPI32_NULL_THUNK_DATA 1002f02c     advapi32:ADVAPI32.dll
 0002:00000030       __imp__GetTextMetricsW@8   1002f030     gdi32:GDI32.dll
 0002:00000034       __imp__GetDeviceCaps@8     1002f034     gdi32:GDI32.dll
 0002:00000038       __imp__CreateEnhMetaFileW@16 1002f038     gdi32:GDI32.dll
 0002:0000003c       __imp__CreateCompatibleDC@4 1002f03c     gdi32:GDI32.dll
 0002:00000040       __imp__CreateDIBSection@24 1002f040     gdi32:GDI32.dll
 0002:00000044       __imp__CreateSolidBrush@4  1002f044     gdi32:GDI32.dll
 0002:00000048       __imp__DeleteObject@4      1002f048     gdi32:GDI32.dll
 0002:0000004c       __imp__DeleteDC@4          1002f04c     gdi32:GDI32.dll
 0002:00000050       __imp__SelectObject@8      1002f050     gdi32:GDI32.dll
 0002:00000054       __imp__GdiFlush@0          1002f054     gdi32:GDI32.dll
 0002:00000058       __imp__CloseEnhMetaFile@4  1002f058     gdi32:GDI32.dll
 0002:0000005c       __imp__CreateFontIndirectW@4 1002f05c     gdi32:GDI32.dll
 0002:00000060       __imp__DeleteEnhMetaFile@4 1002f060     gdi32:GDI32.dll
 0002:00000064       __imp__GetEnhMetaFileBits@12 1002f064     gdi32:GDI32.dll
 0002:00000068       \177GDI32_NULL_THUNK_DATA  1002f068     gdi32:GDI32.dll
 0002:0000006c       __imp__GetConsoleScreenBufferInfo@8 1002f06c     kernel32:KERNEL32.dll
 0002:00000070       __imp__SuspendThread@4     1002f070     kernel32:KERNEL32.dll
 0002:00000074       __imp__ResumeThread@4      1002f074     kernel32:KERNEL32.dll
 0002:00000078       __imp__TerminateProcess@8  1002f078     kernel32:KERNEL32.dll
 0002:0000007c       __imp__GetCurrentProcess@0 1002f07c     kernel32:KERNEL32.dll
 0002:00000080       __imp__CloseHandle@4       1002f080     kernel32:KERNEL32.dll
 0002:00000084       __imp__Module32NextW@8     1002f084     kernel32:KERNEL32.dll
 0002:00000088       __imp__Module32FirstW@8    1002f088     kernel32:KERNEL32.dll
 0002:0000008c       __imp__CreateToolhelp32Snapshot@8 1002f08c     kernel32:KERNEL32.dll
 0002:00000090       __imp__GetEnvironmentVariableW@12 1002f090     kernel32:KERNEL32.dll
 0002:00000094       __imp__CreateThread@24     1002f094     kernel32:KERNEL32.dll
 0002:00000098       __imp__CreateSemaphoreW@16 1002f098     kernel32:KERNEL32.dll
 0002:0000009c       __imp__CreateEventW@16     1002f09c     kernel32:KERNEL32.dll
 0002:000000a0       __imp__OpenFileMappingW@12 1002f0a0     kernel32:KERNEL32.dll
 0002:000000a4       __imp__VirtualProtect@16   1002f0a4     kernel32:KERNEL32.dll
 0002:000000a8       __imp__MapViewOfFile@20    1002f0a8     kernel32:KERNEL32.dll
 0002:000000ac       __imp__CreateFileMappingW@24 1002f0ac     kernel32:KERNEL32.dll
 0002:000000b0       __imp__lstrcmpW@8          1002f0b0     kernel32:KERNEL32.dll
 0002:000000b4       __imp__lstrcpynW@12        1002f0b4     kernel32:KERNEL32.dll
 0002:000000b8       __imp__lstrcmpiW@8         1002f0b8     kernel32:KERNEL32.dll
 0002:000000bc       __imp__UnmapViewOfFile@4   1002f0bc     kernel32:KERNEL32.dll
 0002:000000c0       __imp__TerminateThread@8   1002f0c0     kernel32:KERNEL32.dll
 0002:000000c4       __imp__SetConsoleTitleW@4  1002f0c4     kernel32:KERNEL32.dll
 0002:000000c8       __imp__GetConsoleTitleW@8  1002f0c8     kernel32:KERNEL32.dll
 0002:000000cc       __imp__WideCharToMultiByte@32 1002f0cc     kernel32:KERNEL32.dll
 0002:000000d0       __imp__DeleteFileW@4       1002f0d0     kernel32:KERNEL32.dll
 0002:000000d4       __imp__CreateProcessW@40   1002f0d4     kernel32:KERNEL32.dll
 0002:000000d8       __imp__GetExitCodeProcess@8 1002f0d8     kernel32:KERNEL32.dll
 0002:000000dc       __imp__SetConsoleMode@8    1002f0dc     kernel32:KERNEL32.dll
 0002:000000e0       __imp__GetConsoleMode@8    1002f0e0     kernel32:KERNEL32.dll
 0002:000000e4       __imp__GetConsoleCursorInfo@8 1002f0e4     kernel32:KERNEL32.dll
 0002:000000e8       __imp__Thread32Next@8      1002f0e8     kernel32:KERNEL32.dll
 0002:000000ec       __imp__Thread32First@8     1002f0ec     kernel32:KERNEL32.dll
 0002:000000f0       __imp__ExpandEnvironmentStringsW@12 1002f0f0     kernel32:KERNEL32.dll
 0002:000000f4       __imp__lstrcmpA@8          1002f0f4     kernel32:KERNEL32.dll
 0002:000000f8       __imp__MultiByteToWideChar@24 1002f0f8     kernel32:KERNEL32.dll
 0002:000000fc       __imp__lstrlenA@4          1002f0fc     kernel32:KERNEL32.dll
 0002:00000100       __imp__lstrcpynA@12        1002f100     kernel32:KERNEL32.dll
 0002:00000104       __imp__GetCurrentDirectoryW@8 1002f104     kernel32:KERNEL32.dll
 0002:00000108       __imp__lstrcpyA@8          1002f108     kernel32:KERNEL32.dll
 0002:0000010c       __imp__DisconnectNamedPipe@4 1002f10c     kernel32:KERNEL32.dll
 0002:00000110       __imp__SetThreadPriority@8 1002f110     kernel32:KERNEL32.dll
 0002:00000114       __imp__Sleep@4             1002f114     kernel32:KERNEL32.dll
 0002:00000118       __imp__FlushFileBuffers@4  1002f118     kernel32:KERNEL32.dll
 0002:0000011c       __imp__ReadFile@20         1002f11c     kernel32:KERNEL32.dll
 0002:00000120       __imp__GetOverlappedResult@16 1002f120     kernel32:KERNEL32.dll
 0002:00000124       __imp__WriteFile@20        1002f124     kernel32:KERNEL32.dll
 0002:00000128       __imp__ConnectNamedPipe@8  1002f128     kernel32:KERNEL32.dll
 0002:0000012c       __imp__CreateNamedPipeW@32 1002f12c     kernel32:KERNEL32.dll
 0002:00000130       __imp__SetFilePointer@16   1002f130     kernel32:KERNEL32.dll
 0002:00000134       __imp__GetFileInformationByHandle@8 1002f134     kernel32:KERNEL32.dll
 0002:00000138       __imp__InterlockedIncrement@4 1002f138     kernel32:KERNEL32.dll
 0002:0000013c       __imp__ReadProcessMemory@20 1002f13c     kernel32:KERNEL32.dll
 0002:00000140       __imp__FreeLibrary@4       1002f140     kernel32:KERNEL32.dll
 0002:00000144       __imp__VerifyVersionInfoW@16 1002f144     kernel32:KERNEL32.dll
 0002:00000148       __imp__VerSetConditionMask@16 1002f148     kernel32:KERNEL32.dll
 0002:0000014c       __imp__SearchPathW@24      1002f14c     kernel32:KERNEL32.dll
 0002:00000150       __imp__DebugBreak@0        1002f150     kernel32:KERNEL32.dll
 0002:00000154       __imp__SetNamedPipeHandleState@16 1002f154     kernel32:KERNEL32.dll
 0002:00000158       __imp__WaitNamedPipeW@8    1002f158     kernel32:KERNEL32.dll
 0002:0000015c       __imp__TransactNamedPipe@28 1002f15c     kernel32:KERNEL32.dll
 0002:00000160       __imp__GetConsoleWindow@0  1002f160     kernel32:KERNEL32.dll
 0002:00000164       __imp__HeapCreate@12       1002f164     kernel32:KERNEL32.dll
 0002:00000168       __imp__HeapDestroy@4       1002f168     kernel32:KERNEL32.dll
 0002:0000016c       __imp__HeapAlloc@12        1002f16c     kernel32:KERNEL32.dll
 0002:00000170       __imp__HeapReAlloc@16      1002f170     kernel32:KERNEL32.dll
 0002:00000174       __imp__HeapFree@12         1002f174     kernel32:KERNEL32.dll
 0002:00000178       __imp__HeapValidate@12     1002f178     kernel32:KERNEL32.dll
 0002:0000017c       __imp__LocalFree@4         1002f17c     kernel32:KERNEL32.dll
 0002:00000180       __imp__LocalAlloc@8        1002f180     kernel32:KERNEL32.dll
 0002:00000184       __imp__SetConsoleWindowInfo@12 1002f184     kernel32:KERNEL32.dll
 0002:00000188       __imp__GetConsoleOutputCP@0 1002f188     kernel32:KERNEL32.dll
 0002:0000018c       __imp__GetFileSizeEx@8     1002f18c     kernel32:KERNEL32.dll
 0002:00000190       __imp__FindClose@4         1002f190     kernel32:KERNEL32.dll
[...]
 0002:00003ad4       ??_C@_1CC@KPOKNCMJ@?$AAt?$AAo?$AAo?$AAl?$AAt?$AAi?$AAp?$AAs?$AA_?$AAc?$AAl?$AAa?$AAs?$AAs?$AA3?$AA2?$AA?$AA@ 10032ad4     WinObjects.obj
 0002:00003af8       ??_C@_1FA@BFJDIMLC@?$AAC?$AA?3?$AA?2?$AAP?$AAr?$AAo?$AAg?$AAr?$AAa?$AAm?$AA?5?$AAF?$AAi?$AAl?$AAe?$AAs?$AA?2?$AAJ?$AAP?$AAS?$AAo?$AAf?$AAt?$AA?2?$AAT?$AAC?$AAC?$AAL?$AAE?$AA1?$AA3?$AA?2@ 10032af8     WinObjects.obj
 0002:00003b48       ??_C@_1EO@GBOKIPHE@?$AAC?$AA?3?$AA?2?$AAP?$AAr?$AAo?$AAg?$AAr?$AAa?$AAm?$AA?5?$AAF?$AAi?$AAl?$AAe?$AAs?$AA?2?$AAJ?$AAP?$AAS?$AAo?$AAf?$AAt?$AA?2?$AAT?$AAC?$AAM?$AAD?$AA1?$AA3?$AA?2?$AAt@ 10032b48     WinObjects.obj
 0002:00003b98       ??_C@_1CA@CBMLAMC@?$AAI?$AAn?$AAs?$AAt?$AAa?$AAl?$AAl?$AAL?$AAo?$AAc?$AAa?$AAt?$AAi?$AAo?$AAn?$AA?$AA@ 10032b98     WinObjects.obj
 0002:00003bb8       ??_C@_1BI@NAAHPGNK@?$AAJ?$AAP?$AA?5?$AAS?$AAo?$AAf?$AAt?$AAw?$AAa?$AAr?$AAe?$AA?$AA@ 10032bb8     WinObjects.obj
 0002:00003bd0       ??_C@_1BE@CCMLAJPM@?$AAP?$AAu?$AAb?$AAl?$AAi?$AAs?$AAh?$AAe?$AAr?$AA?$AA@ 10032bd0     WinObjects.obj
 0002:00003be8       ??_C@_1GI@BAAGFBH@?$AAS?$AAO?$AAF?$AAT?$AAW?$AAA?$AAR?$AAE?$AA?2?$AAM?$AAi?$AAc?$AAr?$AAo?$AAs?$AAo?$AAf?$AAt?$AA?2?$AAW?$AAi?$AAn?$AAd?$AAo?$AAw?$AAs?$AA?2?$AAC?$AAu?$AAr?$AAr?$AAe@ 10032be8     WinObjects.obj
 0002:00003c50       ??_C@_1BA@JFHFEKBP@?$AAt?$AAc?$AAc?$AA?4?$AAe?$AAx?$AAe?$AA?$AA@ 10032c50     WinObjects.obj
 0002:00003c60       ??_C@_1BE@BGAOJFLF@?$AA?2?$AAt?$AAc?$AAm?$AAd?$AA?4?$AAe?$AAx?$AAe?$AA?$AA@ 10032c60     WinObjects.obj
 0002:00003c74       ??_C@_19NHABCBNP@?$AAP?$AAa?$AAt?$AAh?$AA?$AA@ 10032c74     WinObjects.obj
 0002:00003c80       ??_C@_1CK@HMKJOJBO@?$AAS?$AAO?$AAF?$AAT?$AAW?$AAA?$AAR?$AAE?$AA?2?$AAJ?$AAP?$AA?5?$AAS?$AAo?$AAf?$AAt?$AAw?$AAa?$AAr?$AAe?$AA?$AA@ 10032c80     WinObjects.obj
 0002:00003cac       ??_C@_1DA@EMHAGABM@?$AA?$CF?$AAC?$AAo?$AAn?$AAE?$AAm?$AAu?$AAB?$AAa?$AAs?$AAe?$AAD?$AAi?$AAr?$AA?$CF?$AA?2?$AAt?$AAc?$AAc?$AA?4?$AAe?$AAx?$AAe?$AA?$AA@ 10032cac     WinObjects.obj
 0002:00003cdc       ??_C@_13PJJBFPED@?$AA?$DL?$AA?$AA@ 10032cdc     WinObjects.obj
 0002:00003ce0       ??_C@_1BA@DBKIDAPL@?$AAc?$AAm?$AAd?$AA?4?$AAe?$AAx?$AAe?$AA?$AA@ 10032ce0     WinObjects.obj
 0002:00003cf0       ??_C@_1CE@ECCAMEKN@?$AA?2?$AAS?$AAy?$AAs?$AAW?$AAO?$AAW?$AA6?$AA4?$AA?2?$AAc?$AAm?$AAd?$AA?4?$AAe?$AAx?$AAe?$AA?$AA@ 10032cf0     WinObjects.obj
 0002:00003d14       ??_C@_1CC@PDLBBEEF@?$AAS?$AAy?$AAs?$AAW?$AAO?$AAW?$AA6?$AA4?$AA?2?$AAc?$AAm?$AAd?$AA?4?$AAe?$AAx?$AAe?$AA?$AA@ 10032d14     WinObjects.obj
 0002:00003d38       ??_C@_1CE@PMNGKNKL@?$AA?2?$AAS?$AAy?$AAs?$AAt?$AAe?$AAm?$AA3?$AA2?$AA?2?$AAc?$AAm?$AAd?$AA?4?$AAe?$AAx?$AAe?$AA?$AA@ 10032d38     WinObjects.obj
 0002:00003d5c       ??_C@_1CC@ENEHHNED@?$AAS?$AAy?$AAs?$AAt?$AAe?$AAm?$AA3?$AA2?$AA?2?$AAc?$AAm?$AAd?$AA?4?$AAe?$AAx?$AAe?$AA?$AA@ 10032d5c     WinObjects.obj
 0002:00003d80       ??_C@_1CK@OLMGMMDO@?$AAC?$AAo?$AAn?$AAE?$AAm?$AAu?$AAS?$AAl?$AAe?$AAe?$AAp?$AAI?$AAn?$AAd?$AAi?$AAc?$AAa?$AAt?$AAo?$AAr?$AA?$AA@ 10032d80     WinObjects.obj
 0002:00003db8       __load_config_used         10032db8     LIBCMT:loadcfg.obj
 0002:00003e70       ___safe_se_handler_table   10032e70     <linker-defined>
 0002:00003ebc       __IMPORT_DESCRIPTOR_KERNEL32 10032ebc     kernel32:KERNEL32.dll
 0002:00003ed0       __IMPORT_DESCRIPTOR_USER32 10032ed0     user32:USER32.dll
 0002:00003ee4       __IMPORT_DESCRIPTOR_GDI32  10032ee4     gdi32:GDI32.dll
 0002:00003ef8       __IMPORT_DESCRIPTOR_ADVAPI32 10032ef8     advapi32:ADVAPI32.dll
 0002:00003f0c       __IMPORT_DESCRIPTOR_SHELL32 10032f0c     shell32:SHELL32.dll
 0002:00003f20       __IMPORT_DESCRIPTOR_VERSION 10032f20     version:VERSION.dll
 0002:00003f34       __NULL_IMPORT_DESCRIPTOR   10032f34     kernel32:KERNEL32.dll
 0003:00000000       ?gnPluginOpenFrom@@3HA     10035000     ConEmuPlugin.obj
 0003:00000004       ?gnReqCommand@@3KA         10035004     ConEmuPlugin.obj
 0003:00000008       ?lastModifiedStateW@@3HA   10035008     ConEmuPlugin.obj
 0003:0000000c       ?gFarMode@@3UHookModeFar@@A 1003500c     ConEmuPlugin.obj
 0003:00000028       ?gpPluginMenu@@3PAUPluginAndMenuCommands@@A 10035028     ConEmuPlugin.obj
 0003:000000e0       ?Far3Func@@3PAUExportFunc@@A 100350e0     ConEmuPlugin.obj
 0003:00000128       ?guid_ConEmu@@3U_GUID@@A   10035128     ConEmuPlugin2800.obj
 0003:00000138       ?guid_ConEmuPluginItems@@3U_GUID@@A 10035138     ConEmuPlugin2800.obj
 0003:00000148       ?guid_ConEmuPluginMenu@@3U_GUID@@A 10035148     ConEmuPlugin2800.obj
 0003:00000158       ?guid_ConEmuGuiMacroDlg@@3U_GUID@@A 10035158     ConEmuPlugin2800.obj
 0003:00000168       ?guid_ConEmuWaitEndSynchro@@3U_GUID@@A 10035168     ConEmuPlugin2800.obj
 0003:00000180       ___security_cookie         10035180     LIBCMT:gs_cookie.obj
 0003:00000184       ___security_cookie_complement 10035184     LIBCMT:gs_cookie.obj
 0003:00000188       __NLG_Destination          10035188     LIBCMT:exsup.obj
 0003:00000198       ?ghHooksModule@@3PAUHINSTANCE__@@A 10035198     ConEmuInjects.obj
 0003:0000019c       ?gbHooksModuleLoaded@@3HA  1003519c     ConEmuInjects.obj
 0003:000001a0       ?SetHookCallbacks@@3P6G_NPBDPB_WPAUHINSTANCE__@@P6GHPAUHookCallbackArg@@@ZP6GX3@Z5@ZA 100351a0     ConEmuInjects.obj
 0003:000001a4       ?SetLoadLibraryCallback@@3P6GXPAUHINSTANCE__@@P6GX0@Z1@ZA 100351a4     ConEmuInjects.obj
 0003:000001a8       ?SetFarHookMode@@3P6GXPAUHookModeFar@@@ZA 100351a8     ConEmuInjects.obj
 0003:000001ac       ?ghExtConModule@@3PAUHINSTANCE__@@A 100351ac     ConEmuInjects.obj
 0003:000001b0       ?SetHookCallbacksExt@@3P6G_NPBDPB_WPAUHINSTANCE__@@P6GHPAUHookCallbackArg@@@ZP6GX3@Z5@ZA 100351b0     ConEmuInjects.obj
 0003:000001b8       ?gszDir2@@3PA_WA           100351b8     ConEmuPlugin.obj
 0003:000009b8       ?gpConMap@@3PAV?$MFileMapping@UCESERVER_CONSOLE_MAPPING_HDR@@@@A 100359b8     ConEmuPlugin.obj
 0003:000009c0       ?gszRootKey@@3PA_WA        100359c0     ConEmuPlugin.obj
 0003:00000dd0       ?gsbiDetached@@3U_CONSOLE_SCREEN_BUFFER_INFO@@A 10035dd0     ConEmuPlugin.obj
 0003:00000de8       ?gszDir1@@3PA_WA           10035de8     ConEmuPlugin.obj
 0003:000015e8       ?ghPluginModule@@3PAUHINSTANCE__@@A 100365e8     ConEmuPlugin.obj
 0003:000015ec       ?ConEmuHwnd@@3PAUHWND__@@A 100365ec     ConEmuPlugin.obj
 0003:000015f0       ?gdwPreDetachGuiPID@@3KA   100365f0     ConEmuPlugin.obj
 0003:000015f4       ?gdwServerPID@@3KA         100365f4     ConEmuPlugin.obj
 0003:000015f8       ?TerminalMode@@3HA         100365f8     ConEmuPlugin.obj
 0003:000015fc       ?FarHwnd@@3PAUHWND__@@A    100365fc     ConEmuPlugin.obj
 0003:00001600       ?gnMainThreadId@@3KA       10036600     ConEmuPlugin.obj
 0003:00001604       ?gnMainThreadIdInitial@@3KA 10036604     ConEmuPlugin.obj
 0003:00001608       ?ghMonitorThread@@3PAXA    10036608     ConEmuPlugin.obj
 0003:0000160c       ?gnMonitorThreadId@@3KA    1003660c     ConEmuPlugin.obj
 0003:00001610       ?ghSetWndSendTabsEvent@@3PAXA 10036610     ConEmuPlugin.obj
 0003:00001614       ?gFarVersion@@3UFarVersion@@A 10036614     ConEmuPlugin.obj
 0003:0000161c       ?maxTabCount@@3HA          1003661c     ConEmuPlugin.obj
 0003:00001620       ?lastWindowCount@@3HA      10036620     ConEmuPlugin.obj
 0003:00001624       ?gnCurTabCount@@3HA        10036624     ConEmuPlugin.obj
 0003:00001628       ?gpTabs@@3PAUCESERVER_REQ@@A 10036628     ConEmuPlugin.obj
 0003:0000162c       ?gnCurrentWindowType@@3HA  1003662c     ConEmuPlugin.obj
 0003:00001630       ?gbIgnoreUpdateTabs@@3HA   10036630     ConEmuPlugin.obj
 0003:00001634       ?gbRequestUpdateTabs@@3HA  10036634     ConEmuPlugin.obj
 0003:00001638       ?gbClosingModalViewerEditor@@3HA 10036638     ConEmuPlugin.obj
 0003:0000163c       ?gLastMouseReadEvent@@3U_MOUSE_EVENT_RECORD@@A 1003663c     ConEmuPlugin.obj
 0003:0000164c       ?gbUngetDummyMouseEvent@@3HA 1003664c     ConEmuPlugin.obj
 0003:00001650       ?gnAllowDummyMouseEvent@@3JA 10036650     ConEmuPlugin.obj
 0003:00001654       ?gnDummyMouseEventFromMacro@@3JA 10036654     ConEmuPlugin.obj
 0003:00001658       ?csData@@3PAVMSection@@A   10036658     ConEmuPlugin.obj
 0003:0000165c       ?gpCmdRet@@3PAUCESERVER_REQ@@A 1003665c     ConEmuPlugin.obj
 0003:00001660       ?gpData@@3PAEA             10036660     ConEmuPlugin.obj
 0003:00001664       ?gpCursor@@3PAEA           10036664     ConEmuPlugin.obj
 0003:00001668       ?gnDataSize@@3KA           10036668     ConEmuPlugin.obj
 0003:0000166c       ?gpReqCommandData@@3PAXA   1003666c     ConEmuPlugin.obj
 0003:00001678       ?gnMsgTabChanged@@3IA      10036678     ConEmuPlugin.obj
 0003:0000167c       ?csTabs@@3PAVMSection@@A   1003667c     ConEmuPlugin.obj
 0003:00001680       ?gbPlugKeyChanged@@3HA     10036680     ConEmuPlugin.obj
 0003:00001684       ?ghRegMonitorKey@@3PAUHKEY__@@A 10036684     ConEmuPlugin.obj
 0003:00001688       ?ghRegMonitorEvt@@3PAXA    10036688     ConEmuPlugin.obj
 0003:0000168c       ?ghPluginSemaphore@@3PAXA  1003668c     ConEmuPlugin.obj
 0003:00001690       ?gsFarLang@@3PA_WA         10036690     ConEmuPlugin.obj
 0003:00001710       ?gbNeedPostTabSend@@3HA    10036710     ConEmuPlugin.obj
 0003:00001714       ?gbNeedPostEditCheck@@3HA  10036714     ConEmuPlugin.obj
 0003:00001718       ?gbNeedPostReloadFarInfo@@3HA 10036718     ConEmuPlugin.obj
 0003:0000171c       ?gnNeedPostTabSendTick@@3KA 1003671c     ConEmuPlugin.obj
 0003:00001720       ?gpConMapInfo@@3PBUCESERVER_CONSOLE_MAPPING_HDR@@B 10036720     ConEmuPlugin.obj
 0003:00001724       ?gbStartedUnderConsole2@@3HA 10036724     ConEmuPlugin.obj
 0003:00001728       ?gnSelfPID@@3KA            10036728     ConEmuPlugin.obj
 0003:0000172c       ?ghFarInfoMapping@@3PAXA   1003672c     ConEmuPlugin.obj
 0003:00001730       ?gpFarInfo@@3PAUCEFAR_INFO_MAPPING@@A 10036730     ConEmuPlugin.obj
 0003:00001734       ?gpFarInfoMapping@@3PAUCEFAR_INFO_MAPPING@@A 10036734     ConEmuPlugin.obj
 0003:00001738       ?ghFarAliveEvent@@3PAXA    10036738     ConEmuPlugin.obj
 0003:0000173c       ?gPanelRegLeft@@3Utag_PanelViewRegInfo@@A 1003673c     ConEmuPlugin.obj
 0003:00001754       ?gPanelRegRight@@3Utag_PanelViewRegInfo@@A 10036754     ConEmuPlugin.obj
 0003:0000176c       ?ghConEmuCtrlPressed@@3PAXA 1003676c     ConEmuPlugin.obj
 0003:00001770       ?ghConEmuShiftPressed@@3PAXA 10036770     ConEmuPlugin.obj
 0003:00001774       ?gbWaitConsoleInputEmpty@@3HA 10036774     ConEmuPlugin.obj
 0003:00001778       ?gbWaitConsoleWrite@@3HA   10036778     ConEmuPlugin.obj
 0003:0000177c       ?ghConsoleInputEmpty@@3PAXA 1003677c     ConEmuPlugin.obj
 0003:00001780       ?ghConsoleWrite@@3PAXA     10036780     ConEmuPlugin.obj
 0003:00001784       ?gnSynchroCount@@3HA       10036784     ConEmuPlugin.obj
 0003:00001788       ?gbSynchroProhibited@@3_NA 10036788     ConEmuPlugin.obj
 0003:00001789       ?gbInputSynchroPending@@3_NA 10036789     ConEmuPlugin.obj
 0003:0000178c       ?gbInfoW_OK@@3HA           1003678c     ConEmuPlugin.obj
 0003:00001790       ?gnPeekReadCount@@3KA      10036790     ConEmuPlugin.obj
 0003:00001794       ?gbExitFarCalled@@3HA      10036794     ConEmuPlugin.obj
 0003:000017a0       ?gbWasDetached@@3HA        100367a0     ConEmuPlugin.obj
 0003:000017b0       ?InfoW995@@3PAUPluginStartupInfo@@A 100367b0     ConEmuPlugin995.obj
 0003:000017b4       ?FSFW995@@3PAUFarStandardFunctions@@A 100367b4     ConEmuPlugin995.obj
 0003:000019c8       ?InfoW1900@@3PAUPluginStartupInfo@@A 100369c8     ConEmuPlugin1900.obj
 0003:000019cc       ?FSFW1900@@3PAUFarStandardFunctions@@A 100369cc     ConEmuPlugin1900.obj
 0003:00001c08       ?LastIndex@?1??Color2FgIndex@Far3Color@@SIXKAAG@Z@4HA 10036c08     ConEmuPlugin1900.obj
 0003:00001c0c       ?LastColor@?1??Color2FgIndex@Far3Color@@SIXKAAG@Z@4KA 10036c0c     ConEmuPlugin1900.obj
 0003:00001c10       ?LastIndex@?1??Color2BgIndex@Far3Color@@SIXKHAAG@Z@4HA 10036c10     ConEmuPlugin1900.obj
 0003:00001c14       ?LastColor@?1??Color2BgIndex@Far3Color@@SIXKHAAG@Z@4KA 10036c14     ConEmuPlugin1900.obj
 0003:00001c1c       ?InfoW2800@@3PAUPluginStartupInfo@@A 10036c1c     ConEmuPlugin2800.obj
 0003:00001c20       ?FSFW2800@@3PAUFarStandardFunctions@@A 10036c20     ConEmuPlugin2800.obj
 0003:00001e5c       ?InfoA@@3PAUPluginStartupInfo@@A 10036e5c     ConEmuPluginA.obj
 0003:00001e60       ?FSFA@@3PAUFarStandardFunctions@@A 10036e60     ConEmuPluginA.obj
 0003:00001f6c       ?gbNeedBgActivate@@3HA     10036f6c     PluginBackground.obj
 0003:00001f70       ?gbBgPluginsAllowed@@3HA   10036f70     PluginBackground.obj
 0003:00001f74       ?gpBgPlugin@@3PAVCPluginBackground@@A 10036f74     PluginBackground.obj
 0003:00001f78       ?gszPluginServerPipe@@3PA_WA 10036f78     PluginSrv.obj
 0003:00002180       ?gpPlugServer@@3PAU?$PipeServer@UCESERVER_REQ@@@@A 10037180     PluginSrv.obj
 0003:00002184       ?ghServerTerminateEvent@@3PAXA 10037184     PluginSrv.obj
 0003:00002188       ?gbInCommonShutdown@@3HA   10037188     Common.obj
 0003:0000218c       ?OnShutdownConsole@@3P6GXXZA 1003718c     Common.obj
 0003:00002198       ?gpLocalSecurity@@3PAU_SECURITY_ATTRIBUTES@@A 10037198     ConEmuCheck.obj
 0003:000021a0       ?ghWorkingModule@@3_KA     100371a0     ConEmuCheck.obj
 0003:000021f4       ?AssertMsgBox@@3P6IHPB_WI0PAUHWND__@@_N@ZA 100371f4     MAssert.obj
 0003:000021f8       ?ghHeap@@3PAXA             100371f8     Memory.obj
 0003:000021fc       ?gNullDesc@@3PAVMNullDesc@@A 100371fc     MSecurity.obj
 0003:00002200       ?gpConsoleInfoStr@@3PAU_CONSOLE_INFO@@A 10037200     WinConsole.obj
 0003:00002204       ?ghConsoleSection@@3PAXA   10037204     WinConsole.obj
 0003:00002218       ?Is_Window@@3P6GHPAUHWND__@@@ZA 10037218     WinObjects.obj
 0003:00002584       __debugger_hook_dummy      10037584     <common>
 0003:00002588       __pDestructExceptionObject 10037588     <common>
 0003:0000258c       ___sse2_available          1003758c     <common>

 entry point at        0001:00001cc0

 Static symbols

 0001:000005f0       ?StringValidateDestW@@YGJPB_WII@Z 100015f0 f   ConEmuInjects.obj
 0001:00000620       ?StringCopyWorkerW@@YGJPA_WIPAIPB_WI@Z 10001620 f   ConEmuInjects.obj
 0001:00001ea0       ?LoadFarVersion@@YI_NAAUFarVersion@@AAY0CAA@_W@Z 10002ea0 f   ConEmuPlugin.obj
 0001:000033d0       ?StringValidateDestW@@YGJPB_WII@Z 100043d0 f   ConEmuPlugin.obj
 0001:00003400       ?StringValidateDestAndLengthW@@YGJPB_WIPAII@Z 10004400 f   ConEmuPlugin.obj
 0001:00003450       ?StringLengthWorkerW@@YGJPB_WIPAI@Z 10004450 f   ConEmuPlugin.obj
 0001:000034c0       ?StringCopyWorkerW@@YGJPA_WIPAIPB_WI@Z 100044c0 f   ConEmuPlugin.obj
 0001:00003570       ?ActivatePlugin@@YIHKPAXK@Z 10004570 f   ConEmuPlugin.obj
 0001:00003800       ?WaitPluginActivateion@@YIKKPAPAXHK@Z 10004800 f   ConEmuPlugin.obj
 0001:000045a0       ?ChangeExports@@YI_NPBUExportFunc@@PAUHINSTANCE__@@@Z 100055a0 f   ConEmuPlugin.obj
 0001:000092d0       ?GetPanelDir@@YIPA_WPAX@Z  1000a2d0 f   ConEmuPlugin995.obj
 0001:0000ad70       ?LoadFarSettingsW995@@YIXPAUCEFarInterfaceSettings@@PAUCEFarPanelSettings@@@Z 1000bd70 f   ConEmuPlugin995.obj
 0001:0000b190       ?CopyPanelInfoW@@YIXPAUPanelInfo@@PAUtag_BkPanelInfo@PaintBackgroundArg@@@Z 1000c190 f   ConEmuPlugin995.obj
 0001:0000b380       ?CallGuiMacroProc@@YIXXZ   1000c380 f   ConEmuPlugin995.obj
 0001:0000b6a0       ?CallGuiMacroDlg@@YGJPAXHHJ@Z 1000c6a0 f   ConEmuPlugin995.obj
 0001:0000c160       ?GetPanelDir@@YIPA_WPAX@Z  1000d160 f   ConEmuPlugin1900.obj
 0001:0000eb00       ?LoadFarSettingsW1900@@YIXPAUCEFarInterfaceSettings@@PAUCEFarPanelSettings@@@Z 1000fb00 f   ConEmuPlugin1900.obj
 0001:0000ec90       ?GetFarSetting@@YIHPAXIPB_W@Z 1000fc90 f   ConEmuPlugin1900.obj
 0001:0000f110       ?CopyPanelInfoW@@YIXPAUPanelInfo@@PAUtag_BkPanelInfo@PaintBackgroundArg@@@Z 10010110 f   ConEmuPlugin1900.obj
 0001:0000f3f0       ?CallGuiMacroProc@@YIXXZ   100103f0 f   ConEmuPlugin1900.obj
 0001:0000f7a0       ?CallGuiMacroDlg@@YGHPAXHH0@Z 100107a0 f   ConEmuPlugin1900.obj
 0001:000103c0       ?GetPanelDir@@YIPA_WPAX@Z  100113c0 f   ConEmuPlugin2800.obj
 0001:00012620       ?LoadFarSettingsW2800@@YIXPAUCEFarInterfaceSettings@@PAUCEFarPanelSettings@@@Z 10013620 f   ConEmuPlugin2800.obj
 0001:000127b0       ?GetFarSetting@@YIHPAXIPB_W@Z 100137b0 f   ConEmuPlugin2800.obj
 0001:00012c30       ?CopyPanelInfoW@@YIXPAUPanelInfo@@PAUtag_BkPanelInfo@PaintBackgroundArg@@@Z 10013c30 f   ConEmuPlugin2800.obj
 0001:00012f10       ?CallGuiMacroProc@@YIXXZ   10013f10 f   ConEmuPlugin2800.obj
 0001:00013250       ?CallGuiMacroDlg@@YGHPAXHH0@Z 10014250 f   ConEmuPlugin2800.obj
 0001:000135d0       ?MAKEFARVERSION@@YI?AUVersionInfo@@KKKKW4VERSION_STAGE@@@Z 100145d0 f   ConEmuPlugin2800.obj
 0001:00015830       ?LoadFarSettingsA@@YIXPAUCEFarInterfaceSettings@@PAUCEFarPanelSettings@@@Z 10016830 f   ConEmuPluginA.obj
 0001:00015b10       ?CopyPanelInfo@@YIXPAUPanelInfo@@PAUtag_BkPanelInfo@PaintBackgroundArg@@@Z 10016b10 f   ConEmuPluginA.obj
 0001:00015c60       ?CallGuiMacroProc@@YIXXZ   10016c60 f   ConEmuPluginA.obj
 0001:00016010       ?CallGuiMacroDlg@@YGJPAXHHJ@Z 10017010 f   ConEmuPluginA.obj
 0001:00018760       ?StringValidateDestW@@YGJPB_WII@Z 10019760 f   PluginBackground.obj
 0001:00018790       ?StringCopyWorkerW@@YGJPA_WIPAIPB_WI@Z 10019790 f   PluginBackground.obj
 0001:0001aa30       ?StringValidateDestW@@YGJPB_WII@Z 1001ba30 f   PluginSrv.obj
 0001:0001aa60       ?StringCopyWorkerW@@YGJPA_WIPAIPB_WI@Z 1001ba60 f   PluginSrv.obj
 0001:0001c040       ?StringValidateDestW@@YGJPB_WII@Z 1001d040 f   Execute.obj
 0001:0001c070       ?StringCopyWorkerW@@YGJPA_WIPAIPB_WI@Z 1001d070 f   Execute.obj
 0001:0001cc20       ?StringValidateDestW@@YGJPB_WII@Z 1001dc20 f   ConEmuCheck.obj
 0001:0001cc50       ?StringCopyWorkerW@@YGJPA_WIPAIPB_WI@Z 1001dc50 f   ConEmuCheck.obj
 0001:0001e070       ?StringValidateDestW@@YGJPB_WII@Z 1001f070 f   ConEmuCheckEx.obj
 0001:0001e0a0       ?StringCopyWorkerW@@YGJPA_WIPAIPB_WI@Z 1001f0a0 f   ConEmuCheckEx.obj
 0001:0001e1d0       ?StringValidateDestAndLengthW@@YGJPB_WIPAII@Z 1001f1d0 f   ConEmuCheckEx.obj
 0001:0001e220       ?StringLengthWorkerW@@YGJPB_WIPAI@Z 1001f220 f   ConEmuCheckEx.obj
 0001:0001e520       ?StringValidateDestA@@YGJPBDII@Z 1001f520 f   Memory.obj
 0001:0001e550       ?StringCopyWorkerA@@YGJPADIPAIPBDI@Z 1001f550 f   Memory.obj
 0001:0001e670       ?StringValidateDestW@@YGJPB_WII@Z 1001f670 f   Memory.obj
 0001:0001e6a0       ?StringCopyWorkerW@@YGJPA_WIPAIPB_WI@Z 1001f6a0 f   Memory.obj
 0001:00022f40       ?StringValidateDestW@@YGJPB_WII@Z 10023f40 f   WinObjects.obj
 0001:00022f70       ?StringCopyWorkerW@@YGJPA_WIPAIPB_WI@Z 10023f70 f   WinObjects.obj
 0001:000236c0       ?CheckRegKeyExist@@YI_NPAURegKeyExistArg@@@Z 100246c0 f   WinObjects.obj
 0001:00026290       ?StringValidateDestAndLengthW@@YGJPB_WIPAII@Z 10027290 f   WinObjects.obj
 0001:000262e0       ?StringLengthWorkerW@@YGJPB_WIPAI@Z 100272e0 f   WinObjects.obj
 0001:0002944a       _cmpResult                 1002a44a f   LIBCMT:memcmp.obj
 0001:0002945c       _cmpBYTE                   1002a45c f   LIBCMT:memcmp.obj
 0001:00029474       _cmpWORD                   1002a474 f   LIBCMT:memcmp.obj
 0001:000294b4       _cmpDWORD                  1002a4b4 f   LIBCMT:memcmp.obj
 0001:0002952c       _unaligned_memcmp          1002a52c f   LIBCMT:memcmp.obj
 0001:0002c92d       _fastzero_I                1002d92d f   LIBCMT:p4_memset.obj
 0001:0002ca13       _has_osfxsr_set            1002da13 f   LIBCMT:cpu_disp.obj
 0001:0002cad2       _fastcopy_I                1002dad2 f   LIBCMT:p4_memcpy.obj
 0001:0002cca0       _ValidateLocalCookies      1002dca0 f   LIBCMT:chandler4.obj
 0001:0002cefc       __unwind_handler4          1002defc f   LIBCMT:exsup4.obj
 0001:0002d234       __unwind_handler           1002e234 f   LIBCMT:exsup.obj
