 ConEmu

 Timestamp is 52e2d6b6 (Sat Jan 25 01:10:14 2014)

 Preferred load address is 10000000

 Start         Length     Name                   Class
 0001:00000000 0002d166H .text                   CODE
 0002:00000000 0000035cH .idata$5                DATA
 0002:00000360 00003a58H .rdata                  DATA
 0002:00003db8 0000006fH .rdata$debug            DATA
 0002:00003e30 0000000cH .rdata$sxdata           DATA
 0002:00003e40 0000003cH .xdata$x                DATA
 0002:00003e7c 00000078H .idata$2                DATA
 0002:00003ef4 00000014H .idata$3                DATA
 0002:00003f08 0000035cH .idata$4                DATA
 0002:00004264 00000f3eH .idata$6                DATA
 0002:000051b0 00000337H .edata                  DATA
 0003:00000000 00000198H .data                   DATA
 0003:00000198 000023e8H .bss                    DATA
 0004:00000000 00000004H .CRT$XIC                DATA
 0005:00000000 00000058H .rsrc$01                DATA
 0005:00000060 00000290H .rsrc$02                DATA

  Address         Publics by Value              Rva+Base       Lib:Object

 0000:00000000       __except_list              00000000     <absolute>
 0000:00000003       ___safe_se_handler_count   00000003     <absolute>
 0000:00000000       ___ImageBase               10000000     <linker-defined>
 0001:00000000       ?StartupHooks@@YIHPAUHINSTANCE__@@@Z 10001000 f   ConEmuInjects.obj
 0001:00000350       ?ShutdownHooks@@YIXXZ      10001350 f   ConEmuInjects.obj
 0001:000004e0       ??$wcscpy_c@$0EA@@@YIHAAY0EA@_WPB_W@Z 100014e0 f i ConEmuInjects.obj
 0001:00000510       ?StringCchCopyW@@YGJPA_WIPB_W@Z 10001510 f i ConEmuInjects.obj
 0001:00000640       ?pcc_Selected@@YI_NW4PluginMenuCommands@@@Z 10001640 f   ConEmuPlugin.obj
 0001:000006b0       ?pcc_Disabled@@YI_NW4PluginMenuCommands@@@Z 100016b0 f   ConEmuPlugin.obj
 0001:00000760       ?GetPluginInfoWcmn@@YGXPAX@Z 10001760 f   ConEmuPlugin.obj
 0001:000007a0       ?CheckConEmuDetached@@YIXXZ 100017a0 f   ConEmuPlugin.obj
 0001:00000840       ??BHWND2@@QBEKXZ           10001840 f i ConEmuPlugin.obj
 0001:00000850       ?OpenPluginWcmn@@YIPAXHH_N@Z 10001850 f   ConEmuPlugin.obj
 0001:00000ae0       _OpenPluginW@8             10001ae0 f   ConEmuPlugin.obj
 0001:00000b20       ?TouchReadPeekConsoleInputs@@YIXH@Z 10001b20 f   ConEmuPlugin.obj
 0001:00000b60       ?OnMainThreadActivated@@YIXXZ 10001b60 f   ConEmuPlugin.obj
 0001:00000de0       ?IsFarLua@FarVersion@@QBE_NXZ 10001de0 f i ConEmuPlugin.obj
 0001:00000e30       ?OnConsolePeekReadInput@@YIXH@Z 10001e30 f   ConEmuPlugin.obj
 0001:00001020       ?ActiveServerPID@CESERVER_CONSOLE_MAPPING_HDR@@QBEKXZ 10002020 f i ConEmuPlugin.obj
 0001:00001060       ?OnPanelViewCallbacks@@YIHPAUHookCallbackArg@@P6GHPAXPAU_INPUT_RECORD@@KPAKPAH@Z5@Z 10002060 f   ConEmuPlugin.obj
 0001:00001140       ?OnShellExecuteExW_Except@@YGXPAUHookCallbackArg@@@Z 10002140 f   ConEmuPlugin.obj
 0001:00001180       ?OnGetNumberOfConsoleInputEventsPost@@YGXPAUHookCallbackArg@@@Z 10002180 f   ConEmuPlugin.obj
 0001:000011c0       ?UngetDummyMouseEvent@@YIHHPAUHookCallbackArg@@@Z 100021c0 f   ConEmuPlugin.obj
 0001:000013f0       ??4HANDLE2@@QAEAAU0@PAX@Z  100023f0 f i ConEmuPlugin.obj
 0001:00001410       ?OnConsolePeekInput@@YGHPAUHookCallbackArg@@@Z 10002410 f   ConEmuPlugin.obj
 0001:00001490       ?OnConsolePeekInputPost@@YGXPAUHookCallbackArg@@@Z 10002490 f   ConEmuPlugin.obj
 0001:000014d0       ?OnConsoleReadInputWork@@YIHPAUHookCallbackArg@@@Z 100024d0 f   ConEmuPlugin.obj
 0001:00001560       ?OnConsoleReadInput@@YGHPAUHookCallbackArg@@@Z 10002560 f   ConEmuPlugin.obj
 0001:00001570       ?OnConsoleReadInputPost@@YGXPAUHookCallbackArg@@@Z 10002570 f   ConEmuPlugin.obj
 0001:000017b0       ?OnWriteConsoleOutput@@YGHPAUHookCallbackArg@@@Z 100027b0 f   ConEmuPlugin.obj
 0001:00001890       _ProcessSynchroEventW@8    10002890 f   ConEmuPlugin.obj
 0001:00001940       ?ShutdownPluginStep@@YIXPB_WHHHH@Z 10002940 f   ConEmuPlugin.obj
 0001:00001960       _DllMain@12                10002960 f   ConEmuPlugin.obj
 0001:00001bd0       ??_GMSection@@QAEPAXI@Z    10002bd0 f i ConEmuPlugin.obj
 0001:00001c00       ??_GCPluginBackground@@QAEPAXI@Z 10002c00 f i ConEmuPlugin.obj
 0001:00001c30       __DllMainCRTStartup@12     10002c30 f   ConEmuPlugin.obj
 0001:00001c50       ?IsConsoleActive@@YGHXZ    10002c50 f   ConEmuPlugin.obj
 0001:00001cb0       ?GetFarHWND2@@YGPAUHWND__@@H@Z 10002cb0 f   ConEmuPlugin.obj
 0001:00001d20       ?GetFarHWND@@YGPAUHWND__@@XZ 10002d20 f   ConEmuPlugin.obj
 0001:00001d30       ?IsTerminalMode@@YGHXZ     10002d30 f   ConEmuPlugin.obj
 0001:00001d40       ?GetFarVersion@@YGXPAUFarVersion@@@Z 10002d40 f   ConEmuPlugin.obj
 0001:00001d70       ?LoadFarVersion@@YIHXZ     10002d70 f   ConEmuPlugin.obj
 0001:00002110       ?RegisterPanelView@@YGHPAUPanelViewInit@@@Z 10003110 f   ConEmuPlugin.obj
 0001:00002300       ?RegisterBackground@@YGHPAURegisterBackgroundArg@@@Z 10003300 f   ConEmuPlugin.obj
 0001:00002390       ?SyncExecute@@YGHPAUHINSTANCE__@@P6GXJ@ZJ@Z 10003390 f   ConEmuPlugin.obj
 0001:000023e0       ?ActivateConsole@@YGHXZ    100033e0 f   ConEmuPlugin.obj
 0001:00002470       ??BHWND2@@QBEPAUHWND__@@XZ 10003470 f i ConEmuPlugin.obj
 0001:00002480       ??4HWND2@@QAEAAU0@PAUHWND__@@@Z 10003480 f i ConEmuPlugin.obj
 0001:000024a0       ?ExecuteSynchro@@YIXXZ     100034a0 f   ConEmuPlugin.obj
 0001:00002560       ?ProcessCommand@@YIHKHPAXPAPAUCESERVER_REQ@@@Z 10003560 f   ConEmuPlugin.obj
 0001:000032f0       ?StringCchCatW@@YGJPA_WIPB_W@Z 100042f0 f i ConEmuPlugin.obj
 0001:000038c0       ?FarSetConsoleSize@@YIHFF@Z 100048c0 f   ConEmuPlugin.obj
 0001:000039d0       ?OnConsoleDetaching@@YGHPAUHookCallbackArg@@@Z 100049d0 f   ConEmuPlugin.obj
 0001:00003af0       ?OnConsoleWasAttached@@YGXPAUHookCallbackArg@@@Z 10004af0 f   ConEmuPlugin.obj
 0001:00003b50       ?MonitorThreadProcW@@YGKPAX@Z 10004b50 f   ConEmuPlugin.obj
 0001:00003ef0       ?CommonPluginStartup@@YIXXZ 10004ef0 f   ConEmuPlugin.obj
 0001:00004000       _SetStartupInfoW@4         10005000 f   ConEmuPlugin.obj
 0001:00004060       ?CloseMapHeader@@YIXXZ     10005060 f   ConEmuPlugin.obj
 0001:00004090       ?OpenMapHeader@@YIHXZ      10005090 f   ConEmuPlugin.obj
 0001:00004150       ?InitRootKey@@YIXXZ        10005150 f   ConEmuPlugin.obj
 0001:00004210       ?InitHWND@@YIXXZ           10005210 f   ConEmuPlugin.obj
 0001:00004720       ?ReloadFarInfo@@YIHH@Z     10005720 f   ConEmuPlugin.obj
 0001:00004b80       ?UpdateConEmuTabsW@@YI_NH_N0PAX@Z 10005b80 f   ConEmuPlugin.obj
 0001:00004c70       ?UpdateConEmuTabs@@YI_NH_N0PAX@Z 10005c70 f   ConEmuPlugin.obj
 0001:00004e90       ?CreateTabs@@YIHH@Z        10005e90 f   ConEmuPlugin.obj
 0001:00004f70       ?AddTab@@YIHAAH_N1HPB_W2HHHH@Z 10005f70 f   ConEmuPlugin.obj
 0001:000053b0       _wmemcmp                   100063b0 f i ConEmuPlugin.obj
 0001:00005410       ?SendTabs@@YIXHH@Z         10006410 f   ConEmuPlugin.obj
 0001:000055e0       _ProcessEditorInputW@4     100065e0 f   ConEmuPlugin.obj
 0001:00005620       _ProcessEditorEventW@8     10006620 f   ConEmuPlugin.obj
 0001:000056b0       _ProcessViewerEventW@8     100066b0 f   ConEmuPlugin.obj
 0001:00005730       ?FillLoadedParm@@YIXPAUConEmuLoadedArg@@PAUHINSTANCE__@@H@Z 10006730 f   ConEmuPlugin.obj
 0001:00005810       ?NotifyConEmuUnloaded@@YIXXZ 10006810 f   ConEmuPlugin.obj
 0001:00005950       ?StopThread@@YIXXZ         10006950 f   ConEmuPlugin.obj
 0001:00005cb0       ??_G?$MFileMapping@UCESERVER_CONSOLE_MAPPING_HDR@@@@QAEPAXI@Z 10006cb0 f i ConEmuPlugin.obj
 0001:00005ce0       _ProcessDialogEventW@8     10006ce0 f   ConEmuPlugin.obj
 0001:00005cf0       ?OpenW@@YGPAXPBX@Z         10006cf0 f   ConEmuPlugin.obj
 0001:00005d40       ?ProcessConsoleInputW@@YGHPAX@Z 10006d40 f   ConEmuPlugin.obj
 0001:00005d70       ?ProcessEditorEventW3@@YGHPAX@Z 10006d70 f   ConEmuPlugin.obj
 0001:00005da0       ?ProcessViewerEventW3@@YGHPAX@Z 10006da0 f   ConEmuPlugin.obj
 0001:00005dd0       ?ProcessDialogEventW3@@YGHPAX@Z 10006dd0 f   ConEmuPlugin.obj
 0001:00005e00       ?ProcessSynchroEventW3@@YGHPAX@Z 10006e00 f   ConEmuPlugin.obj
 0001:00005e30       ?ExitFarCmn@@YIXXZ         10006e30 f   ConEmuPlugin.obj
 0001:00005e70       _ExitFARW@0                10006e70 f   ConEmuPlugin.obj
 0001:00005ee0       ?ExitFARW3@@YGXPAX@Z       10006ee0 f   ConEmuPlugin.obj
 0001:00005f30       ?CheckResources@@YIXH@Z    10006f30 f   ConEmuPlugin.obj
 0001:00006090       ?InitResources@@YIXXZ      10007090 f   ConEmuPlugin.obj
 0001:00006360       ?StringCchCopyNW@@YGJPA_WIPB_WI@Z 10007360 f i ConEmuPlugin.obj
 0001:000063c0       ?CloseTabs@@YIXXZ          100073c0 f   ConEmuPlugin.obj
 0001:00006440       ?OutDataAlloc@@YIHK@Z      10007440 f   ConEmuPlugin.obj
 0001:000064b0       ?OutDataRealloc@@YIHK@Z    100074b0 f   ConEmuPlugin.obj
 0001:00006590       ?OutDataWrite@@YIHPAXK@Z   10007590 f   ConEmuPlugin.obj
 0001:00006660       ?ShowMessage@@YIHHH@Z      10007660 f   ConEmuPlugin.obj
 0001:000066d0       ?ShowMessage@@YIHPB_WH_N@Z 100076d0 f   ConEmuPlugin.obj
 0001:000067c0       ?ShowMessageGui@@YIHHH@Z   100077c0 f   ConEmuPlugin.obj
 0001:000068a0       ?GetMsgW@@YIPB_WH@Z        100078a0 f   ConEmuPlugin.obj
 0001:00006900       ?PostMacro@@YIXPB_WPAU_INPUT_RECORD@@@Z 10007900 f   ConEmuPlugin.obj
 0001:00006a60       ?ShowPluginMenu@@YIXW4PluginCallCommands@@@Z 10007a60 f   ConEmuPlugin.obj
 0001:00007490       ?FindServerCmd@@YIHKAAK_N@Z 10008490 f   ConEmuPlugin.obj
 0001:00007590       ?Attach2Gui@@YIHXZ         10008590 f   ConEmuPlugin.obj
 0001:00007a30       ?StartDebugger@@YIHXZ      10008a30 f   ConEmuPlugin.obj
 0001:00007d50       ?wcsrchr@@YAPA_WPA_W_W@Z   10008d50 f i ConEmuPlugin.obj
 0001:00007d70       ?IsMacroActive@@YIHXZ      10008d70 f   ConEmuPlugin.obj
 0001:00007de0       ?GetMacroArea@@YIHXZ       10008de0 f   ConEmuPlugin.obj
 0001:00007e40       ?RedrawAll@@YIXXZ          10008e40 f   ConEmuPlugin.obj
 0001:00007ea0       ?GetEditorModifiedState@@YIKXZ 10008ea0 f   ConEmuPlugin.obj
 0001:00007ef0       ?GetActiveWindowType@@YIHXZ 10008ef0 f   ConEmuPlugin.obj
 0001:00007f40       ?RunExternalProgramW@@YI_NPA_W0_N@Z 10008f40 f   ConEmuPlugin.obj
 0001:00008170       ?Disable@MWow64Disable@@QAEXXZ 10009170 f i ConEmuPlugin.obj
 0001:000081a0       ?Restore@MWow64Disable@@QAEXXZ 100091a0 f i ConEmuPlugin.obj
 0001:000081e0       ??0MWow64Disable@@QAE@XZ   100091e0 f i ConEmuPlugin.obj
 0001:00008260       ??1MWow64Disable@@QAE@XZ   10009260 f i ConEmuPlugin.obj
 0001:00008280       ?ShowConsoleInfo@@YIXXZ    10009280 f   ConEmuPlugin.obj
 0001:000083f0       ?GetMainThreadId@@YIKXZ    100093f0 f   ConEmuPlugin.obj
 0001:00008490       ?OnLibraryLoaded@@YGXPAUHINSTANCE__@@@Z 10009490 f   ConEmuPlugin.obj
 0001:00008510       ?_calloc@@YIPAXII@Z        10009510 f   ConEmuPlugin.obj
 0001:00008530       ?_malloc@@YIPAXI@Z         10009530 f   ConEmuPlugin.obj
 0001:00008550       ?_free@@YIXPAX@Z           10009550 f   ConEmuPlugin.obj
 0001:00008570       ?Ptr@?$MFileMapping@UCESERVER_CONSOLE_MAPPING_HDR@@@@QAEPAUCESERVER_CONSOLE_MAPPING_HDR@@XZ 10009570 f i ConEmuPlugin.obj
 0001:00008590       ?InitName@?$MFileMapping@UCESERVER_CONSOLE_MAPPING_HDR@@@@QAEPB_WPB_WKK@Z 10009590 f i ConEmuPlugin.obj
 0001:000085e0       ?CloseMap@?$MFileMapping@UCESERVER_CONSOLE_MAPPING_HDR@@@@QAEXXZ 100095e0 f i ConEmuPlugin.obj
 0001:00008650       ?Open@?$MFileMapping@UCESERVER_CONSOLE_MAPPING_HDR@@@@QAEPAUCESERVER_CONSOLE_MAPPING_HDR@@HH@Z 10009650 f i ConEmuPlugin.obj
 0001:00008670       ??0?$MFileMapping@UCESERVER_CONSOLE_MAPPING_HDR@@@@QAE@XZ 10009670 f i ConEmuPlugin.obj
 0001:000086d0       ??1?$MFileMapping@UCESERVER_CONSOLE_MAPPING_HDR@@@@QAE@XZ 100096d0 f i ConEmuPlugin.obj
 0001:000086f0       ?ClosePtr@?$MFileMapping@UCESERVER_CONSOLE_MAPPING_HDR@@@@QAEXXZ 100096f0 f i ConEmuPlugin.obj
 0001:00008720       ?InternalOpenCreate@?$MFileMapping@UCESERVER_CONSOLE_MAPPING_HDR@@@@IAEPAUCESERVER_CONSOLE_MAPPING_HDR@@HHH@Z 10009720 f i ConEmuPlugin.obj
 0001:00008910       ??$wcscpy_c@$0BBE@@@YIHAAY0BBE@_WPB_W@Z 10009910 f i ConEmuPlugin.obj
 0001:00008940       ??$wcscat_c@$0BBE@@@YIHAAY0BBE@_WPB_W@Z 10009940 f i ConEmuPlugin.obj
 0001:00008970       ??$wcscat_c@$0CAE@@@YIHAAY0CAE@_WPB_W@Z 10009970 f i ConEmuPlugin.obj
 0001:000089a0       ??$wcscpy_c@$0CAI@@@YIHAAY0CAI@_WPB_W@Z 100099a0 f i ConEmuPlugin.obj
 0001:000089d0       _GetMinFarVersionW@0       100099d0 f   ConEmuPlugin995.obj
 0001:000089e0       ?GetPluginInfoW995@@YIXPAX@Z 100099e0 f   ConEmuPlugin995.obj
 0001:00008a70       ?ProcessDragFromW995@@YIXXZ 10009a70 f   ConEmuPlugin995.obj
 0001:00009270       ?ProcessDragToW995@@YIXXZ  1000a270 f   ConEmuPlugin995.obj
 0001:00009730       ?SetStartupInfoW995@@YIXPAX@Z 1000a730 f   ConEmuPlugin995.obj
 0001:00009930       ?GetEditorModifiedStateW995@@YIKXZ 1000a930 f   ConEmuPlugin995.obj
 0001:00009970       ?ProcessEditorInputW995@@YIHPBX@Z 1000a970 f   ConEmuPlugin995.obj
 0001:000099e0       ?UpdateConEmuTabsW995@@YI_NH_N0PAX@Z 1000a9e0 f   ConEmuPlugin995.obj
 0001:00009e20       ?ExitFARW995@@YIXXZ        1000ae20 f   ConEmuPlugin995.obj
 0001:00009ea0       ?ShowMessageW995@@YIHPB_WH_N@Z 1000aea0 f   ConEmuPlugin995.obj
 0001:00009f20       ?ShowMessageW995@@YIHHH@Z  1000af20 f   ConEmuPlugin995.obj
 0001:00009f80       ?GetMsgW995@@YIPB_WH@Z     1000af80 f   ConEmuPlugin995.obj
 0001:00009fc0       ?SetWindowW995@@YIXH@Z     1000afc0 f   ConEmuPlugin995.obj
 0001:0000a020       ?PostMacroW995@@YIXPB_WPAU_INPUT_RECORD@@@Z 1000b020 f   ConEmuPlugin995.obj
 0001:0000a0c0       ?ShowPluginMenuW995@@YIHPAUConEmuPluginMenuItem@@H@Z 1000b0c0 f   ConEmuPlugin995.obj
 0001:0000a250       ?EditOutputW995@@YIHPB_WH@Z 1000b250 f   ConEmuPlugin995.obj
 0001:0000a310       ?ExecuteSynchroW995@@YIHXZ 1000b310 f   ConEmuPlugin995.obj
 0001:0000a3a0       ?WaitEndSynchroW995@@YIXXZ 1000b3a0 f   ConEmuPlugin995.obj
 0001:0000a530       ?StopWaitEndSynchroW995@@YIXXZ 1000b530 f   ConEmuPlugin995.obj
 0001:0000a560       ?IsMacroActiveW995@@YIHXZ  1000b560 f   ConEmuPlugin995.obj
 0001:0000a5c0       ?GetMacroAreaW995@@YIHXZ   1000b5c0 f   ConEmuPlugin995.obj
 0001:0000a600       ?RedrawAllW995@@YIXXZ      1000b600 f   ConEmuPlugin995.obj
 0001:0000a630       ?LoadPluginW995@@YI_NPA_W@Z 1000b630 f   ConEmuPlugin995.obj
 0001:0000a660       ?RunExternalProgramW995@@YI_NPA_W@Z 1000b660 f   ConEmuPlugin995.obj
 0001:0000a950       ?wcschr@@YAPA_WPA_W_W@Z    1000b950 f i ConEmuPlugin995.obj
 0001:0000a970       ?wcsstr@@YAPA_WPA_WPB_W@Z  1000b970 f i ConEmuPlugin995.obj
 0001:0000a990       ?ProcessCommandLineW995@@YI_NPA_W@Z 1000b990 f   ConEmuPlugin995.obj
 0001:0000a9e0       ?LoadFarColorsW995@@YIXAAY0BAA@E@Z 1000b9e0 f   ConEmuPlugin995.obj
 0001:0000aad0       ?ReloadFarInfoW995@@YIHXZ  1000bad0 f   ConEmuPlugin995.obj
 0001:0000ad00       ?ExecuteQuitFar995@@YIXXZ  1000bd00 f   ConEmuPlugin995.obj
 0001:0000ad50       ?CheckBufferEnabledW995@@YIHXZ 1000bd50 f   ConEmuPlugin995.obj
 0001:0000adf0       ?FillUpdateBackgroundW995@@YIXPAUPaintBackgroundArg@@@Z 1000bdf0 f   ConEmuPlugin995.obj
 0001:0000b1c0       ?GetActiveWindowTypeW995@@YIHXZ 1000c1c0 f   ConEmuPlugin995.obj
 0001:0000b290       ?GuiMacroDlgW995@@YIXXZ    1000c290 f   ConEmuPlugin995.obj
 0001:0000b7a0       ?GetPluginInfoW1900@@YIXPAX@Z 1000c7a0 f   ConEmuPlugin1900.obj
 0001:0000b810       ?ProcessDragFromW1900@@YIXXZ 1000c810 f   ConEmuPlugin1900.obj
 0001:0000c140       ?ProcessDragToW1900@@YIXXZ 1000d140 f   ConEmuPlugin1900.obj
 0001:0000c6d0       ?SetStartupInfoW1900@@YIXPAX@Z 1000d6d0 f   ConEmuPlugin1900.obj
 0001:0000c840       ?GetEditorModifiedStateW1900@@YIKXZ 1000d840 f   ConEmuPlugin1900.obj
 0001:0000c880       ?ProcessEditorEventW1900@@YGHPAX@Z 1000d880 f   ConEmuPlugin1900.obj
 0001:0000c8b0       ?ProcessViewerEventW1900@@YGHPAX@Z 1000d8b0 f   ConEmuPlugin1900.obj
 0001:0000c8e0       ?ProcessDialogEventW1900@@YGHPAX@Z 1000d8e0 f   ConEmuPlugin1900.obj
 0001:0000c910       ?ProcessSynchroEventW1900@@YGHPAX@Z 1000d910 f   ConEmuPlugin1900.obj
 0001:0000c940       ?ProcessEditorInputW1900@@YIHPBX@Z 1000d940 f   ConEmuPlugin1900.obj
 0001:0000c9c0       ?UpdateConEmuTabsW1900@@YI_NH_N0PAX@Z 1000d9c0 f   ConEmuPlugin1900.obj
 0001:0000d130       ?ExitFARW1900@@YIXXZ       1000e130 f   ConEmuPlugin1900.obj
 0001:0000d1b0       ?ShowMessageW1900@@YIHPB_WH_N@Z 1000e1b0 f   ConEmuPlugin1900.obj
 0001:0000d2a0       ?ShowMessageW1900@@YIHHH@Z 1000e2a0 f   ConEmuPlugin1900.obj
 0001:0000d300       ?GetMsgW1900@@YIPB_WH@Z    1000e300 f   ConEmuPlugin1900.obj
 0001:0000d340       ?SetWindowW1900@@YIXH@Z    1000e340 f   ConEmuPlugin1900.obj
 0001:0000d3a0       ?PostMacroW1900@@YIXPB_WPAU_INPUT_RECORD@@@Z 1000e3a0 f   ConEmuPlugin1900.obj
 0001:0000da90       ?ShowPluginMenuW1900@@YIHPAUConEmuPluginMenuItem@@H@Z 1000ea90 f   ConEmuPlugin1900.obj
 0001:0000dcb0       ?EditOutputW1900@@YIHPB_WH@Z 1000ecb0 f   ConEmuPlugin1900.obj
 0001:0000dd70       ?ExecuteSynchroW1900@@YIHXZ 1000ed70 f   ConEmuPlugin1900.obj
 0001:0000de00       ?WaitEndSynchroW1900@@YIXXZ 1000ee00 f   ConEmuPlugin1900.obj
 0001:0000de10       ?StopWaitEndSynchroW1900@@YIXXZ 1000ee10 f   ConEmuPlugin1900.obj
 0001:0000de40       ?IsMacroActiveW1900@@YIHXZ 1000ee40 f   ConEmuPlugin1900.obj
 0001:0000de80       ?GetMacroAreaW1900@@YIHXZ  1000ee80 f   ConEmuPlugin1900.obj
 0001:0000deb0       ?RedrawAllW1900@@YIXXZ     1000eeb0 f   ConEmuPlugin1900.obj
 0001:0000dee0       ?LoadPluginW1900@@YI_NPA_W@Z 1000eee0 f   ConEmuPlugin1900.obj
 0001:0000df10       ?RunExternalProgramW1900@@YI_NPA_W@Z 1000ef10 f   ConEmuPlugin1900.obj
 0001:0000e1f0       ?ProcessCommandLineW1900@@YI_NPA_W@Z 1000f1f0 f   ConEmuPlugin1900.obj
 0001:0000e240       ?LoadFarColorsW1900@@YIXAAY0BAA@E@Z 1000f240 f   ConEmuPlugin1900.obj
 0001:0000e3d0       ?FarColor_3_2@@YIEABUFarColor@@@Z 1000f3d0 f i ConEmuPlugin1900.obj
 0001:0000e4d0       ?Color2FgIndex@Far3Color@@SIXKAAG@Z 1000f4d0 f i ConEmuPlugin1900.obj
 0001:0000e610       ?Max@Far3Color@@SIHHH@Z    1000f610 f i ConEmuPlugin1900.obj
 0001:0000e640       ?GetStdIndex@Far3Color@@SIHK@Z 1000f640 f i ConEmuPlugin1900.obj
 0001:0000e6f0       ?Color2BgIndex@Far3Color@@SIXKHAAG@Z 1000f6f0 f i ConEmuPlugin1900.obj
 0001:0000e860       ?ReloadFarInfoW1900@@YIHXZ 1000f860 f   ConEmuPlugin1900.obj
 0001:0000ec20       ?ExecuteQuitFarW1900@@YIXXZ 1000fc20 f   ConEmuPlugin1900.obj
 0001:0000ec70       ?CheckBufferEnabledW1900@@YIHXZ 1000fc70 f   ConEmuPlugin1900.obj
 0001:0000ed10       ?FillUpdateBackgroundW1900@@YIXPAUPaintBackgroundArg@@@Z 1000fd10 f   ConEmuPlugin1900.obj
 0001:0000f230       ?GetActiveWindowTypeW1900@@YIHXZ 10010230 f   ConEmuPlugin1900.obj
 0001:0000f2f0       ?GuiMacroDlgW1900@@YIXXZ   100102f0 f   ConEmuPlugin1900.obj
 0001:0000f8b0       ?OpenW1900@@YGPAXPBX@Z     100108b0 f   ConEmuPlugin1900.obj
 0001:0000f9d0       ?ProcessConsoleInputW1900@@YGHPAX@Z 100109d0 f   ConEmuPlugin1900.obj
 0001:0000f9f0       ?GetPluginInfoW2800@@YIXPAX@Z 100109f0 f   ConEmuPlugin2800.obj
 0001:0000fa60       ?ProcessDragFromW2800@@YIXXZ 10010a60 f   ConEmuPlugin2800.obj
 0001:00010390       ?ProcessDragToW2800@@YIXXZ 10011390 f   ConEmuPlugin2800.obj
 0001:00010920       ?SetStartupInfoW2800@@YIXPAX@Z 10011920 f   ConEmuPlugin2800.obj
 0001:00010a90       ?GetEditorModifiedStateW2800@@YIKXZ 10011a90 f   ConEmuPlugin2800.obj
 0001:00010ad0       ?ProcessEditorEventW2800@@YGHPAX@Z 10011ad0 f   ConEmuPlugin2800.obj
 0001:00010b00       ?ProcessViewerEventW2800@@YGHPAX@Z 10011b00 f   ConEmuPlugin2800.obj
 0001:00010b30       ?ProcessDialogEventW2800@@YGHPAX@Z 10011b30 f   ConEmuPlugin2800.obj
 0001:00010b60       ?ProcessSynchroEventW2800@@YGHPAX@Z 10011b60 f   ConEmuPlugin2800.obj
 0001:00010b90       ?ProcessEditorInputW2800@@YIHPBX@Z 10011b90 f   ConEmuPlugin2800.obj
 0001:00010c10       ?UpdateConEmuTabsW2800@@YI_NH_N0PAX@Z 10011c10 f   ConEmuPlugin2800.obj
 0001:00011410       ?ExitFARW2800@@YIXXZ       10012410 f   ConEmuPlugin2800.obj
 0001:00011490       ?ShowMessageW2800@@YIHPB_WH_N@Z 10012490 f   ConEmuPlugin2800.obj
 0001:00011580       ?ShowMessageW2800@@YIHHH@Z 10012580 f   ConEmuPlugin2800.obj
 0001:000115e0       ?GetMsgW2800@@YIPB_WH@Z    100125e0 f   ConEmuPlugin2800.obj
 0001:00011620       ?SetWindowW2800@@YIXH@Z    10012620 f   ConEmuPlugin2800.obj
 0001:00011680       ?BackgroundMacroError@@YGKPAX@Z 10012680 f   ConEmuPlugin2800.obj
 0001:000116d0       ?PostMacroW2800@@YIXPB_WPAU_INPUT_RECORD@@@Z 100126d0 f   ConEmuPlugin2800.obj
 0001:00011a40       ?ShowPluginMenuW2800@@YIHPAUConEmuPluginMenuItem@@H@Z 10012a40 f   ConEmuPlugin2800.obj
 0001:00011c60       ?EditOutputW2800@@YIHPB_WH@Z 10012c60 f   ConEmuPlugin2800.obj
 0001:00011d20       ?ExecuteSynchroW2800@@YIHXZ 10012d20 f   ConEmuPlugin2800.obj
 0001:00011db0       ?WaitEndSynchroW2800@@YIXXZ 10012db0 f   ConEmuPlugin2800.obj
 0001:00011dc0       ?StopWaitEndSynchroW2800@@YIXXZ 10012dc0 f   ConEmuPlugin2800.obj
 0001:00011df0       ?IsMacroActiveW2800@@YIHXZ 10012df0 f   ConEmuPlugin2800.obj
 0001:00011e30       ?GetMacroAreaW2800@@YIHXZ  10012e30 f   ConEmuPlugin2800.obj
 0001:00011e60       ?RedrawAllW2800@@YIXXZ     10012e60 f   ConEmuPlugin2800.obj
 0001:00011e90       ?LoadPluginW2800@@YI_NPA_W@Z 10012e90 f   ConEmuPlugin2800.obj
 0001:00011ec0       ?RunExternalProgramW2800@@YI_NPA_W@Z 10012ec0 f   ConEmuPlugin2800.obj
 0001:000121a0       ?ProcessCommandLineW2800@@YI_NPA_W@Z 100131a0 f   ConEmuPlugin2800.obj
 0001:000121f0       ?LoadFarColorsW2800@@YIXAAY0BAA@E@Z 100131f0 f   ConEmuPlugin2800.obj
 0001:00012380       ?ReloadFarInfoW2800@@YIHXZ 10013380 f   ConEmuPlugin2800.obj
 0001:00012740       ?ExecuteQuitFarW2800@@YIXXZ 10013740 f   ConEmuPlugin2800.obj
 0001:00012790       ?CheckBufferEnabledW2800@@YIHXZ 10013790 f   ConEmuPlugin2800.obj
 0001:00012830       ?FillUpdateBackgroundW2800@@YIXPAUPaintBackgroundArg@@@Z 10013830 f   ConEmuPlugin2800.obj
 0001:00012d50       ?GetActiveWindowTypeW2800@@YIHXZ 10013d50 f   ConEmuPlugin2800.obj
 0001:00012e10       ?GuiMacroDlgW2800@@YIXXZ   10013e10 f   ConEmuPlugin2800.obj
 0001:00013360       _GetGlobalInfoW@4          10014360 f   ConEmuPlugin2800.obj
 0001:00013540       ?OpenW2800@@YGPAXPBX@Z     10014540 f   ConEmuPlugin2800.obj
 0001:00013680       ?ProcessConsoleInputW2800@@YGHPAX@Z 10014680 f   ConEmuPlugin2800.obj
 0001:000136a0       _GetMinFarVersion@0        100146a0 f   ConEmuPluginA.obj
 0001:000136f0       _OpenPlugin@8              100146f0 f   ConEmuPluginA.obj
 0001:00013760       ?ProcessDragFromA@@YIXXZ   10014760 f   ConEmuPluginA.obj
 0001:00013e50       ?ProcessDragToA@@YIXXZ     10014e50 f   ConEmuPluginA.obj
 0001:00014300       _SetStartupInfo@4          10015300 f   ConEmuPluginA.obj
 0001:00014540       _GetPluginInfo@4           10015540 f   ConEmuPluginA.obj
 0001:000145f0       ?GetEditorModifiedStateA@@YIKXZ 100155f0 f   ConEmuPluginA.obj
 0001:00014630       _ProcessEditorInput@4      10015630 f   ConEmuPluginA.obj
 0001:000146a0       _ProcessEditorEvent@8      100156a0 f   ConEmuPluginA.obj
 0001:00014730       _ProcessViewerEvent@8      10015730 f   ConEmuPluginA.obj
 0001:000147b0       ?UpdateConEmuTabsA@@YI_NH_N0PAX@Z 100157b0 f   ConEmuPluginA.obj
 0001:00014b80       _ProcessDialogEvent@8      10015b80 f   ConEmuPluginA.obj
 0001:00014b90       _ExitFAR@0                 10015b90 f   ConEmuPluginA.obj
 0001:00014c10       ?ShowMessageA@@YIHPBDH_N@Z 10015c10 f   ConEmuPluginA.obj
 0001:00014c90       ?ShowMessageA@@YIHHH@Z     10015c90 f   ConEmuPluginA.obj
 0001:00014cf0       ?SetWindowA@@YIXH@Z        10015cf0 f   ConEmuPluginA.obj
 0001:00014d60       ?PostMacroA@@YIXPADPAU_INPUT_RECORD@@@Z 10015d60 f   ConEmuPluginA.obj
 0001:00014e00       ?ShowPluginMenuA@@YIHPAUConEmuPluginMenuItem@@H@Z 10015e00 f   ConEmuPluginA.obj
 0001:00014ff0       ?EditOutputA@@YIHPB_WH@Z   10015ff0 f   ConEmuPluginA.obj
 0001:00015110       ?GetMsgA@@YIXHAAY0BAE@_W@Z 10016110 f   ConEmuPluginA.obj
 0001:000151c0       ?IsMacroActiveA@@YIHXZ     100161c0 f   ConEmuPluginA.obj
 0001:00015220       ?RedrawAllA@@YIXXZ         10016220 f   ConEmuPluginA.obj
 0001:00015250       ?RunExternalProgramA@@YI_NPAD@Z 10016250 f   ConEmuPluginA.obj
 0001:000154f0       ?ProcessCommandLineA@@YI_NPAD@Z 100164f0 f   ConEmuPluginA.obj
 0001:00015540       ?LoadFarColorsA@@YIXAAY0BAA@E@Z 10016540 f   ConEmuPluginA.obj
 0001:00015630       ?ReloadFarInfoA@@YIHXZ     10016630 f   ConEmuPluginA.obj
 0001:000157a0       ?ExecuteQuitFarA@@YIXXZ    100167a0 f   ConEmuPluginA.obj
 0001:000157c0       ?FillUpdateBackgroundA@@YIXPAUPaintBackgroundArg@@@Z 100167c0 f   ConEmuPluginA.obj
 0001:00015ad0       ?GetActiveWindowTypeA@@YIHXZ 10016ad0 f   ConEmuPluginA.obj
 0001:00015b50       ?GuiMacroDlgA@@YIXXZ       10016b50 f   ConEmuPluginA.obj
 0001:000161a0       ??0CPluginBackground@@QAE@XZ 100171a0 f   PluginBackground.obj
 0001:000163e0       ??1CPluginBackground@@QAE@XZ 100173e0 f   PluginBackground.obj
 0001:00016630       ?RegisterSubplugin@CPluginBackground@@QAEHPAURegisterBackgroundArg@@@Z 10017630 f   PluginBackground.obj
 0001:00016920       ?ReallocItems@CPluginBackground@@IAEXH@Z 10017920 f   PluginBackground.obj
 0001:000169a0       ?OnMainThreadActivated@CPluginBackground@@QAEXHH@Z 100179a0 f   PluginBackground.obj
 0001:00016ac0       ?SetForceCheck@CPluginBackground@@QAEXXZ 10017ac0 f   PluginBackground.obj
 0001:00016af0       ?SetForceUpdate@CPluginBackground@@QAEX_N@Z 10017af0 f   PluginBackground.obj
 0001:00016b30       ?SetForceThLoad@CPluginBackground@@QAEXXZ 10017b30 f   PluginBackground.obj
 0001:00016b70       ?IsParmChanged@CPluginBackground@@IAE_NPAUPaintBackgroundArg@@0@Z 10017b70 f   PluginBackground.obj
 0001:00016e50       ?CheckPanelFolders@CPluginBackground@@IAEXH@Z 10017e50 f   PluginBackground.obj
 0001:00016fb0       ?SetDcPanelRect@CPluginBackground@@IAEXPAUtagRECT@@PAUtag_BkPanelInfo@PaintBackgroundArg@@PAU4@@Z 10017fb0 f   PluginBackground.obj
 0001:000170f0       ?UpdateBackground_Exec@CPluginBackground@@KIXPAURegisterBackgroundArg@@PAUPaintBackgroundArg@@@Z 100180f0 f   PluginBackground.obj
 0001:00017140       ?UpdateBackground@CPluginBackground@@IAEXXZ 10018140 f   PluginBackground.obj
 0001:00017fb0       ?LoadThSet@CPluginBackground@@IAEHH@Z 10018fb0 f   PluginBackground.obj
 0001:000181d0       ?MonitorBackground@CPluginBackground@@QAEXXZ 100191d0 f   PluginBackground.obj
 0001:00018280       ?GetTo@?$MFileMapping@UPanelViewSetMapping@@@@QAE_NPAUPanelViewSetMapping@@H@Z 10019280 f i PluginBackground.obj
 0001:000182d0       ?InitName@?$MFileMapping@UPanelViewSetMapping@@@@QAEPB_WPB_WKK@Z 100192d0 f i PluginBackground.obj
 0001:00018320       ?CloseMap@?$MFileMapping@UPanelViewSetMapping@@@@QAEXXZ 10019320 f i PluginBackground.obj
 0001:00018390       ?Open@?$MFileMapping@UPanelViewSetMapping@@@@QAEPAUPanelViewSetMapping@@HH@Z 10019390 f i PluginBackground.obj
 0001:000183b0       ??0?$MFileMapping@UPanelViewSetMapping@@@@QAE@XZ 100193b0 f i PluginBackground.obj
 0001:00018410       ??1?$MFileMapping@UPanelViewSetMapping@@@@QAE@XZ 10019410 f i PluginBackground.obj
 0001:00018430       ?IsValid@?$MFileMapping@UPanelViewSetMapping@@@@QAE_NXZ 10019430 f i PluginBackground.obj
 0001:00018450       ?ClosePtr@?$MFileMapping@UPanelViewSetMapping@@@@QAEXXZ 10019450 f i PluginBackground.obj
 0001:00018480       ?InternalOpenCreate@?$MFileMapping@UPanelViewSetMapping@@@@IAEPAUPanelViewSetMapping@@HHH@Z 10019480 f i PluginBackground.obj
 0001:00018750       ?PlugServerInit@@YIXXZ     10019750 f   PluginSrv.obj
 0001:00018760       ?PlugServerStart@@YI_NXZ   10019760 f   PluginSrv.obj
 0001:00018850       ?PlugServerStop@@YIX_N@Z   10019850 f   PluginSrv.obj
 0001:000188a0       ?PlugServerCommand@@YGHPAXPAUCESERVER_REQ@@AAPAU1@AAK3J@Z 100198a0 f   PluginSrv.obj
 0001:00018e60       ?PlugServerFree@@YGXPAUCESERVER_REQ@@J@Z 10019e60 f   PluginSrv.obj
 0001:00018e70       ?SetOverlapped@?$PipeServer@UCESERVER_REQ@@@@QAEX_N@Z 10019e70 f i PluginSrv.obj
 0001:00018e90       ?SetLoopCommands@?$PipeServer@UCESERVER_REQ@@@@QAEX_N@Z 10019e90 f i PluginSrv.obj
 0001:00018eb0       ?SetDummyAnswerSize@?$PipeServer@UCESERVER_REQ@@@@QAEXH@Z 10019eb0 f i PluginSrv.obj
 0001:00018ed0       ?SetMaxCount@?$PipeServer@UCESERVER_REQ@@@@QAEXH@Z 10019ed0 f i PluginSrv.obj
 0001:00018f10       ?StartPipeServer@?$PipeServer@UCESERVER_REQ@@@@QAE_NPB_WJPAU_SECURITY_ATTRIBUTES@@P6GHPAXPAUCESERVER_REQ@@AAPAU3@AAK5J@ZP6GX3J@ZP6GH2J@Z88@Z 10019f10 f i PluginSrv.obj
 0001:000190f0       ?StopPipeServer@?$PipeServer@UCESERVER_REQ@@@@QAEX_N@Z 1001a0f0 f i PluginSrv.obj
 0001:00019610       ?BreakConnection@?$PipeServer@UCESERVER_REQ@@@@QAEXPAX@Z 1001a610 f i PluginSrv.obj
 0001:00019630       ?DumpError@?$PipeServer@UCESERVER_REQ@@@@IAEXPAUPipeInst@1@PB_WH@Z 1001a630 f i PluginSrv.obj
 0001:00019720       ?_Disconnect@?$PipeServer@UCESERVER_REQ@@@@IAEXPAUPipeInst@1@_N11@Z 1001a720 f i PluginSrv.obj
 0001:000197a0       ?StartPipeInstance@?$PipeServer@UCESERVER_REQ@@@@IAE_NPAUPipeInst@1@@Z 1001a7a0 f i PluginSrv.obj
 0001:000198a0       ?_PipeServerThread@?$PipeServer@UCESERVER_REQ@@@@KGKPAX@Z 1001a8a0 f i PluginSrv.obj
 0001:00019920       ?PipeServerThread@?$PipeServer@UCESERVER_REQ@@@@IAEKPAUPipeInst@1@@Z 1001a920 f i PluginSrv.obj
 0001:00019cb0       ?PipeServerRead@?$PipeServer@UCESERVER_REQ@@@@IAEHPAUPipeInst@1@@Z 1001acb0 f i PluginSrv.obj
 0001:0001a050       ?PipeServerWrite@?$PipeServer@UCESERVER_REQ@@@@IAEHPAUPipeInst@1@PBXKPAKH@Z 1001b050 f i PluginSrv.obj
 0001:0001a1f0       ?WaitForClient@?$PipeServer@UCESERVER_REQ@@@@IAE_NPAUPipeInst@1@AAH1@Z 1001b1f0 f i PluginSrv.obj
 0001:0001a5d0       ?WriteDummyAnswer@?$PipeServer@UCESERVER_REQ@@@@IAEHPAUPipeInst@1@@Z 1001b5d0 f i PluginSrv.obj
 0001:0001a650       ?WaitOverlapped@?$PipeServer@UCESERVER_REQ@@@@IAEHPAUPipeInst@1@PAK@Z 1001b650 f i PluginSrv.obj
 0001:0001a880       ?AllocRequestBuf@PipeInst@?$PipeServer@UCESERVER_REQ@@@@QAEPAUCESERVER_REQ@@K@Z 1001b880 f i PluginSrv.obj
 0001:0001a900       ??$wcscpy_c@$0BAE@@@YIHAAY0BAE@_WPB_W@Z 1001b900 f i PluginSrv.obj
 0001:0001aa10       ?PackInputRecord@@YIHPBU_INPUT_RECORD@@PAUMsgStr@MSG64@@@Z 1001ba10 f   Common.obj
 0001:0001ac20       ?UnpackInputRecord@@YIHPBUMsgStr@MSG64@@PAU_INPUT_RECORD@@@Z 1001bc20 f   Common.obj
 0001:0001ae80       ?TranslateKeyPress@@YIXGK_WHPAU_INPUT_RECORD@@1@Z 1001be80 f   Common.obj
 0001:0001aff0       ?CommonShutdown@@YIXXZ     1001bff0 f   Common.obj
 0001:0001b020       ?GetImageSubsystem@@YI_NPB_WAAK11@Z 1001c020 f   Execute.obj
 0001:0001b370       ?GetImageSubsystem@@YI_NAAK0@Z 1001c370 f   Execute.obj
 0001:0001b420       ?GetImageSubsystem@@YI_NU_PROCESS_INFORMATION@@AAK1@Z 1001c420 f   Execute.obj
 0001:0001b610       ?GetEnclosingSectionHeader@@YIPAU_IMAGE_SECTION_HEADER@@KPAUIMAGE_MAPPING@@@Z 1001c610 f   Execute.obj
 0001:0001b6a0       ?GetPtrFromRVA@@YIPAXKPAUIMAGE_MAPPING@@@Z 1001c6a0 f   Execute.obj
 0001:0001b700       ?FindImageSubsystem@@YI_NPB_WAAK11@Z 1001c700 f   Execute.obj
 0001:0001c020       ?ModuleName@@YIPB_WPB_W@Z  1001d020 f   ConEmuCheck.obj
 0001:0001c100       ?ExecuteOpenPipe@@YIPAXPB_WAAY0CAI@_W0KKHPAX@Z 1001d100 f   ConEmuCheck.obj
 0001:0001c330       ?ExecutePrepareCmd@@YIXPAUCESERVER_REQ@@KI@Z 1001d330 f   ConEmuCheck.obj
 0001:0001c380       ?ExecutePrepareCmd@@YIXPAUCESERVER_REQ_HDR@@KI@Z 1001d380 f   ConEmuCheck.obj
 0001:0001c420       ?ExecuteNewCmd@@YIPAUCESERVER_REQ@@KI@Z 1001d420 f   ConEmuCheck.obj
 0001:0001c480       ?ExecuteNewCmd@@YIHAAPAUCESERVER_REQ@@AAKKI@Z 1001d480 f   ConEmuCheck.obj
 0001:0001c500       ?LoadSrvMapping@@YIHPAUHWND__@@AAUCESERVER_CONSOLE_MAPPING_HDR@@@Z 1001d500 f   ConEmuCheck.obj
 0001:0001c620       ?LoadGuiMapping@@YIHKAAUConEmuGuiMapping@@@Z 1001d620 f   ConEmuCheck.obj
 0001:0001c740       ?ExecuteNewCmdOnCreate@@YIPAUCESERVER_REQ@@PAUCESERVER_CONSOLE_MAPPING_HDR@@PAUHWND__@@W4CmdOnCreateType@@PB_W33PAK444HHPAX55@Z 1001d740 f   ConEmuCheck.obj
 0001:0001cbb0       ?ExecuteGuiCmd@@YIPAUCESERVER_REQ@@PAUHWND__@@PAU1@0H@Z 1001dbb0 f   ConEmuCheck.obj
 0001:0001cc40       ?ExecuteSrvCmd@@YIPAUCESERVER_REQ@@KPAU1@PAUHWND__@@HK@Z 1001dc40 f   ConEmuCheck.obj
 0001:0001cce0       ?ExecuteHkCmd@@YIPAUCESERVER_REQ@@KPAU1@PAUHWND__@@H@Z 1001dce0 f   ConEmuCheck.obj
 0001:0001cd80       ?ExecuteCmd@@YIPAUCESERVER_REQ@@PB_WPAU1@KPAUHWND__@@HK@Z 1001dd80 f   ConEmuCheck.obj
 0001:0001d040       ?ExecuteFreeResult@@YIXAAPAUCESERVER_REQ@@@Z 1001e040 f   ConEmuCheck.obj
 0001:0001d080       ?myGetConsoleWindow@@YIPAUHWND__@@XZ 1001e080 f   ConEmuCheck.obj
 0001:0001d100       ?GetConEmuHWND@@YIPAUHWND__@@H@Z 1001e100 f   ConEmuCheck.obj
 0001:0001d2b0       ?ConEmuCheck@@YIHPAPAUHWND__@@@Z 1001e2b0 f   ConEmuCheck.obj
 0001:0001d2f0       ?GuiMessageBox@@YIHPAUHWND__@@PB_W1H@Z 1001e2f0 f   ConEmuCheck.obj
 0001:0001d4b0       ?InitName@?$MFileMapping@UConEmuGuiMapping@@@@QAEPB_WPB_WKK@Z 1001e4b0 f i ConEmuCheck.obj
 0001:0001d500       ?CloseMap@?$MFileMapping@UConEmuGuiMapping@@@@QAEXXZ 1001e500 f i ConEmuCheck.obj
 0001:0001d570       ?Open@?$MFileMapping@UConEmuGuiMapping@@@@QAEPAUConEmuGuiMapping@@HH@Z 1001e570 f i ConEmuCheck.obj
 0001:0001d590       ??0?$MFileMapping@UConEmuGuiMapping@@@@QAE@XZ 1001e590 f i ConEmuCheck.obj
 0001:0001d5f0       ??1?$MFileMapping@UConEmuGuiMapping@@@@QAE@XZ 1001e5f0 f i ConEmuCheck.obj
 0001:0001d610       ?ClosePtr@?$MFileMapping@UConEmuGuiMapping@@@@QAEXXZ 1001e610 f i ConEmuCheck.obj
 0001:0001d640       ?InternalOpenCreate@?$MFileMapping@UConEmuGuiMapping@@@@IAEPAUConEmuGuiMapping@@HHH@Z 1001e640 f i ConEmuCheck.obj
 0001:0001d830       ??$wcscpy_c@$0CA@@@YIHAAY0CA@_WPB_W@Z 1001e830 f i ConEmuCheck.obj
 0001:0001d860       ?LoadGuiMapping@@YIHPAUHWND__@@AAUConEmuGuiMapping@@@Z 1001e860 f   ConEmuCheckEx.obj
 0001:0001d8a0       ?IsConEmuExeExist@@YIHPB_WAAY0BAF@_W@Z 1001e8a0 f   ConEmuCheckEx.obj
 0001:0001d950       ?FindConEmuBaseDir@@YIHAAY0BAF@_W0PAUHINSTANCE__@@@Z 1001e950 f   ConEmuCheckEx.obj
 0001:0001def0       ??$wcscpy_c@$0BAF@@@YIHAAY0BAF@_WPB_W@Z 1001eef0 f i ConEmuCheckEx.obj
 0001:0001e000       ??$wcscpy_add@$0BAF@@@YIHPA_WAAY0BAF@_WPB_W@Z 1001f000 f i ConEmuCheckEx.obj
 0001:0001e050       ??$wcscat_c@$0BAF@@@YIHAAY0BAF@_WPB_W@Z 1001f050 f i ConEmuCheckEx.obj
 0001:0001e140       ?HeapInitialize@@YI_NXZ    1001f140 f   Memory.obj
 0001:0001e170       ?HeapDeinitialize@@YIXXZ   1001f170 f   Memory.obj
 0001:0001e1a0       ?xf_malloc@@YAPAXI@Z       1001f1a0 f   Memory.obj
 0001:0001e1d0       ?xf_calloc@@YAPAXII@Z      1001f1d0 f   Memory.obj
 0001:0001e200       ?xf_realloc@@YAPAXPAXI@Z   1001f200 f   Memory.obj
 0001:0001e230       ?xf_free@@YAXPAX@Z         1001f230 f   Memory.obj
 0001:0001e260       ?xf_validate@@YA_NPAX@Z    1001f260 f   Memory.obj
 0001:0001e290       ??2@YAPAXI@Z               1001f290 f   Memory.obj
 0001:0001e2b0       ??_U@YAPAXI@Z              1001f2b0 f   Memory.obj
 0001:0001e2d0       ??3@YAXPAX@Z               1001f2d0 f   Memory.obj
 0001:0001e2f0       ??_V@YAXPAX@Z              1001f2f0 f   Memory.obj
 0001:0001e310       ?lstrdup@@YIPADPBD@Z       1001f310 f   Memory.obj
 0001:0001e380       ?StringCchCopyA@@YGJPADIPBD@Z 1001f380 f i Memory.obj
 0001:0001e4a0       ?lstrdup@@YIPA_WPB_W@Z     1001f4a0 f   Memory.obj
 0001:0001e5f0       ?lstrdupW@@YIPA_WPBDI@Z    1001f5f0 f   Memory.obj
 0001:0001e670       ?lstrmerge@@YIPA_WPB_W000@Z 1001f670 f   Memory.obj
 0001:0001e790       ?lstrmerge@@YI_NPAPA_WPB_W11@Z 1001f790 f   Memory.obj
 0001:0001e7f0       ?FindMonitorsWorkspace@@YGHPAUHMONITOR__@@PAUHDC__@@PAUtagRECT@@J@Z 1001f7f0 f   Monitors.obj
 0001:0001e870       ?GetAllMonitorsWorkspace@@YI?AUtagRECT@@XZ 1001f870 f   Monitors.obj
 0001:0001e8f0       ?FindPrimaryMonitor@@YGHPAUHMONITOR__@@PAUHDC__@@PAUtagRECT@@J@Z 1001f8f0 f   Monitors.obj
 0001:0001e970       ?GetMonitorInfoSafe@@YI_NPAUHMONITOR__@@AAUtagMONITORINFO@@@Z 1001f970 f   Monitors.obj
 0001:0001e9c0       ?GetPrimaryMonitorInfo@@YIPAUHMONITOR__@@PAUtagMONITORINFO@@@Z 1001f9c0 f   Monitors.obj
 0001:0001ea70       ?GetNearestMonitorInfo@@YIPAUHMONITOR__@@PAUtagMONITORINFO@@PAU1@PBUtagRECT@@PAUHWND__@@@Z 1001fa70 f   Monitors.obj
 0001:0001eb60       ?EnumAllMonitors@@YGHPAUHMONITOR__@@PAUHDC__@@PAUtagRECT@@J@Z 1001fb60 f   Monitors.obj
 0001:0001ebd0       ?MonitorSortCallback@@YIHAAU_FindAllMonitorsItem@@0@Z 1001fbd0 f   Monitors.obj
 0001:0001ec40       ?GetNextMonitorInfo@@YIPAUHMONITOR__@@PAUtagMONITORINFO@@PBUtagRECT@@_N@Z 1001fc40 f   Monitors.obj
 0001:0001ee50       ??0_FindAllMonitors@@QAE@XZ 1001fe50 f i Monitors.obj
 0001:0001ee70       ??1_FindAllMonitors@@QAE@XZ 1001fe70 f i Monitors.obj
 0001:0001ee90       ??0?$MArray@U_FindAllMonitorsItem@@@@QAE@XZ 1001fe90 f i Monitors.obj
 0001:0001eed0       ??1?$MArray@U_FindAllMonitorsItem@@@@QAE@XZ 1001fed0 f i Monitors.obj
 0001:0001eef0       ??A?$MArray@U_FindAllMonitorsItem@@@@QAEAAU_FindAllMonitorsItem@@H@Z 1001fef0 f i Monitors.obj
 0001:0001ef10       ?push_back@?$MArray@U_FindAllMonitorsItem@@@@QAEHABU_FindAllMonitorsItem@@@Z 1001ff10 f i Monitors.obj
 0001:0001efa0       ?size@?$MArray@U_FindAllMonitorsItem@@@@QBEHXZ 1001ffa0 f i Monitors.obj
 0001:0001efc0       ?sort@?$MArray@U_FindAllMonitorsItem@@@@QAEXP6IHAAU_FindAllMonitorsItem@@0@Z@Z 1001ffc0 f i Monitors.obj
 0001:0001f0b0       ?clear@?$MArray@U_FindAllMonitorsItem@@@@QAEXXZ 100200b0 f i Monitors.obj
 0001:0001f100       ?addsize@?$MArray@U_FindAllMonitorsItem@@@@QAEXH@Z 10020100 f i Monitors.obj
 0001:0001f1f0       ?NullSecurity@@YIPAU_SECURITY_ATTRIBUTES@@XZ 100201f0 f   MSecurity.obj
 0001:0001f240       ??0MNullDesc@@QAE@XZ       10020240 f i MSecurity.obj
 0001:0001f2a0       ?NullSecurity@MNullDesc@@QAEPAU_SECURITY_ATTRIBUTES@@XZ 100202a0 f i MSecurity.obj
 0001:0001f3a0       ?LoadAdvApi@MNullDesc@@IAEHXZ 100203a0 f i MSecurity.obj
 0001:0001f5f0       ?UnloadAdvApi@MNullDesc@@IAEXXZ 100205f0 f i MSecurity.obj
 0001:0001f620       ?LocalSecurity@@YIPAU_SECURITY_ATTRIBUTES@@XZ 10020620 f   MSecurity.obj
 0001:0001f670       ?LocalSecurity@MNullDesc@@QAEPAU_SECURITY_ATTRIBUTES@@XZ 10020670 f i MSecurity.obj
 0001:0001f890       ?ShutdownSecurity@@YIXXZ   10020890 f   MSecurity.obj
 0001:0001f8e0       ??_GMNullDesc@@QAEPAXI@Z   100208e0 f i MSecurity.obj
 0001:0001f910       ??1MNullDesc@@QAE@XZ       10020910 f i MSecurity.obj
 0001:0001f970       ?msprintf@@YAPB_WPA_WIPB_WZZ 10020970 f   MStrSafe.obj
 0001:0001ff70       ?msprintf@@YAPBDPADIPBDZZ  10020f70 f   MStrSafe.obj
 0001:000203d0       ?lstrcmpni@@YIHPB_W0H@Z    100213d0 f   MStrSafe.obj
 0001:00020470       ?SetConEmuEnvHWND@@YIXPB_WPAUHWND__@@@Z 10021470 f   SetEnvVar.obj
 0001:000204c0       ?SetConEmuEnvVar@@YIXPAUHWND__@@@Z 100214c0 f   SetEnvVar.obj
 0001:00020530       ?SetConEmuEnvVarChild@@YIXPAUHWND__@@0@Z 10021530 f   SetEnvVar.obj
 0001:00020560       ?ShutdownConsole@@YGXXZ    10021560 f   WinConsole.obj
 0001:000205b0       ?SetConsoleInfo@@YIHPAUHWND__@@PAU_CONSOLE_INFO@@@Z 100215b0 f   WinConsole.obj
 0001:00020890       ?ChangeScreenBufferSize@@YIXAAU_CONSOLE_SCREEN_BUFFER_INFO@@FFFF@Z 10021890 f   WinConsole.obj
 0001:000209a0       ?GetConWindowSize@@YIHABU_CONSOLE_SCREEN_BUFFER_INFO@@HHKPAH1PAK@Z 100219a0 f   WinConsole.obj
 0001:00020af0       ?GetConsoleSizeInfo@@YIXPAU_CONSOLE_INFO@@@Z 10021af0 f   WinConsole.obj
 0001:00020ba0       ?apiGetConsoleScreenBufferInfoEx@@YIHPAXPAUMY_CONSOLE_SCREEN_BUFFER_INFOEX@@@Z 10021ba0 f   WinConsole.obj
 0001:00020c10       ?apiSetConsoleScreenBufferInfoEx@@YIHPAXPAUMY_CONSOLE_SCREEN_BUFFER_INFOEX@@@Z 10021c10 f   WinConsole.obj
 0001:00020c90       ?apiGetConsoleFontSize@@YIHPAXAAH1AAY0CA@_W@Z 10021c90 f   WinConsole.obj
 0001:00020d30       ?apiSetConsoleFontSize@@YIHPAXHHPB_W@Z 10021d30 f   WinConsole.obj
 0001:00020de0       ?apiFixFontSizeForBufferSize@@YIHPAXU_COORD@@PADH@Z 10021de0 f   WinConsole.obj
 0001:000212f0       ?SetConsoleFontSizeTo@@YIXPAUHWND__@@HHPB_WGG@Z 100222f0 f   WinConsole.obj
 0001:00021870       ?EvaluateDefaultFontWidth@@YIHHPB_W@Z 10022870 f   WinConsole.obj
 0001:000219b0       ?SetUserFriendlyFont@@YIXPAUHWND__@@@Z 100229b0 f   WinConsole.obj
 0001:00021e80       ?CorrectConsolePos@@YIXPAUHWND__@@@Z 10022e80 f   WinConsole.obj
 0001:00021fc0       ?EmergencyShow@@YIXPAUHWND__@@@Z 10022fc0 f   WinConsole.obj
 0001:00022070       ?getWindowInfo@@YIXPAUHWND__@@AAY0EAA@_W@Z 10023070 f   WinObjects.obj
 0001:000221d0       ?apiSetForegroundWindow@@YIHPAUHWND__@@@Z 100231d0 f   WinObjects.obj
 0001:000221f0       ?apiShowWindow@@YIHPAUHWND__@@H@Z 100231f0 f   WinObjects.obj
 0001:00022220       ?apiShowWindowAsync@@YIHPAUHWND__@@H@Z 10023220 f   WinObjects.obj
 0001:00022250       ?isWindow@@YIHPAUHWND__@@@Z 10023250 f   WinObjects.obj
 0001:000222c0       ?FileCompare@@YI_NPB_W0@Z  100232c0 f   WinObjects.obj
 0001:000224e0       ?FileExists@@YI_NPB_WPAK@Z 100234e0 f   WinObjects.obj
 0001:000226c0       ?FileExistsSearch@@YI_NPA_WI@Z 100236c0 f   WinObjects.obj
 0001:00022900       ?DirectoryExists@@YI_NPB_W@Z 10023900 f   WinObjects.obj
 0001:00022a80       ?MyCreateDirectory@@YI_NPA_W@Z 10023a80 f   WinObjects.obj
 0001:00022b90       ?IsFilePath@@YI_NPB_W@Z    10023b90 f   WinObjects.obj
 0001:00022c70       ?IsPathNeedQuot@@YI_NPB_W@Z 10023c70 f   WinObjects.obj
 0001:00022ca0       ?GetShortFileName@@YIHPB_WHPA_WH@Z 10023ca0 f   WinObjects.obj
 0001:00022eb0       ?GetShortFileNameEx@@YIPA_WPB_WH@Z 10023eb0 f   WinObjects.obj
 0001:000232c0       ?IsUserAdmin@@YI_NXZ       100242c0 f   WinObjects.obj
 0001:000233c0       ?GetLogonSID@@YI_NPAXPAPA_W@Z 100243c0 f   WinObjects.obj
 0001:000234e0       ?IsWine@@YI_NXZ            100244e0 f   WinObjects.obj
 0001:00023570       ?IsWinPE@@YI_NXZ           10024570 f   WinObjects.obj
 0001:00023600       ?IsDbcs@@YI_NXZ            10024600 f   WinObjects.obj
 0001:00023620       ?IsWindows64@@YI_NXZ       10024620 f   WinObjects.obj
 0001:000236b0       ?IsHwFullScreenAvailable@@YI_NXZ 100246b0 f   WinObjects.obj
 0001:00023750       ?IsVsNetHostExe@@YI_NPB_W@Z 10024750 f   WinObjects.obj
 0001:000237d0       ?GetProcessBits@@YIHKPAX@Z 100247d0 f   WinObjects.obj
 0001:000238b0       ?GetProcessInfo@@YI_NKPAUtagPROCESSENTRY32W@@@Z 100248b0 f   WinObjects.obj
 0001:000239a0       ?isTerminalMode@@YI_NXZ    100249a0 f   WinObjects.obj
 0001:00023cc0       ?IsModuleValid@@YI_NPAUHINSTANCE__@@H@Z 10024cc0 f   WinObjects.obj
 0001:00023e00       ?CheckCallbackPtr@@YI_NPAUHINSTANCE__@@IPAP6GHXZHHH@Z 10024e00 f   WinObjects.obj
 0001:00023f50       ?RemoveOldComSpecC@@YIXXZ  10024f50 f   WinObjects.obj
 0001:00024080       ?PointToName@@YIPB_WPB_W@Z 10025080 f   WinObjects.obj
 0001:000240d0       ?PointToName@@YIPBDPBD@Z   100250d0 f   WinObjects.obj
 0001:00024110       ?PointToExt@@YIPB_WPB_W@Z  10025110 f   WinObjects.obj
 0001:00024150       ?Unquote@@YIPB_WPA_W_N@Z   10025150 f   WinObjects.obj
 0001:000241e0       ?ExpandMacroValues@@YIPA_WPB_WPAPB_WI@Z 100251e0 f   WinObjects.obj
 0001:000243a0       ?ExpandEnvStr@@YIPA_WPB_W@Z 100253a0 f   WinObjects.obj
 0001:00024480       ?GetFullPathNameEx@@YIPA_WPB_W@Z 10025480 f   WinObjects.obj
 0001:00024550       ??0MConHandle@@QAE@PB_W@Z  10025550 f   WinObjects.obj
 0001:000245d0       ?LogHandle@MConHandle@@AAEXIPAX@Z 100255d0 f   WinObjects.obj
 0001:00024640       ??1MConHandle@@QAE@XZ      10025640 f   WinObjects.obj
 0001:00024660       ?SetBufferPtr@MConHandle@@QAEXPAPAX@Z 10025660 f   WinObjects.obj
 0001:00024680       ??BMConHandle@@QAEQAXXZ    10025680 f   WinObjects.obj
 0001:00024970       ?strrchr@@YAPADPADH@Z      10025970 f i WinObjects.obj
 0001:00024990       ?Close@MConHandle@@QAEXXZ  10025990 f   WinObjects.obj
 0001:00024a40       ??0MEvent@@QAE@XZ          10025a40 f   WinObjects.obj
 0001:00024a70       ??1MEvent@@QAE@XZ          10025a70 f   WinObjects.obj
 0001:00024a90       ?Close@MEvent@@QAEXXZ      10025a90 f   WinObjects.obj
 0001:00024ae0       ?InitName@MEvent@@QAEXPB_WK@Z 10025ae0 f   WinObjects.obj
 0001:00024b30       ?Open@MEvent@@QAEPAXXZ     10025b30 f   WinObjects.obj
 0001:00024bb0       ?Wait@MEvent@@QAEKKH@Z     10025bb0 f   WinObjects.obj
 0001:00024c10       ?GetHandle@MEvent@@QAEPAXXZ 10025c10 f   WinObjects.obj
 0001:00024c30       ??0MSetter@@QAE@PAH@Z      10025c30 f   WinObjects.obj
 0001:00024c70       ??0MSetter@@QAE@PA_N@Z     10025c70 f   WinObjects.obj
 0001:00024cb0       ??0MSetter@@QAE@PAKK@Z     10025cb0 f   WinObjects.obj
 0001:00024cf0       ??1MSetter@@QAE@XZ         10025cf0 f   WinObjects.obj
 0001:00024d10       ?Unlock@MSetter@@QAEXXZ    10025d10 f   WinObjects.obj
 0001:00024d80       ??0MSection@@QAE@XZ        10025d80 f   WinObjects.obj
 0001:00024e20       ??1MSection@@QAE@XZ        10025e20 f   WinObjects.obj
 0001:00024eb0       ?Process_Lock@MSection@@IAEXXZ 10025eb0 f   WinObjects.obj
 0001:00024ed0       ?Process_Unlock@MSection@@IAEXXZ 10025ed0 f   WinObjects.obj
 0001:00024ef0       ?ThreadTerminated@MSection@@QAEXK@Z 10025ef0 f   WinObjects.obj
 0001:00024f40       ?AddRef@MSection@@IAEXK@Z  10025f40 f   WinObjects.obj
 0001:00025030       ?ReleaseRef@MSection@@IAEHK@Z 10026030 f   WinObjects.obj
 0001:00025100       ?WaitUnlocked@MSection@@IAEXKK@Z 10026100 f   WinObjects.obj
 0001:000251a0       ?MyEnterCriticalSection@MSection@@IAE_NK@Z 100261a0 f   WinObjects.obj
 0001:00025370       ?Lock@MSection@@IAEHHK@Z   10026370 f   WinObjects.obj
 0001:000254c0       ?Unlock@MSection@@IAEXH@Z  100264c0 f   WinObjects.obj
 0001:00025530       ?isLockedExclusive@MSection@@QAE_NXZ 10026530 f   WinObjects.obj
 0001:00025580       ??0MSectionThread@@QAE@PAVMSection@@@Z 10026580 f   WinObjects.obj
 0001:000255b0       ??1MSectionThread@@QAE@XZ  100265b0 f   WinObjects.obj
 0001:000255e0       ??0MSectionLock@@QAE@XZ    100265e0 f   WinObjects.obj
 0001:00025610       ??1MSectionLock@@QAE@XZ    10026610 f   WinObjects.obj
 0001:00025640       ?Lock@MSectionLock@@QAEHPAVMSection@@HK@Z 10026640 f   WinObjects.obj
 0001:000256c0       ?RelockExclusive@MSectionLock@@QAEHK@Z 100266c0 f   WinObjects.obj
 0001:00025730       ?Unlock@MSectionLock@@QAEXXZ 10026730 f   WinObjects.obj
 0001:00025770       ?isLocked@MSectionLock@@QAEHH@Z 10026770 f   WinObjects.obj
 0001:000257c0       ??0MSectionLockSimple@@QAE@XZ 100267c0 f   WinObjects.obj
 0001:000257e0       ??1MSectionLockSimple@@QAE@XZ 100267e0 f   WinObjects.obj
 0001:00025800       ?Lock@MSectionLockSimple@@QAEHPAU_RTL_CRITICAL_SECTION@@K@Z 10026800 f   WinObjects.obj
 0001:000258a0       ?Unlock@MSectionLockSimple@@QAEXXZ 100268a0 f   WinObjects.obj
 0001:000258e0       ?isLocked@MSectionLockSimple@@QAEHXZ 100268e0 f   WinObjects.obj
 0001:00025900       ??0MFileLog@@QAE@PB_W0K@Z  10026900 f   WinObjects.obj
 0001:00025970       ?InitFileName@MFileLog@@IAEJPB_WK@Z 10026970 f   WinObjects.obj
 0001:00025a00       ??1MFileLog@@QAE@XZ        10026a00 f   WinObjects.obj
 0001:00025a50       ?CloseLogFile@MFileLog@@QAEXXZ 10026a50 f   WinObjects.obj
 0001:00025ae0       ?CreateLogFile@MFileLog@@QAEJPB_WKK@Z 10026ae0 f   WinObjects.obj
 0001:00026150       ?GetLogFileName@MFileLog@@QAEPB_WXZ 10027150 f   WinObjects.obj
 0001:00026190       ?LogString@MFileLog@@QAEXPBD_N01I@Z 10027190 f   WinObjects.obj
 0001:000262e0       ?LogString@MFileLog@@QAEXPB_W_N01@Z 100272e0 f   WinObjects.obj
 0001:000265e0       ?MonitorEnumProc@MFileLog@@KGHPAUHMONITOR__@@PAUHDC__@@PAUtagRECT@@J@Z 100275e0 f   WinObjects.obj
 0001:00026710       ?LogStartEnv@MFileLog@@QAEXPAUCEStartupEnv@@@Z 10027710 f   WinObjects.obj
 0001:00027100       ??0CToolTip@@QAE@XZ        10028100 f   WinObjects.obj
 0001:00027170       ??_GCToolTip@@UAEPAXI@Z    10028170 f i WinObjects.obj
 0001:00027170       ??_ECToolTip@@UAEPAXI@Z    10028170 f i WinObjects.obj
 0001:000271a0       ??1CToolTip@@UAE@XZ        100281a0 f   WinObjects.obj
 0001:00027240       ?ShowTip@CToolTip@@QAEXPAUHWND__@@0PB_WHUtagPOINT@@PAUHINSTANCE__@@@Z 10028240 f   WinObjects.obj
 0001:00027520       ?HideTip@CToolTip@@QAEXXZ  10028520 f   WinObjects.obj
 0001:00027590       ??0CTimer@@QAE@XZ          10028590 f   WinObjects.obj
 0001:000275d0       ??1CTimer@@QAE@XZ          100285d0 f   WinObjects.obj
 0001:000275f0       ?IsStarted@CTimer@@QAE_NXZ 100285f0 f   WinObjects.obj
 0001:00027610       ?Start@CTimer@@QAEXI@Z     10028610 f   WinObjects.obj
 0001:00027670       ?Stop@CTimer@@QAEXXZ       10028670 f   WinObjects.obj
 0001:000276a0       ?Restart@CTimer@@QAEXI@Z   100286a0 f   WinObjects.obj
 0001:000276d0       ?Init@CTimer@@QAEXPAUHWND__@@II@Z 100286d0 f   WinObjects.obj
 0001:00027700       ?MyGetLargestConsoleWindowSize@@YI?AU_COORD@@PAX@Z 10028700 f   WinObjects.obj
 0001:00027780       ?DuplicateProcessHandle@@YIPAXK@Z 10028780 f   WinObjects.obj
 0001:000277f0       ?FindComspec@@YIXPAUConEmuComspec@@_N@Z 100287f0 f   WinObjects.obj
 0001:00028150       ?GetEnvVar@@YIPA_WPB_WK@Z  10029150 f   WinObjects.obj
 0001:00028260       ?UpdateComspec@@YIXPAUConEmuComspec@@_N@Z 10029260 f   WinObjects.obj
 0001:000285a0       ?SetEnvVarExpanded@@YIXPB_W0@Z 100295a0 f   WinObjects.obj
 0001:000286a0       ?GetComspecFromEnvVar@@YIPB_WPA_WKW4ComSpecBits@@@Z 100296a0 f   WinObjects.obj
 0001:00028860       ?GetComspec@@YIPA_WPBUConEmuComspec@@@Z 10029860 f   WinObjects.obj
 0001:00028aa0       ?IsExportEnvVarAllowed@@YI_NPB_W@Z 10029aa0 f   WinObjects.obj
 0001:00028b10       ?ApplyExportEnvVar@@YIXPB_W@Z 10029b10 f   WinObjects.obj
 0001:00028b90       ?CopyToClipboard@@YI_NPB_W@Z 10029b90 f   WinObjects.obj
 0001:00028c40       ??$wcscpy_c@$0EAA@@@YIHAAY0EAA@_WPB_W@Z 10029c40 f i WinObjects.obj
 0001:00028c70       ??$wcscpy_c@$0BAA@@@YIHAAY0BAA@_WPB_W@Z 10029c70 f i WinObjects.obj
 0001:00028ca0       ??$wcscpy_c@$0EBA@@@YIHAAY0EBA@_WPB_W@Z 10029ca0 f i WinObjects.obj
 0001:00028cc8       _GetProcAddress@8          10029cc8 f   kernel32:KERNEL32.dll
 0001:00028cce       _GetCurrentProcessId@0     10029cce f   kernel32:KERNEL32.dll
 0001:00028cd4       _GetLastError@0            10029cd4 f   kernel32:KERNEL32.dll
 0001:00028cda       _LoadLibraryW@4            10029cda f   kernel32:KERNEL32.dll
 0001:00028ce0       _GetModuleHandleW@4        10029ce0 f   kernel32:KERNEL32.dll
 0001:00028ce6       _IsDebuggerPresent@0       10029ce6 f   kernel32:KERNEL32.dll
 0001:00028cec       _SetEvent@4                10029cec f   kernel32:KERNEL32.dll
 0001:00028cf2       _lstrcpyW@8                10029cf2 f   kernel32:KERNEL32.dll
 0001:00028cf8       _lstrlenW@4                10029cf8 f   kernel32:KERNEL32.dll
 0001:00028cfe       _SetEnvironmentVariableW@8 10029cfe f   kernel32:KERNEL32.dll
 0001:00028d04       _IsBadStringPtrW@8         10029d04 f   kernel32:KERNEL32.dll
 0001:00028d0a       _GetNumberOfConsoleInputEvents@8 10029d0a f   kernel32:KERNEL32.dll
 0001:00028d10       _GetStdHandle@4            10029d10 f   kernel32:KERNEL32.dll
 0001:00028d16       _GetTickCount@0            10029d16 f   kernel32:KERNEL32.dll
 0001:00028d1c       _SetLastError@4            10029d1c f   kernel32:KERNEL32.dll
 0001:00028d22       _GetCurrentThreadId@0      10029d22 f   kernel32:KERNEL32.dll
 0001:00028d28       _ReadConsoleInputW@16      10029d28 f   kernel32:KERNEL32.dll
 0001:00028d2e       _PeekConsoleInputW@16      10029d2e f   kernel32:KERNEL32.dll
 0001:00028d34       _lstrcatW@8                10029d34 f   kernel32:KERNEL32.dll
 0001:00028d3a       _GetModuleFileNameW@12     10029d3a f   kernel32:KERNEL32.dll
 0001:00028d40       _WriteConsoleInputW@16     10029d40 f   kernel32:KERNEL32.dll
 0001:00028d46       _WaitForSingleObject@8     10029d46 f   kernel32:KERNEL32.dll
 0001:00028d4c       _ReleaseSemaphore@12       10029d4c f   kernel32:KERNEL32.dll
 0001:00028d52       _WaitForMultipleObjects@16 10029d52 f   kernel32:KERNEL32.dll
 0001:00028d58       _ResetEvent@4              10029d58 f   kernel32:KERNEL32.dll
 0001:00028d5e       _InterlockedDecrement@4    10029d5e f   kernel32:KERNEL32.dll
 0001:00028d64       _InterlockedIncrement@4    10029d64 f   kernel32:KERNEL32.dll
 0001:00028d6a       _GetConsoleScreenBufferInfo@8 10029d6a f   kernel32:KERNEL32.dll
 0001:00028d70       _SuspendThread@4           10029d70 f   kernel32:KERNEL32.dll
 0001:00028d76       _ResumeThread@4            10029d76 f   kernel32:KERNEL32.dll
 0001:00028d7c       _TerminateProcess@8        10029d7c f   kernel32:KERNEL32.dll
 0001:00028d82       _GetCurrentProcess@0       10029d82 f   kernel32:KERNEL32.dll
 0001:00028d88       _CloseHandle@4             10029d88 f   kernel32:KERNEL32.dll
 0001:00028d8e       _Module32NextW@8           10029d8e f   kernel32:KERNEL32.dll
 0001:00028d94       _Module32FirstW@8          10029d94 f   kernel32:KERNEL32.dll
 0001:00028d9a       _CreateToolhelp32Snapshot@8 10029d9a f   kernel32:KERNEL32.dll
 0001:00028da0       _GetEnvironmentVariableW@12 10029da0 f   kernel32:KERNEL32.dll
 0001:00028da6       _CreateThread@24           10029da6 f   kernel32:KERNEL32.dll
 0001:00028dac       _CreateSemaphoreW@16       10029dac f   kernel32:KERNEL32.dll
 0001:00028db2       _CreateEventW@16           10029db2 f   kernel32:KERNEL32.dll
 0001:00028db8       _OpenFileMappingW@12       10029db8 f   kernel32:KERNEL32.dll
 0001:00028dbe       _VirtualProtect@16         10029dbe f   kernel32:KERNEL32.dll
 0001:00028dc4       _MapViewOfFile@20          10029dc4 f   kernel32:KERNEL32.dll
 0001:00028dca       _CreateFileMappingW@24     10029dca f   kernel32:KERNEL32.dll
 0001:00028dd0       _lstrcmpW@8                10029dd0 f   kernel32:KERNEL32.dll
 0001:00028dd6       _lstrcpynW@12              10029dd6 f   kernel32:KERNEL32.dll
 0001:00028ddc       _lstrcmpiW@8               10029ddc f   kernel32:KERNEL32.dll
 0001:00028de2       _UnmapViewOfFile@4         10029de2 f   kernel32:KERNEL32.dll
 0001:00028de8       _TerminateThread@8         10029de8 f   kernel32:KERNEL32.dll
 0001:00028dee       _SetConsoleTitleW@4        10029dee f   kernel32:KERNEL32.dll
 0001:00028df4       _GetConsoleTitleW@8        10029df4 f   kernel32:KERNEL32.dll
 0001:00028dfa       _WideCharToMultiByte@32    10029dfa f   kernel32:KERNEL32.dll
 0001:00028e00       _DeleteFileW@4             10029e00 f   kernel32:KERNEL32.dll
 0001:00028e06       _CreateProcessW@40         10029e06 f   kernel32:KERNEL32.dll
 0001:00028e0c       _GetExitCodeProcess@8      10029e0c f   kernel32:KERNEL32.dll
 0001:00028e12       _SetConsoleMode@8          10029e12 f   kernel32:KERNEL32.dll
 0001:00028e18       _GetConsoleMode@8          10029e18 f   kernel32:KERNEL32.dll
 0001:00028e1e       _GetConsoleCursorInfo@8    10029e1e f   kernel32:KERNEL32.dll
 0001:00028e24       _Thread32Next@8            10029e24 f   kernel32:KERNEL32.dll
 0001:00028e2a       _Thread32First@8           10029e2a f   kernel32:KERNEL32.dll
 0001:00028e30       _ExpandEnvironmentStringsW@12 10029e30 f   kernel32:KERNEL32.dll
 0001:00028e36       _lstrcmpA@8                10029e36 f   kernel32:KERNEL32.dll
 0001:00028e3c       _MultiByteToWideChar@24    10029e3c f   kernel32:KERNEL32.dll
 0001:00028e42       _lstrlenA@4                10029e42 f   kernel32:KERNEL32.dll
 0001:00028e48       _lstrcpynA@12              10029e48 f   kernel32:KERNEL32.dll
 0001:00028e4e       _GetCurrentDirectoryW@8    10029e4e f   kernel32:KERNEL32.dll
 0001:00028e54       _lstrcpyA@8                10029e54 f   kernel32:KERNEL32.dll
 0001:00028e5a       _DisconnectNamedPipe@4     10029e5a f   kernel32:KERNEL32.dll
 0001:00028e60       _SetThreadPriority@8       10029e60 f   kernel32:KERNEL32.dll
 0001:00028e66       _Sleep@4                   10029e66 f   kernel32:KERNEL32.dll
 0001:00028e6c       _FlushFileBuffers@4        10029e6c f   kernel32:KERNEL32.dll
 0001:00028e72       _ReadFile@20               10029e72 f   kernel32:KERNEL32.dll
 0001:00028e78       _GetOverlappedResult@16    10029e78 f   kernel32:KERNEL32.dll
 0001:00028e7e       _WriteFile@20              10029e7e f   kernel32:KERNEL32.dll
 0001:00028e84       _ConnectNamedPipe@8        10029e84 f   kernel32:KERNEL32.dll
 0001:00028e8a       _CreateNamedPipeW@32       10029e8a f   kernel32:KERNEL32.dll
 0001:00028e90       _SetFilePointer@16         10029e90 f   kernel32:KERNEL32.dll
 0001:00028e96       _GetFileInformationByHandle@8 10029e96 f   kernel32:KERNEL32.dll
 0001:00028e9c       _CreateFileW@28            10029e9c f   kernel32:KERNEL32.dll
 0001:00028ea2       _ReadProcessMemory@20      10029ea2 f   kernel32:KERNEL32.dll
 0001:00028ea8       _FreeLibrary@4             10029ea8 f   kernel32:KERNEL32.dll
 0001:00028eae       _VerifyVersionInfoW@16     10029eae f   kernel32:KERNEL32.dll
 0001:00028eb4       _VerSetConditionMask@16    10029eb4 f   kernel32:KERNEL32.dll
 0001:00028eba       _SearchPathW@24            10029eba f   kernel32:KERNEL32.dll
 0001:00028ec0       _DebugBreak@0              10029ec0 f   kernel32:KERNEL32.dll
 0001:00028ec6       _SetNamedPipeHandleState@16 10029ec6 f   kernel32:KERNEL32.dll
 0001:00028ecc       _WaitNamedPipeW@8          10029ecc f   kernel32:KERNEL32.dll
 0001:00028ed2       _TransactNamedPipe@28      10029ed2 f   kernel32:KERNEL32.dll
 0001:00028ed8       _GetConsoleWindow@0        10029ed8 f   kernel32:KERNEL32.dll
 0001:00028ede       _HeapCreate@12             10029ede f   kernel32:KERNEL32.dll
 0001:00028ee4       _HeapDestroy@4             10029ee4 f   kernel32:KERNEL32.dll
 0001:00028eea       _HeapAlloc@12              10029eea f   kernel32:KERNEL32.dll
 0001:00028ef0       _HeapReAlloc@16            10029ef0 f   kernel32:KERNEL32.dll
 0001:00028ef6       _HeapFree@12               10029ef6 f   kernel32:KERNEL32.dll
 0001:00028efc       _HeapValidate@12           10029efc f   kernel32:KERNEL32.dll
 0001:00028f02       _LocalFree@4               10029f02 f   kernel32:KERNEL32.dll
 0001:00028f08       _LocalAlloc@8              10029f08 f   kernel32:KERNEL32.dll
 0001:00028f0e       _SetConsoleWindowInfo@12   10029f0e f   kernel32:KERNEL32.dll
 0001:00028f14       _GetConsoleOutputCP@0      10029f14 f   kernel32:KERNEL32.dll
 0001:00028f1a       _GetFileSizeEx@8           10029f1a f   kernel32:KERNEL32.dll
 0001:00028f20       _FindClose@4               10029f20 f   kernel32:KERNEL32.dll
 0001:00028f26       _FindNextFileW@8           10029f26 f   kernel32:KERNEL32.dll
 0001:00028f2c       _FindFirstFileW@8          10029f2c f   kernel32:KERNEL32.dll
 0001:00028f32       _CreateDirectoryW@8        10029f32 f   kernel32:KERNEL32.dll
 0001:00028f38       _OpenProcess@12            10029f38 f   kernel32:KERNEL32.dll
 0001:00028f3e       _Process32NextW@8          10029f3e f   kernel32:KERNEL32.dll
 0001:00028f44       _Process32FirstW@8         10029f44 f   kernel32:KERNEL32.dll
 0001:00028f4a       _IsBadReadPtr@8            10029f4a f   kernel32:KERNEL32.dll
 0001:00028f50       _VirtualFree@12            10029f50 f   kernel32:KERNEL32.dll
 0001:00028f56       _VirtualAlloc@16           10029f56 f   kernel32:KERNEL32.dll
 0001:00028f5c       _GetSystemInfo@4           10029f5c f   kernel32:KERNEL32.dll
 0001:00028f62       _GetFullPathNameW@16       10029f62 f   kernel32:KERNEL32.dll
 0001:00028f68       _GetModuleFileNameA@12     10029f68 f   kernel32:KERNEL32.dll
 0001:00028f6e       _OpenEventW@12             10029f6e f   kernel32:KERNEL32.dll
 0001:00028f74       _InitializeCriticalSection@4 10029f74 f   kernel32:KERNEL32.dll
 0001:00028f7a       _DeleteCriticalSection@4   10029f7a f   kernel32:KERNEL32.dll
 0001:00028f80       _EnterCriticalSection@4    10029f80 f   kernel32:KERNEL32.dll
 0001:00028f86       _LeaveCriticalSection@4    10029f86 f   kernel32:KERNEL32.dll
 0001:00028f8c       _TryEnterCriticalSection@4 10029f8c f   kernel32:KERNEL32.dll
 0001:00028f92       _OpenThread@12             10029f92 f   kernel32:KERNEL32.dll
 0001:00028f98       _GetLocalTime@4            10029f98 f   kernel32:KERNEL32.dll
 0001:00028f9e       _GetVersionExW@4           10029f9e f   kernel32:KERNEL32.dll
 0001:00028fa4       _GetLargestConsoleWindowSize@4 10029fa4 f   kernel32:KERNEL32.dll
 0001:00028faa       _DuplicateHandle@28        10029faa f   kernel32:KERNEL32.dll
 0001:00028fb0       _GetWindowsDirectoryW@8    10029fb0 f   kernel32:KERNEL32.dll
 0001:00028fb6       _GlobalUnlock@4            10029fb6 f   kernel32:KERNEL32.dll
 0001:00028fbc       _GlobalLock@4              10029fbc f   kernel32:KERNEL32.dll
 0001:00028fc2       _GlobalAlloc@8             10029fc2 f   kernel32:KERNEL32.dll
 0001:00028fc8       _MessageBoxW@16            10029fc8 f   user32:USER32.dll
 0001:00028fce       _wsprintfW                 10029fce f   user32:USER32.dll
 0001:00028fd4       _IsWindow@4                10029fd4 f   user32:USER32.dll
 0001:00028fda       _GetWindowLongW@8          10029fda f   user32:USER32.dll
 0001:00028fe0       _GetParent@4               10029fe0 f   user32:USER32.dll
 0001:00028fe6       _PostMessageW@16           10029fe6 f   user32:USER32.dll
 0001:00028fec       _RegisterWindowMessageW@4  10029fec f   user32:USER32.dll
 0001:00028ff2       _GetWindowThreadProcessId@8 10029ff2 f   user32:USER32.dll
 0001:00028ff8       _IsWindowVisible@4         10029ff8 f   user32:USER32.dll
 0001:00028ffe       _CharUpperBuffW@8          10029ffe f   user32:USER32.dll
 0001:00029004       _FillRect@12               1002a004 f   user32:USER32.dll
 0001:0002900a       _ReleaseDC@8               1002a00a f   user32:USER32.dll
 0001:00029010       _GetDC@4                   1002a010 f   user32:USER32.dll
 0001:00029016       _ActivateKeyboardLayout@8  1002a016 f   user32:USER32.dll
 0001:0002901c       _LoadKeyboardLayoutW@8     1002a01c f   user32:USER32.dll
 0001:00029022       _MapVirtualKeyW@8          1002a022 f   user32:USER32.dll
 0001:00029028       _VkKeyScanW@4              1002a028 f   user32:USER32.dll
 0001:0002902e       _FindWindowW@8             1002a02e f   user32:USER32.dll
 0001:00029034       _GetSystemMetrics@4        1002a034 f   user32:USER32.dll
 0001:0002903a       _IsRectEmpty@4             1002a03a f   user32:USER32.dll
 0001:00029040       _EnumDisplayMonitors@16    1002a040 f   user32:USER32.dll
 0001:00029046       _GetMonitorInfoW@8         1002a046 f   user32:USER32.dll
 0001:0002904c       _SystemParametersInfoW@16  1002a04c f   user32:USER32.dll
 0001:00029052       _MonitorFromWindow@8       1002a052 f   user32:USER32.dll
 0001:00029058       _MonitorFromRect@8         1002a058 f   user32:USER32.dll
 0001:0002905e       _SetWindowPos@28           1002a05e f   user32:USER32.dll
 0001:00029064       _ShowWindow@8              1002a064 f   user32:USER32.dll
 0001:0002906a       _SendMessageW@16           1002a06a f   user32:USER32.dll
 0001:00029070       _GetWindowRect@8           1002a070 f   user32:USER32.dll
 0001:00029076       _EnableWindow@8            1002a076 f   user32:USER32.dll
 0001:0002907c       _IsWindowEnabled@4         1002a07c f   user32:USER32.dll
 0001:00029082       _SetForegroundWindow@4     1002a082 f   user32:USER32.dll
 0001:00029088       _ShowWindowAsync@8         1002a088 f   user32:USER32.dll
 0001:0002908e       _wsprintfA                 1002a08e f   user32:USER32.dll
 0001:00029094       _GetCursorPos@4            1002a094 f   user32:USER32.dll
 0001:0002909a       _GetWindowTextW@12         1002a09a f   user32:USER32.dll
 0001:000290a0       _GetClassNameW@12          1002a0a0 f   user32:USER32.dll
 0001:000290a6       _GetForegroundWindow@0     1002a0a6 f   user32:USER32.dll
 0001:000290ac       _GetKeyboardLayoutList@8   1002a0ac f   user32:USER32.dll
 0001:000290b2       _GetKeyboardLayout@4       1002a0b2 f   user32:USER32.dll
 0001:000290b8       _DestroyWindow@4           1002a0b8 f   user32:USER32.dll
 0001:000290be       _GetClientRect@8           1002a0be f   user32:USER32.dll
 0001:000290c4       _CreateWindowExW@48        1002a0c4 f   user32:USER32.dll
 0001:000290ca       _SetTimer@16               1002a0ca f   user32:USER32.dll
 0001:000290d0       _KillTimer@8               1002a0d0 f   user32:USER32.dll
 0001:000290d6       _CloseClipboard@0          1002a0d6 f   user32:USER32.dll
 0001:000290dc       _SetClipboardData@8        1002a0dc f   user32:USER32.dll
 0001:000290e2       _EmptyClipboard@0          1002a0e2 f   user32:USER32.dll
 0001:000290e8       _OpenClipboard@4           1002a0e8 f   user32:USER32.dll
 0001:000290ee       _DeleteEnhMetaFile@4       1002a0ee f   gdi32:GDI32.dll
 0001:000290f4       _GetEnhMetaFileBits@12     1002a0f4 f   gdi32:GDI32.dll
 0001:000290fa       _CloseEnhMetaFile@4        1002a0fa f   gdi32:GDI32.dll
 0001:00029100       _GdiFlush@0                1002a100 f   gdi32:GDI32.dll
 0001:00029106       _SelectObject@8            1002a106 f   gdi32:GDI32.dll
 0001:0002910c       _DeleteDC@4                1002a10c f   gdi32:GDI32.dll
 0001:00029112       _DeleteObject@4            1002a112 f   gdi32:GDI32.dll
 0001:00029118       _CreateSolidBrush@4        1002a118 f   gdi32:GDI32.dll
 0001:0002911e       _CreateDIBSection@24       1002a11e f   gdi32:GDI32.dll
 0001:00029124       _CreateCompatibleDC@4      1002a124 f   gdi32:GDI32.dll
 0001:0002912a       _CreateEnhMetaFileW@16     1002a12a f   gdi32:GDI32.dll
 0001:00029130       _GetDeviceCaps@8           1002a130 f   gdi32:GDI32.dll
 0001:00029136       _GetTextMetricsW@8         1002a136 f   gdi32:GDI32.dll
 0001:0002913c       _CreateFontIndirectW@4     1002a13c f   gdi32:GDI32.dll
 0001:00029142       _RegCloseKey@4             1002a142 f   advapi32:ADVAPI32.dll
 0001:00029148       _RegQueryValueExW@24       1002a148 f   advapi32:ADVAPI32.dll
 0001:0002914e       _RegOpenKeyExW@20          1002a14e f   advapi32:ADVAPI32.dll
 0001:00029154       _RegCreateKeyExW@36        1002a154 f   advapi32:ADVAPI32.dll
 0001:0002915a       _FreeSid@4                 1002a15a f   advapi32:ADVAPI32.dll
 0001:00029160       _CheckTokenMembership@12   1002a160 f   advapi32:ADVAPI32.dll
 0001:00029166       _AllocateAndInitializeSid@44 1002a166 f   advapi32:ADVAPI32.dll
 0001:0002916c       _ConvertSidToStringSidW@8  1002a16c f   advapi32:ADVAPI32.dll
 0001:00029172       _GetTokenInformation@20    1002a172 f   advapi32:ADVAPI32.dll
 0001:00029178       _OpenProcessToken@12       1002a178 f   advapi32:ADVAPI32.dll
 0001:0002917e       _RegEnumKeyExW@32          1002a17e f   advapi32:ADVAPI32.dll
 0001:00029184       _SHGetFolderPathW@20       1002a184 f   shell32:SHELL32.dll
 0001:0002918a       _VerQueryValueW@16         1002a18a f   version:VERSION.dll
 0001:00029190       _GetFileVersionInfoW@16    1002a190 f   version:VERSION.dll
 0001:00029196       _GetFileVersionInfoSizeW@8 1002a196 f   version:VERSION.dll
 0001:000291a0       __alloca_probe             1002a1a0     LIBCMT:chkstk.obj
 0001:000291a0       __chkstk                   1002a1a0 f   LIBCMT:chkstk.obj
 0001:000291d0       _memset                    1002a1d0 f   LIBCMT:memset.obj
 0001:0002a7c0       _memcmp                    1002b7c0 f   LIBCMT:memcmp.obj
 0001:0002be40       _memcpy                    1002ce40 f   LIBCMT:memcpy.obj
 0001:0002c1a5       _wcsrchr                   1002d1a5 f   LIBCMT:wcsrchr.obj
 0001:0002c1e0       _memmove                   1002d1e0 f   LIBCMT:memmove.obj
 0001:0002c545       _wcschr                    1002d545 f   LIBCMT:wcschr.obj
 0001:0002c56b       _wcsstr                    1002d56b f   LIBCMT:wcsstr.obj
 0001:0002c5d0       __ftol2_sse                1002d5d0 f   LIBCMT:ftol2.obj
 0001:0002c5d9       __ftol2_pentium4           1002d5d9 f   LIBCMT:ftol2.obj
 0001:0002c5ec       __ftol2_sse_excpt          1002d5ec f   LIBCMT:ftol2.obj
 0001:0002c606       __ftol2                    1002d606 f   LIBCMT:ftol2.obj
 0001:0002c67b       _wcsncmp                   1002d67b f   LIBCMT:wcsncmp.obj
 0001:0002c6b2       _wcspbrk                   1002d6b2 f   LIBCMT:wcspbrk.obj
 0001:0002c700       _strrchr                   1002d700 f   LIBCMT:strrchr.obj
 0001:0002c784       __VEC_memzero              1002d784 f   LIBCMT:p4_memset.obj
 0001:0002c863       __get_sse2_info            1002d863 f   LIBCMT:cpu_disp.obj
 0001:0002c8c5       ___sse2_available_init     1002d8c5 f   LIBCMT:cpu_disp.obj
 0001:0002c959       __VEC_memcpy               1002d959 f   LIBCMT:p4_memcpy.obj
 0001:0002ca3c       __SEH_prolog4              1002da3c f   LIBCMT:sehprolg4.obj
 0001:0002ca81       __SEH_epilog4              1002da81 f   LIBCMT:sehprolg4.obj
 0001:0002cad0       __except_handler4          1002dad0 f   LIBCMT:chandler4.obj
 0001:0002cc5c       @__security_check_cookie@4 1002dc5c f   LIBCMT:secchk.obj
 0001:0002cc6c       __local_unwind4            1002dc6c f   LIBCMT:exsup4.obj
 0001:0002cd42       __seh_longjmp_unwind4@4    1002dd42 f   LIBCMT:exsup4.obj
 0001:0002cd5e       @_EH4_CallFilterFunc@8     1002dd5e f   LIBCMT:exsup4.obj
 0001:0002cd75       @_EH4_TransferToHandler@8  1002dd75 f   LIBCMT:exsup4.obj
 0001:0002cd8e       @_EH4_GlobalUnwind@4       1002dd8e f   LIBCMT:exsup4.obj
 0001:0002cda8       @_EH4_LocalUnwind@16       1002dda8 f   LIBCMT:exsup4.obj
 0001:0002cdc0       __ValidateImageBase        1002ddc0 f   LIBCMT:pesect.obj
 0001:0002ce00       __FindPESection            1002de00 f   LIBCMT:pesect.obj
 0001:0002ce50       __IsNonwritableInCurrentImage 1002de50 f   LIBCMT:pesect.obj
 0001:0002cf0d       ___report_gsfailure        1002df0d f   LIBCMT:gs_report.obj
 0001:0002d014       __global_unwind2           1002e014 f   LIBCMT:exsup.obj
 0001:0002d079       __local_unwind2            1002e079 f   LIBCMT:exsup.obj
 0001:0002d0fd       __abnormal_termination     1002e0fd f   LIBCMT:exsup.obj
 0001:0002d120       __NLG_Notify1              1002e120 f   LIBCMT:exsup.obj
 0001:0002d129       __NLG_Notify               1002e129 f   LIBCMT:exsup.obj
 0001:0002d140       __NLG_Dispatch2            1002e140     LIBCMT:exsup.obj
 0001:0002d140       __NLG_Dispatch             1002e140     LIBCMT:exsup.obj
 0001:0002d148       __NLG_Call                 1002e148 f   LIBCMT:exsup.obj
 0001:0002d14a       __NLG_Return2              1002e14a     LIBCMT:exsup.obj
 0001:0002d14b       __crt_debugger_hook        1002e14b f   LIBCMT:dbghook.obj
 0001:0002d154       _RtlUnwind@16              1002e154 f   kernel32:KERNEL32.dll
 0001:0002d15a       _UnhandledExceptionFilter@4 1002e15a f   kernel32:KERNEL32.dll
 0001:0002d160       _SetUnhandledExceptionFilter@4 1002e160 f   kernel32:KERNEL32.dll
 0002:00000000       __imp__OpenProcessToken@12 1002f000     advapi32:ADVAPI32.dll
 0002:00000004       __imp__GetTokenInformation@20 1002f004     advapi32:ADVAPI32.dll
 0002:00000008       __imp__ConvertSidToStringSidW@8 1002f008     advapi32:ADVAPI32.dll
 0002:0000000c       __imp__AllocateAndInitializeSid@44 1002f00c     advapi32:ADVAPI32.dll
 0002:00000010       __imp__CheckTokenMembership@12 1002f010     advapi32:ADVAPI32.dll
 0002:00000014       __imp__FreeSid@4           1002f014     advapi32:ADVAPI32.dll
 0002:00000018       __imp__RegCreateKeyExW@36  1002f018     advapi32:ADVAPI32.dll
 0002:0000001c       __imp__RegOpenKeyExW@20    1002f01c     advapi32:ADVAPI32.dll
 0002:00000020       __imp__RegQueryValueExW@24 1002f020     advapi32:ADVAPI32.dll
 0002:00000024       __imp__RegCloseKey@4       1002f024     advapi32:ADVAPI32.dll
 0002:00000028       __imp__RegEnumKeyExW@32    1002f028     advapi32:ADVAPI32.dll
 0002:0000002c       \177ADVAPI32_NULL_THUNK_DATA 1002f02c     advapi32:ADVAPI32.dll
 0002:00000030       __imp__GetTextMetricsW@8   1002f030     gdi32:GDI32.dll
 0002:00000034       __imp__GetDeviceCaps@8     1002f034     gdi32:GDI32.dll
 0002:00000038       __imp__CreateEnhMetaFileW@16 1002f038     gdi32:GDI32.dll
 0002:0000003c       __imp__CreateCompatibleDC@4 1002f03c     gdi32:GDI32.dll
 0002:00000040       __imp__CreateDIBSection@24 1002f040     gdi32:GDI32.dll
 0002:00000044       __imp__CreateSolidBrush@4  1002f044     gdi32:GDI32.dll
 0002:00000048       __imp__DeleteObject@4      1002f048     gdi32:GDI32.dll
 0002:0000004c       __imp__DeleteDC@4          1002f04c     gdi32:GDI32.dll
 0002:00000050       __imp__SelectObject@8      1002f050     gdi32:GDI32.dll
 0002:00000054       __imp__GdiFlush@0          1002f054     gdi32:GDI32.dll
 0002:00000058       __imp__CloseEnhMetaFile@4  1002f058     gdi32:GDI32.dll
 0002:0000005c       __imp__CreateFontIndirectW@4 1002f05c     gdi32:GDI32.dll
 0002:00000060       __imp__DeleteEnhMetaFile@4 1002f060     gdi32:GDI32.dll
 0002:00000064       __imp__GetEnhMetaFileBits@12 1002f064     gdi32:GDI32.dll
 0002:00000068       \177GDI32_NULL_THUNK_DATA  1002f068     gdi32:GDI32.dll
 0002:0000006c       __imp__GetConsoleScreenBufferInfo@8 1002f06c     kernel32:KERNEL32.dll
 0002:00000070       __imp__SuspendThread@4     1002f070     kernel32:KERNEL32.dll
 0002:00000074       __imp__ResumeThread@4      1002f074     kernel32:KERNEL32.dll
 0002:00000078       __imp__TerminateProcess@8  1002f078     kernel32:KERNEL32.dll
 0002:0000007c       __imp__GetCurrentProcess@0 1002f07c     kernel32:KERNEL32.dll
 0002:00000080       __imp__CloseHandle@4       1002f080     kernel32:KERNEL32.dll
 0002:00000084       __imp__Module32NextW@8     1002f084     kernel32:KERNEL32.dll
 0002:00000088       __imp__Module32FirstW@8    1002f088     kernel32:KERNEL32.dll
 0002:0000008c       __imp__CreateToolhelp32Snapshot@8 1002f08c     kernel32:KERNEL32.dll
 0002:00000090       __imp__GetEnvironmentVariableW@12 1002f090     kernel32:KERNEL32.dll
 0002:00000094       __imp__CreateThread@24     1002f094     kernel32:KERNEL32.dll
 0002:00000098       __imp__CreateSemaphoreW@16 1002f098     kernel32:KERNEL32.dll
 0002:0000009c       __imp__CreateEventW@16     1002f09c     kernel32:KERNEL32.dll
 0002:000000a0       __imp__OpenFileMappingW@12 1002f0a0     kernel32:KERNEL32.dll
 0002:000000a4       __imp__VirtualProtect@16   1002f0a4     kernel32:KERNEL32.dll
 0002:000000a8       __imp__MapViewOfFile@20    1002f0a8     kernel32:KERNEL32.dll
 0002:000000ac       __imp__CreateFileMappingW@24 1002f0ac     kernel32:KERNEL32.dll
 0002:000000b0       __imp__lstrcmpW@8          1002f0b0     kernel32:KERNEL32.dll
 0002:000000b4       __imp__lstrcpynW@12        1002f0b4     kernel32:KERNEL32.dll
 0002:000000b8       __imp__lstrcmpiW@8         1002f0b8     kernel32:KERNEL32.dll
 0002:000000bc       __imp__UnmapViewOfFile@4   1002f0bc     kernel32:KERNEL32.dll
 0002:000000c0       __imp__TerminateThread@8   1002f0c0     kernel32:KERNEL32.dll
 0002:000000c4       __imp__SetConsoleTitleW@4  1002f0c4     kernel32:KERNEL32.dll
 0002:000000c8       __imp__GetConsoleTitleW@8  1002f0c8     kernel32:KERNEL32.dll
 0002:000000cc       __imp__WideCharToMultiByte@32 1002f0cc     kernel32:KERNEL32.dll
 0002:000000d0       __imp__DeleteFileW@4       1002f0d0     kernel32:KERNEL32.dll
 0002:000000d4       __imp__CreateProcessW@40   1002f0d4     kernel32:KERNEL32.dll
 0002:000000d8       __imp__GetExitCodeProcess@8 1002f0d8     kernel32:KERNEL32.dll
 0002:000000dc       __imp__SetConsoleMode@8    1002f0dc     kernel32:KERNEL32.dll
 0002:000000e0       __imp__GetConsoleMode@8    1002f0e0     kernel32:KERNEL32.dll
 0002:000000e4       __imp__GetConsoleCursorInfo@8 1002f0e4     kernel32:KERNEL32.dll
 0002:000000e8       __imp__Thread32Next@8      1002f0e8     kernel32:KERNEL32.dll
 0002:000000ec       __imp__Thread32First@8     1002f0ec     kernel32:KERNEL32.dll
 0002:000000f0       __imp__ExpandEnvironmentStringsW@12 1002f0f0     kernel32:KERNEL32.dll
 0002:000000f4       __imp__lstrcmpA@8          1002f0f4     kernel32:KERNEL32.dll
 0002:000000f8       __imp__MultiByteToWideChar@24 1002f0f8     kernel32:KERNEL32.dll
 0002:000000fc       __imp__lstrlenA@4          1002f0fc     kernel32:KERNEL32.dll
 0002:00000100       __imp__lstrcpynA@12        1002f100     kernel32:KERNEL32.dll
 0002:00000104       __imp__GetCurrentDirectoryW@8 1002f104     kernel32:KERNEL32.dll
 0002:00000108       __imp__lstrcpyA@8          1002f108     kernel32:KERNEL32.dll
 0002:0000010c       __imp__DisconnectNamedPipe@4 1002f10c     kernel32:KERNEL32.dll
 0002:00000110       __imp__SetThreadPriority@8 1002f110     kernel32:KERNEL32.dll
 0002:00000114       __imp__Sleep@4             1002f114     kernel32:KERNEL32.dll
 0002:00000118       __imp__FlushFileBuffers@4  1002f118     kernel32:KERNEL32.dll
 0002:0000011c       __imp__ReadFile@20         1002f11c     kernel32:KERNEL32.dll
 0002:00000120       __imp__GetOverlappedResult@16 1002f120     kernel32:KERNEL32.dll
 0002:00000124       __imp__WriteFile@20        1002f124     kernel32:KERNEL32.dll
 0002:00000128       __imp__ConnectNamedPipe@8  1002f128     kernel32:KERNEL32.dll
 0002:0000012c       __imp__CreateNamedPipeW@32 1002f12c     kernel32:KERNEL32.dll
 0002:00000130       __imp__SetFilePointer@16   1002f130     kernel32:KERNEL32.dll
 0002:00000134       __imp__GetFileInformationByHandle@8 1002f134     kernel32:KERNEL32.dll
 0002:00000138       __imp__InterlockedIncrement@4 1002f138     kernel32:KERNEL32.dll
 0002:0000013c       __imp__ReadProcessMemory@20 1002f13c     kernel32:KERNEL32.dll
 0002:00000140       __imp__FreeLibrary@4       1002f140     kernel32:KERNEL32.dll
 0002:00000144       __imp__VerifyVersionInfoW@16 1002f144     kernel32:KERNEL32.dll
 0002:00000148       __imp__VerSetConditionMask@16 1002f148     kernel32:KERNEL32.dll
 0002:0000014c       __imp__SearchPathW@24      1002f14c     kernel32:KERNEL32.dll
 0002:00000150       __imp__DebugBreak@0        1002f150     kernel32:KERNEL32.dll
 0002:00000154       __imp__SetNamedPipeHandleState@16 1002f154     kernel32:KERNEL32.dll
 0002:00000158       __imp__WaitNamedPipeW@8    1002f158     kernel32:KERNEL32.dll
 0002:0000015c       __imp__TransactNamedPipe@28 1002f15c     kernel32:KERNEL32.dll
 0002:00000160       __imp__GetConsoleWindow@0  1002f160     kernel32:KERNEL32.dll
 0002:00000164       __imp__HeapCreate@12       1002f164     kernel32:KERNEL32.dll
 0002:00000168       __imp__HeapDestroy@4       1002f168     kernel32:KERNEL32.dll
 0002:0000016c       __imp__HeapAlloc@12        1002f16c     kernel32:KERNEL32.dll
 0002:00000170       __imp__HeapReAlloc@16      1002f170     kernel32:KERNEL32.dll
 0002:00000174       __imp__HeapFree@12         1002f174     kernel32:KERNEL32.dll
 0002:00000178       __imp__HeapValidate@12     1002f178     kernel32:KERNEL32.dll
 0002:0000017c       __imp__LocalFree@4         1002f17c     kernel32:KERNEL32.dll
 0002:00000180       __imp__LocalAlloc@8        1002f180     kernel32:KERNEL32.dll
 0002:00000184       __imp__SetConsoleWindowInfo@12 1002f184     kernel32:KERNEL32.dll
 0002:00000188       __imp__GetConsoleOutputCP@0 1002f188     kernel32:KERNEL32.dll
 0002:0000018c       __imp__GetFileSizeEx@8     1002f18c     kernel32:KERNEL32.dll
 0002:00000190       __imp__FindClose@4         1002f190     kernel32:KERNEL32.dll
 0002:00000194       __imp__FindNextFileW@8     1002f194     kernel32:KERNEL32.dll
 0002:00000198       __imp__FindFirstFileW@8    1002f198     kernel32:KERNEL32.dll
[...]
 0002:00003a38       ??_C@_1EO@MPDKFAPM@?$AAL?$AAo?$AAg?$AAS?$AAt?$AAa?$AAr?$AAt?$AAE?$AAn?$AAv?$AA?5?$AAf?$AAa?$AAi?$AAl?$AAe?$AAd?$AA?0?$AA?5?$AAi?$AAn?$AAv?$AAa?$AAl?$AAi?$AAd?$AA?5?$AAa?$AAp?$AAS?$AAt@ 10032a38     WinObjects.obj
 0002:00003a88       ??_7CToolTip@@6B@          10032a88     WinObjects.obj
 0002:00003a8c       ??_C@_1CC@KPOKNCMJ@?$AAt?$AAo?$AAo?$AAl?$AAt?$AAi?$AAp?$AAs?$AA_?$AAc?$AAl?$AAa?$AAs?$AAs?$AA3?$AA2?$AA?$AA@ 10032a8c     WinObjects.obj
 0002:00003ab0       ??_C@_1FA@BFJDIMLC@?$AAC?$AA?3?$AA?2?$AAP?$AAr?$AAo?$AAg?$AAr?$AAa?$AAm?$AA?5?$AAF?$AAi?$AAl?$AAe?$AAs?$AA?2?$AAJ?$AAP?$AAS?$AAo?$AAf?$AAt?$AA?2?$AAT?$AAC?$AAC?$AAL?$AAE?$AA1?$AA3?$AA?2@ 10032ab0     WinObjects.obj
 0002:00003b00       ??_C@_1EO@GBOKIPHE@?$AAC?$AA?3?$AA?2?$AAP?$AAr?$AAo?$AAg?$AAr?$AAa?$AAm?$AA?5?$AAF?$AAi?$AAl?$AAe?$AAs?$AA?2?$AAJ?$AAP?$AAS?$AAo?$AAf?$AAt?$AA?2?$AAT?$AAC?$AAM?$AAD?$AA1?$AA3?$AA?2?$AAt@ 10032b00     WinObjects.obj
 0002:00003b50       ??_C@_1CA@CBMLAMC@?$AAI?$AAn?$AAs?$AAt?$AAa?$AAl?$AAl?$AAL?$AAo?$AAc?$AAa?$AAt?$AAi?$AAo?$AAn?$AA?$AA@ 10032b50     WinObjects.obj
 0002:00003b70       ??_C@_1BI@NAAHPGNK@?$AAJ?$AAP?$AA?5?$AAS?$AAo?$AAf?$AAt?$AAw?$AAa?$AAr?$AAe?$AA?$AA@ 10032b70     WinObjects.obj
 0002:00003b88       ??_C@_1BE@CCMLAJPM@?$AAP?$AAu?$AAb?$AAl?$AAi?$AAs?$AAh?$AAe?$AAr?$AA?$AA@ 10032b88     WinObjects.obj
 0002:00003ba0       ??_C@_1GI@BAAGFBH@?$AAS?$AAO?$AAF?$AAT?$AAW?$AAA?$AAR?$AAE?$AA?2?$AAM?$AAi?$AAc?$AAr?$AAo?$AAs?$AAo?$AAf?$AAt?$AA?2?$AAW?$AAi?$AAn?$AAd?$AAo?$AAw?$AAs?$AA?2?$AAC?$AAu?$AAr?$AAr?$AAe@ 10032ba0     WinObjects.obj
 0002:00003c08       ??_C@_1BA@JFHFEKBP@?$AAt?$AAc?$AAc?$AA?4?$AAe?$AAx?$AAe?$AA?$AA@ 10032c08     WinObjects.obj
 0002:00003c18       ??_C@_1BE@BGAOJFLF@?$AA?2?$AAt?$AAc?$AAm?$AAd?$AA?4?$AAe?$AAx?$AAe?$AA?$AA@ 10032c18     WinObjects.obj
 0002:00003c2c       ??_C@_19NHABCBNP@?$AAP?$AAa?$AAt?$AAh?$AA?$AA@ 10032c2c     WinObjects.obj
 0002:00003c38       ??_C@_1CK@HMKJOJBO@?$AAS?$AAO?$AAF?$AAT?$AAW?$AAA?$AAR?$AAE?$AA?2?$AAJ?$AAP?$AA?5?$AAS?$AAo?$AAf?$AAt?$AAw?$AAa?$AAr?$AAe?$AA?$AA@ 10032c38     WinObjects.obj
 0002:00003c64       ??_C@_1DA@EMHAGABM@?$AA?$CF?$AAC?$AAo?$AAn?$AAE?$AAm?$AAu?$AAB?$AAa?$AAs?$AAe?$AAD?$AAi?$AAr?$AA?$CF?$AA?2?$AAt?$AAc?$AAc?$AA?4?$AAe?$AAx?$AAe?$AA?$AA@ 10032c64     WinObjects.obj
 0002:00003c94       ??_C@_13PJJBFPED@?$AA?$DL?$AA?$AA@ 10032c94     WinObjects.obj
 0002:00003c98       ??_C@_1BA@DBKIDAPL@?$AAc?$AAm?$AAd?$AA?4?$AAe?$AAx?$AAe?$AA?$AA@ 10032c98     WinObjects.obj
 0002:00003ca8       ??_C@_1CE@ECCAMEKN@?$AA?2?$AAS?$AAy?$AAs?$AAW?$AAO?$AAW?$AA6?$AA4?$AA?2?$AAc?$AAm?$AAd?$AA?4?$AAe?$AAx?$AAe?$AA?$AA@ 10032ca8     WinObjects.obj
 0002:00003ccc       ??_C@_1CC@PDLBBEEF@?$AAS?$AAy?$AAs?$AAW?$AAO?$AAW?$AA6?$AA4?$AA?2?$AAc?$AAm?$AAd?$AA?4?$AAe?$AAx?$AAe?$AA?$AA@ 10032ccc     WinObjects.obj
 0002:00003cf0       ??_C@_1CE@PMNGKNKL@?$AA?2?$AAS?$AAy?$AAs?$AAt?$AAe?$AAm?$AA3?$AA2?$AA?2?$AAc?$AAm?$AAd?$AA?4?$AAe?$AAx?$AAe?$AA?$AA@ 10032cf0     WinObjects.obj
 0002:00003d14       ??_C@_1CC@ENEHHNED@?$AAS?$AAy?$AAs?$AAt?$AAe?$AAm?$AA3?$AA2?$AA?2?$AAc?$AAm?$AAd?$AA?4?$AAe?$AAx?$AAe?$AA?$AA@ 10032d14     WinObjects.obj
 0002:00003d38       ??_C@_1CK@OLMGMMDO@?$AAC?$AAo?$AAn?$AAE?$AAm?$AAu?$AAS?$AAl?$AAe?$AAe?$AAp?$AAI?$AAn?$AAd?$AAi?$AAc?$AAa?$AAt?$AAo?$AAr?$AA?$AA@ 10032d38     WinObjects.obj
 0002:00003d70       __load_config_used         10032d70     LIBCMT:loadcfg.obj
 0002:00003e30       ___safe_se_handler_table   10032e30     <linker-defined>
 0002:00003e7c       __IMPORT_DESCRIPTOR_KERNEL32 10032e7c     kernel32:KERNEL32.dll
 0002:00003e90       __IMPORT_DESCRIPTOR_USER32 10032e90     user32:USER32.dll
 0002:00003ea4       __IMPORT_DESCRIPTOR_GDI32  10032ea4     gdi32:GDI32.dll
 0002:00003eb8       __IMPORT_DESCRIPTOR_ADVAPI32 10032eb8     advapi32:ADVAPI32.dll
 0002:00003ecc       __IMPORT_DESCRIPTOR_SHELL32 10032ecc     shell32:SHELL32.dll
 0002:00003ee0       __IMPORT_DESCRIPTOR_VERSION 10032ee0     version:VERSION.dll
 0002:00003ef4       __NULL_IMPORT_DESCRIPTOR   10032ef4     kernel32:KERNEL32.dll
 0003:00000000       ?gnPluginOpenFrom@@3HA     10035000     ConEmuPlugin.obj
 0003:00000004       ?gnReqCommand@@3KA         10035004     ConEmuPlugin.obj
 0003:00000008       ?lastModifiedStateW@@3HA   10035008     ConEmuPlugin.obj
 0003:0000000c       ?gFarMode@@3UHookModeFar@@A 1003500c     ConEmuPlugin.obj
 0003:00000028       ?gpPluginMenu@@3PAUPluginAndMenuCommands@@A 10035028     ConEmuPlugin.obj
 0003:000000e0       ?Far3Func@@3PAUExportFunc@@A 100350e0     ConEmuPlugin.obj
 0003:00000128       ?guid_ConEmu@@3U_GUID@@A   10035128     ConEmuPlugin2800.obj
 0003:00000138       ?guid_ConEmuPluginItems@@3U_GUID@@A 10035138     ConEmuPlugin2800.obj
 0003:00000148       ?guid_ConEmuPluginMenu@@3U_GUID@@A 10035148     ConEmuPlugin2800.obj
 0003:00000158       ?guid_ConEmuGuiMacroDlg@@3U_GUID@@A 10035158     ConEmuPlugin2800.obj
 0003:00000168       ?guid_ConEmuWaitEndSynchro@@3U_GUID@@A 10035168     ConEmuPlugin2800.obj
 0003:00000180       ___security_cookie         10035180     LIBCMT:gs_cookie.obj
 0003:00000184       ___security_cookie_complement 10035184     LIBCMT:gs_cookie.obj
 0003:00000188       __NLG_Destination          10035188     LIBCMT:exsup.obj
 0003:00000198       ?ghHooksModule@@3PAUHINSTANCE__@@A 10035198     ConEmuInjects.obj
 0003:0000019c       ?gbHooksModuleLoaded@@3HA  1003519c     ConEmuInjects.obj
 0003:000001a0       ?SetHookCallbacks@@3P6G_NPBDPB_WPAUHINSTANCE__@@P6GHPAUHookCallbackArg@@@ZP6GX3@Z5@ZA 100351a0     ConEmuInjects.obj
 0003:000001a4       ?SetLoadLibraryCallback@@3P6GXPAUHINSTANCE__@@P6GX0@Z1@ZA 100351a4     ConEmuInjects.obj
 0003:000001a8       ?SetFarHookMode@@3P6GXPAUHookModeFar@@@ZA 100351a8     ConEmuInjects.obj
 0003:000001b0       ?gszDir2@@3PA_WA           100351b0     ConEmuPlugin.obj
 0003:000009b0       ?gpConMap@@3PAV?$MFileMapping@UCESERVER_CONSOLE_MAPPING_HDR@@@@A 100359b0     ConEmuPlugin.obj
 0003:000009b8       ?gszRootKey@@3PA_WA        100359b8     ConEmuPlugin.obj
 0003:00000dc8       ?gsbiDetached@@3U_CONSOLE_SCREEN_BUFFER_INFO@@A 10035dc8     ConEmuPlugin.obj
 0003:00000de0       ?gszDir1@@3PA_WA           10035de0     ConEmuPlugin.obj
 0003:000015e0       ?ghPluginModule@@3PAUHINSTANCE__@@A 100365e0     ConEmuPlugin.obj
 0003:000015e4       ?ConEmuHwnd@@3PAUHWND__@@A 100365e4     ConEmuPlugin.obj
 0003:000015e8       ?gdwPreDetachGuiPID@@3KA   100365e8     ConEmuPlugin.obj
 0003:000015ec       ?gdwServerPID@@3KA         100365ec     ConEmuPlugin.obj
 0003:000015f0       ?TerminalMode@@3HA         100365f0     ConEmuPlugin.obj
 0003:000015f4       ?FarHwnd@@3PAUHWND__@@A    100365f4     ConEmuPlugin.obj
 0003:000015f8       ?gnMainThreadId@@3KA       100365f8     ConEmuPlugin.obj
 0003:000015fc       ?gnMainThreadIdInitial@@3KA 100365fc     ConEmuPlugin.obj
 0003:00001600       ?ghMonitorThread@@3PAXA    10036600     ConEmuPlugin.obj
 0003:00001604       ?gnMonitorThreadId@@3KA    10036604     ConEmuPlugin.obj
 0003:00001608       ?ghSetWndSendTabsEvent@@3PAXA 10036608     ConEmuPlugin.obj
 0003:0000160c       ?gFarVersion@@3UFarVersion@@A 1003660c     ConEmuPlugin.obj
 0003:00001614       ?maxTabCount@@3HA          10036614     ConEmuPlugin.obj
 0003:00001618       ?lastWindowCount@@3HA      10036618     ConEmuPlugin.obj
 0003:0000161c       ?gnCurTabCount@@3HA        1003661c     ConEmuPlugin.obj
 0003:00001620       ?gpTabs@@3PAUCESERVER_REQ@@A 10036620     ConEmuPlugin.obj
 0003:00001624       ?gnCurrentWindowType@@3HA  10036624     ConEmuPlugin.obj
 0003:00001628       ?gbIgnoreUpdateTabs@@3HA   10036628     ConEmuPlugin.obj
 0003:0000162c       ?gbRequestUpdateTabs@@3HA  1003662c     ConEmuPlugin.obj
 0003:00001630       ?gbClosingModalViewerEditor@@3HA 10036630     ConEmuPlugin.obj
 0003:00001634       ?gLastMouseReadEvent@@3U_MOUSE_EVENT_RECORD@@A 10036634     ConEmuPlugin.obj
 0003:00001644       ?gbUngetDummyMouseEvent@@3HA 10036644     ConEmuPlugin.obj
 0003:00001648       ?gnAllowDummyMouseEvent@@3JA 10036648     ConEmuPlugin.obj
 0003:0000164c       ?gnDummyMouseEventFromMacro@@3JA 1003664c     ConEmuPlugin.obj
 0003:00001650       ?csData@@3PAVMSection@@A   10036650     ConEmuPlugin.obj
 0003:00001654       ?gpCmdRet@@3PAUCESERVER_REQ@@A 10036654     ConEmuPlugin.obj
 0003:00001658       ?gpData@@3PAEA             10036658     ConEmuPlugin.obj
 0003:0000165c       ?gpCursor@@3PAEA           1003665c     ConEmuPlugin.obj
 0003:00001660       ?gnDataSize@@3KA           10036660     ConEmuPlugin.obj
 0003:00001664       ?gpReqCommandData@@3PAXA   10036664     ConEmuPlugin.obj
 0003:00001670       ?gnMsgTabChanged@@3IA      10036670     ConEmuPlugin.obj
 0003:00001674       ?csTabs@@3PAVMSection@@A   10036674     ConEmuPlugin.obj
 0003:00001678       ?gbPlugKeyChanged@@3HA     10036678     ConEmuPlugin.obj
 0003:0000167c       ?ghRegMonitorKey@@3PAUHKEY__@@A 1003667c     ConEmuPlugin.obj
 0003:00001680       ?ghRegMonitorEvt@@3PAXA    10036680     ConEmuPlugin.obj
 0003:00001684       ?ghPluginSemaphore@@3PAXA  10036684     ConEmuPlugin.obj
 0003:00001688       ?gsFarLang@@3PA_WA         10036688     ConEmuPlugin.obj
 0003:00001708       ?gbNeedPostTabSend@@3HA    10036708     ConEmuPlugin.obj
 0003:0000170c       ?gbNeedPostEditCheck@@3HA  1003670c     ConEmuPlugin.obj
 0003:00001710       ?gbNeedPostReloadFarInfo@@3HA 10036710     ConEmuPlugin.obj
 0003:00001714       ?gnNeedPostTabSendTick@@3KA 10036714     ConEmuPlugin.obj
 0003:00001718       ?gpConMapInfo@@3PBUCESERVER_CONSOLE_MAPPING_HDR@@B 10036718     ConEmuPlugin.obj
 0003:0000171c       ?gbStartedUnderConsole2@@3HA 1003671c     ConEmuPlugin.obj
 0003:00001720       ?gnSelfPID@@3KA            10036720     ConEmuPlugin.obj
 0003:00001724       ?ghFarInfoMapping@@3PAXA   10036724     ConEmuPlugin.obj
 0003:00001728       ?gpFarInfo@@3PAUCEFAR_INFO_MAPPING@@A 10036728     ConEmuPlugin.obj
 0003:0000172c       ?gpFarInfoMapping@@3PAUCEFAR_INFO_MAPPING@@A 1003672c     ConEmuPlugin.obj
 0003:00001730       ?ghFarAliveEvent@@3PAXA    10036730     ConEmuPlugin.obj
 0003:00001734       ?gPanelRegLeft@@3Utag_PanelViewRegInfo@@A 10036734     ConEmuPlugin.obj
 0003:0000174c       ?gPanelRegRight@@3Utag_PanelViewRegInfo@@A 1003674c     ConEmuPlugin.obj
 0003:00001764       ?ghConEmuCtrlPressed@@3PAXA 10036764     ConEmuPlugin.obj
 0003:00001768       ?ghConEmuShiftPressed@@3PAXA 10036768     ConEmuPlugin.obj
 0003:0000176c       ?gbWaitConsoleInputEmpty@@3HA 1003676c     ConEmuPlugin.obj
 0003:00001770       ?gbWaitConsoleWrite@@3HA   10036770     ConEmuPlugin.obj
 0003:00001774       ?ghConsoleInputEmpty@@3PAXA 10036774     ConEmuPlugin.obj
 0003:00001778       ?ghConsoleWrite@@3PAXA     10036778     ConEmuPlugin.obj
 0003:0000177c       ?gnSynchroCount@@3HA       1003677c     ConEmuPlugin.obj
 0003:00001780       ?gbSynchroProhibited@@3_NA 10036780     ConEmuPlugin.obj
 0003:00001781       ?gbInputSynchroPending@@3_NA 10036781     ConEmuPlugin.obj
 0003:00001784       ?gbInfoW_OK@@3HA           10036784     ConEmuPlugin.obj
 0003:00001788       ?gnPeekReadCount@@3KA      10036788     ConEmuPlugin.obj
 0003:0000178c       ?gbExitFarCalled@@3HA      1003678c     ConEmuPlugin.obj
 0003:00001798       ?gbWasDetached@@3HA        10036798     ConEmuPlugin.obj
 0003:000017a8       ?InfoW995@@3PAUPluginStartupInfo@@A 100367a8     ConEmuPlugin995.obj
 0003:000017ac       ?FSFW995@@3PAUFarStandardFunctions@@A 100367ac     ConEmuPlugin995.obj
 0003:000019c0       ?InfoW1900@@3PAUPluginStartupInfo@@A 100369c0     ConEmuPlugin1900.obj
 0003:000019c4       ?FSFW1900@@3PAUFarStandardFunctions@@A 100369c4     ConEmuPlugin1900.obj
 0003:00001c00       ?LastIndex@?1??Color2FgIndex@Far3Color@@SIXKAAG@Z@4HA 10036c00     ConEmuPlugin1900.obj
 0003:00001c04       ?LastColor@?1??Color2FgIndex@Far3Color@@SIXKAAG@Z@4KA 10036c04     ConEmuPlugin1900.obj
 0003:00001c08       ?LastIndex@?1??Color2BgIndex@Far3Color@@SIXKHAAG@Z@4HA 10036c08     ConEmuPlugin1900.obj
 0003:00001c0c       ?LastColor@?1??Color2BgIndex@Far3Color@@SIXKHAAG@Z@4KA 10036c0c     ConEmuPlugin1900.obj
 0003:00001c14       ?InfoW2800@@3PAUPluginStartupInfo@@A 10036c14     ConEmuPlugin2800.obj
 0003:00001c18       ?FSFW2800@@3PAUFarStandardFunctions@@A 10036c18     ConEmuPlugin2800.obj
 0003:00001e54       ?InfoA@@3PAUPluginStartupInfo@@A 10036e54     ConEmuPluginA.obj
 0003:00001e58       ?FSFA@@3PAUFarStandardFunctions@@A 10036e58     ConEmuPluginA.obj
 0003:00001f64       ?gbNeedBgActivate@@3HA     10036f64     PluginBackground.obj
 0003:00001f68       ?gbBgPluginsAllowed@@3HA   10036f68     PluginBackground.obj
 0003:00001f6c       ?gpBgPlugin@@3PAVCPluginBackground@@A 10036f6c     PluginBackground.obj
 0003:00001f70       ?gszPluginServerPipe@@3PA_WA 10036f70     PluginSrv.obj
 0003:00002178       ?gpPlugServer@@3PAU?$PipeServer@UCESERVER_REQ@@@@A 10037178     PluginSrv.obj
 0003:0000217c       ?ghServerTerminateEvent@@3PAXA 1003717c     PluginSrv.obj
 0003:00002180       ?gbInCommonShutdown@@3HA   10037180     Common.obj
 0003:00002184       ?OnShutdownConsole@@3P6GXXZA 10037184     Common.obj
 0003:00002190       ?gpLocalSecurity@@3PAU_SECURITY_ATTRIBUTES@@A 10037190     ConEmuCheck.obj
 0003:00002198       ?ghWorkingModule@@3_KA     10037198     ConEmuCheck.obj
 0003:000021ec       ?ghHeap@@3PAXA             100371ec     Memory.obj
 0003:000021f0       ?gNullDesc@@3PAVMNullDesc@@A 100371f0     MSecurity.obj
 0003:000021f4       ?gpConsoleInfoStr@@3PAU_CONSOLE_INFO@@A 100371f4     WinConsole.obj
 0003:000021f8       ?ghConsoleSection@@3PAXA   100371f8     WinConsole.obj
 0003:0000220c       ?Is_Window@@3P6GHPAUHWND__@@@ZA 1003720c     WinObjects.obj
 0003:00002574       __debugger_hook_dummy      10037574     <common>
 0003:00002578       __pDestructExceptionObject 10037578     <common>
 0003:0000257c       ___sse2_available          1003757c     <common>

 entry point at        0001:00001c30

 Static symbols

 0001:00000560       ?StringValidateDestW@@YGJPB_WII@Z 10001560 f   ConEmuInjects.obj
 0001:00000590       ?StringCopyWorkerW@@YGJPA_WIPAIPB_WI@Z 10001590 f   ConEmuInjects.obj
 0001:00001e20       ?LoadFarVersion@@YI_NAAUFarVersion@@AAY0CAA@_W@Z 10002e20 f   ConEmuPlugin.obj
 0001:00003350       ?StringValidateDestW@@YGJPB_WII@Z 10004350 f   ConEmuPlugin.obj
 0001:00003380       ?StringValidateDestAndLengthW@@YGJPB_WIPAII@Z 10004380 f   ConEmuPlugin.obj
 0001:000033d0       ?StringLengthWorkerW@@YGJPB_WIPAI@Z 100043d0 f   ConEmuPlugin.obj
 0001:00003440       ?StringCopyWorkerW@@YGJPA_WIPAIPB_WI@Z 10004440 f   ConEmuPlugin.obj
 0001:000034f0       ?ActivatePlugin@@YIHKPAXK@Z 100044f0 f   ConEmuPlugin.obj
 0001:00003780       ?WaitPluginActivateion@@YIKKPAPAXHK@Z 10004780 f   ConEmuPlugin.obj
 0001:00004520       ?ChangeExports@@YI_NPBUExportFunc@@PAUHINSTANCE__@@@Z 10005520 f   ConEmuPlugin.obj
 0001:00009200       ?GetPanelDir@@YIPA_WPAX@Z  1000a200 f   ConEmuPlugin995.obj
 0001:0000ac90       ?LoadFarSettingsW995@@YIXPAUCEFarInterfaceSettings@@PAUCEFarPanelSettings@@@Z 1000bc90 f   ConEmuPlugin995.obj
 0001:0000b0b0       ?CopyPanelInfoW@@YIXPAUPanelInfo@@PAUtag_BkPanelInfo@PaintBackgroundArg@@@Z 1000c0b0 f   ConEmuPlugin995.obj
 0001:0000b2a0       ?CallGuiMacroProc@@YIXXZ   1000c2a0 f   ConEmuPlugin995.obj
 0001:0000b5c0       ?CallGuiMacroDlg@@YGJPAXHHJ@Z 1000c5c0 f   ConEmuPlugin995.obj
 0001:0000c080       ?GetPanelDir@@YIPA_WPAX@Z  1000d080 f   ConEmuPlugin1900.obj
 0001:0000ea10       ?LoadFarSettingsW1900@@YIXPAUCEFarInterfaceSettings@@PAUCEFarPanelSettings@@@Z 1000fa10 f   ConEmuPlugin1900.obj
 0001:0000eba0       ?GetFarSetting@@YIHPAXIPB_W@Z 1000fba0 f   ConEmuPlugin1900.obj
 0001:0000f020       ?CopyPanelInfoW@@YIXPAUPanelInfo@@PAUtag_BkPanelInfo@PaintBackgroundArg@@@Z 10010020 f   ConEmuPlugin1900.obj
 0001:0000f300       ?CallGuiMacroProc@@YIXXZ   10010300 f   ConEmuPlugin1900.obj
 0001:0000f6b0       ?CallGuiMacroDlg@@YGHPAXHH0@Z 100106b0 f   ConEmuPlugin1900.obj
 0001:000102d0       ?GetPanelDir@@YIPA_WPAX@Z  100112d0 f   ConEmuPlugin2800.obj
 0001:00012530       ?LoadFarSettingsW2800@@YIXPAUCEFarInterfaceSettings@@PAUCEFarPanelSettings@@@Z 10013530 f   ConEmuPlugin2800.obj
 0001:000126c0       ?GetFarSetting@@YIHPAXIPB_W@Z 100136c0 f   ConEmuPlugin2800.obj
 0001:00012b40       ?CopyPanelInfoW@@YIXPAUPanelInfo@@PAUtag_BkPanelInfo@PaintBackgroundArg@@@Z 10013b40 f   ConEmuPlugin2800.obj
 0001:00012e20       ?CallGuiMacroProc@@YIXXZ   10013e20 f   ConEmuPlugin2800.obj
 0001:00013160       ?CallGuiMacroDlg@@YGHPAXHH0@Z 10014160 f   ConEmuPlugin2800.obj
 0001:000134e0       ?MAKEFARVERSION@@YI?AUVersionInfo@@KKKKW4VERSION_STAGE@@@Z 100144e0 f   ConEmuPlugin2800.obj
 0001:00015730       ?LoadFarSettingsA@@YIXPAUCEFarInterfaceSettings@@PAUCEFarPanelSettings@@@Z 10016730 f   ConEmuPluginA.obj
 0001:00015a10       ?CopyPanelInfo@@YIXPAUPanelInfo@@PAUtag_BkPanelInfo@PaintBackgroundArg@@@Z 10016a10 f   ConEmuPluginA.obj
 0001:00015b60       ?CallGuiMacroProc@@YIXXZ   10016b60 f   ConEmuPluginA.obj
 0001:00015f10       ?CallGuiMacroDlg@@YGJPAXHHJ@Z 10016f10 f   ConEmuPluginA.obj
 0001:00018670       ?StringValidateDestW@@YGJPB_WII@Z 10019670 f   PluginBackground.obj
 0001:000186a0       ?StringCopyWorkerW@@YGJPA_WIPAIPB_WI@Z 100196a0 f   PluginBackground.obj
 0001:0001a930       ?StringValidateDestW@@YGJPB_WII@Z 1001b930 f   PluginSrv.obj
 0001:0001a960       ?StringCopyWorkerW@@YGJPA_WIPAIPB_WI@Z 1001b960 f   PluginSrv.obj
 0001:0001bf40       ?StringValidateDestW@@YGJPB_WII@Z 1001cf40 f   Execute.obj
 0001:0001bf70       ?StringCopyWorkerW@@YGJPA_WIPAIPB_WI@Z 1001cf70 f   Execute.obj
 0001:0001cad0       ?StringValidateDestW@@YGJPB_WII@Z 1001dad0 f   ConEmuCheck.obj
 0001:0001cb00       ?StringCopyWorkerW@@YGJPA_WIPAIPB_WI@Z 1001db00 f   ConEmuCheck.obj
 0001:0001df20       ?StringValidateDestW@@YGJPB_WII@Z 1001ef20 f   ConEmuCheckEx.obj
 0001:0001df50       ?StringCopyWorkerW@@YGJPA_WIPAIPB_WI@Z 1001ef50 f   ConEmuCheckEx.obj
 0001:0001e080       ?StringValidateDestAndLengthW@@YGJPB_WIPAII@Z 1001f080 f   ConEmuCheckEx.obj
 0001:0001e0d0       ?StringLengthWorkerW@@YGJPB_WIPAI@Z 1001f0d0 f   ConEmuCheckEx.obj
 0001:0001e3d0       ?StringValidateDestA@@YGJPBDII@Z 1001f3d0 f   Memory.obj
 0001:0001e400       ?StringCopyWorkerA@@YGJPADIPAIPBDI@Z 1001f400 f   Memory.obj
 0001:0001e510       ?StringValidateDestW@@YGJPB_WII@Z 1001f510 f   Memory.obj
 0001:0001e540       ?StringCopyWorkerW@@YGJPA_WIPAIPB_WI@Z 1001f540 f   Memory.obj
 0001:00022dd0       ?StringValidateDestW@@YGJPB_WII@Z 10023dd0 f   WinObjects.obj
 0001:00022e00       ?StringCopyWorkerW@@YGJPA_WIPAIPB_WI@Z 10023e00 f   WinObjects.obj
 0001:00026090       ?StringValidateDestAndLengthW@@YGJPB_WIPAII@Z 10027090 f   WinObjects.obj
 0001:000260e0       ?StringLengthWorkerW@@YGJPB_WIPAI@Z 100270e0 f   WinObjects.obj
 0001:0002924a       _cmpResult                 1002a24a f   LIBCMT:memcmp.obj
 0001:0002925c       _cmpBYTE                   1002a25c f   LIBCMT:memcmp.obj
 0001:00029274       _cmpWORD                   1002a274 f   LIBCMT:memcmp.obj
 0001:000292b4       _cmpDWORD                  1002a2b4 f   LIBCMT:memcmp.obj
 0001:0002932c       _unaligned_memcmp          1002a32c f   LIBCMT:memcmp.obj
 0001:0002c72d       _fastzero_I                1002d72d f   LIBCMT:p4_memset.obj
 0001:0002c813       _has_osfxsr_set            1002d813 f   LIBCMT:cpu_disp.obj
 0001:0002c8d2       _fastcopy_I                1002d8d2 f   LIBCMT:p4_memcpy.obj
 0001:0002caa0       _ValidateLocalCookies      1002daa0 f   LIBCMT:chandler4.obj
 0001:0002ccfc       __unwind_handler4          1002dcfc f   LIBCMT:exsup4.obj
 0001:0002d034       __unwind_handler           1002e034 f   LIBCMT:exsup.obj
